 Project1

 Timestamp is 69eb599c (Fri Apr 24 08:53:00 2026)

 Preferred load address is 0000000140000000

 Start         Length     Name                   Class
 0001:00000000 000023d2H .text                   CODE
 0001:000023e0 00000023H .text$_ZN6System7Classes15TComponentClassC1EPNS_10TMetaClassE CODE
 0001:00002410 0000000fH .text$__clang_call_terminate CODE
 0001:00002420 00000023H .text$_ZN6System7Classes15TComponentClassC2EPNS_10TMetaClassE CODE
 0001:00002450 0000001eH .text$_ZN6System15DelphiMetaClassINS_7Classes15TComponentClassEEC2EPNS_10TMetaClassE CODE
 0001:00002470 00004f7eH .text                   CODE
 0001:000073f0 0000006dH .text$_ZN3Fmx5Forms5TFormC3EPN6System7Classes10TComponentE CODE
 0001:00007460 00000027H .text$_ZNSt3__16atomicIbEC1B8ne200100Eb CODE
 0001:00007490 00000019H .text$_ZNSt3__16vectorIPN3Fmx9Objects3d7TSphereENS_9allocatorIS4_EEEC1B8ne200100Ev CODE
 0001:000074b0 00000032H .text$_ZNSt3__16atomicIbEaSB8ne200100Eb CODE
 0001:000074f0 0000001bH .text$_ZNSt3__16__math3sinB8ne200100Ef CODE
 0001:00007510 0000001bH .text$_ZNSt3__16__math3cosB8ne200100Ef CODE
 0001:00007530 00000040H .text$_ZN6System13UnicodeStringC1Ei CODE
 0001:00007570 00000023H .text$_ZNSt3__16vectorIPN3Fmx9Objects3d7TSphereENS_9allocatorIS4_EEE9push_backB8ne200100ERKS4_ CODE
 0001:000075a0 00000019H .text$_ZNKSt3__16vectorIPN3Fmx9Objects3d7TSphereENS_9allocatorIS4_EEE4sizeB8ne200100Ev CODE
 0001:000075c0 00000025H .text$_ZNSt3__16vectorIPN3Fmx9Objects3d7TSphereENS_9allocatorIS4_EEEixB8ne200100Ey CODE
 0001:000075f0 00000094H .text$_ZNSt3__16vectorIPN3Fmx9Objects3d7TSphereENS_9allocatorIS4_EEE5eraseB8ne200100ENS_11__wrap_iterIPKS4_EE CODE
 0001:00007690 00000037H .text$_ZNSt3__16vectorIPN3Fmx9Objects3d7TSphereENS_9allocatorIS4_EEE5beginB8ne200100Ev CODE
 0001:000076d0 00000023H .text$_ZNSt3__111__wrap_iterIPKPN3Fmx9Objects3d7TSphereEEC1B8ne200100IPS4_TnNS_9enable_ifIXsr4_AndINS_14is_convertibleIRKT_S6_EENS_7_OrImplIXaantcvbsr7is_sameIRS5_NS_15iterator_traitsISC_E9referenceEEE5valuenesZT1_Li0EEE7_ResultINS_7is_sameISH_SK_EENSN_ISH_RKu20__remove_reference_tISK_EEEEEEE5valueEiE4typeELi0EEERKNS0_ISC_EE CODE
 0001:00007700 00000030H .text$_ZN6System12DynamicArrayINS_3Net9Urlclient14TNameValuePairEEC1Ev CODE
 0001:00007730 00000030H .text$_ZN6System15DelphiInterfaceINS_3Net10Httpclient13IHTTPResponseEEC1Ev CODE
 0001:00007760 00000019H .text$_ZN6System15DelphiInterfaceINS_3Net10Httpclient13IHTTPResponseEED1Ev CODE
 0001:00007780 00000019H .text$_ZN6System12DynamicArrayINS_3Net9Urlclient14TNameValuePairEED1Ev CODE
 0001:000077a0 00000045H .text$_ZN6System13UnicodeStringaSEOS0_ CODE
 0001:000077f0 00000032H .text$_ZNSt3__113__atomic_baseIbLb0EE8exchangeB8ne200100EbNS_12memory_orderE CODE
 0001:00007830 00000030H .text$_ZN6System15DelphiInterfaceINS_9Threading5ITaskEEC1Ev CODE
 0001:00007860 00000019H .text$_ZN6System15DelphiInterfaceINS_9Threading5ITaskEED1Ev CODE
 0001:00007880 00000019H .text$_ZN6System15DelphiInterfaceINS_8Sysutils5TProcEED1Ev CODE
 0001:000078a0 00000059H .text$_ZN6TForm1D0Ev    CODE
 0001:00007900 00000077H .text$_ZN3Fmx5Forms5TFormC3EPN6System7Classes10TComponentEx CODE
 0001:00007980 00000027H .text$_ZNSt3__16atomicIbEC2B8ne200100Eb CODE
 0001:000079b0 00000027H .text$_ZNSt3__113__atomic_baseIbLb0EEC2B8ne200100Eb CODE
 0001:000079e0 00000027H .text$_ZNSt3__117__cxx_atomic_implIbNS_22__cxx_atomic_base_implIbEEEC1B8ne200100Eb CODE
 0001:00007a10 00000027H .text$_ZNSt3__117__cxx_atomic_implIbNS_22__cxx_atomic_base_implIbEEEC2B8ne200100Eb CODE
 0001:00007a40 00000023H .text$_ZNSt3__122__cxx_atomic_base_implIbEC2Eb CODE
 0001:00007a70 00000030H .text$_ZNSt3__16vectorIPN3Fmx9Objects3d7TSphereENS_9allocatorIS4_EEEC2B8ne200100Ev CODE
 0001:00007aa0 00000019H .text$_ZNSt3__19allocatorIPN3Fmx9Objects3d7TSphereEEC1B8ne200100Ev CODE
 0001:00007ac0 00000019H .text$_ZNSt3__19allocatorIPN3Fmx9Objects3d7TSphereEEC2B8ne200100Ev CODE
 0001:00007ae0 00000007H .text$_ZNSt3__116__non_trivial_ifILb1ENS_9allocatorIPN3Fmx9Objects3d7TSphereEEEEC2B8ne200100Ev CODE
 0001:00007af0 00000030H .text$_ZN6System13UnicodeStringC2Ei CODE
 0001:00007b20 0000007bH .text$_ZNSt3__16vectorIPN3Fmx9Objects3d7TSphereENS_9allocatorIS4_EEE12emplace_backIJRKS4_EEERS4_DpOT_ CODE
 0001:00007ba0 00000087H .text$_ZNSt3__16vectorIPN3Fmx9Objects3d7TSphereENS_9allocatorIS4_EEE22__construct_one_at_endB8ne200100IJRKS4_EEEvDpOT_ CODE
 0001:00007c30 000000e1H .text$_ZNSt3__16vectorIPN3Fmx9Objects3d7TSphereENS_9allocatorIS4_EEE24__emplace_back_slow_pathIJRKS4_EEEPS4_DpOT_ CODE
 0001:00007d20 0000002dH .text$_ZNSt3__16vectorIPN3Fmx9Objects3d7TSphereENS_9allocatorIS4_EEE21_ConstructTransactionC1B8ne200100ERS7_y CODE
 0001:00007d50 00000028H .text$_ZNSt3__116allocator_traitsINS_9allocatorIPN3Fmx9Objects3d7TSphereEEEE9constructB8ne200100IS5_JRKS5_EvTnNS_9enable_ifIXntsr15__has_constructIS6_PT_DpT0_EE5valueEiE4typeELi0EEEvRS6_SD_DpOSE_ CODE
 0001:00007d80 0000000bH .text$_ZNSt3__112__to_addressB8ne200100IPN3Fmx9Objects3d7TSphereEEEPT_S6_ CODE
 0001:00007d90 00000019H .text$_ZNSt3__16vectorIPN3Fmx9Objects3d7TSphereENS_9allocatorIS4_EEE21_ConstructTransactionD1B8ne200100Ev CODE
 0001:00007db0 00000049H .text$_ZNSt3__16vectorIPN3Fmx9Objects3d7TSphereENS_9allocatorIS4_EEE21_ConstructTransactionC2B8ne200100ERS7_y CODE
 0001:00007e00 00000023H .text$_ZNSt3__114__construct_atB8ne200100IPN3Fmx9Objects3d7TSphereEJRKS4_EPS4_EEPT_S9_DpOT0_ CODE
 0001:00007e30 00000021H .text$_ZNSt3__112construct_atB8ne200100IPN3Fmx9Objects3d7TSphereEJRKS4_EPS4_EEPT_S9_DpOT0_ CODE
 0001:00007e60 00000016H .text$_ZNSt3__16vectorIPN3Fmx9Objects3d7TSphereENS_9allocatorIS4_EEE21_ConstructTransactionD2B8ne200100Ev CODE
 0001:00007e80 0000008eH .text$_ZNKSt3__16vectorIPN3Fmx9Objects3d7TSphereENS_9allocatorIS4_EEE11__recommendB8ne200100Ey CODE
 0001:00007f10 00000037H .text$_ZNSt3__114__split_bufferIPN3Fmx9Objects3d7TSphereERNS_9allocatorIS4_EEEC1EyyS7_ CODE
 0001:00007f50 00000112H .text$_ZNSt3__16vectorIPN3Fmx9Objects3d7TSphereENS_9allocatorIS4_EEE26__swap_out_circular_bufferERNS_14__split_bufferIS4_RS6_EE CODE
 0001:00008070 00000019H .text$_ZNSt3__114__split_bufferIPN3Fmx9Objects3d7TSphereERNS_9allocatorIS4_EEED1Ev CODE
 0001:00008090 0000004eH .text$_ZNKSt3__16vectorIPN3Fmx9Objects3d7TSphereENS_9allocatorIS4_EEE8max_sizeB8ne200100Ev CODE
 0001:000080e0 00000011H .text$_ZNSt3__16vectorIPN3Fmx9Objects3d7TSphereENS_9allocatorIS4_EEE20__throw_length_errorB8ne200100Ev CODE
 0001:00008100 00000019H .text$_ZNKSt3__16vectorIPN3Fmx9Objects3d7TSphereENS_9allocatorIS4_EEE8capacityB8ne200100Ev CODE
 0001:00008120 00000028H .text$_ZNSt3__13maxB8ne200100IyEERKT_S3_S3_ CODE
 0001:00008150 00000028H .text$_ZNSt3__13minB8ne200100IyEERKT_S3_S3_ CODE
 0001:00008180 00000017H .text$_ZNSt3__116allocator_traitsINS_9allocatorIPN3Fmx9Objects3d7TSphereEEEE8max_sizeB8ne200100IS6_vTnNS_9enable_ifIXntsr14__has_max_sizeIKT_EE5valueEiE4typeELi0EEEyRKS6_ CODE
 0001:000081a0 0000000fH .text$_ZNSt3__114numeric_limitsIxE3maxB8ne200100Ev CODE
 0001:000081b0 0000004dH .text$_ZNSt3__13minB8ne200100IyNS_6__lessIvvEEEERKT_S5_S5_T0_ CODE
 0001:00008200 0000002bH .text$_ZNKSt3__16__lessIvvEclB8ne200100IyyEEbRKT_RKT0_ CODE
 0001:00008230 0000000fH .text$_ZNSt3__114numeric_limitsIyE3maxB8ne200100Ev CODE
 0001:00008240 00000008H .text$_ZNSt3__123__libcpp_numeric_limitsIyLb1EE3maxB8ne200100Ev CODE
 0001:00008250 0000000bH .text$_ZNSt3__123__libcpp_numeric_limitsIxLb1EE3maxB8ne200100Ev CODE
 0001:00008260 0000006dH .text$_ZNSt3__120__throw_length_errorB8ne200100EPKc CODE
 0001:000082d0 00000023H .text$_ZNSt12length_errorC1B8ne200100EPKc CODE
 0001:00008300 0000003aH .text$_ZNSt12length_errorC2B8ne200100EPKc CODE
 0001:00008340 0000004dH .text$_ZNSt3__13maxB8ne200100IyNS_6__lessIvvEEEERKT_S5_S5_T0_ CODE
 0001:00008390 000000acH .text$_ZNSt3__114__split_bufferIPN3Fmx9Objects3d7TSphereERNS_9allocatorIS4_EEEC2EyyS7_ CODE
 0001:00008440 00000034H .text$_ZNSt3__119__allocate_at_leastB8ne200100INS_9allocatorIPN3Fmx9Objects3d7TSphereEEEEEDaRT_y CODE
 0001:00008480 0000003aH .text$_ZNSt3__116allocator_traitsINS_9allocatorIPN3Fmx9Objects3d7TSphereEEEE17allocate_at_leastB8ne200100IS6_EENS_17allocation_resultIPS5_yEERT_y CODE
 0001:000084c0 0000004dH .text$_ZNSt3__19allocatorIPN3Fmx9Objects3d7TSphereEE17allocate_at_leastB8ne200100Ey CODE
 0001:00008510 00000049H .text$_ZNSt3__19allocatorIPN3Fmx9Objects3d7TSphereEE8allocateB8ne200100Ey CODE
 0001:00008560 00000034H .text$_ZSt28__throw_bad_array_new_lengthB8ne200100v CODE
 0001:000085a0 00000065H .text$_ZNSt3__117__libcpp_allocateB8ne200100IPN3Fmx9Objects3d7TSphereEEEPT_NS_15__element_countEy CODE
 0001:00008610 00000011H .text$_ZNSt3__124__is_overaligned_for_newB8ne200100Ey CODE
 0001:00008630 00000023H .text$_ZNSt3__121__libcpp_operator_newB8ne200100IJySt11align_val_tEEEPvDpT_ CODE
 0001:00008660 00000019H .text$_ZNSt3__121__libcpp_operator_newB8ne200100IJyEEEPvDpT_ CODE
 0001:00008680 00000007H .text$_ZNKSt3__16vectorIPN3Fmx9Objects3d7TSphereENS_9allocatorIS4_EEE17__annotate_deleteB8ne200100Ev CODE
 0001:00008690 00000059H .text$_ZNSt3__134__uninitialized_allocator_relocateB8ne200100INS_9allocatorIPN3Fmx9Objects3d7TSphereEEEPS5_EEvRT_T0_SA_SA_ CODE
 0001:000086f0 0000003bH .text$_ZNSt3__14swapB8ne200100IPPN3Fmx9Objects3d7TSphereEEENS_9enable_ifIXaasr21is_move_constructibleIT_EE5valuesr18is_move_assignableIS7_EE5valueEvE4typeERS7_SA_ CODE
 0001:00008730 00000012H .text$_ZNKSt3__16vectorIPN3Fmx9Objects3d7TSphereENS_9allocatorIS4_EEE14__annotate_newB8ne200100Ey CODE
 0001:00008750 00000068H .text$_ZNSt3__114__split_bufferIPN3Fmx9Objects3d7TSphereERNS_9allocatorIS4_EEED2Ev CODE
 0001:000087c0 0000001dH .text$_ZNSt3__114__split_bufferIPN3Fmx9Objects3d7TSphereERNS_9allocatorIS4_EEE5clearB8ne200100Ev CODE
 0001:000087e0 0000002dH .text$_ZNSt3__116allocator_traitsINS_9allocatorIPN3Fmx9Objects3d7TSphereEEEE10deallocateB8ne200100ERS6_PS5_y CODE
 0001:00008810 00000019H .text$_ZNKSt3__114__split_bufferIPN3Fmx9Objects3d7TSphereERNS_9allocatorIS4_EEE8capacityB8ne200100Ev CODE
 0001:00008830 00000028H .text$_ZNSt3__114__split_bufferIPN3Fmx9Objects3d7TSphereERNS_9allocatorIS4_EEE17__destruct_at_endB8ne200100EPS4_ CODE
 0001:00008860 0000006bH .text$_ZNSt3__114__split_bufferIPN3Fmx9Objects3d7TSphereERNS_9allocatorIS4_EEE17__destruct_at_endB8ne200100EPS4_NS_17integral_constantIbLb0EEE CODE
 0001:000088d0 0000001eH .text$_ZNSt3__116allocator_traitsINS_9allocatorIPN3Fmx9Objects3d7TSphereEEEE7destroyB8ne200100IS5_vTnNS_9enable_ifIXntsr13__has_destroyIS6_PT_EE5valueEiE4typeELi0EEEvRS6_SB_ CODE
 0001:000088f0 00000007H .text$_ZNSt3__112__destroy_atB8ne200100IPN3Fmx9Objects3d7TSphereETnNS_9enable_ifIXntsr8is_arrayIT_EE5valueEiE4typeELi0EEEvPS6_ CODE
 0001:00008900 0000002eH .text$_ZNSt3__19allocatorIPN3Fmx9Objects3d7TSphereEE10deallocateB8ne200100EPS4_y CODE
 0001:00008930 0000005cH .text$_ZNSt3__119__libcpp_deallocateB8ne200100IPN3Fmx9Objects3d7TSphereEEEvPNS_15__type_identityIT_E4typeENS_15__element_countEy CODE
 0001:00008990 00000023H .text$_ZNSt3__124__libcpp_operator_deleteB8ne200100IJPPN3Fmx9Objects3d7TSphereESt11align_val_tEEEvDpT_ CODE
 0001:000089c0 00000019H .text$_ZNSt3__124__libcpp_operator_deleteB8ne200100IJPPN3Fmx9Objects3d7TSphereEEEEvDpT_ CODE
 0001:000089e0 0000003bH .text$_ZNSt3__1miB8ne200100IPKPN3Fmx9Objects3d7TSphereES6_EEDTmicldtfp_4baseEcldtfp0_4baseEERKNS_11__wrap_iterIT_EERKNS8_IT0_EE CODE
 0001:00008a20 00000022H .text$_ZNKSt3__16vectorIPN3Fmx9Objects3d7TSphereENS_9allocatorIS4_EEE6cbeginB8ne200100Ev CODE
 0001:00008a50 00000046H .text$_ZNSt3__16vectorIPN3Fmx9Objects3d7TSphereENS_9allocatorIS4_EEE17__destruct_at_endB8ne200100EPS4_ CODE
 0001:00008aa0 00000036H .text$_ZNSt3__14moveB8ne200100IPPN3Fmx9Objects3d7TSphereES5_EET0_T_S7_S6_ CODE
 0001:00008ae0 00000027H .text$_ZNSt3__16vectorIPN3Fmx9Objects3d7TSphereENS_9allocatorIS4_EEE11__make_iterB8ne200100EPS4_ CODE
 0001:00008b10 0000000eH .text$_ZNKSt3__111__wrap_iterIPKPN3Fmx9Objects3d7TSphereEE4baseB8ne200100Ev CODE
 0001:00008b20 00000037H .text$_ZNKSt3__16vectorIPN3Fmx9Objects3d7TSphereENS_9allocatorIS4_EEE5beginB8ne200100Ev CODE
 0001:00008b60 00000027H .text$_ZNKSt3__16vectorIPN3Fmx9Objects3d7TSphereENS_9allocatorIS4_EEE11__make_iterB8ne200100EPKS4_ CODE
 0001:00008b90 0000000bH .text$_ZNSt3__16vectorIPN3Fmx9Objects3d7TSphereENS_9allocatorIS4_EEE26__add_alignment_assumptionB8ne200100IPS4_TnNS_9enable_ifIXsr10is_pointerIT_EE5valueEiE4typeELi0EEES9_SB_ CODE
 0001:00008ba0 00000023H .text$_ZNSt3__111__wrap_iterIPKPN3Fmx9Objects3d7TSphereEEC1B8ne200100ES6_ CODE
 0001:00008bd0 0000001eH .text$_ZNSt3__111__wrap_iterIPKPN3Fmx9Objects3d7TSphereEEC2B8ne200100ES6_ CODE
 0001:00008bf0 0000006dH .text$_ZNSt3__16vectorIPN3Fmx9Objects3d7TSphereENS_9allocatorIS4_EEE22__base_destruct_at_endB8ne200100EPS4_ CODE
 0001:00008c60 00000012H .text$_ZNKSt3__16vectorIPN3Fmx9Objects3d7TSphereENS_9allocatorIS4_EEE17__annotate_shrinkB8ne200100Ey CODE
 0001:00008c80 0000003eH .text$_ZNSt3__16__moveB8ne200100INS_17_ClassicAlgPolicyEPPN3Fmx9Objects3d7TSphereES6_S6_EENS_4pairIT0_T2_EES8_T1_S9_ CODE
 0001:00008cc0 000000dfH .text$_ZNSt3__124__copy_move_unwrap_itersB8ne200100INS_11__move_implINS_17_ClassicAlgPolicyEEEPPN3Fmx9Objects3d7TSphereES8_S8_TnNS_9enable_ifIXsr12__can_rewrapIT0_T2_EE5valueEiE4typeELi0EEENS_4pairISA_SB_EESA_T1_SB_ CODE
 0001:00008da0 00000034H .text$_ZNSt3__114__unwrap_rangeB8ne200100IPPN3Fmx9Objects3d7TSphereES5_EEDaT_T0_ CODE
 0001:00008de0 00000049H .text$_ZNKSt3__111__move_implINS_17_ClassicAlgPolicyEEclB8ne200100IPN3Fmx9Objects3d7TSphereES7_TnNS_9enable_ifIXsr38__can_lower_move_assignment_to_memmoveIT_T0_EE5valueEiE4typeELi0EEENS_4pairIPS9_PSA_EESE_SE_SF_ CODE
 0001:00008e30 00000019H .text$_ZNSt3__113__unwrap_iterB8ne200100IPPN3Fmx9Objects3d7TSphereENS_18__unwrap_iter_implIS5_Lb1EEETnNS_9enable_ifIXsr21is_copy_constructibleIT_EE5valueEiE4typeELi0EEEDTclsrT0_8__unwrapclsr3stdE7declvalIS9_EEEES9_ CODE
 0001:00008e50 00000034H .text$_ZNSt3__19make_pairB8ne200100IPPN3Fmx9Objects3d7TSphereES5_EENS_4pairINS_18__unwrap_referenceIu7__decayIT_EE4typeENS7_Iu7__decayIT0_EE4typeEEEOS8_OSC_ CODE
 0001:00008e90 00000023H .text$_ZNSt3__114__rewrap_rangeB8ne200100IPPN3Fmx9Objects3d7TSphereES5_S5_EET0_S6_T1_ CODE
 0001:00008ec0 00000037H .text$_ZNSt3__113__rewrap_iterB8ne200100IPPN3Fmx9Objects3d7TSphereES5_NS_18__unwrap_iter_implIS5_Lb1EEEEET_S8_T0_ CODE
 0001:00008f00 0000005cH .text$_ZNSt3__119__unwrap_range_implIPPN3Fmx9Objects3d7TSphereES5_E8__unwrapB8ne200100ES5_S5_ CODE
 0001:00008f60 0000002dH .text$_ZNSt3__14pairIPPN3Fmx9Objects3d7TSphereES5_EC1B8ne200100IS5_S5_TnNS_9enable_ifIXclsr10_CheckArgsE23__is_pair_constructibleIT_T0_EEEiE4typeELi0EEEOS9_OSA_ CODE
 0001:00008f90 00000032H .text$_ZNSt3__14pairIPPN3Fmx9Objects3d7TSphereES5_EC2B8ne200100IS5_S5_TnNS_9enable_ifIXclsr10_CheckArgsE23__is_pair_constructibleIT_T0_EEEiE4typeELi0EEEOS9_OSA_ CODE
 0001:00008fd0 00000083H .text$_ZNSt3__119__copy_trivial_implB8ne200100IPN3Fmx9Objects3d7TSphereES4_EENS_4pairIPT_PT0_EES7_S7_S9_ CODE
 0001:00009060 0000004fH .text$_ZNSt3__119__constexpr_memmoveB8ne200100IPN3Fmx9Objects3d7TSphereES4_TnNS_9enable_ifIXsr23__is_always_bitcastableIT0_T_EE5valueEiE4typeELi0EEEPS7_SA_PS6_NS_15__element_countE CODE
 0001:000090b0 00000034H .text$_ZNSt3__19make_pairB8ne200100IRPPN3Fmx9Objects3d7TSphereES5_EENS_4pairINS_18__unwrap_referenceIu7__decayIT_EE4typeENS8_Iu7__decayIT0_EE4typeEEEOS9_OSD_ CODE
 0001:000090f0 0000002dH .text$_ZNSt3__14pairIPPN3Fmx9Objects3d7TSphereES5_EC1B8ne200100IRS5_S5_TnNS_9enable_ifIXclsr10_CheckArgsE23__is_pair_constructibleIT_T0_EEEiE4typeELi0EEEOSA_OSB_ CODE
 0001:00009120 00000032H .text$_ZNSt3__14pairIPPN3Fmx9Objects3d7TSphereES5_EC2B8ne200100IRS5_S5_TnNS_9enable_ifIXclsr10_CheckArgsE23__is_pair_constructibleIT_T0_EEEiE4typeELi0EEEOSA_OSB_ CODE
 0001:00009160 00000019H .text$_ZNSt3__118__unwrap_iter_implIPPN3Fmx9Objects3d7TSphereELb1EE8__unwrapB8ne200100ES5_ CODE
 0001:00009180 00000023H .text$_ZNSt3__119__unwrap_range_implIPPN3Fmx9Objects3d7TSphereES5_E8__rewrapB8ne200100ES5_S5_ CODE
 0001:000091b0 0000004cH .text$_ZNSt3__118__unwrap_iter_implIPPN3Fmx9Objects3d7TSphereELb1EE8__rewrapB8ne200100ES5_S5_ CODE
 0001:00009200 00000023H .text$_ZNSt3__111__wrap_iterIPPN3Fmx9Objects3d7TSphereEEC1B8ne200100ES5_ CODE
 0001:00009230 0000001eH .text$_ZNSt3__111__wrap_iterIPPN3Fmx9Objects3d7TSphereEEC2B8ne200100ES5_ CODE
 0001:00009250 00000021H .text$_ZNSt3__111__wrap_iterIPKPN3Fmx9Objects3d7TSphereEEC2B8ne200100IPS4_TnNS_9enable_ifIXsr4_AndINS_14is_convertibleIRKT_S6_EENS_7_OrImplIXaantcvbsr7is_sameIRS5_NS_15iterator_traitsISC_E9referenceEEE5valuenesZT1_Li0EEE7_ResultINS_7is_sameISH_SK_EENSN_ISH_RKu20__remove_reference_tISK_EEEEEEE5valueEiE4typeELi0EEERKNS0_ISC_EE CODE
 0001:00009280 00000019H .text$_ZNSt3__16vectorIPN3Fmx9Objects3d7TSphereENS_9allocatorIS4_EEED1B8ne200100Ev CODE
 0001:000092a0 00000048H .text$_ZN3Fmx5Forms5TFormD0Ev CODE
 0001:000092f0 00000034H .text$_ZNSt3__16vectorIPN3Fmx9Objects3d7TSphereENS_9allocatorIS4_EEED2B8ne200100Ev CODE
 0001:00009330 00000023H .text$_ZNSt3__16vectorIPN3Fmx9Objects3d7TSphereENS_9allocatorIS4_EEE16__destroy_vectorC1B8ne200100ERS7_ CODE
 0001:00009360 0000006eH .text$_ZNSt3__16vectorIPN3Fmx9Objects3d7TSphereENS_9allocatorIS4_EEE16__destroy_vectorclB8ne200100Ev CODE
 0001:000093d0 0000001eH .text$_ZNSt3__16vectorIPN3Fmx9Objects3d7TSphereENS_9allocatorIS4_EEE16__destroy_vectorC2B8ne200100ERS7_ CODE
 0001:000093f0 0000003fH .text$_ZNSt3__16vectorIPN3Fmx9Objects3d7TSphereENS_9allocatorIS4_EEE5clearB8ne200100Ev CODE
 0001:00009430 000000eaH .text$_ZN6System15DelphiInterfaceINS_8Sysutils5TProcEED2Ev CODE
 0001:00009520 00000030H .text$_ZN6System15DelphiInterfaceINS_8Sysutils5TProcEEC1Ev CODE
 0001:00009550 00000023H .text$_ZN6System15DelphiInterfaceINS_8Sysutils5TProcEEC1ERKS3_ CODE
 0001:00009580 00000012H .text$_ZN6System15DelphiInterfaceINS_8Sysutils5TProcEEC2Ev CODE
 0001:000095a0 00000046H .text$_ZN6System15DelphiInterfaceINS_8Sysutils5TProcEEC2ERKS3_ CODE
 0001:000095f0 00000012H .text$_ZN6System12DynamicArrayINS_3Net9Urlclient14TNameValuePairEEC2Ev CODE
 0001:00009610 000000ddH .text$_ZN6System12DynamicArrayINS_3Net9Urlclient14TNameValuePairEED2Ev CODE
 0001:000096f0 00000023H .text$_ZN6System12DynamicArrayINS_3Net9Urlclient14TNameValuePairEEC1ERKS4_ CODE
 0001:00009720 0000003cH .text$_ZN6System12DynamicArrayINS_3Net9Urlclient14TNameValuePairEE11DecRefCountEv CODE
 0001:00009760 00000029H .text$_ZN6System12DynamicArrayINS_3Net9Urlclient14TNameValuePairEEC2ERKS4_ CODE
 0001:00009790 0000002cH .text$_ZN6System12DynamicArrayINS_3Net9Urlclient14TNameValuePairEE11IncRefCountEv CODE
 0001:000097c0 000000a5H .text$_ZN6System12DynamicArrayINS_3Net9Urlclient14TNameValuePairEE8FreeDataEv CODE
 0001:00009870 00000041H .text$_ZNK6System12DynamicArrayINS_3Net9Urlclient14TNameValuePairEE10get_lengthEv CODE
 0001:000098c0 00000019H .text$_ZN6System3Net9Urlclient14TNameValuePairD1Ev CODE
 0001:000098e0 00000012H .text$_ZNK6System12DynamicArrayINS_3Net9Urlclient14TNameValuePairEE6GetRecEv CODE
 0001:00009900 0000002cH .text$_ZN6System3Net9Urlclient14TNameValuePairD2Ev CODE
 0001:00009930 00000012H .text$_ZN6System15DelphiInterfaceINS_3Net10Httpclient13IHTTPResponseEEC2Ev CODE
 0001:00009950 000000eaH .text$_ZN6System15DelphiInterfaceINS_3Net10Httpclient13IHTTPResponseEED2Ev CODE
 0001:00009a40 00000023H .text$_ZN6System15DelphiInterfaceINS_3Net10Httpclient13IHTTPResponseEEC1ERKS4_ CODE
 0001:00009a70 00000046H .text$_ZN6System15DelphiInterfaceINS_3Net10Httpclient13IHTTPResponseEEC2ERKS4_ CODE
 0001:00009ac0 000000eaH .text$_ZN6System15DelphiInterfaceINS_9Threading5ITaskEED2Ev CODE
 0001:00009bb0 00000023H .text$_ZN6System15DelphiInterfaceINS_9Threading5ITaskEEC1ERKS3_ CODE
 0001:00009be0 00000046H .text$_ZN6System15DelphiInterfaceINS_9Threading5ITaskEEC2ERKS3_ CODE
 0001:00009c30 00000012H .text$_ZN6System15DelphiInterfaceINS_9Threading5ITaskEEC2Ev CODE
 0001:00009c50 00000031H .text$_ZNSt3__113__atomic_baseIbLb0EE5storeB8ne200100EbNS_12memory_orderE CODE
 0001:00009c90 0000006aH .text$_ZNSt3__118__cxx_atomic_storeB8ne200100IbEEvPNS_22__cxx_atomic_base_implIT_EES2_NS_12memory_orderE CODE
 0001:00009d00 000000a9H .text$_ZNSt3__121__cxx_atomic_exchangeB8ne200100IbEET_PNS_22__cxx_atomic_base_implIS1_EES1_NS_12memory_orderE CODE
 0001:00009db0 00000056H .text$_ZN6System15DelphiInterfaceINS_8Sysutils5TProcEEaSEPS2_ CODE
 0001:00009e10 00000019H .text$_ZN6System20TCppInterfacedObjectINS_8Sysutils5TProcE8IUnknownNS_10IInterfaceEE6AddRefEv CODE
 0001:00009e30 00000019H .text$_ZN6System20TCppInterfacedObjectINS_8Sysutils5TProcE8IUnknownNS_10IInterfaceEE7ReleaseEv CODE
 0001:00009e50 0000002dH .text$_ZN6System20TCppInterfacedObjectINS_8Sysutils5TProcE8IUnknownNS_10IInterfaceEE14QueryInterfaceERK5_GUIDPPv CODE
 0001:00009e80 0000002dH .text$_ZThn24_N6System20TCppInterfacedObjectINS_8Sysutils5TProcE8IUnknownNS_10IInterfaceEE14QueryInterfaceERK5_GUIDPPv CODE
 0001:00009eb0 00000013H .text$_ZThn24_N6System20TCppInterfacedObjectINS_8Sysutils5TProcE8IUnknownNS_10IInterfaceEE6AddRefEv CODE
 0001:00009ed0 00000013H .text$_ZThn24_N6System20TCppInterfacedObjectINS_8Sysutils5TProcE8IUnknownNS_10IInterfaceEE7ReleaseEv CODE
 0001:00009ef0 0000002dH .text$_ZThn32_N6System20TCppInterfacedObjectINS_8Sysutils5TProcE8IUnknownNS_10IInterfaceEE14QueryInterfaceERK5_GUIDPPv CODE
 0001:00009f20 00000013H .text$_ZThn32_N6System20TCppInterfacedObjectINS_8Sysutils5TProcE8IUnknownNS_10IInterfaceEE6AddRefEv CODE
 0001:00009f40 00000013H .text$_ZThn32_N6System20TCppInterfacedObjectINS_8Sysutils5TProcE8IUnknownNS_10IInterfaceEE7ReleaseEv CODE
 0001:00009f60 0000002dH .text$_ZThn40_N6System20TCppInterfacedObjectINS_8Sysutils5TProcE8IUnknownNS_10IInterfaceEE14QueryInterfaceERK5_GUIDPPv CODE
 0001:00009f90 00000013H .text$_ZThn40_N6System20TCppInterfacedObjectINS_8Sysutils5TProcE8IUnknownNS_10IInterfaceEE6AddRefEv CODE
 0001:00009fb0 00000013H .text$_ZThn40_N6System20TCppInterfacedObjectINS_8Sysutils5TProcE8IUnknownNS_10IInterfaceEE7ReleaseEv CODE
 0001:00009fd0 00000048H .text$_ZN6System20TCppInterfacedObjectINS_8Sysutils5TProcE8IUnknownNS_10IInterfaceEED0Ev CODE
 0001:0000a020 000000c8H .text$_ZN6System20TCppInterfacedObjectINS_8Sysutils5TProcE8IUnknownNS_10IInterfaceEEC3Ev CODE
 0001:0000a0f0 00000063H .text$_ZN6System17TInterfacedObjectC3Ev CODE
 0001:0000a160 00000030H .text$_ZN6System8Sysutils5TProcC2Ev CODE
 0001:0000a190 00000019H .text$_ZN8IUnknownC2Ev  CODE
 0001:0000a1b0 00000030H .text$_ZN6System10IInterfaceC2Ev CODE
 0001:0000a1e0 00000014H .text$_ZNK6System13UnicodeString7IsEmptyEv CODE
 0001:0000a200 00000023H .text$_ZNSt3__110unique_ptrIN6System7Classes11TStringListENS_14default_deleteIS3_EEEC1B8ne200100ILb1EvEEPS3_ CODE
 0001:0000a230 0000000eH .text$_ZNKSt3__110unique_ptrIN6System7Classes11TStringListENS_14default_deleteIS3_EEEptB8ne200100Ev CODE
 0001:0000a240 00000019H .text$_ZNSt3__110unique_ptrIN6System7Classes11TStringListENS_14default_deleteIS3_EEED1B8ne200100Ev CODE
 0001:0000a260 00000019H .text$_ZN6System15DelphiInterfaceINS_7Classes16TThreadProcedureEED1Ev CODE
 0001:0000a280 0000001eH .text$_ZNSt3__110unique_ptrIN6System7Classes11TStringListENS_14default_deleteIS3_EEEC2B8ne200100ILb1EvEEPS3_ CODE
 0001:0000a2a0 0000001dH .text$_ZNSt3__110unique_ptrIN6System7Classes11TStringListENS_14default_deleteIS3_EEED2B8ne200100Ev CODE
 0001:0000a2c0 00000045H .text$_ZNSt3__110unique_ptrIN6System7Classes11TStringListENS_14default_deleteIS3_EEE5resetB8ne200100EPS3_ CODE
 0001:0000a310 00000034H .text$_ZNKSt3__114default_deleteIN6System7Classes11TStringListEEclB8ne200100EPS3_ CODE
 0001:0000a350 00000056H .text$_ZN6System15DelphiInterfaceINS_7Classes16TThreadProcedureEEaSEPS2_ CODE
 0001:0000a3b0 00000019H .text$_ZN6System20TCppInterfacedObjectINS_7Classes16TThreadProcedureE8IUnknownNS_10IInterfaceEE6AddRefEv CODE
 0001:0000a3d0 00000019H .text$_ZN6System20TCppInterfacedObjectINS_7Classes16TThreadProcedureE8IUnknownNS_10IInterfaceEE7ReleaseEv CODE
 0001:0000a3f0 0000002dH .text$_ZN6System20TCppInterfacedObjectINS_7Classes16TThreadProcedureE8IUnknownNS_10IInterfaceEE14QueryInterfaceERK5_GUIDPPv CODE
 0001:0000a420 0000002dH .text$_ZThn24_N6System20TCppInterfacedObjectINS_7Classes16TThreadProcedureE8IUnknownNS_10IInterfaceEE14QueryInterfaceERK5_GUIDPPv CODE
 0001:0000a450 00000013H .text$_ZThn24_N6System20TCppInterfacedObjectINS_7Classes16TThreadProcedureE8IUnknownNS_10IInterfaceEE6AddRefEv CODE
 0001:0000a470 00000013H .text$_ZThn24_N6System20TCppInterfacedObjectINS_7Classes16TThreadProcedureE8IUnknownNS_10IInterfaceEE7ReleaseEv CODE
 0001:0000a490 0000002dH .text$_ZThn32_N6System20TCppInterfacedObjectINS_7Classes16TThreadProcedureE8IUnknownNS_10IInterfaceEE14QueryInterfaceERK5_GUIDPPv CODE
 0001:0000a4c0 00000013H .text$_ZThn32_N6System20TCppInterfacedObjectINS_7Classes16TThreadProcedureE8IUnknownNS_10IInterfaceEE6AddRefEv CODE
 0001:0000a4e0 00000013H .text$_ZThn32_N6System20TCppInterfacedObjectINS_7Classes16TThreadProcedureE8IUnknownNS_10IInterfaceEE7ReleaseEv CODE
 0001:0000a500 0000002dH .text$_ZThn40_N6System20TCppInterfacedObjectINS_7Classes16TThreadProcedureE8IUnknownNS_10IInterfaceEE14QueryInterfaceERK5_GUIDPPv CODE
 0001:0000a530 00000013H .text$_ZThn40_N6System20TCppInterfacedObjectINS_7Classes16TThreadProcedureE8IUnknownNS_10IInterfaceEE6AddRefEv CODE
 0001:0000a550 00000013H .text$_ZThn40_N6System20TCppInterfacedObjectINS_7Classes16TThreadProcedureE8IUnknownNS_10IInterfaceEE7ReleaseEv CODE
 0001:0000a570 00000048H .text$_ZN6System20TCppInterfacedObjectINS_7Classes16TThreadProcedureE8IUnknownNS_10IInterfaceEED0Ev CODE
 0001:0000a5c0 000000c8H .text$_ZN6System20TCppInterfacedObjectINS_7Classes16TThreadProcedureE8IUnknownNS_10IInterfaceEEC3Ev CODE
 0001:0000a690 00000030H .text$_ZN6System7Classes16TThreadProcedureC2Ev CODE
 0001:0000a6c0 00000044H .text$_ZN6System13UnicodeStringC1EOS0_ CODE
 0001:0000a710 00000034H .text$_ZN6System13UnicodeStringC2EOS0_ CODE
 0001:0000a750 00000048H .text$_ZN6System17TInterfacedObjectD0Ev CODE
 0001:0000a7a0 000000eaH .text$_ZN6System15DelphiInterfaceINS_7Classes16TThreadProcedureEED2Ev CODE
 0001:0000a890 00000030H .text$_ZN6System15DelphiInterfaceINS_7Classes16TThreadProcedureEEC1Ev CODE
 0001:0000a8c0 00000023H .text$_ZN6System15DelphiInterfaceINS_7Classes16TThreadProcedureEEC1ERKS3_ CODE
 0001:0000a8f0 00000012H .text$_ZN6System15DelphiInterfaceINS_7Classes16TThreadProcedureEEC2Ev CODE
 0001:0000a910 00000046H .text$_ZN6System15DelphiInterfaceINS_7Classes16TThreadProcedureEEC2ERKS3_ CODE
 0001:0000a960 000025d8H .text                   CODE
 0001:0000cf40 0000000bH .text$_ZN6System15DelphiInterfaceINS_10IInterfaceEEadEv CODE
 0001:0000cf50 00000046H .text$_ZN6System15DelphiInterfaceINS_10IInterfaceEED2Ev CODE
 0001:0000cfa0 00000029H .text$_ZNSt3__110lock_guardINS_5mutexEEC2B8ne200100ERS1_ CODE
 0001:0000cfd0 00000019H .text$_ZNSt3__113unordered_mapIPN6System7Typinfo9TTypeInfoEPSt9type_infoNS_4hashIS4_EENS_8equal_toIS4_EENS_9allocatorINS_4pairIKS4_S6_EEEEEC2B8ne200100Ev CODE
 0001:0000cff0 00000019H .text$_ZNSt3__113unordered_mapIPN6System7Typinfo9TTypeInfoEPSt9type_infoNS_4hashIS4_EENS_8equal_toIS4_EENS_9allocatorINS_4pairIKS4_S6_EEEEED2B8ne200100Ev CODE
 0001:0000d010 00000080H .text$_ZNSt3__113unordered_mapIPN6System7Typinfo9TTypeInfoEPSt9type_infoNS_4hashIS4_EENS_8equal_toIS4_EENS_9allocatorINS_4pairIKS4_S6_EEEEEixERSD_ CODE
 0001:0000d090 0000004aH .text$_ZN6System11AnsiStringTILt65001EEC2ERKNS_13UnicodeStringE CODE
 0001:0000d0e0 0000008bH .text$_ZNK6System11AnsiStringTILt65001EEplERKS1_ CODE
 0001:0000d170 0000004aH .text$_ZN6System11AnsiStringTILt65001EEC2EPKc CODE
 0001:0000d1c0 00000030H .text$_ZN6System11AnsiStringTILt65001EEC2Ev CODE
 0001:0000d1f0 00000045H .text$_ZN6System11AnsiStringTILt65001EEaSEOS1_ CODE
 0001:0000d240 00000019H .text$_ZN6System11AnsiStringTILt65001EED2Ev CODE
 0001:0000d260 00000030H .text$_ZN10__cxxabiv117__class_type_infoC2Ev CODE
 0001:0000d290 0000003cH .text$_ZNK6System11AnsiStringTILt65001EE5c_strEv CODE
 0001:0000d2d0 0000001cH .text$_ZNSt3__110lock_guardINS_5mutexEED2B8ne200100Ev CODE
 0001:0000d2f0 00000030H .text$_ZN10__cxxabiv116__shim_type_infoC2Ev CODE
 0001:0000d320 0000005fH .text$_ZNSt3__112__hash_tableINS_17__hash_value_typeIPN6System7Typinfo9TTypeInfoEPSt9type_infoEENS_22__unordered_map_hasherIS5_S8_NS_4hashIS5_EENS_8equal_toIS5_EELb1EEENS_21__unordered_map_equalIS5_S8_SD_SB_Lb1EEENS_9allocatorIS8_EEEC2Ev CODE
 0001:0000d380 00000024H .text$_ZNSt3__110unique_ptrIA_PNS_16__hash_node_baseIPNS_11__hash_nodeINS_17__hash_value_typeIPN6System7Typinfo9TTypeInfoEPSt9type_infoEEPvEEEENS_25__bucket_list_deallocatorINS_9allocatorISF_EEEEEC2B8ne200100ILb1EvEEv CODE
 0001:0000d3b0 00000012H .text$_ZNSt3__116__hash_node_baseIPNS_11__hash_nodeINS_17__hash_value_typeIPN6System7Typinfo9TTypeInfoEPSt9type_infoEEPvEEEC2B8ne200100Ev CODE
 0001:0000d3d0 00000019H .text$_ZNSt3__19allocatorINS_11__hash_nodeINS_17__hash_value_typeIPN6System7Typinfo9TTypeInfoEPSt9type_infoEEPvEEEC2B8ne200100Ev CODE
 0001:0000d3f0 00000007H .text$_ZNSt3__122__unordered_map_hasherIPN6System7Typinfo9TTypeInfoENS_17__hash_value_typeIS4_PSt9type_infoEENS_4hashIS4_EENS_8equal_toIS4_EELb1EEC2B8ne200100Ev CODE
 0001:0000d400 00000007H .text$_ZNSt3__121__unordered_map_equalIPN6System7Typinfo9TTypeInfoENS_17__hash_value_typeIS4_PSt9type_infoEENS_8equal_toIS4_EENS_4hashIS4_EELb1EEC2B8ne200100Ev CODE
 0001:0000d410 00000020H .text$_ZNSt3__125__bucket_list_deallocatorINS_9allocatorIPNS_16__hash_node_baseIPNS_11__hash_nodeINS_17__hash_value_typeIPN6System7Typinfo9TTypeInfoEPSt9type_infoEEPvEEEEEEEC2B8ne200100Ev CODE
 0001:0000d430 00000019H .text$_ZNSt3__19allocatorIPNS_16__hash_node_baseIPNS_11__hash_nodeINS_17__hash_value_typeIPN6System7Typinfo9TTypeInfoEPSt9type_infoEEPvEEEEEC2B8ne200100Ev CODE
 0001:0000d450 00000007H .text$_ZNSt3__116__non_trivial_ifILb1ENS_9allocatorIPNS_16__hash_node_baseIPNS_11__hash_nodeINS_17__hash_value_typeIPN6System7Typinfo9TTypeInfoEPSt9type_infoEEPvEEEEEEEC2B8ne200100Ev CODE
 0001:0000d460 00000007H .text$_ZNSt3__116__non_trivial_ifILb1ENS_9allocatorINS_11__hash_nodeINS_17__hash_value_typeIPN6System7Typinfo9TTypeInfoEPSt9type_infoEEPvEEEEEC2B8ne200100Ev CODE
 0001:0000d470 0000002cH .text$_ZNSt3__112__hash_tableINS_17__hash_value_typeIPN6System7Typinfo9TTypeInfoEPSt9type_infoEENS_22__unordered_map_hasherIS5_S8_NS_4hashIS5_EENS_8equal_toIS5_EELb1EEENS_21__unordered_map_equalIS5_S8_SD_SB_Lb1EEENS_9allocatorIS8_EEED2Ev CODE
 0001:0000d4a0 000000c0H .text$_ZNSt3__112__hash_tableINS_17__hash_value_typeIPN6System7Typinfo9TTypeInfoEPSt9type_infoEENS_22__unordered_map_hasherIS5_S8_NS_4hashIS5_EENS_8equal_toIS5_EELb1EEENS_21__unordered_map_equalIS5_S8_SD_SB_Lb1EEENS_9allocatorIS8_EEE17__deallocate_nodeEPNS_16__hash_node_baseIPNS_11__hash_nodeIS8_PvEEEE CODE
 0001:0000d560 0000001dH .text$_ZNSt3__110unique_ptrIA_PNS_16__hash_node_baseIPNS_11__hash_nodeINS_17__hash_value_typeIPN6System7Typinfo9TTypeInfoEPSt9type_infoEEPvEEEENS_25__bucket_list_deallocatorINS_9allocatorISF_EEEEED2B8ne200100Ev CODE
 0001:0000d580 0000000bH .text$_ZNSt3__112__hash_tableINS_17__hash_value_typeIPN6System7Typinfo9TTypeInfoEPSt9type_infoEENS_22__unordered_map_hasherIS5_S8_NS_4hashIS5_EENS_8equal_toIS5_EELb1EEENS_21__unordered_map_equalIS5_S8_SD_SB_Lb1EEENS_9allocatorIS8_EEE12__node_allocB8ne200100Ev CODE
 0001:0000d590 00000019H .text$_ZNSt3__116__hash_node_baseIPNS_11__hash_nodeINS_17__hash_value_typeIPN6System7Typinfo9TTypeInfoEPSt9type_infoEEPvEEE8__upcastB8ne200100Ev CODE
 0001:0000d5b0 0000001eH .text$_ZNSt3__116allocator_traitsINS_9allocatorINS_11__hash_nodeINS_17__hash_value_typeIPN6System7Typinfo9TTypeInfoEPSt9type_infoEEPvEEEEE7destroyB8ne200100INS_4pairIKS7_S9_EEvTnNS_9enable_ifIXntsr13__has_destroyISD_PT_EE5valueEiE4typeELi0EEEvRSD_SL_ CODE
 0001:0000d5d0 00000019H .text$_ZNSt3__122__hash_key_value_typesINS_17__hash_value_typeIPN6System7Typinfo9TTypeInfoEPSt9type_infoEEE9__get_ptrB8ne200100ERS8_ CODE
 0001:0000d5f0 0000000fH .text$_ZNSt3__111__hash_nodeINS_17__hash_value_typeIPN6System7Typinfo9TTypeInfoEPSt9type_infoEEPvE11__get_valueB8ne200100Ev CODE
 0001:0000d600 00000019H .text$_ZNSt3__112__destroy_atB8ne200100INS_11__hash_nodeINS_17__hash_value_typeIPN6System7Typinfo9TTypeInfoEPSt9type_infoEEPvEETnNS_9enable_ifIXntsr8is_arrayIT_EE5valueEiE4typeELi0EEEvPSD_ CODE
 0001:0000d620 0000002dH .text$_ZNSt3__116allocator_traitsINS_9allocatorINS_11__hash_nodeINS_17__hash_value_typeIPN6System7Typinfo9TTypeInfoEPSt9type_infoEEPvEEEEE10deallocateB8ne200100ERSD_PSC_y CODE
 0001:0000d650 0000000bH .text$_ZNSt3__114pointer_traitsIPNS_16__hash_node_baseIPNS_11__hash_nodeINS_17__hash_value_typeIPN6System7Typinfo9TTypeInfoEPSt9type_infoEEPvEEEEE10pointer_toB8ne200100ERSE_ CODE
 0001:0000d660 00000007H .text$_ZNSt3__112__destroy_atB8ne200100INS_4pairIKPN6System7Typinfo9TTypeInfoEPSt9type_infoEETnNS_9enable_ifIXntsr8is_arrayIT_EE5valueEiE4typeELi0EEEvPSB_ CODE
 0001:0000d670 00000019H .text$_ZNSt3__117__hash_value_typeIPN6System7Typinfo9TTypeInfoEPSt9type_infoE11__get_valueB8ne200100Ev CODE
 0001:0000d690 00000019H .text$_ZNSt3__17launderB8ne200100INS_4pairIKPN6System7Typinfo9TTypeInfoEPSt9type_infoEEEEPT_SB_ CODE
 0001:0000d6b0 0000000bH .text$_ZNSt3__19__launderB8ne200100INS_4pairIKPN6System7Typinfo9TTypeInfoEPSt9type_infoEEEEPT_SB_ CODE
 0001:0000d6c0 00000007H .text$_ZNSt3__111__hash_nodeINS_17__hash_value_typeIPN6System7Typinfo9TTypeInfoEPSt9type_infoEEPvED2B8ne200100Ev CODE
 0001:0000d6d0 0000002eH .text$_ZNSt3__19allocatorINS_11__hash_nodeINS_17__hash_value_typeIPN6System7Typinfo9TTypeInfoEPSt9type_infoEEPvEEE10deallocateB8ne200100EPSB_y CODE
 0001:0000d700 0000005cH .text$_ZNSt3__119__libcpp_deallocateB8ne200100INS_11__hash_nodeINS_17__hash_value_typeIPN6System7Typinfo9TTypeInfoEPSt9type_infoEEPvEEEEvPNS_15__type_identityIT_E4typeENS_15__element_countEy CODE
 0001:0000d760 00000023H .text$_ZNSt3__124__libcpp_operator_deleteB8ne200100IJPNS_11__hash_nodeINS_17__hash_value_typeIPN6System7Typinfo9TTypeInfoEPSt9type_infoEEPvEESt11align_val_tEEEvDpT_ CODE
 0001:0000d790 00000019H .text$_ZNSt3__124__libcpp_operator_deleteB8ne200100IJPNS_11__hash_nodeINS_17__hash_value_typeIPN6System7Typinfo9TTypeInfoEPSt9type_infoEEPvEEEEEvDpT_ CODE
 0001:0000d7b0 00000048H .text$_ZNSt3__110unique_ptrIA_PNS_16__hash_node_baseIPNS_11__hash_nodeINS_17__hash_value_typeIPN6System7Typinfo9TTypeInfoEPSt9type_infoEEPvEEEENS_25__bucket_list_deallocatorINS_9allocatorISF_EEEEE5resetB8ne200100EDn CODE
 0001:0000d800 0000004eH .text$_ZNSt3__125__bucket_list_deallocatorINS_9allocatorIPNS_16__hash_node_baseIPNS_11__hash_nodeINS_17__hash_value_typeIPN6System7Typinfo9TTypeInfoEPSt9type_infoEEPvEEEEEEEclB8ne200100EPSG_ CODE
 0001:0000d850 0000002dH .text$_ZNSt3__116allocator_traitsINS_9allocatorIPNS_16__hash_node_baseIPNS_11__hash_nodeINS_17__hash_value_typeIPN6System7Typinfo9TTypeInfoEPSt9type_infoEEPvEEEEEEE10deallocateB8ne200100ERSH_PSG_y CODE
 0001:0000d880 0000000bH .text$_ZNSt3__125__bucket_list_deallocatorINS_9allocatorIPNS_16__hash_node_baseIPNS_11__hash_nodeINS_17__hash_value_typeIPN6System7Typinfo9TTypeInfoEPSt9type_infoEEPvEEEEEEE7__allocB8ne200100Ev CODE
 0001:0000d890 0000000bH .text$_ZNSt3__125__bucket_list_deallocatorINS_9allocatorIPNS_16__hash_node_baseIPNS_11__hash_nodeINS_17__hash_value_typeIPN6System7Typinfo9TTypeInfoEPSt9type_infoEEPvEEEEEEE4sizeB8ne200100Ev CODE
 0001:0000d8a0 0000002eH .text$_ZNSt3__19allocatorIPNS_16__hash_node_baseIPNS_11__hash_nodeINS_17__hash_value_typeIPN6System7Typinfo9TTypeInfoEPSt9type_infoEEPvEEEEE10deallocateB8ne200100EPSF_y CODE
 0001:0000d8d0 0000005cH .text$_ZNSt3__119__libcpp_deallocateB8ne200100IPNS_16__hash_node_baseIPNS_11__hash_nodeINS_17__hash_value_typeIPN6System7Typinfo9TTypeInfoEPSt9type_infoEEPvEEEEEEvPNS_15__type_identityIT_E4typeENS_15__element_countEy CODE
 0001:0000d930 00000023H .text$_ZNSt3__124__libcpp_operator_deleteB8ne200100IJPPNS_16__hash_node_baseIPNS_11__hash_nodeINS_17__hash_value_typeIPN6System7Typinfo9TTypeInfoEPSt9type_infoEEPvEEEESt11align_val_tEEEvDpT_ CODE
 0001:0000d960 00000019H .text$_ZNSt3__124__libcpp_operator_deleteB8ne200100IJPPNS_16__hash_node_baseIPNS_11__hash_nodeINS_17__hash_value_typeIPN6System7Typinfo9TTypeInfoEPSt9type_infoEEPvEEEEEEEvDpT_ CODE
 0001:0000d980 00000726H .text$_ZNSt3__112__hash_tableINS_17__hash_value_typeIPN6System7Typinfo9TTypeInfoEPSt9type_infoEENS_22__unordered_map_hasherIS5_S8_NS_4hashIS5_EENS_8equal_toIS5_EELb1EEENS_21__unordered_map_equalIS5_S8_SD_SB_Lb1EEENS_9allocatorIS8_EEE25__emplace_unique_key_argsIS5_JRKNS_21piecewise_construct_tENS_5tupleIJRKS5_EEENSO_IJEEEEEENS_4pairINS_15__hash_iteratorIPNS_11__hash_nodeIS8_PvEEEEbEERKT_DpOT0_ CODE
 0001:0000e0b0 00000022H .text$_ZNSt3__116forward_as_tupleB8ne200100IJRKPN6System7Typinfo9TTypeInfoEEEENS_5tupleIJDpOT_EEESA_ CODE
 0001:0000e0e0 00000007H .text$_ZNSt3__116forward_as_tupleB8ne200100IJEEENS_5tupleIJDpOT_EEES4_ CODE
 0001:0000e0f0 0000002cH .text$_ZNKSt3__115__hash_iteratorIPNS_11__hash_nodeINS_17__hash_value_typeIPN6System7Typinfo9TTypeInfoEPSt9type_infoEEPvEEEptB8ne200100Ev CODE
 0001:0000e120 0000000bH .text$_ZNSt3__112__hash_tableINS_17__hash_value_typeIPN6System7Typinfo9TTypeInfoEPSt9type_infoEENS_22__unordered_map_hasherIS5_S8_NS_4hashIS5_EENS_8equal_toIS5_EELb1EEENS_21__unordered_map_equalIS5_S8_SD_SB_Lb1EEENS_9allocatorIS8_EEE13hash_functionB8ne200100Ev CODE
 0001:0000e130 00000026H .text$_ZNKSt3__122__unordered_map_hasherIPN6System7Typinfo9TTypeInfoENS_17__hash_value_typeIS4_PSt9type_infoEENS_4hashIS4_EENS_8equal_toIS4_EELb1EEclB8ne200100ERKS4_ CODE
 0001:0000e160 00000021H .text$_ZNKSt3__112__hash_tableINS_17__hash_value_typeIPN6System7Typinfo9TTypeInfoEPSt9type_infoEENS_22__unordered_map_hasherIS5_S8_NS_4hashIS5_EENS_8equal_toIS5_EELb1EEENS_21__unordered_map_equalIS5_S8_SD_SB_Lb1EEENS_9allocatorIS8_EEE12bucket_countB8ne200100Ev CODE
 0001:0000e190 00000079H .text$_ZNSt3__116__constrain_hashB8ne200100Eyy CODE
 0001:0000e210 00000025H .text$_ZNKSt3__110unique_ptrIA_PNS_16__hash_node_baseIPNS_11__hash_nodeINS_17__hash_value_typeIPN6System7Typinfo9TTypeInfoEPSt9type_infoEEPvEEEENS_25__bucket_list_deallocatorINS_9allocatorISF_EEEEEixB8ne200100Ey CODE
 0001:0000e240 0000000fH .text$_ZNKSt3__116__hash_node_baseIPNS_11__hash_nodeINS_17__hash_value_typeIPN6System7Typinfo9TTypeInfoEPSt9type_infoEEPvEEE6__hashB8ne200100Ev CODE
 0001:0000e250 0000000bH .text$_ZNSt3__112__hash_tableINS_17__hash_value_typeIPN6System7Typinfo9TTypeInfoEPSt9type_infoEENS_22__unordered_map_hasherIS5_S8_NS_4hashIS5_EENS_8equal_toIS5_EELb1EEENS_21__unordered_map_equalIS5_S8_SD_SB_Lb1EEENS_9allocatorIS8_EEE6key_eqB8ne200100Ev CODE
 0001:0000e260 00000040H .text$_ZNKSt3__121__unordered_map_equalIPN6System7Typinfo9TTypeInfoENS_17__hash_value_typeIS4_PSt9type_infoEENS_8equal_toIS4_EENS_4hashIS4_EELb1EEclB8ne200100ERKS8_RKS4_ CODE
 0001:0000e2a0 00000196H .text$_ZNSt3__112__hash_tableINS_17__hash_value_typeIPN6System7Typinfo9TTypeInfoEPSt9type_infoEENS_22__unordered_map_hasherIS5_S8_NS_4hashIS5_EENS_8equal_toIS5_EELb1EEENS_21__unordered_map_equalIS5_S8_SD_SB_Lb1EEENS_9allocatorIS8_EEE21__construct_node_hashIRKNS_21piecewise_construct_tEJNS_5tupleIJRKS5_EEENSO_IJEEEEEENS_10unique_ptrINS_11__hash_nodeIS8_PvEENS_22__hash_node_destructorINSH_ISW_EEEEEEyOT_DpOT0_ CODE
 0001:0000e440 0000000fH .text$_ZNSt3__112__hash_tableINS_17__hash_value_typeIPN6System7Typinfo9TTypeInfoEPSt9type_infoEENS_22__unordered_map_hasherIS5_S8_NS_4hashIS5_EENS_8equal_toIS5_EELb1EEENS_21__unordered_map_equalIS5_S8_SD_SB_Lb1EEENS_9allocatorIS8_EEE4sizeB8ne200100Ev CODE
 0001:0000e450 0000000fH .text$_ZNSt3__112__hash_tableINS_17__hash_value_typeIPN6System7Typinfo9TTypeInfoEPSt9type_infoEENS_22__unordered_map_hasherIS5_S8_NS_4hashIS5_EENS_8equal_toIS5_EELb1EEENS_21__unordered_map_equalIS5_S8_SD_SB_Lb1EEENS_9allocatorIS8_EEE15max_load_factorB8ne200100Ev CODE
 0001:0000e460 00000023H .text$_ZNSt3__112__hash_tableINS_17__hash_value_typeIPN6System7Typinfo9TTypeInfoEPSt9type_infoEENS_22__unordered_map_hasherIS5_S8_NS_4hashIS5_EENS_8equal_toIS5_EELb1EEENS_21__unordered_map_equalIS5_S8_SD_SB_Lb1EEENS_9allocatorIS8_EEE15__rehash_uniqueB8ne200100Ey CODE
 0001:0000e490 00000040H .text$_ZNSt3__116__is_hash_power2B8ne200100Ey CODE
 0001:0000e4d0 0000001bH .text$_ZNSt3__16__math4ceilB8ne200100Ef CODE
 0001:0000e4f0 00000019H .text$_ZNSt3__116__hash_node_baseIPNS_11__hash_nodeINS_17__hash_value_typeIPN6System7Typinfo9TTypeInfoEPSt9type_infoEEPvEEE5__ptrB8ne200100Ev CODE
 0001:0000e510 0000000eH .text$_ZNKSt3__110unique_ptrINS_11__hash_nodeINS_17__hash_value_typeIPN6System7Typinfo9TTypeInfoEPSt9type_infoEEPvEENS_22__hash_node_destructorINS_9allocatorISB_EEEEEptB8ne200100Ev CODE
 0001:0000e520 0000000eH .text$_ZNKSt3__110unique_ptrINS_11__hash_nodeINS_17__hash_value_typeIPN6System7Typinfo9TTypeInfoEPSt9type_infoEEPvEENS_22__hash_node_destructorINS_9allocatorISB_EEEEE3getB8ne200100Ev CODE
 0001:0000e530 00000025H .text$_ZNSt3__110unique_ptrINS_11__hash_nodeINS_17__hash_value_typeIPN6System7Typinfo9TTypeInfoEPSt9type_infoEEPvEENS_22__hash_node_destructorINS_9allocatorISB_EEEEE7releaseB8ne200100Ev CODE
 0001:0000e560 0000001dH .text$_ZNSt3__110unique_ptrINS_11__hash_nodeINS_17__hash_value_typeIPN6System7Typinfo9TTypeInfoEPSt9type_infoEEPvEENS_22__hash_node_destructorINS_9allocatorISB_EEEEED2B8ne200100Ev CODE
 0001:0000e580 0000001eH .text$_ZNSt3__115__hash_iteratorIPNS_11__hash_nodeINS_17__hash_value_typeIPN6System7Typinfo9TTypeInfoEPSt9type_infoEEPvEEEC2B8ne200100EPNS_16__hash_node_baseISC_EE CODE
 0001:0000e5a0 00000033H .text$_ZNSt3__14pairINS_15__hash_iteratorIPNS_11__hash_nodeINS_17__hash_value_typeIPN6System7Typinfo9TTypeInfoEPSt9type_infoEEPvEEEEbEC2B8ne200100ISE_RbTnNS_9enable_ifIXclsr10_CheckArgsE23__is_pair_constructibleIT_T0_EEEiE4typeELi0EEEOSJ_OSK_ CODE
 0001:0000e5e0 00000047H .text$_ZNKSt3__14hashIPN6System7Typinfo9TTypeInfoEEclB8ne200100ES4_ CODE
 0001:0000e630 000004f2H .text$_ZNKSt3__121__murmur2_or_cityhashIyLy64EEclB8ne200100EPKvy CODE
 0001:0000eb30 00000191H .text$_ZNSt3__121__murmur2_or_cityhashIyLy64EE18__hash_len_0_to_16B8ne200100EPKcy CODE
 0001:0000ecd0 0000010cH .text$_ZNSt3__121__murmur2_or_cityhashIyLy64EE19__hash_len_17_to_32B8ne200100EPKcy CODE
 0001:0000ede0 00000339H .text$_ZNSt3__121__murmur2_or_cityhashIyLy64EE19__hash_len_33_to_64B8ne200100EPKcy CODE
 0001:0000f120 0000001eH .text$_ZNSt3__110__loadwordB8ne200100IyEET_PKv CODE
 0001:0000f140 00000095H .text$_ZNSt3__121__murmur2_or_cityhashIyLy64EE13__hash_len_16B8ne200100Eyy CODE
 0001:0000f1e0 000000b0H .text$_ZNSt3__121__murmur2_or_cityhashIyLy64EE29__weak_hash_len_32_with_seedsB8ne200100EPKcyy CODE
 0001:0000f290 00000051H .text$_ZNSt3__121__murmur2_or_cityhashIyLy64EE8__rotateB8ne200100Eyi CODE
 0001:0000f2f0 0000002dH .text$_ZNSt3__14pairIyyEaSB8ne200100EOS1_ CODE
 0001:0000f320 0000003bH .text$_ZNSt3__14swapB8ne200100IyEENS_9enable_ifIXaasr21is_move_constructibleIT_EE5valuesr18is_move_assignableIS2_EE5valueEvE4typeERS2_S5_ CODE
 0001:0000f360 00000016H .text$_ZNSt3__121__murmur2_or_cityhashIyLy64EE11__shift_mixB8ne200100Ey CODE
 0001:0000f380 00000037H .text$_ZNSt3__121__murmur2_or_cityhashIyLy64EE22__rotate_by_at_least_1B8ne200100Eyi CODE
 0001:0000f3c0 0000001dH .text$_ZNSt3__110__loadwordB8ne200100IjEET_PKv CODE
 0001:0000f3e0 0000011aH .text$_ZNSt3__121__murmur2_or_cityhashIyLy64EE29__weak_hash_len_32_with_seedsB8ne200100Eyyyyyy CODE
 0001:0000f500 00000032H .text$_ZNSt3__14pairIyyEC2B8ne200100IyyTnNS_9enable_ifIXclsr10_CheckArgsE23__is_pair_constructibleIT_T0_EEEiE4typeELi0EEEOS4_OS5_ CODE
 0001:0000f540 0000000fH .text$_ZNKSt3__110unique_ptrIA_PNS_16__hash_node_baseIPNS_11__hash_nodeINS_17__hash_value_typeIPN6System7Typinfo9TTypeInfoEPSt9type_infoEEPvEEEENS_25__bucket_list_deallocatorINS_9allocatorISF_EEEEE11get_deleterB8ne200100Ev CODE
 0001:0000f550 0000000eH .text$_ZNKSt3__125__bucket_list_deallocatorINS_9allocatorIPNS_16__hash_node_baseIPNS_11__hash_nodeINS_17__hash_value_typeIPN6System7Typinfo9TTypeInfoEPSt9type_infoEEPvEEEEEEE4sizeB8ne200100Ev CODE
 0001:0000f560 0000002bH .text$_ZNKSt3__18equal_toIPN6System7Typinfo9TTypeInfoEEclB8ne200100ERKS4_S7_ CODE
 0001:0000f590 00000019H .text$_ZNKSt3__117__hash_value_typeIPN6System7Typinfo9TTypeInfoEPSt9type_infoE11__get_valueB8ne200100Ev CODE
 0001:0000f5b0 00000019H .text$_ZNSt3__17launderB8ne200100IKNS_4pairIKPN6System7Typinfo9TTypeInfoEPSt9type_infoEEEEPT_SC_ CODE
 0001:0000f5d0 0000000bH .text$_ZNSt3__19__launderB8ne200100IKNS_4pairIKPN6System7Typinfo9TTypeInfoEPSt9type_infoEEEEPT_SC_ CODE
 0001:0000f5e0 00000023H .text$_ZNSt3__116allocator_traitsINS_9allocatorINS_11__hash_nodeINS_17__hash_value_typeIPN6System7Typinfo9TTypeInfoEPSt9type_infoEEPvEEEEE8allocateB8ne200100ERSD_y CODE
 0001:0000f610 00000033H .text$_ZNSt3__122__hash_node_destructorINS_9allocatorINS_11__hash_nodeINS_17__hash_value_typeIPN6System7Typinfo9TTypeInfoEPSt9type_infoEEPvEEEEEC2B8ne200100ERSD_b CODE
 0001:0000f650 00000043H .text$_ZNSt3__110unique_ptrINS_11__hash_nodeINS_17__hash_value_typeIPN6System7Typinfo9TTypeInfoEPSt9type_infoEEPvEENS_22__hash_node_destructorINS_9allocatorISB_EEEEEC2B8ne200100ILb1EvEEPSB_NS_16__dependent_typeINS_27__unique_ptr_deleter_sfinaeISF_EEXT_EE20__good_rval_ref_typeE CODE
 0001:0000f6a0 0000002dH .text$_ZNSt3__114__construct_atB8ne200100INS_11__hash_nodeINS_17__hash_value_typeIPN6System7Typinfo9TTypeInfoEPSt9type_infoEEPvEEJDnRyEPSB_EEPT_SF_DpOT0_ CODE
 0001:0000f6d0 0000000eH .text$_ZNKSt3__110unique_ptrINS_11__hash_nodeINS_17__hash_value_typeIPN6System7Typinfo9TTypeInfoEPSt9type_infoEEPvEENS_22__hash_node_destructorINS_9allocatorISB_EEEEEdeB8ne200100Ev CODE
 0001:0000f6e0 0000003cH .text$_ZNSt3__116allocator_traitsINS_9allocatorINS_11__hash_nodeINS_17__hash_value_typeIPN6System7Typinfo9TTypeInfoEPSt9type_infoEEPvEEEEE9constructB8ne200100INS_4pairIKS7_S9_EEJRKNS_21piecewise_construct_tENS_5tupleIJRSH_EEENSM_IJEEEEvTnNS_9enable_ifIXntsr15__has_constructISD_PT_DpT0_EE5valueEiE4typeELi0EEEvRSD_SS_DpOST_ CODE
 0001:0000f720 0000000fH .text$_ZNSt3__110unique_ptrINS_11__hash_nodeINS_17__hash_value_typeIPN6System7Typinfo9TTypeInfoEPSt9type_infoEEPvEENS_22__hash_node_destructorINS_9allocatorISB_EEEEE11get_deleterB8ne200100Ev CODE
 0001:0000f730 00000049H .text$_ZNSt3__19allocatorINS_11__hash_nodeINS_17__hash_value_typeIPN6System7Typinfo9TTypeInfoEPSt9type_infoEEPvEEE8allocateB8ne200100Ey CODE
 0001:0000f780 00000017H .text$_ZNSt3__116allocator_traitsINS_9allocatorINS_11__hash_nodeINS_17__hash_value_typeIPN6System7Typinfo9TTypeInfoEPSt9type_infoEEPvEEEEE8max_sizeB8ne200100ISD_vTnNS_9enable_ifIXntsr14__has_max_sizeIKT_EE5valueEiE4typeELi0EEEyRKSD_ CODE
 0001:0000f7a0 00000065H .text$_ZNSt3__117__libcpp_allocateB8ne200100INS_11__hash_nodeINS_17__hash_value_typeIPN6System7Typinfo9TTypeInfoEPSt9type_infoEEPvEEEEPT_NS_15__element_countEy CODE
 0001:0000f810 0000003dH .text$_ZNSt3__125__compressed_pair_paddingINS_22__hash_node_destructorINS_9allocatorINS_11__hash_nodeINS_17__hash_value_typeIPN6System7Typinfo9TTypeInfoEPSt9type_infoEEPvEEEEEELb0EEC2Ev CODE
 0001:0000f850 00000038H .text$_ZNSt3__112construct_atB8ne200100INS_11__hash_nodeINS_17__hash_value_typeIPN6System7Typinfo9TTypeInfoEPSt9type_infoEEPvEEJDnRyEPSB_EEPT_SF_DpOT0_ CODE
 0001:0000f890 0000003aH .text$_ZNSt3__111__hash_nodeINS_17__hash_value_typeIPN6System7Typinfo9TTypeInfoEPSt9type_infoEEPvEC2B8ne200100EPNS_16__hash_node_baseIPSA_EEy CODE
 0001:0000f8d0 0000001eH .text$_ZNSt3__116__hash_node_baseIPNS_11__hash_nodeINS_17__hash_value_typeIPN6System7Typinfo9TTypeInfoEPSt9type_infoEEPvEEEC2B8ne200100EPSD_ CODE
 0001:0000f8f0 00000037H .text$_ZNSt3__114__construct_atB8ne200100INS_4pairIKPN6System7Typinfo9TTypeInfoEPSt9type_infoEEJRKNS_21piecewise_construct_tENS_5tupleIJRS6_EEENSD_IJEEEEPS9_EEPT_SJ_DpOT0_ CODE
 0001:0000f930 0000004cH .text$_ZNSt3__112construct_atB8ne200100INS_4pairIKPN6System7Typinfo9TTypeInfoEPSt9type_infoEEJRKNS_21piecewise_construct_tENS_5tupleIJRS6_EEENSD_IJEEEEPS9_EEPT_SJ_DpOT0_ CODE
 0001:0000f980 00000054H .text$_ZNSt3__14pairIKPN6System7Typinfo9TTypeInfoEPSt9type_infoEC2B8ne200100IJRS5_EJEEENS_21piecewise_construct_tENS_5tupleIJDpT_EEENSC_IJDpT0_EEE CODE
 0001:0000f9e0 0000005aH .text$_ZNSt3__14pairIKPN6System7Typinfo9TTypeInfoEPSt9type_infoEC2B8ne200100IJRS5_EJEJLy0EETpTnyJEEENS_21piecewise_construct_tERNS_5tupleIJDpT_EEERNSC_IJDpT0_EEENS_15__tuple_indicesIJXspT1_EEEENSL_IJXspT2_EEEE CODE
 0001:0000fa40 00000019H .text$_ZNSt3__13getB8ne200100ILy0EJRKPN6System7Typinfo9TTypeInfoEEEERNS_13tuple_elementIXT_ENS_5tupleIJDpT0_EEEE4typeERSB_ CODE
 0001:0000fa60 0000000eH .text$_ZNSt3__112__tuple_leafILy0ERKPN6System7Typinfo9TTypeInfoELb0EE3getB8ne200100Ev CODE
 0001:0000fa70 0000022dH .text$_ZNSt3__112__hash_tableINS_17__hash_value_typeIPN6System7Typinfo9TTypeInfoEPSt9type_infoEENS_22__unordered_map_hasherIS5_S8_NS_4hashIS5_EENS_8equal_toIS5_EELb1EEENS_21__unordered_map_equalIS5_S8_SD_SB_Lb1EEENS_9allocatorIS8_EEE8__rehashILb1EEEvy CODE
 0001:0000fca0 00000288H .text$_ZNSt3__112__hash_tableINS_17__hash_value_typeIPN6System7Typinfo9TTypeInfoEPSt9type_infoEENS_22__unordered_map_hasherIS5_S8_NS_4hashIS5_EENS_8equal_toIS5_EELb1EEENS_21__unordered_map_equalIS5_S8_SD_SB_Lb1EEENS_9allocatorIS8_EEE11__do_rehashILb1EEEvy CODE
 0001:0000ff30 0000004fH .text$_ZNSt3__116__next_hash_pow2B8ne200100Ey CODE
 0001:0000ff80 0000000fH .text$_ZNSt3__110unique_ptrIA_PNS_16__hash_node_baseIPNS_11__hash_nodeINS_17__hash_value_typeIPN6System7Typinfo9TTypeInfoEPSt9type_infoEEPvEEEENS_25__bucket_list_deallocatorINS_9allocatorISF_EEEEE11get_deleterB8ne200100Ev CODE
 0001:0000ff90 00000049H .text$_ZNSt3__110unique_ptrIA_PNS_16__hash_node_baseIPNS_11__hash_nodeINS_17__hash_value_typeIPN6System7Typinfo9TTypeInfoEPSt9type_infoEEPvEEEENS_25__bucket_list_deallocatorINS_9allocatorISF_EEEEE5resetB8ne200100IPSF_TnNS_9enable_ifIXsr28_CheckArrayPointerConversionIT_EE5valueEiE4typeELi0EEEvSP_ CODE
 0001:0000ffe0 00000023H .text$_ZNSt3__116allocator_traitsINS_9allocatorIPNS_16__hash_node_baseIPNS_11__hash_nodeINS_17__hash_value_typeIPN6System7Typinfo9TTypeInfoEPSt9type_infoEEPvEEEEEEE8allocateB8ne200100ERSH_y CODE
 0001:00010010 00000049H .text$_ZNSt3__19allocatorIPNS_16__hash_node_baseIPNS_11__hash_nodeINS_17__hash_value_typeIPN6System7Typinfo9TTypeInfoEPSt9type_infoEEPvEEEEE8allocateB8ne200100Ey CODE
 0001:00010060 00000017H .text$_ZNSt3__116allocator_traitsINS_9allocatorIPNS_16__hash_node_baseIPNS_11__hash_nodeINS_17__hash_value_typeIPN6System7Typinfo9TTypeInfoEPSt9type_infoEEPvEEEEEEE8max_sizeB8ne200100ISH_vTnNS_9enable_ifIXntsr14__has_max_sizeIKT_EE5valueEiE4typeELi0EEEyRKSH_ CODE
 0001:00010080 00000065H .text$_ZNSt3__117__libcpp_allocateB8ne200100IPNS_16__hash_node_baseIPNS_11__hash_nodeINS_17__hash_value_typeIPN6System7Typinfo9TTypeInfoEPSt9type_infoEEPvEEEEEEPT_NS_15__element_countEy CODE
 0001:000100f0 00000013H .text$_ZNSt3__112__libcpp_clzB8ne200100Ey CODE
 0001:00010110 00000049H .text$_ZNSt3__110unique_ptrINS_11__hash_nodeINS_17__hash_value_typeIPN6System7Typinfo9TTypeInfoEPSt9type_infoEEPvEENS_22__hash_node_destructorINS_9allocatorISB_EEEEE5resetB8ne200100EPSB_ CODE
 0001:00010160 0000008eH .text$_ZNSt3__122__hash_node_destructorINS_9allocatorINS_11__hash_nodeINS_17__hash_value_typeIPN6System7Typinfo9TTypeInfoEPSt9type_infoEEPvEEEEEclB8ne200100EPSC_ CODE
 0001:000101f0 00000040H .text$_ZNSt3__15tupleIJRKPN6System7Typinfo9TTypeInfoEEEC2B8ne200100INS_4_AndETnNS_9enable_ifIXsrT_IJNS_17integral_constantIbLb1EEENS_21is_copy_constructibleIS6_EEEE5valueEiE4typeELi0EEES6_ CODE
 0001:00010230 00000039H .text$_ZNSt3__112__tuple_implINS_15__tuple_indicesIJLy0EEEEJRKPN6System7Typinfo9TTypeInfoEEEC2B8ne200100IJLy0EEJS8_ETpTnyJEJEJS8_EEENS1_IJXspT_EEEENS_13__tuple_typesIJDpT0_EEENS1_IJXspT1_EEEENSC_IJDpT2_EEEDpOT3_ CODE
 0001:00010270 0000001eH .text$_ZNSt3__112__tuple_leafILy0ERKPN6System7Typinfo9TTypeInfoELb0EEC2B8ne200100IS6_TnNS_9enable_ifIXsr4_AndINS_17integral_constantIbXntu9__is_sameu14__remove_cvrefIT_ES7_EEEENS_16is_constructibleIS6_JSB_EEEEE5valueEiE4typeELi0EEEOSB_ CODE
 0001:00010290 0000000bH .text$_ZNSt3__114pointer_traitsIPNS_17__hash_value_typeIPN6System7Typinfo9TTypeInfoEPSt9type_infoEEE10pointer_toB8ne200100ERS8_ CODE
 0001:000102a0 00000012H .text$_ZN6System14AnsiStringBaseC2Ev CODE
 0001:000102c0 0000002cH .text$_ZN6System11AnsiStringTILt65001EE4swapERS1_ CODE
 0001:000102f0 00005916H .text                   CODE
 0001:00015c10 000000c1H .text$_ZN6System8Sysutils11ERangeErrorC3ENS_13UnicodeStringE CODE
 0001:00015ce0 00000048H .text$_ZN6System8Sysutils11ERangeErrorD0Ev CODE
 0001:00015d30 0000004aH .text$_ZN6System11WideCharLenIwEEiPKT_ CODE
 0001:00015d80 0000004aH .text$_ZN6System11WideCharLenIDsEEiPKT_ CODE
 0001:00015dd0 00000059H .text$_ZN6System11AnsiStringTILt0EEC2EPKci CODE
 0001:00015e30 000000d0H .text$_ZN6System11AnsiStringTILt0EED2Ev CODE
 0001:00015f00 00000030H .text$_ZN6System11AnsiStringTILt0EEC2Ev CODE
 0001:00015f30 0000002aH .text$_ZN6System13UnicodeStringC2ILt0EEERKNS_11AnsiStringTIXT_EEE CODE
 0001:00015f60 00000046H .text$_ZN6System15DelphiInterfaceINS_14IEnumerator__1INS_13UnicodeStringEEEEC2ERKS4_ CODE
 0001:00015fb0 000000eaH .text$_ZN6System15DelphiInterfaceINS_14IEnumerator__1INS_13UnicodeStringEEEED2Ev CODE
 0001:000160a0 00000046H .text$_ZN6System15DelphiInterfaceINS_14IEnumerable__1INS_13UnicodeStringEEEEC2ERKS4_ CODE
 0001:000160f0 000000eaH .text$_ZN6System15DelphiInterfaceINS_14IEnumerable__1INS_13UnicodeStringEEEED2Ev CODE
 0001:000161e0 000000c1H .text$_ZN6System8Sysutils9EIntErrorC3ENS_13UnicodeStringE CODE
 0001:000162b0 000000c1H .text$_ZN6System8Sysutils9EExternalC3ENS_13UnicodeStringE CODE
 0001:00016380 00000048H .text$_ZN6System8Sysutils9EIntErrorD0Ev CODE
 0001:000163d0 00000048H .text$_ZN6System8Sysutils9EExternalD0Ev CODE
 0001:00016420 00000023H .text$_ZN6System11AnsiStringTILt0EEC2ERKS1_ CODE
 0001:00016450 00000012H .text$_ZN6System15DelphiInterfaceINS_14IEnumerator__1INS_13UnicodeStringEEEEC2Ev CODE
 0001:00016470 00000012H .text$_ZN6System15DelphiInterfaceINS_14IEnumerable__1INS_13UnicodeStringEEEEC2Ev CODE
 0001:00016490 000031f6H .text                   CODE
 0001:00019690 0000004aH .text$_ZN6System8_CharLenIwEEiPKT_ CODE
 0001:000196e0 0000004aH .text$_ZN6System8_CharLenIDsEEiPKT_ CODE
 0001:00019730 00000023H .text$_ZN6System14AnsiStringBaseC2ILt0EEEONS_11AnsiStringTIXT_EEE CODE
 0001:00019760 00000046H .text$_ZNK6System14AnsiStringBase8CodePageEv CODE
 0001:000197b0 0000003aH .text$_ZNK6System14AnsiStringBaseixEi CODE
 0001:000197f0 0000469bH .text                   CODE
 0001:0001de90 0000001dH .text$_ZTWL16exception_object CODE
 0001:0001deb0 000003d0H .text                   CODE
 0002:00000000 00000008H .rdata$__mingw_fe_dfl_env DATA
 0002:00000008 00000008H .rdata$__mingw_fe_pc64_env DATA
 0002:00000010 00000008H .rdata$__mingw_fe_pc53_env DATA
 0002:00000018 00000008H .rdata$.refptr._MINGW_INSTALL_DEBUG_MATHERR DATA
 0002:00000020 00000008H .rdata$.refptr.__ImageBase DATA
 0002:00000028 00000008H .rdata$.refptr.__dyn_tls_init_callback DATA
 0002:00000030 00000008H .rdata$.refptr.__globallocalestatus DATA
 0002:00000038 00000008H .rdata$.refptr.__mingw_app_type DATA
 0002:00000040 00000008H .rdata$.refptr.__mingw_initltsdrot_force DATA
 0002:00000048 00000008H .rdata$.refptr.__mingw_initltsdyn_force DATA
 0002:00000050 00000008H .rdata$.refptr.__mingw_initltssuo_force DATA
 0002:00000058 00000008H .rdata$.refptr.__mingw_oldexcpt_handler DATA
 0002:00000060 00000008H .rdata$.refptr.__native_startup_lock DATA
 0002:00000068 00000008H .rdata$.refptr.__native_startup_state DATA
 0002:00000070 00000008H .rdata$.refptr.__xc_a   DATA
 0002:00000078 00000008H .rdata$.refptr.__xc_z   DATA
 0002:00000080 00000008H .rdata$.refptr.__xi_a   DATA
 0002:00000088 00000008H .rdata$.refptr.__xi_z   DATA
 0002:00000090 00000008H .rdata$.refptr._commode DATA
 0002:00000098 00000008H .rdata$.refptr._dowildcard DATA
 0002:000000a0 00000008H .rdata$.refptr._fmode   DATA
 0002:000000a8 00000008H .rdata$.refptr._hInstance DATA
 0002:000000b0 00000008H .rdata$.refptr._newmode DATA
 0002:000000b8 000059f1H .rdata                  DATA
 0002:00005ab0 00000008H .rdata$.refptr.Form1    DATA
 0002:00005ab8 00000008H .rdata$.refptr._ZTRN6System8Sysutils9ExceptionE DATA
 0002:00005ac0 00000008H .rdata$.refptr._ZTV6TForm1 DATA
 0002:00005ac8 00000008H .rdata$.refptr._ZTVN6System8Sysutils9ExceptionE DATA
 0002:00005ad0 00002a10H .rdata                  DATA
 0002:000084e0 00000004H .rdata$_ZN6System7Uitypes14TAlphaColorRec4NullE DATA
 0002:000084e4 00000004H .rdata$_ZN6System7Uitypes14TAlphaColorRec5BlackE DATA
 0002:000084e8 00000004H .rdata$_ZN6System7Uitypes14TAlphaColorRec7SkyblueE DATA
 0002:000084f0 00000032H .rdata$_ZTR6TForm1      DATA
 0002:00008528 00000018H .rdata$_ZTISt12length_error DATA
 0002:00008540 00000011H .rdata$_ZTSSt12length_error DATA
 0002:00008558 00000018H .rdata$_ZTISt11logic_error DATA
 0002:00008570 00000010H .rdata$_ZTSSt11logic_error DATA
 0002:00008580 00000010H .rdata$_ZTISt9exception DATA
 0002:00008590 0000000dH .rdata$_ZTSSt9exception DATA
 0002:000085a0 00000018H .rdata$_ZTISt20bad_array_new_length DATA
 0002:000085b8 00000019H .rdata$_ZTSSt20bad_array_new_length DATA
 0002:000085d8 00000018H .rdata$_ZTISt9bad_alloc DATA
 0002:000085f0 0000000dH .rdata$_ZTSSt9bad_alloc DATA
 0002:00008600 00000190H .rdata$_ZTVN6System20TCppInterfacedObjectINS_8Sysutils5TProcE8IUnknownNS_10IInterfaceEEE DATA
 0002:00008790 00000046H .rdata$_ZTRN6System20TCppInterfacedObjectINS_8Sysutils5TProcE8IUnknownNS_10IInterfaceEEE DATA
 0002:000087e0 0000003fH .rdata$_ZTRN6System13InvokeWrapperINS_8Sysutils5TProcEZN6TForm124AtualizarTelemetriaAsyncEvE3$_0MS4_KFvvEEE DATA
 0002:00008820 00000035H .rdata$_ZTR8IUnknown    DATA
 0002:00008860 00000037H .rdata$_ZTRN6System10IInterfaceE DATA
 0002:000088a0 00000032H .rdata$_ZTRN6System8Sysutils5TProcE DATA
 0002:000088d8 00000030H .rdata$_ZTVN6System8Sysutils5TProcE DATA
 0002:00008908 00000018H .rdata$_ZTIN6System8Sysutils5TProcE DATA
 0002:00008920 00000019H .rdata$_ZTSN6System8Sysutils5TProcE DATA
 0002:00008940 00000018H .rdata$_ZTIN6System10IInterfaceE DATA
 0002:00008958 00000016H .rdata$_ZTSN6System10IInterfaceE DATA
 0002:00008970 00000010H .rdata$_ZTI8IUnknown    DATA
 0002:00008980 0000000aH .rdata$_ZTS8IUnknown    DATA
 0002:00008990 00000028H .rdata$_ZTV8IUnknown    DATA
 0002:000089b8 00000028H .rdata$_ZTVN6System10IInterfaceE DATA
 0002:000089e0 00000198H .rdata$_ZTVN6System20TCppInterfacedObjectINS_7Classes16TThreadProcedureE8IUnknownNS_10IInterfaceEEE DATA
 0002:00008b80 00000046H .rdata$_ZTRN6System20TCppInterfacedObjectINS_7Classes16TThreadProcedureE8IUnknownNS_10IInterfaceEEE DATA
 0002:00008bd0 0000003fH .rdata$_ZTRN6System13InvokeWrapperINS_7Classes16TThreadProcedureEZZN6TForm124AtualizarTelemetriaAsyncEvENK3$_0clEvEUlvE_MS5_KFvvEEE DATA
 0002:00008c10 0000003dH .rdata$_ZTRN6System7Classes16TThreadProcedureE DATA
 0002:00008c50 00000030H .rdata$_ZTVN6System7Classes16TThreadProcedureE DATA
 0002:00008c80 00000018H .rdata$_ZTIN6System7Classes16TThreadProcedureE DATA
 0002:00008c98 00000024H .rdata$_ZTSN6System7Classes16TThreadProcedureE DATA
 0002:00008cbc 00000004H .rdata$_ZN6System7Uitypes14TAlphaColorRec6YellowE DATA
 0002:00008cc0 00000004H .rdata$_ZN6System7Uitypes14TAlphaColorRec3RedE DATA
 0002:00008cc8 00000008H .rdata$.refptr._ZN6System10_init_instE DATA
 0002:00008cd0 00000008H .rdata$.refptr._ZTVN3Fmx15Materialsources20TLightMaterialSourceE DATA
 0002:00008cd8 00000008H .rdata$.refptr._ZTVN3Fmx8Graphics7TBitmapE DATA
 0002:00008ce0 00000008H .rdata$.refptr._ZTVN3Fmx9Objects3d7TSphereE DATA
 0002:00008ce8 00000008H .rdata$.refptr._ZTVN6System3Net19Httpclientcomponent14TNetHTTPClientE DATA
 0002:00008cf0 00000008H .rdata$.refptr._ZTVN6System7Classes11TStringListE DATA
 0002:00008cf8 00000008H .rdata$.refptr._ZTVN6System7Classes13TStringStreamE DATA
 0002:00008d00 00000014H .rdata                  DATA
 0002:00008d18 00000008H .rdata$.refptr.__imp___winitenv DATA
 0002:00008d20 00000048H .rdata                  DATA
 0002:00008d68 00000008H .rdata$.refptr._CRT_MT  DATA
 0002:00008d70 00000008H .rdata$.refptr.__CTOR_LIST__ DATA
 0002:00008d78 0000026dH .rdata                  DATA
 0002:00008fe8 00000008H .rdata$.refptr.__RUNTIME_PSEUDO_RELOC_LIST_END__ DATA
 0002:00008ff0 00000008H .rdata$.refptr.__RUNTIME_PSEUDO_RELOC_LIST__ DATA
 0002:00008ff8 00000008H .rdata$.refptr._mngr    DATA
 0002:00009000 00000008H .rdata$.refptr._mngr_set DATA
 0002:00009008 000001b2H .rdata                  DATA
 0002:000091ba 00000001H .rdata$_ZNSt3__119piecewise_constructE DATA
 0002:000091c0 00000008H .rdata$.refptr._ZTRN6System8Sysutils11ERangeErrorE DATA
 0002:000091c8 00000008H .rdata$.refptr._ZTVN6System8Sysutils11ERangeErrorE DATA
 0002:000091d0 000055c0H .rdata                  DATA
 0002:0000e790 00000008H .rdata$.refptr.__EMBT_INIT_LIST_BEGIN__ DATA
 0002:0000e798 00000008H .rdata$.refptr.__EMBT_INIT_LIST_END__ DATA
 0002:0000e7a0 00000008H .rdata$.refptr.__isDLL  DATA
 0002:0000e7a8 00000008H .rdata$.refptr.__isGUI  DATA
 0002:0000e7b0 00000008H .rdata$.refptr.__isVCLPackage DATA
 0002:0000e7b8 000003c8H .rdata                  DATA
 0002:0000ec58 00000010H .00cfg                  DATA
 0002:0000ec68 00000008H .CRT$XCA                DATA
 0002:0000ec70 00000008H .CRT$XCAA               DATA
 0002:0000ec78 00000008H .CRT$XCZ                DATA
 0002:0000ec80 00000008H .CRT$XDA                DATA
 0002:0000ec88 00000008H .CRT$XDZ                DATA
 0002:0000ec90 00000008H .CRT$XIA                DATA
 0002:0000ec98 00000008H .CRT$XIA0               DATA
 0002:0000eca0 00000008H .CRT$XIAA               DATA
 0002:0000eca8 00000008H .CRT$XIZ                DATA
 0002:0000ecb0 00000008H .CRT$XLA                DATA
 0002:0000ecb8 00000008H .CRT$XLC                DATA
 0002:0000ecc0 00000008H .CRT$XLD                DATA
 0002:0000ecc8 00000008H .CRT$XLZ                DATA
 0002:0000ecd8 00000008H .ctors.65435            DATA
 0002:0000ecf0 00000008H .dtors.65435            DATA
 0002:0001c334 00000258H .xdata                  DATA
 0002:0001c58c 00000008H .xdata$_ZN6System7Classes15TComponentClassC1EPNS_10TMetaClassE DATA
 0002:0001c594 00000008H .xdata$__clang_call_terminate DATA
 0002:0001c59c 00000008H .xdata$_ZN6System7Classes15TComponentClassC2EPNS_10TMetaClassE DATA
 0002:0001c5a4 00000008H .xdata$_ZN6System15DelphiMetaClassINS_7Classes15TComponentClassEEC2EPNS_10TMetaClassE DATA
 0002:0001c5ac 000005dcH .xdata                  DATA
 0002:0001cb88 00000020H .xdata$_ZN6System13UnicodeStringaSEOS0_ DATA
 0002:0001cba8 0000001cH .xdata$_ZNSt3__16vectorIPN3Fmx9Objects3d7TSphereENS_9allocatorIS4_EEE22__construct_one_at_endB8ne200100IJRKS4_EEEvDpOT_ DATA
 0002:0001cbc4 00000020H .xdata$_ZNSt3__16vectorIPN3Fmx9Objects3d7TSphereENS_9allocatorIS4_EEE24__emplace_back_slow_pathIJRKS4_EEEPS4_DpOT_ DATA
 0002:0001cbe4 00000020H .xdata$_ZNKSt3__16vectorIPN3Fmx9Objects3d7TSphereENS_9allocatorIS4_EEE8max_sizeB8ne200100Ev DATA
 0002:0001cc04 0000001cH .xdata$_ZNSt3__120__throw_length_errorB8ne200100EPKc DATA
 0002:0001cc20 00000020H .xdata$_ZNSt3__114__split_bufferIPN3Fmx9Objects3d7TSphereERNS_9allocatorIS4_EEED2Ev DATA
 0002:0001cc40 00000020H .xdata$_ZNSt3__114__split_bufferIPN3Fmx9Objects3d7TSphereERNS_9allocatorIS4_EEE17__destruct_at_endB8ne200100EPS4_NS_17integral_constantIbLb0EEE DATA
 0002:0001cc60 00000020H .xdata$_ZNSt3__16vectorIPN3Fmx9Objects3d7TSphereENS_9allocatorIS4_EEE22__base_destruct_at_endB8ne200100EPS4_ DATA
 0002:0001cc80 00000020H .xdata$_ZNSt3__113__rewrap_iterB8ne200100IPPN3Fmx9Objects3d7TSphereES5_NS_18__unwrap_iter_implIS5_Lb1EEEEET_S8_T0_ DATA
 0002:0001cca0 00000020H .xdata$_ZNSt3__16vectorIPN3Fmx9Objects3d7TSphereENS_9allocatorIS4_EEED2B8ne200100Ev DATA
 0002:0001ccc0 00000024H .xdata$_ZN6System15DelphiInterfaceINS_8Sysutils5TProcEED2Ev DATA
 0002:0001cce4 00000020H .xdata$_ZN6System12DynamicArrayINS_3Net9Urlclient14TNameValuePairEED2Ev DATA
 0002:0001cd04 00000024H .xdata$_ZN6System15DelphiInterfaceINS_3Net10Httpclient13IHTTPResponseEED2Ev DATA
 0002:0001cd28 00000024H .xdata$_ZN6System15DelphiInterfaceINS_9Threading5ITaskEED2Ev DATA
 0002:0001cd4c 00000020H .xdata$_ZN6System13UnicodeStringC2EOS0_ DATA
 0002:0001cd6c 00000024H .xdata$_ZN6System15DelphiInterfaceINS_7Classes16TThreadProcedureEED2Ev DATA
 0002:0001cd90 00000008H .xdata$_ZN3Fmx5Forms5TFormC3EPN6System7Classes10TComponentE DATA
 0002:0001cd98 00000008H .xdata$_ZNSt3__16atomicIbEC1B8ne200100Eb DATA
 0002:0001cda0 00000008H .xdata$_ZNSt3__16vectorIPN3Fmx9Objects3d7TSphereENS_9allocatorIS4_EEEC1B8ne200100Ev DATA
 0002:0001cda8 00000008H .xdata$_ZNSt3__16atomicIbEaSB8ne200100Eb DATA
 0002:0001cdb0 00000008H .xdata$_ZNSt3__16__math3sinB8ne200100Ef DATA
 0002:0001cdb8 00000008H .xdata$_ZNSt3__16__math3cosB8ne200100Ef DATA
 0002:0001cdc0 00000008H .xdata$_ZN6System13UnicodeStringC1Ei DATA
 0002:0001cdc8 00000008H .xdata$_ZNSt3__16vectorIPN3Fmx9Objects3d7TSphereENS_9allocatorIS4_EEE9push_backB8ne200100ERKS4_ DATA
 0002:0001cdd0 00000008H .xdata$_ZNKSt3__16vectorIPN3Fmx9Objects3d7TSphereENS_9allocatorIS4_EEE4sizeB8ne200100Ev DATA
 0002:0001cdd8 00000008H .xdata$_ZNSt3__16vectorIPN3Fmx9Objects3d7TSphereENS_9allocatorIS4_EEEixB8ne200100Ey DATA
 0002:0001cde0 00000008H .xdata$_ZNSt3__16vectorIPN3Fmx9Objects3d7TSphereENS_9allocatorIS4_EEE5eraseB8ne200100ENS_11__wrap_iterIPKS4_EE DATA
 0002:0001cde8 00000008H .xdata$_ZNSt3__16vectorIPN3Fmx9Objects3d7TSphereENS_9allocatorIS4_EEE5beginB8ne200100Ev DATA
 0002:0001cdf0 00000008H .xdata$_ZNSt3__111__wrap_iterIPKPN3Fmx9Objects3d7TSphereEEC1B8ne200100IPS4_TnNS_9enable_ifIXsr4_AndINS_14is_convertibleIRKT_S6_EENS_7_OrImplIXaantcvbsr7is_sameIRS5_NS_15iterator_traitsISC_E9referenceEEE5valuenesZT1_Li0EEE7_ResultINS_7is_sameISH_SK_EENSN_ISH_RKu20__remove_reference_tISK_EEEEEEE5valueEiE4typeELi0EEERKNS0_ISC_EE DATA
 0002:0001cdf8 00000008H .xdata$_ZN6System12DynamicArrayINS_3Net9Urlclient14TNameValuePairEEC1Ev DATA
 0002:0001ce00 00000008H .xdata$_ZN6System15DelphiInterfaceINS_3Net10Httpclient13IHTTPResponseEEC1Ev DATA
 0002:0001ce08 00000008H .xdata$_ZN6System15DelphiInterfaceINS_3Net10Httpclient13IHTTPResponseEED1Ev DATA
 0002:0001ce10 00000008H .xdata$_ZN6System12DynamicArrayINS_3Net9Urlclient14TNameValuePairEED1Ev DATA
 0002:0001ce18 00000020H .xdata$_ZN6System13UnicodeStringaSEOS0_ DATA
 0002:0001ce38 00000008H .xdata$_ZNSt3__113__atomic_baseIbLb0EE8exchangeB8ne200100EbNS_12memory_orderE DATA
 0002:0001ce40 00000008H .xdata$_ZN6System15DelphiInterfaceINS_9Threading5ITaskEEC1Ev DATA
 0002:0001ce48 00000008H .xdata$_ZN6System15DelphiInterfaceINS_9Threading5ITaskEED1Ev DATA
 0002:0001ce50 00000008H .xdata$_ZN6System15DelphiInterfaceINS_8Sysutils5TProcEED1Ev DATA
 0002:0001ce58 00000008H .xdata$_ZN6TForm1D0Ev   DATA
 0002:0001ce60 00000008H .xdata$_ZN3Fmx5Forms5TFormC3EPN6System7Classes10TComponentEx DATA
 0002:0001ce68 00000008H .xdata$_ZNSt3__16atomicIbEC2B8ne200100Eb DATA
 0002:0001ce70 00000008H .xdata$_ZNSt3__113__atomic_baseIbLb0EEC2B8ne200100Eb DATA
 0002:0001ce78 00000008H .xdata$_ZNSt3__117__cxx_atomic_implIbNS_22__cxx_atomic_base_implIbEEEC1B8ne200100Eb DATA
 0002:0001ce80 00000008H .xdata$_ZNSt3__117__cxx_atomic_implIbNS_22__cxx_atomic_base_implIbEEEC2B8ne200100Eb DATA
 0002:0001ce88 00000008H .xdata$_ZNSt3__122__cxx_atomic_base_implIbEC2Eb DATA
 0002:0001ce90 00000008H .xdata$_ZNSt3__16vectorIPN3Fmx9Objects3d7TSphereENS_9allocatorIS4_EEEC2B8ne200100Ev DATA
 0002:0001ce98 00000008H .xdata$_ZNSt3__19allocatorIPN3Fmx9Objects3d7TSphereEEC1B8ne200100Ev DATA
 0002:0001cea0 00000008H .xdata$_ZNSt3__19allocatorIPN3Fmx9Objects3d7TSphereEEC2B8ne200100Ev DATA
 0002:0001cea8 00000008H .xdata$_ZNSt3__116__non_trivial_ifILb1ENS_9allocatorIPN3Fmx9Objects3d7TSphereEEEEC2B8ne200100Ev DATA
 0002:0001ceb0 00000008H .xdata$_ZN6System13UnicodeStringC2Ei DATA
 0002:0001ceb8 00000008H .xdata$_ZNSt3__16vectorIPN3Fmx9Objects3d7TSphereENS_9allocatorIS4_EEE12emplace_backIJRKS4_EEERS4_DpOT_ DATA
 0002:0001cec0 0000001cH .xdata$_ZNSt3__16vectorIPN3Fmx9Objects3d7TSphereENS_9allocatorIS4_EEE22__construct_one_at_endB8ne200100IJRKS4_EEEvDpOT_ DATA
 0002:0001cedc 00000020H .xdata$_ZNSt3__16vectorIPN3Fmx9Objects3d7TSphereENS_9allocatorIS4_EEE24__emplace_back_slow_pathIJRKS4_EEEPS4_DpOT_ DATA
 0002:0001cefc 00000008H .xdata$_ZNSt3__16vectorIPN3Fmx9Objects3d7TSphereENS_9allocatorIS4_EEE21_ConstructTransactionC1B8ne200100ERS7_y DATA
 0002:0001cf04 00000008H .xdata$_ZNSt3__116allocator_traitsINS_9allocatorIPN3Fmx9Objects3d7TSphereEEEE9constructB8ne200100IS5_JRKS5_EvTnNS_9enable_ifIXntsr15__has_constructIS6_PT_DpT0_EE5valueEiE4typeELi0EEEvRS6_SD_DpOSE_ DATA
 0002:0001cf0c 00000008H .xdata$_ZNSt3__112__to_addressB8ne200100IPN3Fmx9Objects3d7TSphereEEEPT_S6_ DATA
 0002:0001cf14 00000008H .xdata$_ZNSt3__16vectorIPN3Fmx9Objects3d7TSphereENS_9allocatorIS4_EEE21_ConstructTransactionD1B8ne200100Ev DATA
 0002:0001cf1c 00000008H .xdata$_ZNSt3__16vectorIPN3Fmx9Objects3d7TSphereENS_9allocatorIS4_EEE21_ConstructTransactionC2B8ne200100ERS7_y DATA
 0002:0001cf24 00000008H .xdata$_ZNSt3__114__construct_atB8ne200100IPN3Fmx9Objects3d7TSphereEJRKS4_EPS4_EEPT_S9_DpOT0_ DATA
 0002:0001cf2c 00000008H .xdata$_ZNSt3__112construct_atB8ne200100IPN3Fmx9Objects3d7TSphereEJRKS4_EPS4_EEPT_S9_DpOT0_ DATA
 0002:0001cf34 00000008H .xdata$_ZNSt3__16vectorIPN3Fmx9Objects3d7TSphereENS_9allocatorIS4_EEE21_ConstructTransactionD2B8ne200100Ev DATA
 0002:0001cf3c 00000008H .xdata$_ZNKSt3__16vectorIPN3Fmx9Objects3d7TSphereENS_9allocatorIS4_EEE11__recommendB8ne200100Ey DATA
 0002:0001cf44 00000008H .xdata$_ZNSt3__114__split_bufferIPN3Fmx9Objects3d7TSphereERNS_9allocatorIS4_EEEC1EyyS7_ DATA
 0002:0001cf4c 00000008H .xdata$_ZNSt3__16vectorIPN3Fmx9Objects3d7TSphereENS_9allocatorIS4_EEE26__swap_out_circular_bufferERNS_14__split_bufferIS4_RS6_EE DATA
 0002:0001cf54 00000008H .xdata$_ZNSt3__114__split_bufferIPN3Fmx9Objects3d7TSphereERNS_9allocatorIS4_EEED1Ev DATA
 0002:0001cf5c 00000020H .xdata$_ZNKSt3__16vectorIPN3Fmx9Objects3d7TSphereENS_9allocatorIS4_EEE8max_sizeB8ne200100Ev DATA
 0002:0001cf7c 00000008H .xdata$_ZNSt3__16vectorIPN3Fmx9Objects3d7TSphereENS_9allocatorIS4_EEE20__throw_length_errorB8ne200100Ev DATA
 0002:0001cf84 00000008H .xdata$_ZNKSt3__16vectorIPN3Fmx9Objects3d7TSphereENS_9allocatorIS4_EEE8capacityB8ne200100Ev DATA
 0002:0001cf8c 00000008H .xdata$_ZNSt3__13maxB8ne200100IyEERKT_S3_S3_ DATA
 0002:0001cf94 00000008H .xdata$_ZNSt3__13minB8ne200100IyEERKT_S3_S3_ DATA
 0002:0001cf9c 00000008H .xdata$_ZNSt3__116allocator_traitsINS_9allocatorIPN3Fmx9Objects3d7TSphereEEEE8max_sizeB8ne200100IS6_vTnNS_9enable_ifIXntsr14__has_max_sizeIKT_EE5valueEiE4typeELi0EEEyRKS6_ DATA
 0002:0001cfa4 00000008H .xdata$_ZNSt3__114numeric_limitsIxE3maxB8ne200100Ev DATA
 0002:0001cfac 00000008H .xdata$_ZNSt3__13minB8ne200100IyNS_6__lessIvvEEEERKT_S5_S5_T0_ DATA
 0002:0001cfb4 00000008H .xdata$_ZNKSt3__16__lessIvvEclB8ne200100IyyEEbRKT_RKT0_ DATA
 0002:0001cfbc 00000008H .xdata$_ZNSt3__114numeric_limitsIyE3maxB8ne200100Ev DATA
 0002:0001cfc4 0000001cH .xdata$_ZNSt3__120__throw_length_errorB8ne200100EPKc DATA
 0002:0001cfe0 00000008H .xdata$_ZNSt12length_errorC1B8ne200100EPKc DATA
 0002:0001cfe8 00000008H .xdata$_ZNSt12length_errorC2B8ne200100EPKc DATA
 0002:0001cff0 00000008H .xdata$_ZNSt3__13maxB8ne200100IyNS_6__lessIvvEEEERKT_S5_S5_T0_ DATA
 0002:0001cff8 00000008H .xdata$_ZNSt3__114__split_bufferIPN3Fmx9Objects3d7TSphereERNS_9allocatorIS4_EEEC2EyyS7_ DATA
 0002:0001d000 00000008H .xdata$_ZNSt3__119__allocate_at_leastB8ne200100INS_9allocatorIPN3Fmx9Objects3d7TSphereEEEEEDaRT_y DATA
 0002:0001d008 00000008H .xdata$_ZNSt3__116allocator_traitsINS_9allocatorIPN3Fmx9Objects3d7TSphereEEEE17allocate_at_leastB8ne200100IS6_EENS_17allocation_resultIPS5_yEERT_y DATA
 0002:0001d010 00000008H .xdata$_ZNSt3__19allocatorIPN3Fmx9Objects3d7TSphereEE17allocate_at_leastB8ne200100Ey DATA
 0002:0001d018 00000008H .xdata$_ZNSt3__19allocatorIPN3Fmx9Objects3d7TSphereEE8allocateB8ne200100Ey DATA
 0002:0001d020 00000008H .xdata$_ZSt28__throw_bad_array_new_lengthB8ne200100v DATA
 0002:0001d028 00000008H .xdata$_ZNSt3__117__libcpp_allocateB8ne200100IPN3Fmx9Objects3d7TSphereEEEPT_NS_15__element_countEy DATA
 0002:0001d030 00000008H .xdata$_ZNSt3__124__is_overaligned_for_newB8ne200100Ey DATA
 0002:0001d038 00000008H .xdata$_ZNSt3__121__libcpp_operator_newB8ne200100IJySt11align_val_tEEEPvDpT_ DATA
 0002:0001d040 00000008H .xdata$_ZNSt3__121__libcpp_operator_newB8ne200100IJyEEEPvDpT_ DATA
 0002:0001d048 00000008H .xdata$_ZNKSt3__16vectorIPN3Fmx9Objects3d7TSphereENS_9allocatorIS4_EEE17__annotate_deleteB8ne200100Ev DATA
 0002:0001d050 00000008H .xdata$_ZNSt3__134__uninitialized_allocator_relocateB8ne200100INS_9allocatorIPN3Fmx9Objects3d7TSphereEEEPS5_EEvRT_T0_SA_SA_ DATA
 0002:0001d058 00000008H .xdata$_ZNSt3__14swapB8ne200100IPPN3Fmx9Objects3d7TSphereEEENS_9enable_ifIXaasr21is_move_constructibleIT_EE5valuesr18is_move_assignableIS7_EE5valueEvE4typeERS7_SA_ DATA
 0002:0001d060 00000008H .xdata$_ZNKSt3__16vectorIPN3Fmx9Objects3d7TSphereENS_9allocatorIS4_EEE14__annotate_newB8ne200100Ey DATA
 0002:0001d068 00000020H .xdata$_ZNSt3__114__split_bufferIPN3Fmx9Objects3d7TSphereERNS_9allocatorIS4_EEED2Ev DATA
 0002:0001d088 00000008H .xdata$_ZNSt3__114__split_bufferIPN3Fmx9Objects3d7TSphereERNS_9allocatorIS4_EEE5clearB8ne200100Ev DATA
 0002:0001d090 00000008H .xdata$_ZNSt3__116allocator_traitsINS_9allocatorIPN3Fmx9Objects3d7TSphereEEEE10deallocateB8ne200100ERS6_PS5_y DATA
 0002:0001d098 00000008H .xdata$_ZNKSt3__114__split_bufferIPN3Fmx9Objects3d7TSphereERNS_9allocatorIS4_EEE8capacityB8ne200100Ev DATA
 0002:0001d0a0 00000008H .xdata$_ZNSt3__114__split_bufferIPN3Fmx9Objects3d7TSphereERNS_9allocatorIS4_EEE17__destruct_at_endB8ne200100EPS4_ DATA
 0002:0001d0a8 00000020H .xdata$_ZNSt3__114__split_bufferIPN3Fmx9Objects3d7TSphereERNS_9allocatorIS4_EEE17__destruct_at_endB8ne200100EPS4_NS_17integral_constantIbLb0EEE DATA
 0002:0001d0c8 00000008H .xdata$_ZNSt3__116allocator_traitsINS_9allocatorIPN3Fmx9Objects3d7TSphereEEEE7destroyB8ne200100IS5_vTnNS_9enable_ifIXntsr13__has_destroyIS6_PT_EE5valueEiE4typeELi0EEEvRS6_SB_ DATA
 0002:0001d0d0 00000008H .xdata$_ZNSt3__112__destroy_atB8ne200100IPN3Fmx9Objects3d7TSphereETnNS_9enable_ifIXntsr8is_arrayIT_EE5valueEiE4typeELi0EEEvPS6_ DATA
 0002:0001d0d8 00000008H .xdata$_ZNSt3__19allocatorIPN3Fmx9Objects3d7TSphereEE10deallocateB8ne200100EPS4_y DATA
 0002:0001d0e0 00000008H .xdata$_ZNSt3__119__libcpp_deallocateB8ne200100IPN3Fmx9Objects3d7TSphereEEEvPNS_15__type_identityIT_E4typeENS_15__element_countEy DATA
 0002:0001d0e8 00000008H .xdata$_ZNSt3__124__libcpp_operator_deleteB8ne200100IJPPN3Fmx9Objects3d7TSphereESt11align_val_tEEEvDpT_ DATA
 0002:0001d0f0 00000008H .xdata$_ZNSt3__124__libcpp_operator_deleteB8ne200100IJPPN3Fmx9Objects3d7TSphereEEEEvDpT_ DATA
 0002:0001d0f8 00000008H .xdata$_ZNSt3__1miB8ne200100IPKPN3Fmx9Objects3d7TSphereES6_EEDTmicldtfp_4baseEcldtfp0_4baseEERKNS_11__wrap_iterIT_EERKNS8_IT0_EE DATA
 0002:0001d100 00000008H .xdata$_ZNKSt3__16vectorIPN3Fmx9Objects3d7TSphereENS_9allocatorIS4_EEE6cbeginB8ne200100Ev DATA
 0002:0001d108 00000008H .xdata$_ZNSt3__16vectorIPN3Fmx9Objects3d7TSphereENS_9allocatorIS4_EEE17__destruct_at_endB8ne200100EPS4_ DATA
 0002:0001d110 00000008H .xdata$_ZNSt3__14moveB8ne200100IPPN3Fmx9Objects3d7TSphereES5_EET0_T_S7_S6_ DATA
 0002:0001d118 00000008H .xdata$_ZNSt3__16vectorIPN3Fmx9Objects3d7TSphereENS_9allocatorIS4_EEE11__make_iterB8ne200100EPS4_ DATA
 0002:0001d120 00000008H .xdata$_ZNKSt3__111__wrap_iterIPKPN3Fmx9Objects3d7TSphereEE4baseB8ne200100Ev DATA
 0002:0001d128 00000008H .xdata$_ZNKSt3__16vectorIPN3Fmx9Objects3d7TSphereENS_9allocatorIS4_EEE5beginB8ne200100Ev DATA
 0002:0001d130 00000008H .xdata$_ZNKSt3__16vectorIPN3Fmx9Objects3d7TSphereENS_9allocatorIS4_EEE11__make_iterB8ne200100EPKS4_ DATA
 0002:0001d138 00000008H .xdata$_ZNSt3__16vectorIPN3Fmx9Objects3d7TSphereENS_9allocatorIS4_EEE26__add_alignment_assumptionB8ne200100IPS4_TnNS_9enable_ifIXsr10is_pointerIT_EE5valueEiE4typeELi0EEES9_SB_ DATA
 0002:0001d140 00000008H .xdata$_ZNSt3__111__wrap_iterIPKPN3Fmx9Objects3d7TSphereEEC1B8ne200100ES6_ DATA
 0002:0001d148 00000008H .xdata$_ZNSt3__111__wrap_iterIPKPN3Fmx9Objects3d7TSphereEEC2B8ne200100ES6_ DATA
 0002:0001d150 00000020H .xdata$_ZNSt3__16vectorIPN3Fmx9Objects3d7TSphereENS_9allocatorIS4_EEE22__base_destruct_at_endB8ne200100EPS4_ DATA
 0002:0001d170 00000008H .xdata$_ZNKSt3__16vectorIPN3Fmx9Objects3d7TSphereENS_9allocatorIS4_EEE17__annotate_shrinkB8ne200100Ey DATA
 0002:0001d178 00000008H .xdata$_ZNSt3__16__moveB8ne200100INS_17_ClassicAlgPolicyEPPN3Fmx9Objects3d7TSphereES6_S6_EENS_4pairIT0_T2_EES8_T1_S9_ DATA
 0002:0001d180 00000008H .xdata$_ZNSt3__124__copy_move_unwrap_itersB8ne200100INS_11__move_implINS_17_ClassicAlgPolicyEEEPPN3Fmx9Objects3d7TSphereES8_S8_TnNS_9enable_ifIXsr12__can_rewrapIT0_T2_EE5valueEiE4typeELi0EEENS_4pairISA_SB_EESA_T1_SB_ DATA
 0002:0001d188 00000008H .xdata$_ZNSt3__114__unwrap_rangeB8ne200100IPPN3Fmx9Objects3d7TSphereES5_EEDaT_T0_ DATA
 0002:0001d190 00000008H .xdata$_ZNKSt3__111__move_implINS_17_ClassicAlgPolicyEEclB8ne200100IPN3Fmx9Objects3d7TSphereES7_TnNS_9enable_ifIXsr38__can_lower_move_assignment_to_memmoveIT_T0_EE5valueEiE4typeELi0EEENS_4pairIPS9_PSA_EESE_SE_SF_ DATA
 0002:0001d198 00000008H .xdata$_ZNSt3__113__unwrap_iterB8ne200100IPPN3Fmx9Objects3d7TSphereENS_18__unwrap_iter_implIS5_Lb1EEETnNS_9enable_ifIXsr21is_copy_constructibleIT_EE5valueEiE4typeELi0EEEDTclsrT0_8__unwrapclsr3stdE7declvalIS9_EEEES9_ DATA
 0002:0001d1a0 00000008H .xdata$_ZNSt3__19make_pairB8ne200100IPPN3Fmx9Objects3d7TSphereES5_EENS_4pairINS_18__unwrap_referenceIu7__decayIT_EE4typeENS7_Iu7__decayIT0_EE4typeEEEOS8_OSC_ DATA
 0002:0001d1a8 00000008H .xdata$_ZNSt3__114__rewrap_rangeB8ne200100IPPN3Fmx9Objects3d7TSphereES5_S5_EET0_S6_T1_ DATA
 0002:0001d1b0 00000020H .xdata$_ZNSt3__113__rewrap_iterB8ne200100IPPN3Fmx9Objects3d7TSphereES5_NS_18__unwrap_iter_implIS5_Lb1EEEEET_S8_T0_ DATA
 0002:0001d1d0 00000008H .xdata$_ZNSt3__119__unwrap_range_implIPPN3Fmx9Objects3d7TSphereES5_E8__unwrapB8ne200100ES5_S5_ DATA
 0002:0001d1d8 00000008H .xdata$_ZNSt3__14pairIPPN3Fmx9Objects3d7TSphereES5_EC1B8ne200100IS5_S5_TnNS_9enable_ifIXclsr10_CheckArgsE23__is_pair_constructibleIT_T0_EEEiE4typeELi0EEEOS9_OSA_ DATA
 0002:0001d1e0 00000008H .xdata$_ZNSt3__14pairIPPN3Fmx9Objects3d7TSphereES5_EC2B8ne200100IS5_S5_TnNS_9enable_ifIXclsr10_CheckArgsE23__is_pair_constructibleIT_T0_EEEiE4typeELi0EEEOS9_OSA_ DATA
 0002:0001d1e8 00000008H .xdata$_ZNSt3__119__copy_trivial_implB8ne200100IPN3Fmx9Objects3d7TSphereES4_EENS_4pairIPT_PT0_EES7_S7_S9_ DATA
 0002:0001d1f0 00000008H .xdata$_ZNSt3__119__constexpr_memmoveB8ne200100IPN3Fmx9Objects3d7TSphereES4_TnNS_9enable_ifIXsr23__is_always_bitcastableIT0_T_EE5valueEiE4typeELi0EEEPS7_SA_PS6_NS_15__element_countE DATA
 0002:0001d1f8 00000008H .xdata$_ZNSt3__19make_pairB8ne200100IRPPN3Fmx9Objects3d7TSphereES5_EENS_4pairINS_18__unwrap_referenceIu7__decayIT_EE4typeENS8_Iu7__decayIT0_EE4typeEEEOS9_OSD_ DATA
 0002:0001d200 00000008H .xdata$_ZNSt3__14pairIPPN3Fmx9Objects3d7TSphereES5_EC1B8ne200100IRS5_S5_TnNS_9enable_ifIXclsr10_CheckArgsE23__is_pair_constructibleIT_T0_EEEiE4typeELi0EEEOSA_OSB_ DATA
 0002:0001d208 00000008H .xdata$_ZNSt3__14pairIPPN3Fmx9Objects3d7TSphereES5_EC2B8ne200100IRS5_S5_TnNS_9enable_ifIXclsr10_CheckArgsE23__is_pair_constructibleIT_T0_EEEiE4typeELi0EEEOSA_OSB_ DATA
 0002:0001d210 00000008H .xdata$_ZNSt3__118__unwrap_iter_implIPPN3Fmx9Objects3d7TSphereELb1EE8__unwrapB8ne200100ES5_ DATA
 0002:0001d218 00000008H .xdata$_ZNSt3__119__unwrap_range_implIPPN3Fmx9Objects3d7TSphereES5_E8__rewrapB8ne200100ES5_S5_ DATA
 0002:0001d220 00000008H .xdata$_ZNSt3__118__unwrap_iter_implIPPN3Fmx9Objects3d7TSphereELb1EE8__rewrapB8ne200100ES5_S5_ DATA
 0002:0001d228 00000008H .xdata$_ZNSt3__111__wrap_iterIPPN3Fmx9Objects3d7TSphereEEC1B8ne200100ES5_ DATA
 0002:0001d230 00000008H .xdata$_ZNSt3__111__wrap_iterIPPN3Fmx9Objects3d7TSphereEEC2B8ne200100ES5_ DATA
[...]
 0005:0000363c       $pdata$_ZN6System8Internal10Helperhlpr13TDateTimeHlpr13HourOfTheWeekEv 000000014004863c     rtl:System.Internal.HelperHlpr.o
 0005:00003648       $pdata$_ZN6System8Internal10Helperhlpr13TDateTimeHlpr15MinuteOfTheWeekEv 0000000140048648     rtl:System.Internal.HelperHlpr.o
 0005:00003654       $pdata$_ZN6System8Internal10Helperhlpr13TDateTimeHlpr15SecondOfTheWeekEv 0000000140048654     rtl:System.Internal.HelperHlpr.o
 0005:00003660       $pdata$_ZN6System8Internal10Helperhlpr13TDateTimeHlpr20MilliSecondOfTheWeekEv 0000000140048660     rtl:System.Internal.HelperHlpr.o
 0005:0000366c       $pdata$_ZN6System8Internal10Helperhlpr13TDateTimeHlpr14MinuteOfTheDayEv 000000014004866c     rtl:System.Internal.HelperHlpr.o
 0005:00003678       $pdata$_ZN6System8Internal10Helperhlpr13TDateTimeHlpr14SecondOfTheDayEv 0000000140048678     rtl:System.Internal.HelperHlpr.o
 0005:00003684       $pdata$_ZN6System8Internal10Helperhlpr13TDateTimeHlpr19MilliSecondOfTheDayEv 0000000140048684     rtl:System.Internal.HelperHlpr.o
 0005:00003690       $pdata$_ZN6System8Internal10Helperhlpr13TDateTimeHlpr15SecondOfTheHourEv 0000000140048690     rtl:System.Internal.HelperHlpr.o
 0005:0000369c       $pdata$_ZN6System8Internal10Helperhlpr13TDateTimeHlpr20MilliSecondOfTheHourEv 000000014004869c     rtl:System.Internal.HelperHlpr.o
 0005:000036a8       $pdata$_ZN6System8Internal10Helperhlpr13TDateTimeHlpr22MilliSecondOfTheMinuteEv 00000001400486a8     rtl:System.Internal.HelperHlpr.o
 0005:000036b4       $pdata$_ZN6System8Internal10Helperhlpr13TDateTimeHlpr15WithinPastYearsENS_9TDateTimeEi 00000001400486b4     rtl:System.Internal.HelperHlpr.o
 0005:000036c0       $pdata$_ZN6System8Internal10Helperhlpr13TDateTimeHlpr16WithinPastMonthsENS_9TDateTimeEi 00000001400486c0     rtl:System.Internal.HelperHlpr.o
 0005:000036cc       $pdata$_ZN6System8Internal10Helperhlpr13TDateTimeHlpr15WithinPastWeeksENS_9TDateTimeEi 00000001400486cc     rtl:System.Internal.HelperHlpr.o
 0005:000036d8       $pdata$_ZN6System8Internal10Helperhlpr13TDateTimeHlpr14WithinPastDaysENS_9TDateTimeEi 00000001400486d8     rtl:System.Internal.HelperHlpr.o
 0005:000036e4       $pdata$_ZN6System8Internal10Helperhlpr13TDateTimeHlpr15WithinPastHoursENS_9TDateTimeEx 00000001400486e4     rtl:System.Internal.HelperHlpr.o
 0005:000036f0       $pdata$_ZN6System8Internal10Helperhlpr13TDateTimeHlpr17WithinPastMinutesENS_9TDateTimeEx 00000001400486f0     rtl:System.Internal.HelperHlpr.o
 0005:000036fc       $pdata$_ZN6System8Internal10Helperhlpr13TDateTimeHlpr17WithinPastSecondsENS_9TDateTimeEx 00000001400486fc     rtl:System.Internal.HelperHlpr.o
 0005:00003708       $pdata$_ZN6System8Internal10Helperhlpr13TDateTimeHlpr22WithinPastMilliSecondsENS_9TDateTimeEx 0000000140048708     rtl:System.Internal.HelperHlpr.o
 0005:00003714       $pdata$_ZN6System8Internal10Helperhlpr13TDateTimeHlpr12YearsBetweenENS_9TDateTimeE 0000000140048714     rtl:System.Internal.HelperHlpr.o
 0005:00003720       $pdata$_ZN6System8Internal10Helperhlpr13TDateTimeHlpr13MonthsBetweenENS_9TDateTimeE 0000000140048720     rtl:System.Internal.HelperHlpr.o
 0005:0000372c       $pdata$_ZN6System8Internal10Helperhlpr13TDateTimeHlpr12WeeksBetweenENS_9TDateTimeE 000000014004872c     rtl:System.Internal.HelperHlpr.o
 0005:00003738       $pdata$_ZN6System8Internal10Helperhlpr13TDateTimeHlpr11DaysBetweenENS_9TDateTimeE 0000000140048738     rtl:System.Internal.HelperHlpr.o
 0005:00003744       $pdata$_ZN6System8Internal10Helperhlpr13TDateTimeHlpr12HoursBetweenENS_9TDateTimeE 0000000140048744     rtl:System.Internal.HelperHlpr.o
 0005:00003750       $pdata$_ZN6System8Internal10Helperhlpr13TDateTimeHlpr14MinutesBetweenENS_9TDateTimeE 0000000140048750     rtl:System.Internal.HelperHlpr.o
 0005:0000375c       $pdata$_ZN6System8Internal10Helperhlpr13TDateTimeHlpr14SecondsBetweenENS_9TDateTimeE 000000014004875c     rtl:System.Internal.HelperHlpr.o
 0005:00003768       $pdata$_ZN6System8Internal10Helperhlpr13TDateTimeHlpr19MilliSecondsBetweenENS_9TDateTimeE 0000000140048768     rtl:System.Internal.HelperHlpr.o
 0005:00003774       $pdata$_ZN6System8Internal10Helperhlpr13TDateTimeHlpr15DateTimeInRangeENS_9TDateTimeES3_b 0000000140048774     rtl:System.Internal.HelperHlpr.o
 0005:00003780       $pdata$_ZN6System8Internal10Helperhlpr13TDateTimeHlpr11DateInRangeENS_9TDateTimeES3_b 0000000140048780     rtl:System.Internal.HelperHlpr.o
 0005:0000378c       $pdata$_ZN6System8Internal10Helperhlpr13TDateTimeHlpr11TimeInRangeENS_9TDateTimeES3_b 000000014004878c     rtl:System.Internal.HelperHlpr.o
 0005:00003798       $pdata$_ZN6System8Internal10Helperhlpr13TDateTimeHlpr8YearSpanENS_9TDateTimeE 0000000140048798     rtl:System.Internal.HelperHlpr.o
 0005:000037a4       $pdata$_ZN6System8Internal10Helperhlpr13TDateTimeHlpr9MonthSpanENS_9TDateTimeE 00000001400487a4     rtl:System.Internal.HelperHlpr.o
 0005:000037b0       $pdata$_ZN6System8Internal10Helperhlpr13TDateTimeHlpr8WeekSpanENS_9TDateTimeE 00000001400487b0     rtl:System.Internal.HelperHlpr.o
 0005:000037bc       $pdata$_ZN6System8Internal10Helperhlpr13TDateTimeHlpr7DaySpanENS_9TDateTimeE 00000001400487bc     rtl:System.Internal.HelperHlpr.o
 0005:000037c8       $pdata$_ZN6System8Internal10Helperhlpr13TDateTimeHlpr8HourSpanENS_9TDateTimeE 00000001400487c8     rtl:System.Internal.HelperHlpr.o
 0005:000037d4       $pdata$_ZN6System8Internal10Helperhlpr13TDateTimeHlpr10MinuteSpanENS_9TDateTimeE 00000001400487d4     rtl:System.Internal.HelperHlpr.o
 0005:000037e0       $pdata$_ZN6System8Internal10Helperhlpr13TDateTimeHlpr10SecondSpanENS_9TDateTimeE 00000001400487e0     rtl:System.Internal.HelperHlpr.o
 0005:000037ec       $pdata$_ZN6System8Internal10Helperhlpr13TDateTimeHlpr15MilliSecondSpanENS_9TDateTimeE 00000001400487ec     rtl:System.Internal.HelperHlpr.o
 0005:000037f8       $pdata$_ZN6System8Internal10Helperhlpr13TDateTimeHlpr7IncYearEi 00000001400487f8     rtl:System.Internal.HelperHlpr.o
 0005:00003804       $pdata$_ZN6System8Internal10Helperhlpr13TDateTimeHlpr8IncMonthEi 0000000140048804     rtl:System.Internal.HelperHlpr.o
 0005:00003810       $pdata$_ZN6System8Internal10Helperhlpr13TDateTimeHlpr7IncWeekEi 0000000140048810     rtl:System.Internal.HelperHlpr.o
 0005:0000381c       $pdata$_ZN6System8Internal10Helperhlpr13TDateTimeHlpr6IncDayEi 000000014004881c     rtl:System.Internal.HelperHlpr.o
 0005:00003828       $pdata$_ZN6System8Internal10Helperhlpr13TDateTimeHlpr7IncHourEx 0000000140048828     rtl:System.Internal.HelperHlpr.o
 0005:00003834       $pdata$_ZN6System8Internal10Helperhlpr13TDateTimeHlpr9IncMinuteEx 0000000140048834     rtl:System.Internal.HelperHlpr.o
 0005:00003840       $pdata$_ZN6System8Internal10Helperhlpr13TDateTimeHlpr9IncSecondEx 0000000140048840     rtl:System.Internal.HelperHlpr.o
 0005:0000384c       $pdata$_ZN6System8Internal10Helperhlpr13TDateTimeHlpr14IncMilliSecondEx 000000014004884c     rtl:System.Internal.HelperHlpr.o
 0005:00003858       $pdata$_ZN6System8Internal10Helperhlpr13TDateTimeHlpr9TryEncodeEttttttt 0000000140048858     rtl:System.Internal.HelperHlpr.o
 0005:00003864       $pdata$_ZN6System8Internal10Helperhlpr13TDateTimeHlpr13TryEncodeWeekEttt 0000000140048864     rtl:System.Internal.HelperHlpr.o
 0005:00003870       $pdata$_ZN6System8Internal10Helperhlpr13TDateTimeHlpr12TryEncodeDayEtt 0000000140048870     rtl:System.Internal.HelperHlpr.o
 0005:0000387c       $pdata$_ZN6System8Internal10Helperhlpr13TDateTimeHlpr18TryEncodeMonthWeekEtttt 000000014004887c     rtl:System.Internal.HelperHlpr.o
 0005:00003888       $pdata$_ZN6System8Internal10Helperhlpr13TDateTimeHlpr11SetDateTimeEttttttt 0000000140048888     rtl:System.Internal.HelperHlpr.o
 0005:00003894       $pdata$_ZN6System8Internal10Helperhlpr13TDateTimeHlpr15CompareDateTimeENS_9TDateTimeE 0000000140048894     rtl:System.Internal.HelperHlpr.o
 0005:000038a0       $pdata$_ZN6System8Internal10Helperhlpr13TDateTimeHlpr12SameDateTimeENS_9TDateTimeE 00000001400488a0     rtl:System.Internal.HelperHlpr.o
 0005:000038ac       $pdata$_ZN6System8Internal10Helperhlpr13TDateTimeHlpr11CompareDateENS_9TDateTimeE 00000001400488ac     rtl:System.Internal.HelperHlpr.o
 0005:000038b8       $pdata$_ZN6System8Internal10Helperhlpr13TDateTimeHlpr8SameDateENS_9TDateTimeE 00000001400488b8     rtl:System.Internal.HelperHlpr.o
 0005:000038c4       $pdata$_ZN6System8Internal10Helperhlpr13TDateTimeHlpr11CompareTimeENS_9TDateTimeE 00000001400488c4     rtl:System.Internal.HelperHlpr.o
 0005:000038d0       $pdata$_ZN6System8Internal10Helperhlpr13TDateTimeHlpr8SameTimeENS_9TDateTimeE 00000001400488d0     rtl:System.Internal.HelperHlpr.o
 0005:000038dc       $pdata$_ZN6System8Internal10Helperhlpr13TDateTimeHlpr12NthDayOfWeekEv 00000001400488dc     rtl:System.Internal.HelperHlpr.o
 0005:000038e8       $pdata$_ZN6System8Internal10Helperhlpr13TDateTimeHlpr25TryEncodeDayOfWeekInMonthEtttt 00000001400488e8     rtl:System.Internal.HelperHlpr.o
 0005:000038f4       $pdata$_ZN6System8Internal10Helperhlpr13TDateTimeHlpr12ToJulianDateEv 00000001400488f4     rtl:System.Internal.HelperHlpr.o
 0005:00003900       $pdata$_ZN6System8Internal10Helperhlpr13TDateTimeHlpr16TrySetJulianDateEd 0000000140048900     rtl:System.Internal.HelperHlpr.o
 0005:0000390c       $pdata$_ZN6System8Internal10Helperhlpr13TDateTimeHlpr20ToModifiedJulianDateEv 000000014004890c     rtl:System.Internal.HelperHlpr.o
 0005:00003918       $pdata$_ZN6System8Internal10Helperhlpr13TDateTimeHlpr24TrySetModifiedJulianDateEd 0000000140048918     rtl:System.Internal.HelperHlpr.o
 0005:00003924       $pdata$_ZN6System8Internal10Helperhlpr13TDateTimeHlpr6ToUnixEb 0000000140048924     rtl:System.Internal.HelperHlpr.o
 0005:00003930       $pdata$_ZN6System8Internal10Helperhlpr13TDateTimeHlpr14ToMillisecondsEv 0000000140048930     rtl:System.Internal.HelperHlpr.o
 0005:0000393c       $pdata$_ZN6System8Internal10Helperhlpr13TDateTimeHlpr18TimeToMillisecondsEv 000000014004893c     rtl:System.Internal.HelperHlpr.o
 0005:00003948       $pdata$_ZN6System8Internal10Helperhlpr13TDateTimeHlpr13TrySetISO8601ENS_13UnicodeStringEb 0000000140048948     rtl:System.Internal.HelperHlpr.o
 0005:00003954       $pdata$_ZN6System8Internal10Helperhlpr13TDateTimeHlpr9ToISO8601Eb 0000000140048954     rtl:System.Internal.HelperHlpr.o
 0005:00003960       $pdata$_ZN6System8Internal10Helperhlpr13TDateTimeHlpr8ToStringEv 0000000140048960     rtl:System.Internal.HelperHlpr.o
 0005:0000396c       $pdata$_ZN6System8Internal10Helperhlpr13TDateTimeHlpr8ToStringERKNS_8Sysutils15TFormatSettingsE 000000014004896c     rtl:System.Internal.HelperHlpr.o
 0005:00003978       $pdata$_ZN6System8Internal10Helperhlpr13TDateTimeHlpr6FormatENS_13UnicodeStringE 0000000140048978     rtl:System.Internal.HelperHlpr.o
 0005:00003984       $pdata$_ZN6System8Internal10Helperhlpr13TDateTimeHlpr6FormatENS_13UnicodeStringERKNS_8Sysutils15TFormatSettingsE 0000000140048984     rtl:System.Internal.HelperHlpr.o
 0005:00003990       $pdata$_ZN6System8Internal10Helperhlpr13TDateTimeHlpr7AddYearEi 0000000140048990     rtl:System.Internal.HelperHlpr.o
 0005:0000399c       $pdata$_ZN6System8Internal10Helperhlpr13TDateTimeHlpr8AddMonthEi 000000014004899c     rtl:System.Internal.HelperHlpr.o
 0005:000039a8       $pdata$_ZN6System8Internal10Helperhlpr13TDateTimeHlpr7AddWeekEi 00000001400489a8     rtl:System.Internal.HelperHlpr.o
 0005:000039b4       $pdata$_ZN6System8Internal10Helperhlpr13TDateTimeHlpr6AddDayEi 00000001400489b4     rtl:System.Internal.HelperHlpr.o
 0005:000039c0       $pdata$_ZN6System8Internal10Helperhlpr13TDateTimeHlpr7AddHourEx 00000001400489c0     rtl:System.Internal.HelperHlpr.o
 0005:000039cc       $pdata$_ZN6System8Internal10Helperhlpr13TDateTimeHlpr9AddMinuteEx 00000001400489cc     rtl:System.Internal.HelperHlpr.o
 0005:000039d8       $pdata$_ZN6System8Internal10Helperhlpr13TDateTimeHlpr9AddSecondEx 00000001400489d8     rtl:System.Internal.HelperHlpr.o
 0005:000039e4       $pdata$_ZN6System8Internal10Helperhlpr13TDateTimeHlpr14AddMilliSecondEx 00000001400489e4     rtl:System.Internal.HelperHlpr.o
 0005:000039f0       $pdata$_ZN6System8Internal10Helperhlpr13TDateTimeHlpr6EncodeEttttttt 00000001400489f0     rtl:System.Internal.HelperHlpr.o
 0005:000039fc       $pdata$_ZN6System8Internal10Helperhlpr13TDateTimeHlpr6DecodeERtS3_S3_S3_S3_S3_S3_ 00000001400489fc     rtl:System.Internal.HelperHlpr.o
 0005:00003a08       $pdata$_ZN6System8Internal10Helperhlpr13TDateTimeHlpr10EncodeWeekEttt 0000000140048a08     rtl:System.Internal.HelperHlpr.o
 0005:00003a14       $pdata$_ZN6System8Internal10Helperhlpr13TDateTimeHlpr10DecodeWeekERtS3_S3_ 0000000140048a14     rtl:System.Internal.HelperHlpr.o
 0005:00003a20       $pdata$_ZN6System8Internal10Helperhlpr13TDateTimeHlpr9EncodeDayEtt 0000000140048a20     rtl:System.Internal.HelperHlpr.o
 0005:00003a2c       $pdata$_ZN6System8Internal10Helperhlpr13TDateTimeHlpr9DecodeDayERtS3_ 0000000140048a2c     rtl:System.Internal.HelperHlpr.o
 0005:00003a38       $pdata$_ZN6System8Internal10Helperhlpr13TDateTimeHlpr15EncodeMonthWeekEtttt 0000000140048a38     rtl:System.Internal.HelperHlpr.o
 0005:00003a44       $pdata$_ZN6System8Internal10Helperhlpr13TDateTimeHlpr15DecodeMonthWeekERtS3_S3_S3_ 0000000140048a44     rtl:System.Internal.HelperHlpr.o
 0005:00003a50       $pdata$_ZN6System8Internal10Helperhlpr13TDateTimeHlpr7SetYearEt 0000000140048a50     rtl:System.Internal.HelperHlpr.o
 0005:00003a5c       $pdata$_ZN6System8Internal10Helperhlpr13TDateTimeHlpr8SetMonthEt 0000000140048a5c     rtl:System.Internal.HelperHlpr.o
 0005:00003a68       $pdata$_ZN6System8Internal10Helperhlpr13TDateTimeHlpr6SetDayEt 0000000140048a68     rtl:System.Internal.HelperHlpr.o
 0005:00003a74       $pdata$_ZN6System8Internal10Helperhlpr13TDateTimeHlpr7SetHourEt 0000000140048a74     rtl:System.Internal.HelperHlpr.o
 0005:00003a80       $pdata$_ZN6System8Internal10Helperhlpr13TDateTimeHlpr9SetMinuteEt 0000000140048a80     rtl:System.Internal.HelperHlpr.o
 0005:00003a8c       $pdata$_ZN6System8Internal10Helperhlpr13TDateTimeHlpr9SetSecondEt 0000000140048a8c     rtl:System.Internal.HelperHlpr.o
 0005:00003a98       $pdata$_ZN6System8Internal10Helperhlpr13TDateTimeHlpr14SetMilliSecondEt 0000000140048a98     rtl:System.Internal.HelperHlpr.o
 0005:00003aa4       $pdata$_ZN6System8Internal10Helperhlpr13TDateTimeHlpr7SetDateEttt 0000000140048aa4     rtl:System.Internal.HelperHlpr.o
 0005:00003ab0       $pdata$_ZN6System8Internal10Helperhlpr13TDateTimeHlpr7SetTimeEtttt 0000000140048ab0     rtl:System.Internal.HelperHlpr.o
 0005:00003abc       $pdata$_ZN6System8Internal10Helperhlpr13TDateTimeHlpr22DecodeDayOfWeekInMonthERtS3_S3_S3_ 0000000140048abc     rtl:System.Internal.HelperHlpr.o
 0005:00003ac8       $pdata$_ZN6System8Internal10Helperhlpr13TDateTimeHlpr22EncodeDayOfWeekInMonthEtttt 0000000140048ac8     rtl:System.Internal.HelperHlpr.o
 0005:00003ad4       $pdata$_ZN6System8Internal10Helperhlpr13TDateTimeHlpr13SetJulianDateEd 0000000140048ad4     rtl:System.Internal.HelperHlpr.o
 0005:00003ae0       $pdata$_ZN6System8Internal10Helperhlpr13TDateTimeHlpr21SetModifiedJulianDateEd 0000000140048ae0     rtl:System.Internal.HelperHlpr.o
 0005:00003aec       $pdata$_ZN6System8Internal10Helperhlpr13TDateTimeHlpr7SetUnixExb 0000000140048aec     rtl:System.Internal.HelperHlpr.o
 0005:00003af8       $pdata$_ZN6System8Internal10Helperhlpr13TDateTimeHlpr10SetISO8601ENS_13UnicodeStringEb 0000000140048af8     rtl:System.Internal.HelperHlpr.o
 0005:00003b04       $pdata$_ZN6System8Internal10Helperhlpr13TDateTimeHlpr11SetHttpDateENS_13UnicodeStringEb 0000000140048b04     rtl:System.Internal.HelperHlpr.o
 0005:00003b10       $pdata$_ZN6System8Internal10Helperhlpr12FinalizationEv 0000000140048b10     rtl:System.Internal.HelperHlpr.o
 0005:00003b1c       $pdata$_ZN6System8Internal10Helperhlpr14initializationEv 0000000140048b1c     rtl:System.Internal.HelperHlpr.o
 0005:00003bac       $pdata$_ZN6System8Internal7Initcpp23SelectForInitializationEPNS1_20TUnitDescriptorBlockES3_ 0000000140048bac     rtl:System.Internal.InitCPP.o
 0005:00003bb8       $pdata$_ZN6System8Internal7Initcpp23SelectForInitializationEPPNS1_20TUnitDescriptorBlockES4_ 0000000140048bb8     rtl:System.Internal.InitCPP.o
 0005:00003bc4       $pdata$_ZN6System8Internal7Initcpp15InitializeUnitsEPNS1_20TUnitDescriptorBlockES3_ 0000000140048bc4     rtl:System.Internal.InitCPP.o
 0005:00003bd0       $pdata$_ZN6System8Internal7Initcpp13FinalizeUnitsEPNS1_20TUnitDescriptorBlockES3_ 0000000140048bd0     rtl:System.Internal.InitCPP.o
 0005:00003bdc       $pdata$_ZN6System8Internal7Initcpp15InitializeUnitsEPPNS1_20TUnitDescriptorBlockES4_ 0000000140048bdc     rtl:System.Internal.InitCPP.o
 0005:00003be8       $pdata$_ZN6System8Internal7Initcpp13FinalizeUnitsEPPNS1_20TUnitDescriptorBlockES4_ 0000000140048be8     rtl:System.Internal.InitCPP.o
 0005:00003bf4       $pdata$_ZN6System8Internal7Initcpp15InitializeUnitsEPNS1_15TUnitDescriptorES3_ 0000000140048bf4     rtl:System.Internal.InitCPP.o
 0005:00003c00       $pdata$_ZN6System8Internal7Initcpp13FinalizeUnitsEPNS1_15TUnitDescriptorES3_ 0000000140048c00     rtl:System.Internal.InitCPP.o
 0005:00003c0c       $pdata$_ZN6System8Internal7Initcpp15CalculateDegreeEPNS1_20TUnitDescriptorBlockES3_ 0000000140048c0c     rtl:System.Internal.InitCPP.o
 0005:00003c18       $pdata$_ZN6System8Internal7Initcpp15CalculateDegreeEPPNS1_20TUnitDescriptorBlockES4_ 0000000140048c18     rtl:System.Internal.InitCPP.o
 0005:00003c24       $pdata$_ZN6System8Internal7Initcpp16FinalizeUnitListEPPPNS1_15TUnitDescriptorES5_ 0000000140048c24     rtl:System.Internal.InitCPP.o
 0005:00003c3c       $pdata$_ZN6System8Internal7Initcpp18InitializeRootUnitEPNS1_15TUnitDescriptorE 0000000140048c3c     rtl:System.Internal.InitCPP.o
 0005:00003c78       $pdata$_ZN6System8Internal7Initcpp16FinalizeRootUnitEPNS1_15TUnitDescriptorE 0000000140048c78     rtl:System.Internal.InitCPP.o
 0005:00003c90       $pdata$_ZN6System8Internal7Initcpp12FinalizationEv 0000000140048c90     rtl:System.Internal.InitCPP.o
 0005:00003c9c       $pdata$_ZN6System8Internal7Initcpp14initializationEv 0000000140048c9c     rtl:System.Internal.InitCPP.o
 000a:00000010       _ZL15exception_count       000000014004d010     libmingw32:lib64_libmingw32_a-hook_delphieh.o
 000a:00000020       _ZL16exception_object      000000014004d020     libmingw32:lib64_libmingw32_a-hook_delphieh.o
 000b:00000370       $R000000                   000000014004e370     internal .obj file created from .res files
 000b:002242a0       $R000001                   00000001402722a0     internal .obj file created from .res files
 000b:002244a0       $R000002                   00000001402724a0     internal .obj file created from .res files
 000b:00225ac8       $R000003                   0000000140273ac8     internal .obj file created from .res files
 000b:00226970       $R000004                   0000000140274970     internal .obj file created from .res files
 000b:00227218       $R000005                   0000000140275218     internal .obj file created from .res files
 000b:00227780       $R000006                   0000000140275780     internal .obj file created from .res files
 000b:0022dc40       $R000007                   000000014027bc40     internal .obj file created from .res files
 000b:0023e468       $R000008                   000000014028c468     internal .obj file created from .res files
 000b:00242690       $R000009                   0000000140290690     internal .obj file created from .res files
 000b:00243018       $R00000A                   0000000140291018     internal .obj file created from .res files
 000b:00243480       $R00000B                   0000000140291480     internal .obj file created from .res files
 000b:00243508       $R00000C                   0000000140291508     internal .obj file created from .res files
 000b:00243c18       $R00000D                   0000000140291c18     internal .obj file created from .res files
