 Project1

 Timestamp is 6a0f6328 (Thu May 21 16:55:20 2026)

 Preferred load address is 0000000140000000

 Start         Length     Name                   Class
 0001:00000000 000025e4H .text                   CODE
 0001:000025f0 0000006dH .text$_ZN3Fmx5Forms5TFormC3EPN6System7Classes10TComponentE CODE
 0001:00002660 0000003dH .text$_ZNK6System13UnicodeString5c_strEv CODE
 0001:000026a0 000000b3H .text$_ZN21Idhttpwebbrokerbridge22TIdHTTPWebBrokerBridgeC3EPN6System7Classes10TComponentE CODE
 0001:00002760 00000048H .text$_ZN6TForm1D0Ev    CODE
 0001:000027b0 00000077H .text$_ZN3Fmx5Forms5TFormC3EPN6System7Classes10TComponentEx CODE
 0001:00002830 00000019H .text$_ZN6System7Classes15TComponentClassC1Ev CODE
 0001:00002850 00000019H .text$_ZN6System7Classes15TComponentClassC2Ev CODE
 0001:00002870 00000007H .text$_ZN6System15DelphiMetaClassINS_7Classes15TComponentClassEEC2Ev CODE
 0001:00002880 00000048H .text$_ZN3Fmx5Forms5TFormD0Ev CODE
 0001:000028d0 0000012fH .text                   CODE
 0001:00002a00 00000023H .text$_ZN6System7Classes15TComponentClassC1EPNS_10TMetaClassE CODE
 0001:00002a30 0000000fH .text$__clang_call_terminate CODE
 0001:00002a40 00000023H .text$_ZN6System7Classes15TComponentClassC2EPNS_10TMetaClassE CODE
 0001:00002a70 0000001eH .text$_ZN6System15DelphiMetaClassINS_7Classes15TComponentClassEEC2EPNS_10TMetaClassE CODE
 0001:00002a90 0000052fH .text                   CODE
 0001:00002fc0 00000048H .text$_ZN11TWebModule1D0Ev CODE
 0001:00003010 00000077H .text$_ZN3Web7Httpapp10TWebModuleC3EPN6System7Classes10TComponentEi CODE
 0001:00003090 00000048H .text$_ZN3Web7Httpapp10TWebModuleD0Ev CODE
 0001:000030e0 00000077H .text$_ZN3Web7Httpapp20TCustomWebDispatcherC3EPN6System7Classes10TComponentEi CODE
 0001:00003160 00006ac6H .text                   CODE
 0001:00009c30 000000c1H .text$_ZN6System8Sysutils11ERangeErrorC3ENS_13UnicodeStringE CODE
 0001:00009d00 00000048H .text$_ZN6System8Sysutils11ERangeErrorD0Ev CODE
 0001:00009d50 0000004aH .text$_ZN6System11WideCharLenIwEEiPKT_ CODE
 0001:00009da0 0000004aH .text$_ZN6System11WideCharLenIDsEEiPKT_ CODE
 0001:00009df0 00000059H .text$_ZN6System11AnsiStringTILt0EEC2EPKci CODE
 0001:00009e50 000000d0H .text$_ZN6System11AnsiStringTILt0EED2Ev CODE
 0001:00009f20 00000045H .text$_ZN6System13UnicodeStringaSEOS0_ CODE
 0001:00009f70 00000030H .text$_ZN6System11AnsiStringTILt0EEC2Ev CODE
 0001:00009fa0 0000002aH .text$_ZN6System13UnicodeStringC2ILt0EEERKNS_11AnsiStringTIXT_EEE CODE
 0001:00009fd0 00000046H .text$_ZN6System15DelphiInterfaceINS_14IEnumerator__1INS_13UnicodeStringEEEEC2ERKS4_ CODE
 0001:0000a020 000000eaH .text$_ZN6System15DelphiInterfaceINS_14IEnumerator__1INS_13UnicodeStringEEEED2Ev CODE
 0001:0000a110 00000046H .text$_ZN6System15DelphiInterfaceINS_14IEnumerable__1INS_13UnicodeStringEEEEC2ERKS4_ CODE
 0001:0000a160 000000eaH .text$_ZN6System15DelphiInterfaceINS_14IEnumerable__1INS_13UnicodeStringEEEED2Ev CODE
 0001:0000a250 000000c1H .text$_ZN6System8Sysutils9EIntErrorC3ENS_13UnicodeStringE CODE
 0001:0000a320 000000c1H .text$_ZN6System8Sysutils9EExternalC3ENS_13UnicodeStringE CODE
 0001:0000a3f0 00000048H .text$_ZN6System8Sysutils9EIntErrorD0Ev CODE
 0001:0000a440 00000048H .text$_ZN6System8Sysutils9EExternalD0Ev CODE
 0001:0000a490 00000023H .text$_ZN6System11AnsiStringTILt0EEC2ERKS1_ CODE
 0001:0000a4c0 00000012H .text$_ZN6System14AnsiStringBaseC2Ev CODE
 0001:0000a4e0 00000012H .text$_ZN6System15DelphiInterfaceINS_14IEnumerator__1INS_13UnicodeStringEEEEC2Ev CODE
 0001:0000a500 00000012H .text$_ZN6System15DelphiInterfaceINS_14IEnumerable__1INS_13UnicodeStringEEEEC2Ev CODE
 0001:0000a520 00001848H .text                   CODE
 0001:0000bd70 0000000bH .text$_ZN6System15DelphiInterfaceINS_10IInterfaceEEadEv CODE
 0001:0000bd80 00000046H .text$_ZN6System15DelphiInterfaceINS_10IInterfaceEED2Ev CODE
 0001:0000bdd0 00000029H .text$_ZNSt3__110lock_guardINS_5mutexEEC2B8ne200100ERS1_ CODE
 0001:0000be00 00000019H .text$_ZNSt3__113unordered_mapIPN6System7Typinfo9TTypeInfoEPSt9type_infoNS_4hashIS4_EENS_8equal_toIS4_EENS_9allocatorINS_4pairIKS4_S6_EEEEEC2B8ne200100Ev CODE
 0001:0000be20 00000019H .text$_ZNSt3__113unordered_mapIPN6System7Typinfo9TTypeInfoEPSt9type_infoNS_4hashIS4_EENS_8equal_toIS4_EENS_9allocatorINS_4pairIKS4_S6_EEEEED2B8ne200100Ev CODE
 0001:0000be40 00000080H .text$_ZNSt3__113unordered_mapIPN6System7Typinfo9TTypeInfoEPSt9type_infoNS_4hashIS4_EENS_8equal_toIS4_EENS_9allocatorINS_4pairIKS4_S6_EEEEEixERSD_ CODE
 0001:0000bec0 0000004aH .text$_ZN6System11AnsiStringTILt65001EEC2ERKNS_13UnicodeStringE CODE
 0001:0000bf10 0000008bH .text$_ZNK6System11AnsiStringTILt65001EEplERKS1_ CODE
 0001:0000bfa0 0000004aH .text$_ZN6System11AnsiStringTILt65001EEC2EPKc CODE
 0001:0000bff0 00000030H .text$_ZN6System11AnsiStringTILt65001EEC2Ev CODE
 0001:0000c020 00000045H .text$_ZN6System11AnsiStringTILt65001EEaSEOS1_ CODE
 0001:0000c070 00000019H .text$_ZN6System11AnsiStringTILt65001EED2Ev CODE
 0001:0000c090 00000030H .text$_ZN10__cxxabiv117__class_type_infoC2Ev CODE
 0001:0000c0c0 0000003cH .text$_ZNK6System11AnsiStringTILt65001EE5c_strEv CODE
 0001:0000c100 0000001cH .text$_ZNSt3__110lock_guardINS_5mutexEED2B8ne200100Ev CODE
 0001:0000c120 00000030H .text$_ZN10__cxxabiv116__shim_type_infoC2Ev CODE
 0001:0000c150 0000005fH .text$_ZNSt3__112__hash_tableINS_17__hash_value_typeIPN6System7Typinfo9TTypeInfoEPSt9type_infoEENS_22__unordered_map_hasherIS5_S8_NS_4hashIS5_EENS_8equal_toIS5_EELb1EEENS_21__unordered_map_equalIS5_S8_SD_SB_Lb1EEENS_9allocatorIS8_EEEC2Ev CODE
 0001:0000c1b0 00000024H .text$_ZNSt3__110unique_ptrIA_PNS_16__hash_node_baseIPNS_11__hash_nodeINS_17__hash_value_typeIPN6System7Typinfo9TTypeInfoEPSt9type_infoEEPvEEEENS_25__bucket_list_deallocatorINS_9allocatorISF_EEEEEC2B8ne200100ILb1EvEEv CODE
 0001:0000c1e0 00000012H .text$_ZNSt3__116__hash_node_baseIPNS_11__hash_nodeINS_17__hash_value_typeIPN6System7Typinfo9TTypeInfoEPSt9type_infoEEPvEEEC2B8ne200100Ev CODE
 0001:0000c200 00000019H .text$_ZNSt3__19allocatorINS_11__hash_nodeINS_17__hash_value_typeIPN6System7Typinfo9TTypeInfoEPSt9type_infoEEPvEEEC2B8ne200100Ev CODE
 0001:0000c220 00000007H .text$_ZNSt3__122__unordered_map_hasherIPN6System7Typinfo9TTypeInfoENS_17__hash_value_typeIS4_PSt9type_infoEENS_4hashIS4_EENS_8equal_toIS4_EELb1EEC2B8ne200100Ev CODE
 0001:0000c230 00000007H .text$_ZNSt3__121__unordered_map_equalIPN6System7Typinfo9TTypeInfoENS_17__hash_value_typeIS4_PSt9type_infoEENS_8equal_toIS4_EENS_4hashIS4_EELb1EEC2B8ne200100Ev CODE
 0001:0000c240 00000020H .text$_ZNSt3__125__bucket_list_deallocatorINS_9allocatorIPNS_16__hash_node_baseIPNS_11__hash_nodeINS_17__hash_value_typeIPN6System7Typinfo9TTypeInfoEPSt9type_infoEEPvEEEEEEEC2B8ne200100Ev CODE
 0001:0000c260 00000019H .text$_ZNSt3__19allocatorIPNS_16__hash_node_baseIPNS_11__hash_nodeINS_17__hash_value_typeIPN6System7Typinfo9TTypeInfoEPSt9type_infoEEPvEEEEEC2B8ne200100Ev CODE
 0001:0000c280 00000007H .text$_ZNSt3__116__non_trivial_ifILb1ENS_9allocatorIPNS_16__hash_node_baseIPNS_11__hash_nodeINS_17__hash_value_typeIPN6System7Typinfo9TTypeInfoEPSt9type_infoEEPvEEEEEEEC2B8ne200100Ev CODE
 0001:0000c290 00000007H .text$_ZNSt3__116__non_trivial_ifILb1ENS_9allocatorINS_11__hash_nodeINS_17__hash_value_typeIPN6System7Typinfo9TTypeInfoEPSt9type_infoEEPvEEEEEC2B8ne200100Ev CODE
 0001:0000c2a0 0000002cH .text$_ZNSt3__112__hash_tableINS_17__hash_value_typeIPN6System7Typinfo9TTypeInfoEPSt9type_infoEENS_22__unordered_map_hasherIS5_S8_NS_4hashIS5_EENS_8equal_toIS5_EELb1EEENS_21__unordered_map_equalIS5_S8_SD_SB_Lb1EEENS_9allocatorIS8_EEED2Ev CODE
 0001:0000c2d0 000000c0H .text$_ZNSt3__112__hash_tableINS_17__hash_value_typeIPN6System7Typinfo9TTypeInfoEPSt9type_infoEENS_22__unordered_map_hasherIS5_S8_NS_4hashIS5_EENS_8equal_toIS5_EELb1EEENS_21__unordered_map_equalIS5_S8_SD_SB_Lb1EEENS_9allocatorIS8_EEE17__deallocate_nodeEPNS_16__hash_node_baseIPNS_11__hash_nodeIS8_PvEEEE CODE
 0001:0000c390 0000001dH .text$_ZNSt3__110unique_ptrIA_PNS_16__hash_node_baseIPNS_11__hash_nodeINS_17__hash_value_typeIPN6System7Typinfo9TTypeInfoEPSt9type_infoEEPvEEEENS_25__bucket_list_deallocatorINS_9allocatorISF_EEEEED2B8ne200100Ev CODE
 0001:0000c3b0 0000000bH .text$_ZNSt3__112__hash_tableINS_17__hash_value_typeIPN6System7Typinfo9TTypeInfoEPSt9type_infoEENS_22__unordered_map_hasherIS5_S8_NS_4hashIS5_EENS_8equal_toIS5_EELb1EEENS_21__unordered_map_equalIS5_S8_SD_SB_Lb1EEENS_9allocatorIS8_EEE12__node_allocB8ne200100Ev CODE
 0001:0000c3c0 00000019H .text$_ZNSt3__116__hash_node_baseIPNS_11__hash_nodeINS_17__hash_value_typeIPN6System7Typinfo9TTypeInfoEPSt9type_infoEEPvEEE8__upcastB8ne200100Ev CODE
 0001:0000c3e0 0000001eH .text$_ZNSt3__116allocator_traitsINS_9allocatorINS_11__hash_nodeINS_17__hash_value_typeIPN6System7Typinfo9TTypeInfoEPSt9type_infoEEPvEEEEE7destroyB8ne200100INS_4pairIKS7_S9_EEvTnNS_9enable_ifIXntsr13__has_destroyISD_PT_EE5valueEiE4typeELi0EEEvRSD_SL_ CODE
 0001:0000c400 00000019H .text$_ZNSt3__122__hash_key_value_typesINS_17__hash_value_typeIPN6System7Typinfo9TTypeInfoEPSt9type_infoEEE9__get_ptrB8ne200100ERS8_ CODE
 0001:0000c420 0000000fH .text$_ZNSt3__111__hash_nodeINS_17__hash_value_typeIPN6System7Typinfo9TTypeInfoEPSt9type_infoEEPvE11__get_valueB8ne200100Ev CODE
 0001:0000c430 00000019H .text$_ZNSt3__112__destroy_atB8ne200100INS_11__hash_nodeINS_17__hash_value_typeIPN6System7Typinfo9TTypeInfoEPSt9type_infoEEPvEETnNS_9enable_ifIXntsr8is_arrayIT_EE5valueEiE4typeELi0EEEvPSD_ CODE
 0001:0000c450 0000002dH .text$_ZNSt3__116allocator_traitsINS_9allocatorINS_11__hash_nodeINS_17__hash_value_typeIPN6System7Typinfo9TTypeInfoEPSt9type_infoEEPvEEEEE10deallocateB8ne200100ERSD_PSC_y CODE
 0001:0000c480 0000000bH .text$_ZNSt3__114pointer_traitsIPNS_16__hash_node_baseIPNS_11__hash_nodeINS_17__hash_value_typeIPN6System7Typinfo9TTypeInfoEPSt9type_infoEEPvEEEEE10pointer_toB8ne200100ERSE_ CODE
 0001:0000c490 00000007H .text$_ZNSt3__112__destroy_atB8ne200100INS_4pairIKPN6System7Typinfo9TTypeInfoEPSt9type_infoEETnNS_9enable_ifIXntsr8is_arrayIT_EE5valueEiE4typeELi0EEEvPSB_ CODE
 0001:0000c4a0 00000019H .text$_ZNSt3__117__hash_value_typeIPN6System7Typinfo9TTypeInfoEPSt9type_infoE11__get_valueB8ne200100Ev CODE
 0001:0000c4c0 00000019H .text$_ZNSt3__17launderB8ne200100INS_4pairIKPN6System7Typinfo9TTypeInfoEPSt9type_infoEEEEPT_SB_ CODE
 0001:0000c4e0 0000000bH .text$_ZNSt3__19__launderB8ne200100INS_4pairIKPN6System7Typinfo9TTypeInfoEPSt9type_infoEEEEPT_SB_ CODE
 0001:0000c4f0 00000007H .text$_ZNSt3__111__hash_nodeINS_17__hash_value_typeIPN6System7Typinfo9TTypeInfoEPSt9type_infoEEPvED2B8ne200100Ev CODE
 0001:0000c500 0000002eH .text$_ZNSt3__19allocatorINS_11__hash_nodeINS_17__hash_value_typeIPN6System7Typinfo9TTypeInfoEPSt9type_infoEEPvEEE10deallocateB8ne200100EPSB_y CODE
 0001:0000c530 0000005cH .text$_ZNSt3__119__libcpp_deallocateB8ne200100INS_11__hash_nodeINS_17__hash_value_typeIPN6System7Typinfo9TTypeInfoEPSt9type_infoEEPvEEEEvPNS_15__type_identityIT_E4typeENS_15__element_countEy CODE
 0001:0000c590 00000011H .text$_ZNSt3__124__is_overaligned_for_newB8ne200100Ey CODE
 0001:0000c5b0 00000023H .text$_ZNSt3__124__libcpp_operator_deleteB8ne200100IJPNS_11__hash_nodeINS_17__hash_value_typeIPN6System7Typinfo9TTypeInfoEPSt9type_infoEEPvEESt11align_val_tEEEvDpT_ CODE
 0001:0000c5e0 00000019H .text$_ZNSt3__124__libcpp_operator_deleteB8ne200100IJPNS_11__hash_nodeINS_17__hash_value_typeIPN6System7Typinfo9TTypeInfoEPSt9type_infoEEPvEEEEEvDpT_ CODE
 0001:0000c600 00000048H .text$_ZNSt3__110unique_ptrIA_PNS_16__hash_node_baseIPNS_11__hash_nodeINS_17__hash_value_typeIPN6System7Typinfo9TTypeInfoEPSt9type_infoEEPvEEEENS_25__bucket_list_deallocatorINS_9allocatorISF_EEEEE5resetB8ne200100EDn CODE
 0001:0000c650 0000004eH .text$_ZNSt3__125__bucket_list_deallocatorINS_9allocatorIPNS_16__hash_node_baseIPNS_11__hash_nodeINS_17__hash_value_typeIPN6System7Typinfo9TTypeInfoEPSt9type_infoEEPvEEEEEEEclB8ne200100EPSG_ CODE
 0001:0000c6a0 0000002dH .text$_ZNSt3__116allocator_traitsINS_9allocatorIPNS_16__hash_node_baseIPNS_11__hash_nodeINS_17__hash_value_typeIPN6System7Typinfo9TTypeInfoEPSt9type_infoEEPvEEEEEEE10deallocateB8ne200100ERSH_PSG_y CODE
 0001:0000c6d0 0000000bH .text$_ZNSt3__125__bucket_list_deallocatorINS_9allocatorIPNS_16__hash_node_baseIPNS_11__hash_nodeINS_17__hash_value_typeIPN6System7Typinfo9TTypeInfoEPSt9type_infoEEPvEEEEEEE7__allocB8ne200100Ev CODE
 0001:0000c6e0 0000000bH .text$_ZNSt3__125__bucket_list_deallocatorINS_9allocatorIPNS_16__hash_node_baseIPNS_11__hash_nodeINS_17__hash_value_typeIPN6System7Typinfo9TTypeInfoEPSt9type_infoEEPvEEEEEEE4sizeB8ne200100Ev CODE
 0001:0000c6f0 0000002eH .text$_ZNSt3__19allocatorIPNS_16__hash_node_baseIPNS_11__hash_nodeINS_17__hash_value_typeIPN6System7Typinfo9TTypeInfoEPSt9type_infoEEPvEEEEE10deallocateB8ne200100EPSF_y CODE
 0001:0000c720 0000005cH .text$_ZNSt3__119__libcpp_deallocateB8ne200100IPNS_16__hash_node_baseIPNS_11__hash_nodeINS_17__hash_value_typeIPN6System7Typinfo9TTypeInfoEPSt9type_infoEEPvEEEEEEvPNS_15__type_identityIT_E4typeENS_15__element_countEy CODE
 0001:0000c780 00000023H .text$_ZNSt3__124__libcpp_operator_deleteB8ne200100IJPPNS_16__hash_node_baseIPNS_11__hash_nodeINS_17__hash_value_typeIPN6System7Typinfo9TTypeInfoEPSt9type_infoEEPvEEEESt11align_val_tEEEvDpT_ CODE
 0001:0000c7b0 00000019H .text$_ZNSt3__124__libcpp_operator_deleteB8ne200100IJPPNS_16__hash_node_baseIPNS_11__hash_nodeINS_17__hash_value_typeIPN6System7Typinfo9TTypeInfoEPSt9type_infoEEPvEEEEEEEvDpT_ CODE
 0001:0000c7d0 00000726H .text$_ZNSt3__112__hash_tableINS_17__hash_value_typeIPN6System7Typinfo9TTypeInfoEPSt9type_infoEENS_22__unordered_map_hasherIS5_S8_NS_4hashIS5_EENS_8equal_toIS5_EELb1EEENS_21__unordered_map_equalIS5_S8_SD_SB_Lb1EEENS_9allocatorIS8_EEE25__emplace_unique_key_argsIS5_JRKNS_21piecewise_construct_tENS_5tupleIJRKS5_EEENSO_IJEEEEEENS_4pairINS_15__hash_iteratorIPNS_11__hash_nodeIS8_PvEEEEbEERKT_DpOT0_ CODE
 0001:0000cf00 00000022H .text$_ZNSt3__116forward_as_tupleB8ne200100IJRKPN6System7Typinfo9TTypeInfoEEEENS_5tupleIJDpOT_EEESA_ CODE
 0001:0000cf30 00000007H .text$_ZNSt3__116forward_as_tupleB8ne200100IJEEENS_5tupleIJDpOT_EEES4_ CODE
 0001:0000cf40 0000002cH .text$_ZNKSt3__115__hash_iteratorIPNS_11__hash_nodeINS_17__hash_value_typeIPN6System7Typinfo9TTypeInfoEPSt9type_infoEEPvEEEptB8ne200100Ev CODE
 0001:0000cf70 0000000bH .text$_ZNSt3__112__hash_tableINS_17__hash_value_typeIPN6System7Typinfo9TTypeInfoEPSt9type_infoEENS_22__unordered_map_hasherIS5_S8_NS_4hashIS5_EENS_8equal_toIS5_EELb1EEENS_21__unordered_map_equalIS5_S8_SD_SB_Lb1EEENS_9allocatorIS8_EEE13hash_functionB8ne200100Ev CODE
 0001:0000cf80 00000026H .text$_ZNKSt3__122__unordered_map_hasherIPN6System7Typinfo9TTypeInfoENS_17__hash_value_typeIS4_PSt9type_infoEENS_4hashIS4_EENS_8equal_toIS4_EELb1EEclB8ne200100ERKS4_ CODE
 0001:0000cfb0 00000021H .text$_ZNKSt3__112__hash_tableINS_17__hash_value_typeIPN6System7Typinfo9TTypeInfoEPSt9type_infoEENS_22__unordered_map_hasherIS5_S8_NS_4hashIS5_EENS_8equal_toIS5_EELb1EEENS_21__unordered_map_equalIS5_S8_SD_SB_Lb1EEENS_9allocatorIS8_EEE12bucket_countB8ne200100Ev CODE
 0001:0000cfe0 00000079H .text$_ZNSt3__116__constrain_hashB8ne200100Eyy CODE
 0001:0000d060 00000025H .text$_ZNKSt3__110unique_ptrIA_PNS_16__hash_node_baseIPNS_11__hash_nodeINS_17__hash_value_typeIPN6System7Typinfo9TTypeInfoEPSt9type_infoEEPvEEEENS_25__bucket_list_deallocatorINS_9allocatorISF_EEEEEixB8ne200100Ey CODE
 0001:0000d090 0000000fH .text$_ZNKSt3__116__hash_node_baseIPNS_11__hash_nodeINS_17__hash_value_typeIPN6System7Typinfo9TTypeInfoEPSt9type_infoEEPvEEE6__hashB8ne200100Ev CODE
 0001:0000d0a0 0000000bH .text$_ZNSt3__112__hash_tableINS_17__hash_value_typeIPN6System7Typinfo9TTypeInfoEPSt9type_infoEENS_22__unordered_map_hasherIS5_S8_NS_4hashIS5_EENS_8equal_toIS5_EELb1EEENS_21__unordered_map_equalIS5_S8_SD_SB_Lb1EEENS_9allocatorIS8_EEE6key_eqB8ne200100Ev CODE
 0001:0000d0b0 00000040H .text$_ZNKSt3__121__unordered_map_equalIPN6System7Typinfo9TTypeInfoENS_17__hash_value_typeIS4_PSt9type_infoEENS_8equal_toIS4_EENS_4hashIS4_EELb1EEclB8ne200100ERKS8_RKS4_ CODE
 0001:0000d0f0 00000196H .text$_ZNSt3__112__hash_tableINS_17__hash_value_typeIPN6System7Typinfo9TTypeInfoEPSt9type_infoEENS_22__unordered_map_hasherIS5_S8_NS_4hashIS5_EENS_8equal_toIS5_EELb1EEENS_21__unordered_map_equalIS5_S8_SD_SB_Lb1EEENS_9allocatorIS8_EEE21__construct_node_hashIRKNS_21piecewise_construct_tEJNS_5tupleIJRKS5_EEENSO_IJEEEEEENS_10unique_ptrINS_11__hash_nodeIS8_PvEENS_22__hash_node_destructorINSH_ISW_EEEEEEyOT_DpOT0_ CODE
 0001:0000d290 0000000fH .text$_ZNSt3__112__hash_tableINS_17__hash_value_typeIPN6System7Typinfo9TTypeInfoEPSt9type_infoEENS_22__unordered_map_hasherIS5_S8_NS_4hashIS5_EENS_8equal_toIS5_EELb1EEENS_21__unordered_map_equalIS5_S8_SD_SB_Lb1EEENS_9allocatorIS8_EEE4sizeB8ne200100Ev CODE
 0001:0000d2a0 0000000fH .text$_ZNSt3__112__hash_tableINS_17__hash_value_typeIPN6System7Typinfo9TTypeInfoEPSt9type_infoEENS_22__unordered_map_hasherIS5_S8_NS_4hashIS5_EENS_8equal_toIS5_EELb1EEENS_21__unordered_map_equalIS5_S8_SD_SB_Lb1EEENS_9allocatorIS8_EEE15max_load_factorB8ne200100Ev CODE
 0001:0000d2b0 00000023H .text$_ZNSt3__112__hash_tableINS_17__hash_value_typeIPN6System7Typinfo9TTypeInfoEPSt9type_infoEENS_22__unordered_map_hasherIS5_S8_NS_4hashIS5_EENS_8equal_toIS5_EELb1EEENS_21__unordered_map_equalIS5_S8_SD_SB_Lb1EEENS_9allocatorIS8_EEE15__rehash_uniqueB8ne200100Ey CODE
 0001:0000d2e0 00000028H .text$_ZNSt3__13maxB8ne200100IyEERKT_S3_S3_ CODE
 0001:0000d310 00000040H .text$_ZNSt3__116__is_hash_power2B8ne200100Ey CODE
 0001:0000d350 0000001bH .text$_ZNSt3__16__math4ceilB8ne200100Ef CODE
 0001:0000d370 00000019H .text$_ZNSt3__116__hash_node_baseIPNS_11__hash_nodeINS_17__hash_value_typeIPN6System7Typinfo9TTypeInfoEPSt9type_infoEEPvEEE5__ptrB8ne200100Ev CODE
 0001:0000d390 0000000eH .text$_ZNKSt3__110unique_ptrINS_11__hash_nodeINS_17__hash_value_typeIPN6System7Typinfo9TTypeInfoEPSt9type_infoEEPvEENS_22__hash_node_destructorINS_9allocatorISB_EEEEEptB8ne200100Ev CODE
 0001:0000d3a0 0000000eH .text$_ZNKSt3__110unique_ptrINS_11__hash_nodeINS_17__hash_value_typeIPN6System7Typinfo9TTypeInfoEPSt9type_infoEEPvEENS_22__hash_node_destructorINS_9allocatorISB_EEEEE3getB8ne200100Ev CODE
 0001:0000d3b0 00000025H .text$_ZNSt3__110unique_ptrINS_11__hash_nodeINS_17__hash_value_typeIPN6System7Typinfo9TTypeInfoEPSt9type_infoEEPvEENS_22__hash_node_destructorINS_9allocatorISB_EEEEE7releaseB8ne200100Ev CODE
 0001:0000d3e0 0000001dH .text$_ZNSt3__110unique_ptrINS_11__hash_nodeINS_17__hash_value_typeIPN6System7Typinfo9TTypeInfoEPSt9type_infoEEPvEENS_22__hash_node_destructorINS_9allocatorISB_EEEEED2B8ne200100Ev CODE
 0001:0000d400 0000001eH .text$_ZNSt3__115__hash_iteratorIPNS_11__hash_nodeINS_17__hash_value_typeIPN6System7Typinfo9TTypeInfoEPSt9type_infoEEPvEEEC2B8ne200100EPNS_16__hash_node_baseISC_EE CODE
 0001:0000d420 00000033H .text$_ZNSt3__14pairINS_15__hash_iteratorIPNS_11__hash_nodeINS_17__hash_value_typeIPN6System7Typinfo9TTypeInfoEPSt9type_infoEEPvEEEEbEC2B8ne200100ISE_RbTnNS_9enable_ifIXclsr10_CheckArgsE23__is_pair_constructibleIT_T0_EEEiE4typeELi0EEEOSJ_OSK_ CODE
 0001:0000d460 00000047H .text$_ZNKSt3__14hashIPN6System7Typinfo9TTypeInfoEEclB8ne200100ES4_ CODE
 0001:0000d4b0 000004f2H .text$_ZNKSt3__121__murmur2_or_cityhashIyLy64EEclB8ne200100EPKvy CODE
 0001:0000d9b0 00000191H .text$_ZNSt3__121__murmur2_or_cityhashIyLy64EE18__hash_len_0_to_16B8ne200100EPKcy CODE
 0001:0000db50 0000010cH .text$_ZNSt3__121__murmur2_or_cityhashIyLy64EE19__hash_len_17_to_32B8ne200100EPKcy CODE
 0001:0000dc60 00000339H .text$_ZNSt3__121__murmur2_or_cityhashIyLy64EE19__hash_len_33_to_64B8ne200100EPKcy CODE
 0001:0000dfa0 0000001eH .text$_ZNSt3__110__loadwordB8ne200100IyEET_PKv CODE
 0001:0000dfc0 00000095H .text$_ZNSt3__121__murmur2_or_cityhashIyLy64EE13__hash_len_16B8ne200100Eyy CODE
 0001:0000e060 000000b0H .text$_ZNSt3__121__murmur2_or_cityhashIyLy64EE29__weak_hash_len_32_with_seedsB8ne200100EPKcyy CODE
 0001:0000e110 00000051H .text$_ZNSt3__121__murmur2_or_cityhashIyLy64EE8__rotateB8ne200100Eyi CODE
 0001:0000e170 0000002dH .text$_ZNSt3__14pairIyyEaSB8ne200100EOS1_ CODE
 0001:0000e1a0 0000003bH .text$_ZNSt3__14swapB8ne200100IyEENS_9enable_ifIXaasr21is_move_constructibleIT_EE5valuesr18is_move_assignableIS2_EE5valueEvE4typeERS2_S5_ CODE
 0001:0000e1e0 00000016H .text$_ZNSt3__121__murmur2_or_cityhashIyLy64EE11__shift_mixB8ne200100Ey CODE
 0001:0000e200 00000037H .text$_ZNSt3__121__murmur2_or_cityhashIyLy64EE22__rotate_by_at_least_1B8ne200100Eyi CODE
 0001:0000e240 0000001dH .text$_ZNSt3__110__loadwordB8ne200100IjEET_PKv CODE
 0001:0000e260 0000011aH .text$_ZNSt3__121__murmur2_or_cityhashIyLy64EE29__weak_hash_len_32_with_seedsB8ne200100Eyyyyyy CODE
 0001:0000e380 00000032H .text$_ZNSt3__14pairIyyEC2B8ne200100IyyTnNS_9enable_ifIXclsr10_CheckArgsE23__is_pair_constructibleIT_T0_EEEiE4typeELi0EEEOS4_OS5_ CODE
 0001:0000e3c0 0000000fH .text$_ZNKSt3__110unique_ptrIA_PNS_16__hash_node_baseIPNS_11__hash_nodeINS_17__hash_value_typeIPN6System7Typinfo9TTypeInfoEPSt9type_infoEEPvEEEENS_25__bucket_list_deallocatorINS_9allocatorISF_EEEEE11get_deleterB8ne200100Ev CODE
 0001:0000e3d0 0000000eH .text$_ZNKSt3__125__bucket_list_deallocatorINS_9allocatorIPNS_16__hash_node_baseIPNS_11__hash_nodeINS_17__hash_value_typeIPN6System7Typinfo9TTypeInfoEPSt9type_infoEEPvEEEEEEE4sizeB8ne200100Ev CODE
 0001:0000e3e0 0000002bH .text$_ZNKSt3__18equal_toIPN6System7Typinfo9TTypeInfoEEclB8ne200100ERKS4_S7_ CODE
 0001:0000e410 00000019H .text$_ZNKSt3__117__hash_value_typeIPN6System7Typinfo9TTypeInfoEPSt9type_infoE11__get_valueB8ne200100Ev CODE
 0001:0000e430 00000019H .text$_ZNSt3__17launderB8ne200100IKNS_4pairIKPN6System7Typinfo9TTypeInfoEPSt9type_infoEEEEPT_SC_ CODE
 0001:0000e450 0000000bH .text$_ZNSt3__19__launderB8ne200100IKNS_4pairIKPN6System7Typinfo9TTypeInfoEPSt9type_infoEEEEPT_SC_ CODE
 0001:0000e460 00000023H .text$_ZNSt3__116allocator_traitsINS_9allocatorINS_11__hash_nodeINS_17__hash_value_typeIPN6System7Typinfo9TTypeInfoEPSt9type_infoEEPvEEEEE8allocateB8ne200100ERSD_y CODE
 0001:0000e490 00000033H .text$_ZNSt3__122__hash_node_destructorINS_9allocatorINS_11__hash_nodeINS_17__hash_value_typeIPN6System7Typinfo9TTypeInfoEPSt9type_infoEEPvEEEEEC2B8ne200100ERSD_b CODE
 0001:0000e4d0 00000043H .text$_ZNSt3__110unique_ptrINS_11__hash_nodeINS_17__hash_value_typeIPN6System7Typinfo9TTypeInfoEPSt9type_infoEEPvEENS_22__hash_node_destructorINS_9allocatorISB_EEEEEC2B8ne200100ILb1EvEEPSB_NS_16__dependent_typeINS_27__unique_ptr_deleter_sfinaeISF_EEXT_EE20__good_rval_ref_typeE CODE
 0001:0000e520 0000002dH .text$_ZNSt3__114__construct_atB8ne200100INS_11__hash_nodeINS_17__hash_value_typeIPN6System7Typinfo9TTypeInfoEPSt9type_infoEEPvEEJDnRyEPSB_EEPT_SF_DpOT0_ CODE
 0001:0000e550 0000000eH .text$_ZNKSt3__110unique_ptrINS_11__hash_nodeINS_17__hash_value_typeIPN6System7Typinfo9TTypeInfoEPSt9type_infoEEPvEENS_22__hash_node_destructorINS_9allocatorISB_EEEEEdeB8ne200100Ev CODE
 0001:0000e560 0000003cH .text$_ZNSt3__116allocator_traitsINS_9allocatorINS_11__hash_nodeINS_17__hash_value_typeIPN6System7Typinfo9TTypeInfoEPSt9type_infoEEPvEEEEE9constructB8ne200100INS_4pairIKS7_S9_EEJRKNS_21piecewise_construct_tENS_5tupleIJRSH_EEENSM_IJEEEEvTnNS_9enable_ifIXntsr15__has_constructISD_PT_DpT0_EE5valueEiE4typeELi0EEEvRSD_SS_DpOST_ CODE
 0001:0000e5a0 0000000fH .text$_ZNSt3__110unique_ptrINS_11__hash_nodeINS_17__hash_value_typeIPN6System7Typinfo9TTypeInfoEPSt9type_infoEEPvEENS_22__hash_node_destructorINS_9allocatorISB_EEEEE11get_deleterB8ne200100Ev CODE
 0001:0000e5b0 00000049H .text$_ZNSt3__19allocatorINS_11__hash_nodeINS_17__hash_value_typeIPN6System7Typinfo9TTypeInfoEPSt9type_infoEEPvEEE8allocateB8ne200100Ey CODE
 0001:0000e600 00000017H .text$_ZNSt3__116allocator_traitsINS_9allocatorINS_11__hash_nodeINS_17__hash_value_typeIPN6System7Typinfo9TTypeInfoEPSt9type_infoEEPvEEEEE8max_sizeB8ne200100ISD_vTnNS_9enable_ifIXntsr14__has_max_sizeIKT_EE5valueEiE4typeELi0EEEyRKSD_ CODE
 0001:0000e620 00000034H .text$_ZSt28__throw_bad_array_new_lengthB8ne200100v CODE
 0001:0000e660 00000065H .text$_ZNSt3__117__libcpp_allocateB8ne200100INS_11__hash_nodeINS_17__hash_value_typeIPN6System7Typinfo9TTypeInfoEPSt9type_infoEEPvEEEEPT_NS_15__element_countEy CODE
 0001:0000e6d0 0000000fH .text$_ZNSt3__114numeric_limitsIyE3maxB8ne200100Ev CODE
 0001:0000e6e0 00000008H .text$_ZNSt3__123__libcpp_numeric_limitsIyLb1EE3maxB8ne200100Ev CODE
 0001:0000e6f0 00000023H .text$_ZNSt3__121__libcpp_operator_newB8ne200100IJySt11align_val_tEEEPvDpT_ CODE
 0001:0000e720 00000019H .text$_ZNSt3__121__libcpp_operator_newB8ne200100IJyEEEPvDpT_ CODE
 0001:0000e740 0000003dH .text$_ZNSt3__125__compressed_pair_paddingINS_22__hash_node_destructorINS_9allocatorINS_11__hash_nodeINS_17__hash_value_typeIPN6System7Typinfo9TTypeInfoEPSt9type_infoEEPvEEEEEELb0EEC2Ev CODE
 0001:0000e780 00000038H .text$_ZNSt3__112construct_atB8ne200100INS_11__hash_nodeINS_17__hash_value_typeIPN6System7Typinfo9TTypeInfoEPSt9type_infoEEPvEEJDnRyEPSB_EEPT_SF_DpOT0_ CODE
 0001:0000e7c0 0000003aH .text$_ZNSt3__111__hash_nodeINS_17__hash_value_typeIPN6System7Typinfo9TTypeInfoEPSt9type_infoEEPvEC2B8ne200100EPNS_16__hash_node_baseIPSA_EEy CODE
 0001:0000e800 0000001eH .text$_ZNSt3__116__hash_node_baseIPNS_11__hash_nodeINS_17__hash_value_typeIPN6System7Typinfo9TTypeInfoEPSt9type_infoEEPvEEEC2B8ne200100EPSD_ CODE
 0001:0000e820 00000037H .text$_ZNSt3__114__construct_atB8ne200100INS_4pairIKPN6System7Typinfo9TTypeInfoEPSt9type_infoEEJRKNS_21piecewise_construct_tENS_5tupleIJRS6_EEENSD_IJEEEEPS9_EEPT_SJ_DpOT0_ CODE
 0001:0000e860 0000004cH .text$_ZNSt3__112construct_atB8ne200100INS_4pairIKPN6System7Typinfo9TTypeInfoEPSt9type_infoEEJRKNS_21piecewise_construct_tENS_5tupleIJRS6_EEENSD_IJEEEEPS9_EEPT_SJ_DpOT0_ CODE
 0001:0000e8b0 00000054H .text$_ZNSt3__14pairIKPN6System7Typinfo9TTypeInfoEPSt9type_infoEC2B8ne200100IJRS5_EJEEENS_21piecewise_construct_tENS_5tupleIJDpT_EEENSC_IJDpT0_EEE CODE
 0001:0000e910 0000005aH .text$_ZNSt3__14pairIKPN6System7Typinfo9TTypeInfoEPSt9type_infoEC2B8ne200100IJRS5_EJEJLy0EETpTnyJEEENS_21piecewise_construct_tERNS_5tupleIJDpT_EEERNSC_IJDpT0_EEENS_15__tuple_indicesIJXspT1_EEEENSL_IJXspT2_EEEE CODE
 0001:0000e970 00000019H .text$_ZNSt3__13getB8ne200100ILy0EJRKPN6System7Typinfo9TTypeInfoEEEERNS_13tuple_elementIXT_ENS_5tupleIJDpT0_EEEE4typeERSB_ CODE
 0001:0000e990 0000000eH .text$_ZNSt3__112__tuple_leafILy0ERKPN6System7Typinfo9TTypeInfoELb0EE3getB8ne200100Ev CODE
 0001:0000e9a0 0000022dH .text$_ZNSt3__112__hash_tableINS_17__hash_value_typeIPN6System7Typinfo9TTypeInfoEPSt9type_infoEENS_22__unordered_map_hasherIS5_S8_NS_4hashIS5_EENS_8equal_toIS5_EELb1EEENS_21__unordered_map_equalIS5_S8_SD_SB_Lb1EEENS_9allocatorIS8_EEE8__rehashILb1EEEvy CODE
 0001:0000ebd0 00000288H .text$_ZNSt3__112__hash_tableINS_17__hash_value_typeIPN6System7Typinfo9TTypeInfoEPSt9type_infoEENS_22__unordered_map_hasherIS5_S8_NS_4hashIS5_EENS_8equal_toIS5_EELb1EEENS_21__unordered_map_equalIS5_S8_SD_SB_Lb1EEENS_9allocatorIS8_EEE11__do_rehashILb1EEEvy CODE
 0001:0000ee60 0000004fH .text$_ZNSt3__116__next_hash_pow2B8ne200100Ey CODE
 0001:0000eeb0 0000000fH .text$_ZNSt3__110unique_ptrIA_PNS_16__hash_node_baseIPNS_11__hash_nodeINS_17__hash_value_typeIPN6System7Typinfo9TTypeInfoEPSt9type_infoEEPvEEEENS_25__bucket_list_deallocatorINS_9allocatorISF_EEEEE11get_deleterB8ne200100Ev CODE
 0001:0000eec0 00000049H .text$_ZNSt3__110unique_ptrIA_PNS_16__hash_node_baseIPNS_11__hash_nodeINS_17__hash_value_typeIPN6System7Typinfo9TTypeInfoEPSt9type_infoEEPvEEEENS_25__bucket_list_deallocatorINS_9allocatorISF_EEEEE5resetB8ne200100IPSF_TnNS_9enable_ifIXsr28_CheckArrayPointerConversionIT_EE5valueEiE4typeELi0EEEvSP_ CODE
 0001:0000ef10 00000023H .text$_ZNSt3__116allocator_traitsINS_9allocatorIPNS_16__hash_node_baseIPNS_11__hash_nodeINS_17__hash_value_typeIPN6System7Typinfo9TTypeInfoEPSt9type_infoEEPvEEEEEEE8allocateB8ne200100ERSH_y CODE
 0001:0000ef40 00000049H .text$_ZNSt3__19allocatorIPNS_16__hash_node_baseIPNS_11__hash_nodeINS_17__hash_value_typeIPN6System7Typinfo9TTypeInfoEPSt9type_infoEEPvEEEEE8allocateB8ne200100Ey CODE
 0001:0000ef90 00000017H .text$_ZNSt3__116allocator_traitsINS_9allocatorIPNS_16__hash_node_baseIPNS_11__hash_nodeINS_17__hash_value_typeIPN6System7Typinfo9TTypeInfoEPSt9type_infoEEPvEEEEEEE8max_sizeB8ne200100ISH_vTnNS_9enable_ifIXntsr14__has_max_sizeIKT_EE5valueEiE4typeELi0EEEyRKSH_ CODE
 0001:0000efb0 00000065H .text$_ZNSt3__117__libcpp_allocateB8ne200100IPNS_16__hash_node_baseIPNS_11__hash_nodeINS_17__hash_value_typeIPN6System7Typinfo9TTypeInfoEPSt9type_infoEEPvEEEEEEPT_NS_15__element_countEy CODE
 0001:0000f020 00000013H .text$_ZNSt3__112__libcpp_clzB8ne200100Ey CODE
 0001:0000f040 0000004dH .text$_ZNSt3__13maxB8ne200100IyNS_6__lessIvvEEEERKT_S5_S5_T0_ CODE
 0001:0000f090 0000002bH .text$_ZNKSt3__16__lessIvvEclB8ne200100IyyEEbRKT_RKT0_ CODE
 0001:0000f0c0 00000049H .text$_ZNSt3__110unique_ptrINS_11__hash_nodeINS_17__hash_value_typeIPN6System7Typinfo9TTypeInfoEPSt9type_infoEEPvEENS_22__hash_node_destructorINS_9allocatorISB_EEEEE5resetB8ne200100EPSB_ CODE
 0001:0000f110 0000008eH .text$_ZNSt3__122__hash_node_destructorINS_9allocatorINS_11__hash_nodeINS_17__hash_value_typeIPN6System7Typinfo9TTypeInfoEPSt9type_infoEEPvEEEEEclB8ne200100EPSC_ CODE
 0001:0000f1a0 00000040H .text$_ZNSt3__15tupleIJRKPN6System7Typinfo9TTypeInfoEEEC2B8ne200100INS_4_AndETnNS_9enable_ifIXsrT_IJNS_17integral_constantIbLb1EEENS_21is_copy_constructibleIS6_EEEE5valueEiE4typeELi0EEES6_ CODE
 0001:0000f1e0 00000039H .text$_ZNSt3__112__tuple_implINS_15__tuple_indicesIJLy0EEEEJRKPN6System7Typinfo9TTypeInfoEEEC2B8ne200100IJLy0EEJS8_ETpTnyJEJEJS8_EEENS1_IJXspT_EEEENS_13__tuple_typesIJDpT0_EEENS1_IJXspT1_EEEENSC_IJDpT2_EEEDpOT3_ CODE
 0001:0000f220 0000001eH .text$_ZNSt3__112__tuple_leafILy0ERKPN6System7Typinfo9TTypeInfoELb0EEC2B8ne200100IS6_TnNS_9enable_ifIXsr4_AndINS_17integral_constantIbXntu9__is_sameu14__remove_cvrefIT_ES7_EEEENS_16is_constructibleIS6_JSB_EEEEE5valueEiE4typeELi0EEEOSB_ CODE
 0001:0000f240 0000000bH .text$_ZNSt3__114pointer_traitsIPNS_17__hash_value_typeIPN6System7Typinfo9TTypeInfoEPSt9type_infoEEE10pointer_toB8ne200100ERS8_ CODE
 0001:0000f250 0000002cH .text$_ZN6System11AnsiStringTILt65001EE4swapERS1_ CODE
 0001:0000f280 00002c26H .text                   CODE
 0001:00011eb0 0000004aH .text$_ZN6System8_CharLenIwEEiPKT_ CODE
 0001:00011f00 0000004aH .text$_ZN6System8_CharLenIDsEEiPKT_ CODE
 0001:00011f50 00000023H .text$_ZN6System14AnsiStringBaseC2ILt0EEEONS_11AnsiStringTIXT_EEE CODE
 0001:00011f80 00000046H .text$_ZNK6System14AnsiStringBase8CodePageEv CODE
 0001:00011fd0 0000003aH .text$_ZNK6System14AnsiStringBaseixEi CODE
 0001:00012010 000090cbH .text                   CODE
 0001:0001b0e0 0000001dH .text$_ZTWL16exception_object CODE
 0001:0001b100 000003d0H .text                   CODE
 0002:00000000 00000008H .rdata$__mingw_fe_dfl_env DATA
 0002:00000008 00000008H .rdata$__mingw_fe_pc64_env DATA
 0002:00000010 00000008H .rdata$__mingw_fe_pc53_env DATA
 0002:00000018 00000008H .rdata$.refptr._MINGW_INSTALL_DEBUG_MATHERR DATA
 0002:00000020 00000008H .rdata$.refptr.__ImageBase DATA
 0002:00000028 00000008H .rdata$.refptr.__dyn_tls_init_callback DATA
 0002:00000030 00000008H .rdata$.refptr.__globallocalestatus DATA
 0002:00000038 00000008H .rdata$.refptr.__mingw_app_type DATA
 0002:00000040 00000008H .rdata$.refptr.__mingw_initltsdrot_force DATA
 0002:00000048 00000008H .rdata$.refptr.__mingw_initltsdyn_force DATA
 0002:00000050 00000008H .rdata$.refptr.__mingw_initltssuo_force DATA
 0002:00000058 00000008H .rdata$.refptr.__mingw_oldexcpt_handler DATA
 0002:00000060 00000008H .rdata$.refptr.__native_startup_lock DATA
 0002:00000068 00000008H .rdata$.refptr.__native_startup_state DATA
 0002:00000070 00000008H .rdata$.refptr.__xc_a   DATA
 0002:00000078 00000008H .rdata$.refptr.__xc_z   DATA
 0002:00000080 00000008H .rdata$.refptr.__xi_a   DATA
 0002:00000088 00000008H .rdata$.refptr.__xi_z   DATA
 0002:00000090 00000008H .rdata$.refptr._commode DATA
 0002:00000098 00000008H .rdata$.refptr._dowildcard DATA
 0002:000000a0 00000008H .rdata$.refptr._fmode   DATA
 0002:000000a8 00000008H .rdata$.refptr._hInstance DATA
 0002:000000b0 00000008H .rdata$.refptr._newmode DATA
 0002:000000b8 0000617eH .rdata                  DATA
 0002:00006240 00000036H .rdata$_ZTR6TForm1      DATA
 0002:00006278 00000008H .rdata$.refptr.ServidorOnline DATA
 0002:00006280 00000008H .rdata$.refptr._ZTVN21Idhttpwebbrokerbridge22TIdHTTPWebBrokerBridgeE DATA
 0002:00006288 00000008H .rdata$.refptr.Form1    DATA
 0002:00006290 00000008H .rdata$.refptr.WebModuleClass DATA
 0002:00006298 00000008H .rdata$.refptr._ZTV6TForm1 DATA
 0002:000062a0 00000444H .rdata                  DATA
 0002:000066f0 00000040H .rdata$_ZTR11TWebModule1 DATA
 0002:00006730 00000008H .rdata$.refptr.__imp___initenv DATA
 0002:00006738 00000048H .rdata                  DATA
 0002:00006780 00000008H .rdata$.refptr._CRT_MT  DATA
 0002:00006788 00000008H .rdata$.refptr.__CTOR_LIST__ DATA
 0002:00006790 0000026dH .rdata                  DATA
 0002:00006a00 00000008H .rdata$.refptr.__RUNTIME_PSEUDO_RELOC_LIST_END__ DATA
 0002:00006a08 00000008H .rdata$.refptr.__RUNTIME_PSEUDO_RELOC_LIST__ DATA
 0002:00006a10 00000001H .rdata                  DATA
 0002:00006a18 00000008H .rdata$.refptr._mngr    DATA
 0002:00006a20 00000008H .rdata$.refptr._mngr_set DATA
 0002:00006a28 00000008H .rdata$.refptr._ZN6System10_init_instE DATA
 0002:00006a30 00000008H .rdata$.refptr._ZTRN6System8Sysutils11ERangeErrorE DATA
 0002:00006a38 00000008H .rdata$.refptr._ZTVN6System8Sysutils11ERangeErrorE DATA
 0002:00006a40 000001baH .rdata                  DATA
 0002:00006bfa 00000001H .rdata$_ZNSt3__119piecewise_constructE DATA
 0002:00006c00 00000018H .rdata$_ZTISt20bad_array_new_length DATA
 0002:00006c18 00000019H .rdata$_ZTSSt20bad_array_new_length DATA
 0002:00006c38 00000018H .rdata$_ZTISt9bad_alloc DATA
 0002:00006c50 0000000dH .rdata$_ZTSSt9bad_alloc DATA
 0002:00006c60 00000010H .rdata$_ZTISt9exception DATA
 0002:00006c70 0000000dH .rdata$_ZTSSt9exception DATA
 0002:00006c80 0000a1d8H .rdata                  DATA
 0002:00010e58 00000008H .rdata$.refptr.__EMBT_INIT_LIST_BEGIN__ DATA
 0002:00010e60 00000008H .rdata$.refptr.__EMBT_INIT_LIST_END__ DATA
 0002:00010e68 00000008H .rdata$.refptr.__isDLL  DATA
 0002:00010e70 00000008H .rdata$.refptr.__isGUI  DATA
 0002:00010e78 00000008H .rdata$.refptr.__isVCLPackage DATA
 0002:00010e80 000003c8H .rdata                  DATA
 0002:00011368 00000010H .00cfg                  DATA
 0002:00011378 00000008H .CRT$XCA                DATA
 0002:00011380 00000008H .CRT$XCAA               DATA
 0002:00011388 00000008H .CRT$XCZ                DATA
 0002:00011390 00000008H .CRT$XDA                DATA
 0002:00011398 00000008H .CRT$XDZ                DATA
 0002:000113a0 00000008H .CRT$XIA                DATA
 0002:000113a8 00000008H .CRT$XIA0               DATA
 0002:000113b0 00000008H .CRT$XIAA               DATA
 0002:000113b8 00000008H .CRT$XIZ                DATA
 0002:000113c0 00000008H .CRT$XLA                DATA
 0002:000113c8 00000008H .CRT$XLC                DATA
 0002:000113d0 00000008H .CRT$XLD                DATA
 0002:000113d8 00000008H .CRT$XLZ                DATA
 0002:000113e8 00000008H .ctors                  DATA
 0002:000113f0 00000008H .ctors.65435            DATA
 0002:00011408 00000008H .dtors.65435            DATA
 0002:0002237c 0000025cH .xdata                  DATA
 0002:000225d8 0000001cH .xdata$_ZN21Idhttpwebbrokerbridge22TIdHTTPWebBrokerBridgeC3EPN6System7Classes10TComponentE DATA
 0002:000225f4 00000008H .xdata$_ZN3Fmx5Forms5TFormC3EPN6System7Classes10TComponentE DATA
 0002:000225fc 00000008H .xdata$_ZNK6System13UnicodeString5c_strEv DATA
 0002:00022604 0000001cH .xdata$_ZN21Idhttpwebbrokerbridge22TIdHTTPWebBrokerBridgeC3EPN6System7Classes10TComponentE DATA
 0002:00022620 00000008H .xdata$_ZN6TForm1D0Ev   DATA
 0002:00022628 00000008H .xdata$_ZN3Fmx5Forms5TFormC3EPN6System7Classes10TComponentEx DATA
 0002:00022630 00000008H .xdata$_ZN6System7Classes15TComponentClassC1Ev DATA
 0002:00022638 00000008H .xdata$_ZN6System7Classes15TComponentClassC2Ev DATA
 0002:00022640 00000008H .xdata$_ZN6System15DelphiMetaClassINS_7Classes15TComponentClassEEC2Ev DATA
 0002:00022648 00000008H .xdata$_ZN3Fmx5Forms5TFormD0Ev DATA
 0002:00022650 00000048H .xdata                  DATA
 0002:00022698 00000008H .xdata$_ZN6System7Classes15TComponentClassC1EPNS_10TMetaClassE DATA
 0002:000226a0 00000008H .xdata$__clang_call_terminate DATA
 0002:000226a8 00000008H .xdata$_ZN6System7Classes15TComponentClassC2EPNS_10TMetaClassE DATA
 0002:000226b0 00000008H .xdata$_ZN6System15DelphiMetaClassINS_7Classes15TComponentClassEEC2EPNS_10TMetaClassE DATA
 0002:000226b8 0000009cH .xdata                  DATA
 0002:00022754 00000008H .xdata$_ZN11TWebModule1D0Ev DATA
 0002:0002275c 00000008H .xdata$_ZN3Web7Httpapp10TWebModuleC3EPN6System7Classes10TComponentEi DATA
 0002:00022764 00000008H .xdata$_ZN3Web7Httpapp10TWebModuleD0Ev DATA
 0002:0002276c 00000008H .xdata$_ZN3Web7Httpapp20TCustomWebDispatcherC3EPN6System7Classes10TComponentEi DATA
 0002:00022774 00000bf4H .xdata                  DATA
 0002:00023368 00000020H .xdata$_ZN6System8Sysutils11ERangeErrorC3ENS_13UnicodeStringE DATA
 0002:00023388 00000020H .xdata$_ZN6System11AnsiStringTILt0EED2Ev DATA
 0002:000233a8 00000020H .xdata$_ZN6System13UnicodeStringaSEOS0_ DATA
 0002:000233c8 00000024H .xdata$_ZN6System15DelphiInterfaceINS_14IEnumerator__1INS_13UnicodeStringEEEED2Ev DATA
 0002:000233ec 00000024H .xdata$_ZN6System15DelphiInterfaceINS_14IEnumerable__1INS_13UnicodeStringEEEED2Ev DATA
 0002:00023410 00000020H .xdata$_ZN6System8Sysutils9EIntErrorC3ENS_13UnicodeStringE DATA
 0002:00023430 00000020H .xdata$_ZN6System8Sysutils9EExternalC3ENS_13UnicodeStringE DATA
 0002:00023450 00000020H .xdata$_ZN6System8Sysutils11ERangeErrorC3ENS_13UnicodeStringE DATA
 0002:00023470 00000008H .xdata$_ZN6System8Sysutils11ERangeErrorD0Ev DATA
 0002:00023478 00000008H .xdata$_ZN6System11WideCharLenIwEEiPKT_ DATA
 0002:00023480 00000008H .xdata$_ZN6System11WideCharLenIDsEEiPKT_ DATA
 0002:00023488 00000008H .xdata$_ZN6System11AnsiStringTILt0EEC2EPKci DATA
 0002:00023490 00000020H .xdata$_ZN6System11AnsiStringTILt0EED2Ev DATA
 0002:000234b0 00000020H .xdata$_ZN6System13UnicodeStringaSEOS0_ DATA
 0002:000234d0 00000008H .xdata$_ZN6System11AnsiStringTILt0EEC2Ev DATA
 0002:000234d8 00000008H .xdata$_ZN6System13UnicodeStringC2ILt0EEERKNS_11AnsiStringTIXT_EEE DATA
 0002:000234e0 00000008H .xdata$_ZN6System15DelphiInterfaceINS_14IEnumerator__1INS_13UnicodeStringEEEEC2ERKS4_ DATA
 0002:000234e8 00000024H .xdata$_ZN6System15DelphiInterfaceINS_14IEnumerator__1INS_13UnicodeStringEEEED2Ev DATA
 0002:0002350c 00000008H .xdata$_ZN6System15DelphiInterfaceINS_14IEnumerable__1INS_13UnicodeStringEEEEC2ERKS4_ DATA
 0002:00023514 00000024H .xdata$_ZN6System15DelphiInterfaceINS_14IEnumerable__1INS_13UnicodeStringEEEED2Ev DATA
 0002:00023538 00000020H .xdata$_ZN6System8Sysutils9EIntErrorC3ENS_13UnicodeStringE DATA
 0002:00023558 00000020H .xdata$_ZN6System8Sysutils9EExternalC3ENS_13UnicodeStringE DATA
 0002:00023578 00000008H .xdata$_ZN6System8Sysutils9EIntErrorD0Ev DATA
 0002:00023580 00000008H .xdata$_ZN6System8Sysutils9EExternalD0Ev DATA
 0002:00023588 00000008H .xdata$_ZN6System11AnsiStringTILt0EEC2ERKS1_ DATA
 0002:00023590 00000008H .xdata$_ZN6System14AnsiStringBaseC2Ev DATA
 0002:00023598 00000008H .xdata$_ZN6System15DelphiInterfaceINS_14IEnumerator__1INS_13UnicodeStringEEEEC2Ev DATA
 0002:000235a0 00000008H .xdata$_ZN6System15DelphiInterfaceINS_14IEnumerable__1INS_13UnicodeStringEEEEC2Ev DATA
 0002:000235a8 000001d4H .xdata                  DATA
 0002:0002377c 00000020H .xdata$_ZN6System15DelphiInterfaceINS_10IInterfaceEED2Ev DATA
 0002:0002379c 00000018H .xdata$_ZNK6System11AnsiStringTILt65001EEplERKS1_ DATA
 0002:000237b4 00000020H .xdata$_ZN6System11AnsiStringTILt65001EEaSEOS1_ DATA
 0002:000237d4 00000020H .xdata$_ZNSt3__112__hash_tableINS_17__hash_value_typeIPN6System7Typinfo9TTypeInfoEPSt9type_infoEENS_22__unordered_map_hasherIS5_S8_NS_4hashIS5_EENS_8equal_toIS5_EELb1EEENS_21__unordered_map_equalIS5_S8_SD_SB_Lb1EEENS_9allocatorIS8_EEE17__deallocate_nodeEPNS_16__hash_node_baseIPNS_11__hash_nodeIS8_PvEEEE DATA
 0002:000237f4 00000024H .xdata$_ZNSt3__112__hash_tableINS_17__hash_value_typeIPN6System7Typinfo9TTypeInfoEPSt9type_infoEENS_22__unordered_map_hasherIS5_S8_NS_4hashIS5_EENS_8equal_toIS5_EELb1EEENS_21__unordered_map_equalIS5_S8_SD_SB_Lb1EEENS_9allocatorIS8_EEE25__emplace_unique_key_argsIS5_JRKNS_21piecewise_construct_tENS_5tupleIJRKS5_EEENSO_IJEEEEEENS_4pairINS_15__hash_iteratorIPNS_11__hash_nodeIS8_PvEEEEbEERKT_DpOT0_ DATA
 0002:00023818 00000020H .xdata$_ZNSt3__112__hash_tableINS_17__hash_value_typeIPN6System7Typinfo9TTypeInfoEPSt9type_infoEENS_22__unordered_map_hasherIS5_S8_NS_4hashIS5_EENS_8equal_toIS5_EELb1EEENS_21__unordered_map_equalIS5_S8_SD_SB_Lb1EEENS_9allocatorIS8_EEE21__construct_node_hashIRKNS_21piecewise_construct_tEJNS_5tupleIJRKS5_EEENSO_IJEEEEEENS_10unique_ptrINS_11__hash_nodeIS8_PvEENS_22__hash_node_destructorINSH_ISW_EEEEEEyOT_DpOT0_ DATA
 0002:00023838 00000020H .xdata$_ZNKSt3__14hashIPN6System7Typinfo9TTypeInfoEEclB8ne200100ES4_ DATA
 0002:00023858 00000020H .xdata$_ZNSt3__14pairIKPN6System7Typinfo9TTypeInfoEPSt9type_infoEC2B8ne200100IJRS5_EJEEENS_21piecewise_construct_tENS_5tupleIJDpT_EEENSC_IJDpT0_EEE DATA
 0002:00023878 00000020H .xdata$_ZNSt3__122__hash_node_destructorINS_9allocatorINS_11__hash_nodeINS_17__hash_value_typeIPN6System7Typinfo9TTypeInfoEPSt9type_infoEEPvEEEEEclB8ne200100EPSC_ DATA
 0002:00023898 00000008H .xdata$_ZN6System15DelphiInterfaceINS_10IInterfaceEEadEv DATA
 0002:000238a0 00000020H .xdata$_ZN6System15DelphiInterfaceINS_10IInterfaceEED2Ev DATA
 0002:000238c0 00000008H .xdata$_ZNSt3__110lock_guardINS_5mutexEEC2B8ne200100ERS1_ DATA
 0002:000238c8 00000008H .xdata$_ZNSt3__113unordered_mapIPN6System7Typinfo9TTypeInfoEPSt9type_infoNS_4hashIS4_EENS_8equal_toIS4_EENS_9allocatorINS_4pairIKS4_S6_EEEEEC2B8ne200100Ev DATA
 0002:000238d0 00000008H .xdata$_ZNSt3__113unordered_mapIPN6System7Typinfo9TTypeInfoEPSt9type_infoNS_4hashIS4_EENS_8equal_toIS4_EENS_9allocatorINS_4pairIKS4_S6_EEEEED2B8ne200100Ev DATA
 0002:000238d8 00000008H .xdata$_ZNSt3__113unordered_mapIPN6System7Typinfo9TTypeInfoEPSt9type_infoNS_4hashIS4_EENS_8equal_toIS4_EENS_9allocatorINS_4pairIKS4_S6_EEEEEixERSD_ DATA
 0002:000238e0 00000008H .xdata$_ZN6System11AnsiStringTILt65001EEC2ERKNS_13UnicodeStringE DATA
 0002:000238e8 00000018H .xdata$_ZNK6System11AnsiStringTILt65001EEplERKS1_ DATA
 0002:00023900 00000008H .xdata$_ZN6System11AnsiStringTILt65001EEC2EPKc DATA
 0002:00023908 00000008H .xdata$_ZN6System11AnsiStringTILt65001EEC2Ev DATA
 0002:00023910 00000020H .xdata$_ZN6System11AnsiStringTILt65001EEaSEOS1_ DATA
 0002:00023930 00000008H .xdata$_ZN6System11AnsiStringTILt65001EED2Ev DATA
 0002:00023938 00000008H .xdata$_ZN10__cxxabiv117__class_type_infoC2Ev DATA
 0002:00023940 00000008H .xdata$_ZNK6System11AnsiStringTILt65001EE5c_strEv DATA
 0002:00023948 00000008H .xdata$_ZNSt3__110lock_guardINS_5mutexEED2B8ne200100Ev DATA
 0002:00023950 00000008H .xdata$_ZN10__cxxabiv116__shim_type_infoC2Ev DATA
 0002:00023958 00000008H .xdata$_ZNSt3__112__hash_tableINS_17__hash_value_typeIPN6System7Typinfo9TTypeInfoEPSt9type_infoEENS_22__unordered_map_hasherIS5_S8_NS_4hashIS5_EENS_8equal_toIS5_EELb1EEENS_21__unordered_map_equalIS5_S8_SD_SB_Lb1EEENS_9allocatorIS8_EEEC2Ev DATA
 0002:00023960 00000008H .xdata$_ZNSt3__110unique_ptrIA_PNS_16__hash_node_baseIPNS_11__hash_nodeINS_17__hash_value_typeIPN6System7Typinfo9TTypeInfoEPSt9type_infoEEPvEEEENS_25__bucket_list_deallocatorINS_9allocatorISF_EEEEEC2B8ne200100ILb1EvEEv DATA
 0002:00023968 00000008H .xdata$_ZNSt3__116__hash_node_baseIPNS_11__hash_nodeINS_17__hash_value_typeIPN6System7Typinfo9TTypeInfoEPSt9type_infoEEPvEEEC2B8ne200100Ev DATA
 0002:00023970 00000008H .xdata$_ZNSt3__19allocatorINS_11__hash_nodeINS_17__hash_value_typeIPN6System7Typinfo9TTypeInfoEPSt9type_infoEEPvEEEC2B8ne200100Ev DATA
 0002:00023978 00000008H .xdata$_ZNSt3__122__unordered_map_hasherIPN6System7Typinfo9TTypeInfoENS_17__hash_value_typeIS4_PSt9type_infoEENS_4hashIS4_EENS_8equal_toIS4_EELb1EEC2B8ne200100Ev DATA
 0002:00023980 00000008H .xdata$_ZNSt3__121__unordered_map_equalIPN6System7Typinfo9TTypeInfoENS_17__hash_value_typeIS4_PSt9type_infoEENS_8equal_toIS4_EENS_4hashIS4_EELb1EEC2B8ne200100Ev DATA
 0002:00023988 00000008H .xdata$_ZNSt3__125__bucket_list_deallocatorINS_9allocatorIPNS_16__hash_node_baseIPNS_11__hash_nodeINS_17__hash_value_typeIPN6System7Typinfo9TTypeInfoEPSt9type_infoEEPvEEEEEEEC2B8ne200100Ev DATA
 0002:00023990 00000008H .xdata$_ZNSt3__19allocatorIPNS_16__hash_node_baseIPNS_11__hash_nodeINS_17__hash_value_typeIPN6System7Typinfo9TTypeInfoEPSt9type_infoEEPvEEEEEC2B8ne200100Ev DATA
 0002:00023998 00000008H .xdata$_ZNSt3__116__non_trivial_ifILb1ENS_9allocatorIPNS_16__hash_node_baseIPNS_11__hash_nodeINS_17__hash_value_typeIPN6System7Typinfo9TTypeInfoEPSt9type_infoEEPvEEEEEEEC2B8ne200100Ev DATA
 0002:000239a0 00000008H .xdata$_ZNSt3__116__non_trivial_ifILb1ENS_9allocatorINS_11__hash_nodeINS_17__hash_value_typeIPN6System7Typinfo9TTypeInfoEPSt9type_infoEEPvEEEEEC2B8ne200100Ev DATA
 0002:000239a8 00000008H .xdata$_ZNSt3__112__hash_tableINS_17__hash_value_typeIPN6System7Typinfo9TTypeInfoEPSt9type_infoEENS_22__unordered_map_hasherIS5_S8_NS_4hashIS5_EENS_8equal_toIS5_EELb1EEENS_21__unordered_map_equalIS5_S8_SD_SB_Lb1EEENS_9allocatorIS8_EEED2Ev DATA
 0002:000239b0 00000020H .xdata$_ZNSt3__112__hash_tableINS_17__hash_value_typeIPN6System7Typinfo9TTypeInfoEPSt9type_infoEENS_22__unordered_map_hasherIS5_S8_NS_4hashIS5_EENS_8equal_toIS5_EELb1EEENS_21__unordered_map_equalIS5_S8_SD_SB_Lb1EEENS_9allocatorIS8_EEE17__deallocate_nodeEPNS_16__hash_node_baseIPNS_11__hash_nodeIS8_PvEEEE DATA
 0002:000239d0 00000008H .xdata$_ZNSt3__110unique_ptrIA_PNS_16__hash_node_baseIPNS_11__hash_nodeINS_17__hash_value_typeIPN6System7Typinfo9TTypeInfoEPSt9type_infoEEPvEEEENS_25__bucket_list_deallocatorINS_9allocatorISF_EEEEED2B8ne200100Ev DATA
 0002:000239d8 00000008H .xdata$_ZNSt3__112__hash_tableINS_17__hash_value_typeIPN6System7Typinfo9TTypeInfoEPSt9type_infoEENS_22__unordered_map_hasherIS5_S8_NS_4hashIS5_EENS_8equal_toIS5_EELb1EEENS_21__unordered_map_equalIS5_S8_SD_SB_Lb1EEENS_9allocatorIS8_EEE12__node_allocB8ne200100Ev DATA
 0002:000239e0 00000008H .xdata$_ZNSt3__116__hash_node_baseIPNS_11__hash_nodeINS_17__hash_value_typeIPN6System7Typinfo9TTypeInfoEPSt9type_infoEEPvEEE8__upcastB8ne200100Ev DATA
 0002:000239e8 00000008H .xdata$_ZNSt3__116allocator_traitsINS_9allocatorINS_11__hash_nodeINS_17__hash_value_typeIPN6System7Typinfo9TTypeInfoEPSt9type_infoEEPvEEEEE7destroyB8ne200100INS_4pairIKS7_S9_EEvTnNS_9enable_ifIXntsr13__has_destroyISD_PT_EE5valueEiE4typeELi0EEEvRSD_SL_ DATA
 0002:000239f0 00000008H .xdata$_ZNSt3__122__hash_key_value_typesINS_17__hash_value_typeIPN6System7Typinfo9TTypeInfoEPSt9type_infoEEE9__get_ptrB8ne200100ERS8_ DATA
 0002:000239f8 00000008H .xdata$_ZNSt3__111__hash_nodeINS_17__hash_value_typeIPN6System7Typinfo9TTypeInfoEPSt9type_infoEEPvE11__get_valueB8ne200100Ev DATA
 0002:00023a00 00000008H .xdata$_ZNSt3__112__destroy_atB8ne200100INS_11__hash_nodeINS_17__hash_value_typeIPN6System7Typinfo9TTypeInfoEPSt9type_infoEEPvEETnNS_9enable_ifIXntsr8is_arrayIT_EE5valueEiE4typeELi0EEEvPSD_ DATA
 0002:00023a08 00000008H .xdata$_ZNSt3__116allocator_traitsINS_9allocatorINS_11__hash_nodeINS_17__hash_value_typeIPN6System7Typinfo9TTypeInfoEPSt9type_infoEEPvEEEEE10deallocateB8ne200100ERSD_PSC_y DATA
 0002:00023a10 00000008H .xdata$_ZNSt3__114pointer_traitsIPNS_16__hash_node_baseIPNS_11__hash_nodeINS_17__hash_value_typeIPN6System7Typinfo9TTypeInfoEPSt9type_infoEEPvEEEEE10pointer_toB8ne200100ERSE_ DATA
 0002:00023a18 00000008H .xdata$_ZNSt3__112__destroy_atB8ne200100INS_4pairIKPN6System7Typinfo9TTypeInfoEPSt9type_infoEETnNS_9enable_ifIXntsr8is_arrayIT_EE5valueEiE4typeELi0EEEvPSB_ DATA
 0002:00023a20 00000008H .xdata$_ZNSt3__117__hash_value_typeIPN6System7Typinfo9TTypeInfoEPSt9type_infoE11__get_valueB8ne200100Ev DATA
 0002:00023a28 00000008H .xdata$_ZNSt3__17launderB8ne200100INS_4pairIKPN6System7Typinfo9TTypeInfoEPSt9type_infoEEEEPT_SB_ DATA
 0002:00023a30 00000008H .xdata$_ZNSt3__19__launderB8ne200100INS_4pairIKPN6System7Typinfo9TTypeInfoEPSt9type_infoEEEEPT_SB_ DATA
 0002:00023a38 00000008H .xdata$_ZNSt3__111__hash_nodeINS_17__hash_value_typeIPN6System7Typinfo9TTypeInfoEPSt9type_infoEEPvED2B8ne200100Ev DATA
 0002:00023a40 00000008H .xdata$_ZNSt3__19allocatorINS_11__hash_nodeINS_17__hash_value_typeIPN6System7Typinfo9TTypeInfoEPSt9type_infoEEPvEEE10deallocateB8ne200100EPSB_y DATA
 0002:00023a48 00000008H .xdata$_ZNSt3__119__libcpp_deallocateB8ne200100INS_11__hash_nodeINS_17__hash_value_typeIPN6System7Typinfo9TTypeInfoEPSt9type_infoEEPvEEEEvPNS_15__type_identityIT_E4typeENS_15__element_countEy DATA
 0002:00023a50 00000008H .xdata$_ZNSt3__124__is_overaligned_for_newB8ne200100Ey DATA
 0002:00023a58 00000008H .xdata$_ZNSt3__124__libcpp_operator_deleteB8ne200100IJPNS_11__hash_nodeINS_17__hash_value_typeIPN6System7Typinfo9TTypeInfoEPSt9type_infoEEPvEESt11align_val_tEEEvDpT_ DATA
 0002:00023a60 00000008H .xdata$_ZNSt3__124__libcpp_operator_deleteB8ne200100IJPNS_11__hash_nodeINS_17__hash_value_typeIPN6System7Typinfo9TTypeInfoEPSt9type_infoEEPvEEEEEvDpT_ DATA
 0002:00023a68 00000008H .xdata$_ZNSt3__110unique_ptrIA_PNS_16__hash_node_baseIPNS_11__hash_nodeINS_17__hash_value_typeIPN6System7Typinfo9TTypeInfoEPSt9type_infoEEPvEEEENS_25__bucket_list_deallocatorINS_9allocatorISF_EEEEE5resetB8ne200100EDn DATA
 0002:00023a70 00000008H .xdata$_ZNSt3__125__bucket_list_deallocatorINS_9allocatorIPNS_16__hash_node_baseIPNS_11__hash_nodeINS_17__hash_value_typeIPN6System7Typinfo9TTypeInfoEPSt9type_infoEEPvEEEEEEEclB8ne200100EPSG_ DATA
 0002:00023a78 00000008H .xdata$_ZNSt3__116allocator_traitsINS_9allocatorIPNS_16__hash_node_baseIPNS_11__hash_nodeINS_17__hash_value_typeIPN6System7Typinfo9TTypeInfoEPSt9type_infoEEPvEEEEEEE10deallocateB8ne200100ERSH_PSG_y DATA
 0002:00023a80 00000008H .xdata$_ZNSt3__125__bucket_list_deallocatorINS_9allocatorIPNS_16__hash_node_baseIPNS_11__hash_nodeINS_17__hash_value_typeIPN6System7Typinfo9TTypeInfoEPSt9type_infoEEPvEEEEEEE7__allocB8ne200100Ev DATA
 0002:00023a88 00000008H .xdata$_ZNSt3__125__bucket_list_deallocatorINS_9allocatorIPNS_16__hash_node_baseIPNS_11__hash_nodeINS_17__hash_value_typeIPN6System7Typinfo9TTypeInfoEPSt9type_infoEEPvEEEEEEE4sizeB8ne200100Ev DATA
 0002:00023a90 00000008H .xdata$_ZNSt3__19allocatorIPNS_16__hash_node_baseIPNS_11__hash_nodeINS_17__hash_value_typeIPN6System7Typinfo9TTypeInfoEPSt9type_infoEEPvEEEEE10deallocateB8ne200100EPSF_y DATA
 0002:00023a98 00000008H .xdata$_ZNSt3__119__libcpp_deallocateB8ne200100IPNS_16__hash_node_baseIPNS_11__hash_nodeINS_17__hash_value_typeIPN6System7Typinfo9TTypeInfoEPSt9type_infoEEPvEEEEEEvPNS_15__type_identityIT_E4typeENS_15__element_countEy DATA
 0002:00023aa0 00000008H .xdata$_ZNSt3__124__libcpp_operator_deleteB8ne200100IJPPNS_16__hash_node_baseIPNS_11__hash_nodeINS_17__hash_value_typeIPN6System7Typinfo9TTypeInfoEPSt9type_infoEEPvEEEESt11align_val_tEEEvDpT_ DATA
 0002:00023aa8 00000008H .xdata$_ZNSt3__124__libcpp_operator_deleteB8ne200100IJPPNS_16__hash_node_baseIPNS_11__hash_nodeINS_17__hash_value_typeIPN6System7Typinfo9TTypeInfoEPSt9type_infoEEPvEEEEEEEvDpT_ DATA
 0002:00023ab0 00000024H .xdata$_ZNSt3__112__hash_tableINS_17__hash_value_typeIPN6System7Typinfo9TTypeInfoEPSt9type_infoEENS_22__unordered_map_hasherIS5_S8_NS_4hashIS5_EENS_8equal_toIS5_EELb1EEENS_21__unordered_map_equalIS5_S8_SD_SB_Lb1EEENS_9allocatorIS8_EEE25__emplace_unique_key_argsIS5_JRKNS_21piecewise_construct_tENS_5tupleIJRKS5_EEENSO_IJEEEEEENS_4pairINS_15__hash_iteratorIPNS_11__hash_nodeIS8_PvEEEEbEERKT_DpOT0_ DATA
 0002:00023ad4 00000008H .xdata$_ZNSt3__116forward_as_tupleB8ne200100IJRKPN6System7Typinfo9TTypeInfoEEEENS_5tupleIJDpOT_EEESA_ DATA
 0002:00023adc 00000008H .xdata$_ZNSt3__116forward_as_tupleB8ne200100IJEEENS_5tupleIJDpOT_EEES4_ DATA
 0002:00023ae4 00000008H .xdata$_ZNKSt3__115__hash_iteratorIPNS_11__hash_nodeINS_17__hash_value_typeIPN6System7Typinfo9TTypeInfoEPSt9type_infoEEPvEEEptB8ne200100Ev DATA
 0002:00023aec 00000008H .xdata$_ZNSt3__112__hash_tableINS_17__hash_value_typeIPN6System7Typinfo9TTypeInfoEPSt9type_infoEENS_22__unordered_map_hasherIS5_S8_NS_4hashIS5_EENS_8equal_toIS5_EELb1EEENS_21__unordered_map_equalIS5_S8_SD_SB_Lb1EEENS_9allocatorIS8_EEE13hash_functionB8ne200100Ev DATA
 0002:00023af4 00000008H .xdata$_ZNKSt3__122__unordered_map_hasherIPN6System7Typinfo9TTypeInfoENS_17__hash_value_typeIS4_PSt9type_infoEENS_4hashIS4_EENS_8equal_toIS4_EELb1EEclB8ne200100ERKS4_ DATA
 0002:00023afc 00000008H .xdata$_ZNKSt3__112__hash_tableINS_17__hash_value_typeIPN6System7Typinfo9TTypeInfoEPSt9type_infoEENS_22__unordered_map_hasherIS5_S8_NS_4hashIS5_EENS_8equal_toIS5_EELb1EEENS_21__unordered_map_equalIS5_S8_SD_SB_Lb1EEENS_9allocatorIS8_EEE12bucket_countB8ne200100Ev DATA
 0002:00023b04 00000008H .xdata$_ZNSt3__116__constrain_hashB8ne200100Eyy DATA
 0002:00023b0c 00000008H .xdata$_ZNKSt3__110unique_ptrIA_PNS_16__hash_node_baseIPNS_11__hash_nodeINS_17__hash_value_typeIPN6System7Typinfo9TTypeInfoEPSt9type_infoEEPvEEEENS_25__bucket_list_deallocatorINS_9allocatorISF_EEEEEixB8ne200100Ey DATA
 0002:00023b14 00000008H .xdata$_ZNKSt3__116__hash_node_baseIPNS_11__hash_nodeINS_17__hash_value_typeIPN6System7Typinfo9TTypeInfoEPSt9type_infoEEPvEEE6__hashB8ne200100Ev DATA
 0002:00023b1c 00000008H .xdata$_ZNSt3__112__hash_tableINS_17__hash_value_typeIPN6System7Typinfo9TTypeInfoEPSt9type_infoEENS_22__unordered_map_hasherIS5_S8_NS_4hashIS5_EENS_8equal_toIS5_EELb1EEENS_21__unordered_map_equalIS5_S8_SD_SB_Lb1EEENS_9allocatorIS8_EEE6key_eqB8ne200100Ev DATA
 0002:00023b24 00000008H .xdata$_ZNKSt3__121__unordered_map_equalIPN6System7Typinfo9TTypeInfoENS_17__hash_value_typeIS4_PSt9type_infoEENS_8equal_toIS4_EENS_4hashIS4_EELb1EEclB8ne200100ERKS8_RKS4_ DATA
 0002:00023b2c 00000020H .xdata$_ZNSt3__112__hash_tableINS_17__hash_value_typeIPN6System7Typinfo9TTypeInfoEPSt9type_infoEENS_22__unordered_map_hasherIS5_S8_NS_4hashIS5_EENS_8equal_toIS5_EELb1EEENS_21__unordered_map_equalIS5_S8_SD_SB_Lb1EEENS_9allocatorIS8_EEE21__construct_node_hashIRKNS_21piecewise_construct_tEJNS_5tupleIJRKS5_EEENSO_IJEEEEEENS_10unique_ptrINS_11__hash_nodeIS8_PvEENS_22__hash_node_destructorINSH_ISW_EEEEEEyOT_DpOT0_ DATA
 0002:00023b4c 00000008H .xdata$_ZNSt3__112__hash_tableINS_17__hash_value_typeIPN6System7Typinfo9TTypeInfoEPSt9type_infoEENS_22__unordered_map_hasherIS5_S8_NS_4hashIS5_EENS_8equal_toIS5_EELb1EEENS_21__unordered_map_equalIS5_S8_SD_SB_Lb1EEENS_9allocatorIS8_EEE4sizeB8ne200100Ev DATA
 0002:00023b54 00000008H .xdata$_ZNSt3__112__hash_tableINS_17__hash_value_typeIPN6System7Typinfo9TTypeInfoEPSt9type_infoEENS_22__unordered_map_hasherIS5_S8_NS_4hashIS5_EENS_8equal_toIS5_EELb1EEENS_21__unordered_map_equalIS5_S8_SD_SB_Lb1EEENS_9allocatorIS8_EEE15max_load_factorB8ne200100Ev DATA
 0002:00023b5c 00000008H .xdata$_ZNSt3__112__hash_tableINS_17__hash_value_typeIPN6System7Typinfo9TTypeInfoEPSt9type_infoEENS_22__unordered_map_hasherIS5_S8_NS_4hashIS5_EENS_8equal_toIS5_EELb1EEENS_21__unordered_map_equalIS5_S8_SD_SB_Lb1EEENS_9allocatorIS8_EEE15__rehash_uniqueB8ne200100Ey DATA
 0002:00023b64 00000008H .xdata$_ZNSt3__13maxB8ne200100IyEERKT_S3_S3_ DATA
 0002:00023b6c 00000008H .xdata$_ZNSt3__116__is_hash_power2B8ne200100Ey DATA
 0002:00023b74 00000008H .xdata$_ZNSt3__16__math4ceilB8ne200100Ef DATA
 0002:00023b7c 00000008H .xdata$_ZNSt3__116__hash_node_baseIPNS_11__hash_nodeINS_17__hash_value_typeIPN6System7Typinfo9TTypeInfoEPSt9type_infoEEPvEEE5__ptrB8ne200100Ev DATA
 0002:00023b84 00000008H .xdata$_ZNKSt3__110unique_ptrINS_11__hash_nodeINS_17__hash_value_typeIPN6System7Typinfo9TTypeInfoEPSt9type_infoEEPvEENS_22__hash_node_destructorINS_9allocatorISB_EEEEEptB8ne200100Ev DATA
 0002:00023b8c 00000008H .xdata$_ZNKSt3__110unique_ptrINS_11__hash_nodeINS_17__hash_value_typeIPN6System7Typinfo9TTypeInfoEPSt9type_infoEEPvEENS_22__hash_node_destructorINS_9allocatorISB_EEEEE3getB8ne200100Ev DATA
 0002:00023b94 00000008H .xdata$_ZNSt3__110unique_ptrINS_11__hash_nodeINS_17__hash_value_typeIPN6System7Typinfo9TTypeInfoEPSt9type_infoEEPvEENS_22__hash_node_destructorINS_9allocatorISB_EEEEE7releaseB8ne200100Ev DATA
 0002:00023b9c 00000008H .xdata$_ZNSt3__110unique_ptrINS_11__hash_nodeINS_17__hash_value_typeIPN6System7Typinfo9TTypeInfoEPSt9type_infoEEPvEENS_22__hash_node_destructorINS_9allocatorISB_EEEEED2B8ne200100Ev DATA
 0002:00023ba4 00000008H .xdata$_ZNSt3__115__hash_iteratorIPNS_11__hash_nodeINS_17__hash_value_typeIPN6System7Typinfo9TTypeInfoEPSt9type_infoEEPvEEEC2B8ne200100EPNS_16__hash_node_baseISC_EE DATA
 0002:00023bac 00000008H .xdata$_ZNSt3__14pairINS_15__hash_iteratorIPNS_11__hash_nodeINS_17__hash_value_typeIPN6System7Typinfo9TTypeInfoEPSt9type_infoEEPvEEEEbEC2B8ne200100ISE_RbTnNS_9enable_ifIXclsr10_CheckArgsE23__is_pair_constructibleIT_T0_EEEiE4typeELi0EEEOSJ_OSK_ DATA
 0002:00023bb4 00000020H .xdata$_ZNKSt3__14hashIPN6System7Typinfo9TTypeInfoEEclB8ne200100ES4_ DATA
 0002:00023bd4 00000008H .xdata$_ZNKSt3__121__murmur2_or_cityhashIyLy64EEclB8ne200100EPKvy DATA
 0002:00023bdc 00000008H .xdata$_ZNSt3__121__murmur2_or_cityhashIyLy64EE18__hash_len_0_to_16B8ne200100EPKcy DATA
 0002:00023be4 00000008H .xdata$_ZNSt3__121__murmur2_or_cityhashIyLy64EE19__hash_len_17_to_32B8ne200100EPKcy DATA
 0002:00023bec 00000008H .xdata$_ZNSt3__121__murmur2_or_cityhashIyLy64EE19__hash_len_33_to_64B8ne200100EPKcy DATA
 0002:00023bf4 00000008H .xdata$_ZNSt3__110__loadwordB8ne200100IyEET_PKv DATA
 0002:00023bfc 00000008H .xdata$_ZNSt3__121__murmur2_or_cityhashIyLy64EE13__hash_len_16B8ne200100Eyy DATA
 0002:00023c04 00000008H .xdata$_ZNSt3__121__murmur2_or_cityhashIyLy64EE29__weak_hash_len_32_with_seedsB8ne200100EPKcyy DATA
 0002:00023c0c 00000008H .xdata$_ZNSt3__121__murmur2_or_cityhashIyLy64EE8__rotateB8ne200100Eyi DATA
 0002:00023c14 00000008H .xdata$_ZNSt3__14pairIyyEaSB8ne200100EOS1_ DATA
 0002:00023c1c 00000008H .xdata$_ZNSt3__14swapB8ne200100IyEENS_9enable_ifIXaasr21is_move_constructibleIT_EE5valuesr18is_move_assignableIS2_EE5valueEvE4typeERS2_S5_ DATA
 0002:00023c24 00000008H .xdata$_ZNSt3__121__murmur2_or_cityhashIyLy64EE11__shift_mixB8ne200100Ey DATA
 0002:00023c2c 00000008H .xdata$_ZNSt3__121__murmur2_or_cityhashIyLy64EE22__rotate_by_at_least_1B8ne200100Eyi DATA
 0002:00023c34 00000008H .xdata$_ZNSt3__110__loadwordB8ne200100IjEET_PKv DATA
 0002:00023c3c 00000008H .xdata$_ZNSt3__121__murmur2_or_cityhashIyLy64EE29__weak_hash_len_32_with_seedsB8ne200100Eyyyyyy DATA
 0002:00023c44 00000008H .xdata$_ZNSt3__14pairIyyEC2B8ne200100IyyTnNS_9enable_ifIXclsr10_CheckArgsE23__is_pair_constructibleIT_T0_EEEiE4typeELi0EEEOS4_OS5_ DATA
 0002:00023c4c 00000008H .xdata$_ZNKSt3__110unique_ptrIA_PNS_16__hash_node_baseIPNS_11__hash_nodeINS_17__hash_value_typeIPN6System7Typinfo9TTypeInfoEPSt9type_infoEEPvEEEENS_25__bucket_list_deallocatorINS_9allocatorISF_EEEEE11get_deleterB8ne200100Ev DATA
 0002:00023c54 00000008H .xdata$_ZNKSt3__125__bucket_list_deallocatorINS_9allocatorIPNS_16__hash_node_baseIPNS_11__hash_nodeINS_17__hash_value_typeIPN6System7Typinfo9TTypeInfoEPSt9type_infoEEPvEEEEEEE4sizeB8ne200100Ev DATA
 0002:00023c5c 00000008H .xdata$_ZNKSt3__18equal_toIPN6System7Typinfo9TTypeInfoEEclB8ne200100ERKS4_S7_ DATA
 0002:00023c64 00000008H .xdata$_ZNKSt3__117__hash_value_typeIPN6System7Typinfo9TTypeInfoEPSt9type_infoE11__get_valueB8ne200100Ev DATA
 0002:00023c6c 00000008H .xdata$_ZNSt3__17launderB8ne200100IKNS_4pairIKPN6System7Typinfo9TTypeInfoEPSt9type_infoEEEEPT_SC_ DATA
 0002:00023c74 00000008H .xdata$_ZNSt3__19__launderB8ne200100IKNS_4pairIKPN6System7Typinfo9TTypeInfoEPSt9type_infoEEEEPT_SC_ DATA
 0002:00023c7c 00000008H .xdata$_ZNSt3__116allocator_traitsINS_9allocatorINS_11__hash_nodeINS_17__hash_value_typeIPN6System7Typinfo9TTypeInfoEPSt9type_infoEEPvEEEEE8allocateB8ne200100ERSD_y DATA
 0002:00023c84 00000008H .xdata$_ZNSt3__122__hash_node_destructorINS_9allocatorINS_11__hash_nodeINS_17__hash_value_typeIPN6System7Typinfo9TTypeInfoEPSt9type_infoEEPvEEEEEC2B8ne200100ERSD_b DATA
 0002:00023c8c 00000008H .xdata$_ZNSt3__110unique_ptrINS_11__hash_nodeINS_17__hash_value_typeIPN6System7Typinfo9TTypeInfoEPSt9type_infoEEPvEENS_22__hash_node_destructorINS_9allocatorISB_EEEEEC2B8ne200100ILb1EvEEPSB_NS_16__dependent_typeINS_27__unique_ptr_deleter_sfinaeISF_EEXT_EE20__good_rval_ref_typeE DATA
 0002:00023c94 00000008H .xdata$_ZNSt3__114__construct_atB8ne200100INS_11__hash_nodeINS_17__hash_value_typeIPN6System7Typinfo9TTypeInfoEPSt9type_infoEEPvEEJDnRyEPSB_EEPT_SF_DpOT0_ DATA
 0002:00023c9c 00000008H .xdata$_ZNKSt3__110unique_ptrINS_11__hash_nodeINS_17__hash_value_typeIPN6System7Typinfo9TTypeInfoEPSt9type_infoEEPvEENS_22__hash_node_destructorINS_9allocatorISB_EEEEEdeB8ne200100Ev DATA
 0002:00023ca4 00000008H .xdata$_ZNSt3__116allocator_traitsINS_9allocatorINS_11__hash_nodeINS_17__hash_value_typeIPN6System7Typinfo9TTypeInfoEPSt9type_infoEEPvEEEEE9constructB8ne200100INS_4pairIKS7_S9_EEJRKNS_21piecewise_construct_tENS_5tupleIJRSH_EEENSM_IJEEEEvTnNS_9enable_ifIXntsr15__has_constructISD_PT_DpT0_EE5valueEiE4typeELi0EEEvRSD_SS_DpOST_ DATA
 0002:00023cac 00000008H .xdata$_ZNSt3__110unique_ptrINS_11__hash_nodeINS_17__hash_value_typeIPN6System7Typinfo9TTypeInfoEPSt9type_infoEEPvEENS_22__hash_node_destructorINS_9allocatorISB_EEEEE11get_deleterB8ne200100Ev DATA
 0002:00023cb4 00000008H .xdata$_ZNSt3__19allocatorINS_11__hash_nodeINS_17__hash_value_typeIPN6System7Typinfo9TTypeInfoEPSt9type_infoEEPvEEE8allocateB8ne200100Ey DATA
 0002:00023cbc 00000008H .xdata$_ZNSt3__116allocator_traitsINS_9allocatorINS_11__hash_nodeINS_17__hash_value_typeIPN6System7Typinfo9TTypeInfoEPSt9type_infoEEPvEEEEE8max_sizeB8ne200100ISD_vTnNS_9enable_ifIXntsr14__has_max_sizeIKT_EE5valueEiE4typeELi0EEEyRKSD_ DATA
 0002:00023cc4 00000008H .xdata$_ZSt28__throw_bad_array_new_lengthB8ne200100v DATA
 0002:00023ccc 00000008H .xdata$_ZNSt3__117__libcpp_allocateB8ne200100INS_11__hash_nodeINS_17__hash_value_typeIPN6System7Typinfo9TTypeInfoEPSt9type_infoEEPvEEEEPT_NS_15__element_countEy DATA
 0002:00023cd4 00000008H .xdata$_ZNSt3__114numeric_limitsIyE3maxB8ne200100Ev DATA
 0002:00023cdc 00000008H .xdata$_ZNSt3__121__libcpp_operator_newB8ne200100IJySt11align_val_tEEEPvDpT_ DATA
 0002:00023ce4 00000008H .xdata$_ZNSt3__121__libcpp_operator_newB8ne200100IJyEEEPvDpT_ DATA
 0002:00023cec 00000008H .xdata$_ZNSt3__125__compressed_pair_paddingINS_22__hash_node_destructorINS_9allocatorINS_11__hash_nodeINS_17__hash_value_typeIPN6System7Typinfo9TTypeInfoEPSt9type_infoEEPvEEEEEELb0EEC2Ev DATA
 0002:00023cf4 00000008H .xdata$_ZNSt3__112construct_atB8ne200100INS_11__hash_nodeINS_17__hash_value_typeIPN6System7Typinfo9TTypeInfoEPSt9type_infoEEPvEEJDnRyEPSB_EEPT_SF_DpOT0_ DATA
 0002:00023cfc 00000008H .xdata$_ZNSt3__111__hash_nodeINS_17__hash_value_typeIPN6System7Typinfo9TTypeInfoEPSt9type_infoEEPvEC2B8ne200100EPNS_16__hash_node_baseIPSA_EEy DATA
 0002:00023d04 00000008H .xdata$_ZNSt3__116__hash_node_baseIPNS_11__hash_nodeINS_17__hash_value_typeIPN6System7Typinfo9TTypeInfoEPSt9type_infoEEPvEEEC2B8ne200100EPSD_ DATA
 0002:00023d0c 00000008H .xdata$_ZNSt3__114__construct_atB8ne200100INS_4pairIKPN6System7Typinfo9TTypeInfoEPSt9type_infoEEJRKNS_21piecewise_construct_tENS_5tupleIJRS6_EEENSD_IJEEEEPS9_EEPT_SJ_DpOT0_ DATA
 0002:00023d14 00000008H .xdata$_ZNSt3__112construct_atB8ne200100INS_4pairIKPN6System7Typinfo9TTypeInfoEPSt9type_infoEEJRKNS_21piecewise_construct_tENS_5tupleIJRS6_EEENSD_IJEEEEPS9_EEPT_SJ_DpOT0_ DATA
 0002:00023d1c 00000020H .xdata$_ZNSt3__14pairIKPN6System7Typinfo9TTypeInfoEPSt9type_infoEC2B8ne200100IJRS5_EJEEENS_21piecewise_construct_tENS_5tupleIJDpT_EEENSC_IJDpT0_EEE DATA
 0002:00023d3c 00000008H .xdata$_ZNSt3__14pairIKPN6System7Typinfo9TTypeInfoEPSt9type_infoEC2B8ne200100IJRS5_EJEJLy0EETpTnyJEEENS_21piecewise_construct_tERNS_5tupleIJDpT_EEERNSC_IJDpT0_EEENS_15__tuple_indicesIJXspT1_EEEENSL_IJXspT2_EEEE DATA
 0002:00023d44 00000008H .xdata$_ZNSt3__13getB8ne200100ILy0EJRKPN6System7Typinfo9TTypeInfoEEEERNS_13tuple_elementIXT_ENS_5tupleIJDpT0_EEEE4typeERSB_ DATA
 0002:00023d4c 00000008H .xdata$_ZNSt3__112__tuple_leafILy0ERKPN6System7Typinfo9TTypeInfoELb0EE3getB8ne200100Ev DATA
 0002:00023d54 00000008H .xdata$_ZNSt3__112__hash_tableINS_17__hash_value_typeIPN6System7Typinfo9TTypeInfoEPSt9type_infoEENS_22__unordered_map_hasherIS5_S8_NS_4hashIS5_EENS_8equal_toIS5_EELb1EEENS_21__unordered_map_equalIS5_S8_SD_SB_Lb1EEENS_9allocatorIS8_EEE8__rehashILb1EEEvy DATA
 0002:00023d5c 00000008H .xdata$_ZNSt3__112__hash_tableINS_17__hash_value_typeIPN6System7Typinfo9TTypeInfoEPSt9type_infoEENS_22__unordered_map_hasherIS5_S8_NS_4hashIS5_EENS_8equal_toIS5_EELb1EEENS_21__unordered_map_equalIS5_S8_SD_SB_Lb1EEENS_9allocatorIS8_EEE11__do_rehashILb1EEEvy DATA
 0002:00023d64 00000008H .xdata$_ZNSt3__116__next_hash_pow2B8ne200100Ey DATA
 0002:00023d6c 00000008H .xdata$_ZNSt3__110unique_ptrIA_PNS_16__hash_node_baseIPNS_11__hash_nodeINS_17__hash_value_typeIPN6System7Typinfo9TTypeInfoEPSt9type_infoEEPvEEEENS_25__bucket_list_deallocatorINS_9allocatorISF_EEEEE11get_deleterB8ne200100Ev DATA
 0002:00023d74 00000008H .xdata$_ZNSt3__110unique_ptrIA_PNS_16__hash_node_baseIPNS_11__hash_nodeINS_17__hash_value_typeIPN6System7Typinfo9TTypeInfoEPSt9type_infoEEPvEEEENS_25__bucket_list_deallocatorINS_9allocatorISF_EEEEE5resetB8ne200100IPSF_TnNS_9enable_ifIXsr28_CheckArrayPointerConversionIT_EE5valueEiE4typeELi0EEEvSP_ DATA
 0002:00023d7c 00000008H .xdata$_ZNSt3__116allocator_traitsINS_9allocatorIPNS_16__hash_node_baseIPNS_11__hash_nodeINS_17__hash_value_typeIPN6System7Typinfo9TTypeInfoEPSt9type_infoEEPvEEEEEEE8allocateB8ne200100ERSH_y DATA
 0002:00023d84 00000008H .xdata$_ZNSt3__19allocatorIPNS_16__hash_node_baseIPNS_11__hash_nodeINS_17__hash_value_typeIPN6System7Typinfo9TTypeInfoEPSt9type_infoEEPvEEEEE8allocateB8ne200100Ey DATA
 0002:00023d8c 00000008H .xdata$_ZNSt3__116allocator_traitsINS_9allocatorIPNS_16__hash_node_baseIPNS_11__hash_nodeINS_17__hash_value_typeIPN6System7Typinfo9TTypeInfoEPSt9type_infoEEPvEEEEEEE8max_sizeB8ne200100ISH_vTnNS_9enable_ifIXntsr14__has_max_sizeIKT_EE5valueEiE4typeELi0EEEyRKSH_ DATA
 0002:00023d94 00000008H .xdata$_ZNSt3__117__libcpp_allocateB8ne200100IPNS_16__hash_node_baseIPNS_11__hash_nodeINS_17__hash_value_typeIPN6System7Typinfo9TTypeInfoEPSt9type_infoEEPvEEEEEEPT_NS_15__element_countEy DATA
 0002:00023d9c 00000008H .xdata$_ZNSt3__112__libcpp_clzB8ne200100Ey DATA
 0002:00023da4 00000008H .xdata$_ZNSt3__13maxB8ne200100IyNS_6__lessIvvEEEERKT_S5_S5_T0_ DATA
 0002:00023dac 00000008H .xdata$_ZNKSt3__16__lessIvvEclB8ne200100IyyEEbRKT_RKT0_ DATA
 0002:00023db4 00000008H .xdata$_ZNSt3__110unique_ptrINS_11__hash_nodeINS_17__hash_value_typeIPN6System7Typinfo9TTypeInfoEPSt9type_infoEEPvEENS_22__hash_node_destructorINS_9allocatorISB_EEEEE5resetB8ne200100EPSB_ DATA
 0002:00023dbc 00000020H .xdata$_ZNSt3__122__hash_node_destructorINS_9allocatorINS_11__hash_nodeINS_17__hash_value_typeIPN6System7Typinfo9TTypeInfoEPSt9type_infoEEPvEEEEEclB8ne200100EPSC_ DATA
 0002:00023ddc 00000008H .xdata$_ZNSt3__15tupleIJRKPN6System7Typinfo9TTypeInfoEEEC2B8ne200100INS_4_AndETnNS_9enable_ifIXsrT_IJNS_17integral_constantIbLb1EEENS_21is_copy_constructibleIS6_EEEE5valueEiE4typeELi0EEES6_ DATA
 0002:00023de4 00000008H .xdata$_ZNSt3__112__tuple_implINS_15__tuple_indicesIJLy0EEEEJRKPN6System7Typinfo9TTypeInfoEEEC2B8ne200100IJLy0EEJS8_ETpTnyJEJEJS8_EEENS1_IJXspT_EEEENS_13__tuple_typesIJDpT0_EEENS1_IJXspT1_EEEENSC_IJDpT2_EEEDpOT3_ DATA
 0002:00023dec 00000008H .xdata$_ZNSt3__112__tuple_leafILy0ERKPN6System7Typinfo9TTypeInfoELb0EEC2B8ne200100IS6_TnNS_9enable_ifIXsr4_AndINS_17integral_constantIbXntu9__is_sameu14__remove_cvrefIT_ES7_EEEENS_16is_constructibleIS6_JSB_EEEEE5valueEiE4typeELi0EEEOSB_ DATA
 0002:00023df4 00000008H .xdata$_ZNSt3__114pointer_traitsIPNS_17__hash_value_typeIPN6System7Typinfo9TTypeInfoEPSt9type_infoEEE10pointer_toB8ne200100ERS8_ DATA
 0002:00023dfc 00000008H .xdata$_ZN6System11AnsiStringTILt65001EE4swapERS1_ DATA
 0002:00023e04 000006d0H .xdata                  DATA
 0002:000244d4 00000020H .xdata$_ZN6System8Sysutils11ERangeErrorC3ENS_13UnicodeStringE DATA
 0002:000244f4 00000020H .xdata$_ZN6System11AnsiStringTILt0EED2Ev DATA
 0002:00024514 00000020H .xdata$_ZN6System8Sysutils9EIntErrorC3ENS_13UnicodeStringE DATA
 0002:00024534 00000020H .xdata$_ZN6System8Sysutils9EExternalC3ENS_13UnicodeStringE DATA
 0002:00024554 00000008H .xdata$_ZN6System8_CharLenIwEEiPKT_ DATA
 0002:0002455c 00000008H .xdata$_ZN6System8_CharLenIDsEEiPKT_ DATA
 0002:00024564 00000008H .xdata$_ZN6System14AnsiStringBaseC2ILt0EEEONS_11AnsiStringTIXT_EEE DATA
 0002:0002456c 00000008H .xdata$_ZNK6System14AnsiStringBase8CodePageEv DATA
 0002:00024574 00000008H .xdata$_ZNK6System14AnsiStringBaseixEi DATA
 0002:0002457c 00001b00H .xdata                  DATA
 0004:00000000 000001e0H .data                   DATA
 0004:000001e0 00000218H .bss                    DATA
 0004:000003f8 00000008H .bss$_ZGVZN6System11AnsiStringTILt0EED1EvE13__force_inst1 DATA
 0004:00000400 00000008H .bss$_ZGVZN6System11AnsiStringTILt0EED1EvE13__force_inst2 DATA
 0004:00000408 00000008H .bss$_ZGVZN6System15DelphiInterfaceINS_14IEnumerable__1INS_13UnicodeStringEEEED1EvE13__force_inst1 DATA
 0004:00000410 00000008H .bss$_ZGVZN6System15DelphiInterfaceINS_14IEnumerable__1INS_13UnicodeStringEEEED1EvE13__force_inst2 DATA
 0004:00000418 00000008H .bss$_ZGVZN6System15DelphiInterfaceINS_14IEnumerator__1INS_13UnicodeStringEEEED1EvE13__force_inst1 DATA
 0004:00000420 00000008H .bss$_ZGVZN6System15DelphiInterfaceINS_14IEnumerator__1INS_13UnicodeStringEEEED1EvE13__force_inst2 DATA
 0004:00000428 00000008H .bss$_ZZN6System11AnsiStringTILt0EED1EvE13__force_inst1 DATA
 0004:00000430 00000008H .bss$_ZZN6System11AnsiStringTILt0EED1EvE13__force_inst2 DATA
 0004:00000438 00000008H .bss$_ZZN6System15DelphiInterfaceINS_14IEnumerable__1INS_13UnicodeStringEEEED1EvE13__force_inst1 DATA
 0004:00000440 00000008H .bss$_ZZN6System15DelphiInterfaceINS_14IEnumerable__1INS_13UnicodeStringEEEED1EvE13__force_inst2 DATA
 0004:00000448 00000008H .bss$_ZZN6System15DelphiInterfaceINS_14IEnumerator__1INS_13UnicodeStringEEEED1EvE13__force_inst1 DATA
 0004:00000450 00000008H .bss$_ZZN6System15DelphiInterfaceINS_14IEnumerator__1INS_13UnicodeStringEEEED1EvE13__force_inst2 DATA
 0005:00000000 00000264H .pdata                  DATA
 0005:00000264 0000000cH .pdata$_ZN3Fmx5Forms5TFormC3EPN6System7Classes10TComponentE DATA
 0005:00000270 0000000cH .pdata$_ZNK6System13UnicodeString5c_strEv DATA
 0005:0000027c 0000000cH .pdata$_ZN21Idhttpwebbrokerbridge22TIdHTTPWebBrokerBridgeC3EPN6System7Classes10TComponentE DATA
 0005:00000288 0000000cH .pdata$_ZN6TForm1D0Ev   DATA
 0005:00000294 0000000cH .pdata$_ZN3Fmx5Forms5TFormC3EPN6System7Classes10TComponentEx DATA
 0005:000002a0 0000000cH .pdata$_ZN6System7Classes15TComponentClassC1Ev DATA
 0005:000002ac 0000000cH .pdata$_ZN6System7Classes15TComponentClassC2Ev DATA
 0005:000002b8 0000000cH .pdata$_ZN6System15DelphiMetaClassINS_7Classes15TComponentClassEEC2Ev DATA
 0005:000002c4 0000000cH .pdata$_ZN3Fmx5Forms5TFormD0Ev DATA
 0005:000002d0 0000000cH .pdata                  DATA
 0005:000002dc 0000000cH .pdata$_ZN6System7Classes15TComponentClassC1EPNS_10TMetaClassE DATA
 0005:000002e8 0000000cH .pdata$__clang_call_terminate DATA
 0005:000002f4 0000000cH .pdata$_ZN6System7Classes15TComponentClassC2EPNS_10TMetaClassE DATA
 0005:00000300 0000000cH .pdata$_ZN6System15DelphiMetaClassINS_7Classes15TComponentClassEEC2EPNS_10TMetaClassE DATA
 0005:0000030c 0000003cH .pdata                  DATA
 0005:00000348 0000000cH .pdata$_ZN11TWebModule1D0Ev DATA
 0005:00000354 0000000cH .pdata$_ZN3Web7Httpapp10TWebModuleC3EPN6System7Classes10TComponentEi DATA
 0005:00000360 0000000cH .pdata$_ZN3Web7Httpapp10TWebModuleD0Ev DATA
 0005:0000036c 0000000cH .pdata$_ZN3Web7Httpapp20TCustomWebDispatcherC3EPN6System7Classes10TComponentEi DATA
 0005:00000378 00000ad4H .pdata                  DATA
 0005:00000e4c 0000000cH .pdata$_ZN6System8Sysutils11ERangeErrorC3ENS_13UnicodeStringE DATA
 0005:00000e58 0000000cH .pdata$_ZN6System8Sysutils11ERangeErrorD0Ev DATA
 0005:00000e64 0000000cH .pdata$_ZN6System11WideCharLenIwEEiPKT_ DATA
 0005:00000e70 0000000cH .pdata$_ZN6System11WideCharLenIDsEEiPKT_ DATA
 0005:00000e7c 0000000cH .pdata$_ZN6System11AnsiStringTILt0EEC2EPKci DATA
 0005:00000e88 0000000cH .pdata$_ZN6System11AnsiStringTILt0EED2Ev DATA
 0005:00000e94 0000000cH .pdata$_ZN6System13UnicodeStringaSEOS0_ DATA
 0005:00000ea0 0000000cH .pdata$_ZN6System11AnsiStringTILt0EEC2Ev DATA
 0005:00000eac 0000000cH .pdata$_ZN6System13UnicodeStringC2ILt0EEERKNS_11AnsiStringTIXT_EEE DATA
 0005:00000eb8 0000000cH .pdata$_ZN6System15DelphiInterfaceINS_14IEnumerator__1INS_13UnicodeStringEEEEC2ERKS4_ DATA
 0005:00000ec4 0000000cH .pdata$_ZN6System15DelphiInterfaceINS_14IEnumerator__1INS_13UnicodeStringEEEED2Ev DATA
 0005:00000ed0 0000000cH .pdata$_ZN6System15DelphiInterfaceINS_14IEnumerable__1INS_13UnicodeStringEEEEC2ERKS4_ DATA
 0005:00000edc 0000000cH .pdata$_ZN6System15DelphiInterfaceINS_14IEnumerable__1INS_13UnicodeStringEEEED2Ev DATA
 0005:00000ee8 0000000cH .pdata$_ZN6System8Sysutils9EIntErrorC3ENS_13UnicodeStringE DATA
 0005:00000ef4 0000000cH .pdata$_ZN6System8Sysutils9EExternalC3ENS_13UnicodeStringE DATA
 0005:00000f00 0000000cH .pdata$_ZN6System8Sysutils9EIntErrorD0Ev DATA
 0005:00000f0c 0000000cH .pdata$_ZN6System8Sysutils9EExternalD0Ev DATA
 0005:00000f18 0000000cH .pdata$_ZN6System11AnsiStringTILt0EEC2ERKS1_ DATA
 0005:00000f24 0000000cH .pdata$_ZN6System14AnsiStringBaseC2Ev DATA
 0005:00000f30 0000000cH .pdata$_ZN6System15DelphiInterfaceINS_14IEnumerator__1INS_13UnicodeStringEEEEC2Ev DATA
 0005:00000f3c 0000000cH .pdata$_ZN6System15DelphiInterfaceINS_14IEnumerable__1INS_13UnicodeStringEEEEC2Ev DATA
 0005:00000f48 00000240H .pdata                  DATA
 0005:00001188 0000000cH .pdata$_ZN6System15DelphiInterfaceINS_10IInterfaceEEadEv DATA
 0005:00001194 0000000cH .pdata$_ZN6System15DelphiInterfaceINS_10IInterfaceEED2Ev DATA
 0005:000011a0 0000000cH .pdata$_ZNSt3__110lock_guardINS_5mutexEEC2B8ne200100ERS1_ DATA
 0005:000011ac 0000000cH .pdata$_ZNSt3__113unordered_mapIPN6System7Typinfo9TTypeInfoEPSt9type_infoNS_4hashIS4_EENS_8equal_toIS4_EENS_9allocatorINS_4pairIKS4_S6_EEEEEC2B8ne200100Ev DATA
 0005:000011b8 0000000cH .pdata$_ZNSt3__113unordered_mapIPN6System7Typinfo9TTypeInfoEPSt9type_infoNS_4hashIS4_EENS_8equal_toIS4_EENS_9allocatorINS_4pairIKS4_S6_EEEEED2B8ne200100Ev DATA
 0005:000011c4 0000000cH .pdata$_ZNSt3__113unordered_mapIPN6System7Typinfo9TTypeInfoEPSt9type_infoNS_4hashIS4_EENS_8equal_toIS4_EENS_9allocatorINS_4pairIKS4_S6_EEEEEixERSD_ DATA
 0005:000011d0 0000000cH .pdata$_ZN6System11AnsiStringTILt65001EEC2ERKNS_13UnicodeStringE DATA
 0005:000011dc 0000000cH .pdata$_ZNK6System11AnsiStringTILt65001EEplERKS1_ DATA
 0005:000011e8 0000000cH .pdata$_ZN6System11AnsiStringTILt65001EEC2EPKc DATA
 0005:000011f4 0000000cH .pdata$_ZN6System11AnsiStringTILt65001EEC2Ev DATA
 0005:00001200 0000000cH .pdata$_ZN6System11AnsiStringTILt65001EEaSEOS1_ DATA
 0005:0000120c 0000000cH .pdata$_ZN6System11AnsiStringTILt65001EED2Ev DATA
 0005:00001218 0000000cH .pdata$_ZN10__cxxabiv117__class_type_infoC2Ev DATA
 0005:00001224 0000000cH .pdata$_ZNK6System11AnsiStringTILt65001EE5c_strEv DATA
 0005:00001230 0000000cH .pdata$_ZNSt3__110lock_guardINS_5mutexEED2B8ne200100Ev DATA
 0005:0000123c 0000000cH .pdata$_ZN10__cxxabiv116__shim_type_infoC2Ev DATA
 0005:00001248 0000000cH .pdata$_ZNSt3__112__hash_tableINS_17__hash_value_typeIPN6System7Typinfo9TTypeInfoEPSt9type_infoEENS_22__unordered_map_hasherIS5_S8_NS_4hashIS5_EENS_8equal_toIS5_EELb1EEENS_21__unordered_map_equalIS5_S8_SD_SB_Lb1EEENS_9allocatorIS8_EEEC2Ev DATA
 0005:00001254 0000000cH .pdata$_ZNSt3__110unique_ptrIA_PNS_16__hash_node_baseIPNS_11__hash_nodeINS_17__hash_value_typeIPN6System7Typinfo9TTypeInfoEPSt9type_infoEEPvEEEENS_25__bucket_list_deallocatorINS_9allocatorISF_EEEEEC2B8ne200100ILb1EvEEv DATA
 0005:00001260 0000000cH .pdata$_ZNSt3__116__hash_node_baseIPNS_11__hash_nodeINS_17__hash_value_typeIPN6System7Typinfo9TTypeInfoEPSt9type_infoEEPvEEEC2B8ne200100Ev DATA
 0005:0000126c 0000000cH .pdata$_ZNSt3__19allocatorINS_11__hash_nodeINS_17__hash_value_typeIPN6System7Typinfo9TTypeInfoEPSt9type_infoEEPvEEEC2B8ne200100Ev DATA
 0005:00001278 0000000cH .pdata$_ZNSt3__122__unordered_map_hasherIPN6System7Typinfo9TTypeInfoENS_17__hash_value_typeIS4_PSt9type_infoEENS_4hashIS4_EENS_8equal_toIS4_EELb1EEC2B8ne200100Ev DATA
 0005:00001284 0000000cH .pdata$_ZNSt3__121__unordered_map_equalIPN6System7Typinfo9TTypeInfoENS_17__hash_value_typeIS4_PSt9type_infoEENS_8equal_toIS4_EENS_4hashIS4_EELb1EEC2B8ne200100Ev DATA
 0005:00001290 0000000cH .pdata$_ZNSt3__125__bucket_list_deallocatorINS_9allocatorIPNS_16__hash_node_baseIPNS_11__hash_nodeINS_17__hash_value_typeIPN6System7Typinfo9TTypeInfoEPSt9type_infoEEPvEEEEEEEC2B8ne200100Ev DATA
 0005:0000129c 0000000cH .pdata$_ZNSt3__19allocatorIPNS_16__hash_node_baseIPNS_11__hash_nodeINS_17__hash_value_typeIPN6System7Typinfo9TTypeInfoEPSt9type_infoEEPvEEEEEC2B8ne200100Ev DATA
 0005:000012a8 0000000cH .pdata$_ZNSt3__116__non_trivial_ifILb1ENS_9allocatorIPNS_16__hash_node_baseIPNS_11__hash_nodeINS_17__hash_value_typeIPN6System7Typinfo9TTypeInfoEPSt9type_infoEEPvEEEEEEEC2B8ne200100Ev DATA
 0005:000012b4 0000000cH .pdata$_ZNSt3__116__non_trivial_ifILb1ENS_9allocatorINS_11__hash_nodeINS_17__hash_value_typeIPN6System7Typinfo9TTypeInfoEPSt9type_infoEEPvEEEEEC2B8ne200100Ev DATA
 0005:000012c0 0000000cH .pdata$_ZNSt3__112__hash_tableINS_17__hash_value_typeIPN6System7Typinfo9TTypeInfoEPSt9type_infoEENS_22__unordered_map_hasherIS5_S8_NS_4hashIS5_EENS_8equal_toIS5_EELb1EEENS_21__unordered_map_equalIS5_S8_SD_SB_Lb1EEENS_9allocatorIS8_EEED2Ev DATA
 0005:000012cc 0000000cH .pdata$_ZNSt3__112__hash_tableINS_17__hash_value_typeIPN6System7Typinfo9TTypeInfoEPSt9type_infoEENS_22__unordered_map_hasherIS5_S8_NS_4hashIS5_EENS_8equal_toIS5_EELb1EEENS_21__unordered_map_equalIS5_S8_SD_SB_Lb1EEENS_9allocatorIS8_EEE17__deallocate_nodeEPNS_16__hash_node_baseIPNS_11__hash_nodeIS8_PvEEEE DATA
 0005:000012d8 0000000cH .pdata$_ZNSt3__110unique_ptrIA_PNS_16__hash_node_baseIPNS_11__hash_nodeINS_17__hash_value_typeIPN6System7Typinfo9TTypeInfoEPSt9type_infoEEPvEEEENS_25__bucket_list_deallocatorINS_9allocatorISF_EEEEED2B8ne200100Ev DATA
 0005:000012e4 0000000cH .pdata$_ZNSt3__112__hash_tableINS_17__hash_value_typeIPN6System7Typinfo9TTypeInfoEPSt9type_infoEENS_22__unordered_map_hasherIS5_S8_NS_4hashIS5_EENS_8equal_toIS5_EELb1EEENS_21__unordered_map_equalIS5_S8_SD_SB_Lb1EEENS_9allocatorIS8_EEE12__node_allocB8ne200100Ev DATA
 0005:000012f0 0000000cH .pdata$_ZNSt3__116__hash_node_baseIPNS_11__hash_nodeINS_17__hash_value_typeIPN6System7Typinfo9TTypeInfoEPSt9type_infoEEPvEEE8__upcastB8ne200100Ev DATA
 0005:000012fc 0000000cH .pdata$_ZNSt3__116allocator_traitsINS_9allocatorINS_11__hash_nodeINS_17__hash_value_typeIPN6System7Typinfo9TTypeInfoEPSt9type_infoEEPvEEEEE7destroyB8ne200100INS_4pairIKS7_S9_EEvTnNS_9enable_ifIXntsr13__has_destroyISD_PT_EE5valueEiE4typeELi0EEEvRSD_SL_ DATA
 0005:00001308 0000000cH .pdata$_ZNSt3__122__hash_key_value_typesINS_17__hash_value_typeIPN6System7Typinfo9TTypeInfoEPSt9type_infoEEE9__get_ptrB8ne200100ERS8_ DATA
 0005:00001314 0000000cH .pdata$_ZNSt3__111__hash_nodeINS_17__hash_value_typeIPN6System7Typinfo9TTypeInfoEPSt9type_infoEEPvE11__get_valueB8ne200100Ev DATA
 0005:00001320 0000000cH .pdata$_ZNSt3__112__destroy_atB8ne200100INS_11__hash_nodeINS_17__hash_value_typeIPN6System7Typinfo9TTypeInfoEPSt9type_infoEEPvEETnNS_9enable_ifIXntsr8is_arrayIT_EE5valueEiE4typeELi0EEEvPSD_ DATA
 0005:0000132c 0000000cH .pdata$_ZNSt3__116allocator_traitsINS_9allocatorINS_11__hash_nodeINS_17__hash_value_typeIPN6System7Typinfo9TTypeInfoEPSt9type_infoEEPvEEEEE10deallocateB8ne200100ERSD_PSC_y DATA
 0005:00001338 0000000cH .pdata$_ZNSt3__114pointer_traitsIPNS_16__hash_node_baseIPNS_11__hash_nodeINS_17__hash_value_typeIPN6System7Typinfo9TTypeInfoEPSt9type_infoEEPvEEEEE10pointer_toB8ne200100ERSE_ DATA
[...]
 0005:0000345c       $pdata$_ZN21Idhttpwebbrokerbridge22TIdHTTPWebBrokerBridge22RegisterWebModuleClassEN6System7Classes15TComponentClassE 000000014004c45c     IdHTTPWebBrokerBridge.o
 0005:00003468       $pdata$_ZN21Idhttpwebbrokerbridge23IdHTTPGetResponseStreamEPN3Web7Httpapp12TWebResponseE 000000014004c468     IdHTTPWebBrokerBridge.o
 0005:00003474       $pdata$_ZN21Idhttpwebbrokerbridge12FinalizationEv 000000014004c474     IdHTTPWebBrokerBridge.o
 0005:00003480       $pdata$_ZN21Idhttpwebbrokerbridge14initializationEv 000000014004c480     IdHTTPWebBrokerBridge.o
 0005:0000348c       $pdata$_ZN6System8Generics11Collections14TEnumerable__1IPNS_7Classes15TCollectionItemEED0Ev 000000014004c48c     IdHTTPWebBrokerBridge.o
 0005:00003498       $pdata$_ZN6System8Generics11Collections14TEnumerable__1IPNS_7Classes15TCollectionItemEE7ToArrayEv 000000014004c498     IdHTTPWebBrokerBridge.o
 0005:000034b0       $pdata$_ZN6System8Generics11Collections8TList__1IPNS_7Classes15TCollectionItemEE15DoGetEnumeratorEv 000000014004c4b0     IdHTTPWebBrokerBridge.o
 0005:000034bc       $pdata$_ZN6System8Generics11Collections8TList__1IPNS_7Classes15TCollectionItemEE6NotifyES5_NS1_23TCollectionNotificationE 000000014004c4bc     IdHTTPWebBrokerBridge.o
 0005:000034c8       $pdata$_ZN6System8Generics11Collections8TList__1IPNS_7Classes15TCollectionItemEED0Ev 000000014004c4c8     IdHTTPWebBrokerBridge.o
 0005:000034d4       $pdata$_ZN6System8Generics11Collections8TList__1IPNS_7Classes15TCollectionItemEE5ErrorENS_13UnicodeStringEx 000000014004c4d4     IdHTTPWebBrokerBridge.o
 0005:000034e0       $pdata$_ZN6System8Generics11Collections8TList__1IPNS_7Classes15TCollectionItemEE7ToArrayEv 000000014004c4e0     IdHTTPWebBrokerBridge.o
 0005:000034ec       $pdata$_ZN6System8Generics11Collections8TList__1IPNS_7Classes15TCollectionItemEE11TEnumerator12DoGetCurrentEv 000000014004c4ec     IdHTTPWebBrokerBridge.o
 0005:000034f8       $pdata$_ZN6System8Generics11Collections8TList__1IPNS_7Classes15TCollectionItemEE11TEnumerator10DoMoveNextEv 000000014004c4f8     IdHTTPWebBrokerBridge.o
 0005:00003504       $pdata$_ZN6System8Generics11Collections14TEnumerator__1IPNS_7Classes15TCollectionItemEE8MoveNextEv 000000014004c504     IdHTTPWebBrokerBridge.o
 0005:00003510       $pdata$_ZN6System8Generics11Collections14TEnumerable__1IPNS_7Classes15TCollectionItemEE13GetEnumeratorEv 000000014004c510     IdHTTPWebBrokerBridge.o
 0005:0000351c       $pdata$_ZN6System8Generics11Collections8TList__1IPNS_7Classes15TCollectionItemEE11TEnumeratorC3EPS6_ 000000014004c51c     IdHTTPWebBrokerBridge.o
 0005:00003534       $pdata$_ZN6System8Generics11Collections8TList__1IPNS_7Classes15TCollectionItemEE11TEnumerator8MoveNextEv 000000014004c534     IdHTTPWebBrokerBridge.o
 0005:00003540       $pdata$_ZN6System8Generics11Collections8TList__1IPNS_7Classes15TCollectionItemEE11TEnumerator10GetCurrentEv 000000014004c540     IdHTTPWebBrokerBridge.o
 0005:0000354c       $pdata$_ZN6System8Generics11Collections8TList__1IPNS_7Classes15TCollectionItemEEC3Ev 000000014004c54c     IdHTTPWebBrokerBridge.o
 0005:00003564       $pdata$_ZN6System8Generics11Collections8TList__1IPNS_7Classes15TCollectionItemEEC3ENS_15DelphiInterfaceINS0_8Defaults12IComparer__1IS5_EEEE 000000014004c564     IdHTTPWebBrokerBridge.o
 0005:0000357c       $pdata$_ZN6System8Generics11Collections8TList__1IPNS_7Classes15TCollectionItemEEC3EPNS1_14TEnumerable__1IS5_EE 000000014004c57c     IdHTTPWebBrokerBridge.o
 0005:00003594       $pdata$_ZN6System8Generics11Collections8TList__1IPNS_7Classes15TCollectionItemEEC3ENS_15DelphiInterfaceINS_14IEnumerable__1IS5_EEEE 000000014004c594     IdHTTPWebBrokerBridge.o
 0005:000035ac       $pdata$_ZN6System8Generics11Collections8TList__1IPNS_7Classes15TCollectionItemEEC3EPKS5_x 000000014004c5ac     IdHTTPWebBrokerBridge.o
 0005:000035c4       $pdata$_ZN6System8Generics11Collections8TList__1IPNS_7Classes15TCollectionItemEE5ErrorEPNS_13TResStringRecEx 000000014004c5c4     IdHTTPWebBrokerBridge.o
 0005:000035dc       $pdata$_ZN6System8Generics11Collections8TList__1IPNS_7Classes15TCollectionItemEE3AddES5_ 000000014004c5dc     IdHTTPWebBrokerBridge.o
 0005:000035e8       $pdata$_ZN6System8Generics11Collections8TList__1IPNS_7Classes15TCollectionItemEE8AddRangeEPKS5_x 000000014004c5e8     IdHTTPWebBrokerBridge.o
 0005:000035f4       $pdata$_ZN6System8Generics11Collections8TList__1IPNS_7Classes15TCollectionItemEE8AddRangeENS_15DelphiInterfaceINS_14IEnumerable__1IS5_EEEE 000000014004c5f4     IdHTTPWebBrokerBridge.o
 0005:00003600       $pdata$_ZN6System8Generics11Collections8TList__1IPNS_7Classes15TCollectionItemEE8AddRangeEPNS1_14TEnumerable__1IS5_EE 000000014004c600     IdHTTPWebBrokerBridge.o
 0005:0000360c       $pdata$_ZN6System8Generics11Collections8TList__1IPNS_7Classes15TCollectionItemEE6InsertExS5_ 000000014004c60c     IdHTTPWebBrokerBridge.o
 0005:00003618       $pdata$_ZN6System8Generics11Collections8TList__1IPNS_7Classes15TCollectionItemEE11InsertRangeExPKS5_xx 000000014004c618     IdHTTPWebBrokerBridge.o
 0005:00003624       $pdata$_ZN6System8Generics11Collections8TList__1IPNS_7Classes15TCollectionItemEE11InsertRangeExPKS5_x 000000014004c624     IdHTTPWebBrokerBridge.o
 0005:00003630       $pdata$_ZN6System8Generics11Collections8TList__1IPNS_7Classes15TCollectionItemEE11InsertRangeExNS_15DelphiInterfaceINS_14IEnumerable__1IS5_EEEE 000000014004c630     IdHTTPWebBrokerBridge.o
 0005:00003654       $pdata$_ZN6System8Generics11Collections8TList__1IPNS_7Classes15TCollectionItemEE11InsertRangeExPNS1_14TEnumerable__1IS5_EE 000000014004c654     IdHTTPWebBrokerBridge.o
 0005:0000366c       $pdata$_ZN6System8Generics11Collections8TList__1IPNS_7Classes15TCollectionItemEE4PackEv 000000014004c66c     IdHTTPWebBrokerBridge.o
 0005:00003684       $pdata$_ZN6System8Generics11Collections8TList__1IPNS_7Classes15TCollectionItemEE4PackENS_15DelphiInterfaceINS6_10TEmptyFuncEEE 000000014004c684     IdHTTPWebBrokerBridge.o
 0005:0000369c       $pdata$_ZN6System8Generics11Collections8TList__1IPNS_7Classes15TCollectionItemEE6RemoveES5_ 000000014004c69c     IdHTTPWebBrokerBridge.o
 0005:000036a8       $pdata$_ZN6System8Generics11Collections8TList__1IPNS_7Classes15TCollectionItemEE10RemoveItemES5_NS_5Types10TDirectionE 000000014004c6a8     IdHTTPWebBrokerBridge.o
 0005:000036b4       $pdata$_ZN6System8Generics11Collections8TList__1IPNS_7Classes15TCollectionItemEE6DeleteEx 000000014004c6b4     IdHTTPWebBrokerBridge.o
 0005:000036c0       $pdata$_ZN6System8Generics11Collections8TList__1IPNS_7Classes15TCollectionItemEE11DeleteRangeExx 000000014004c6c0     IdHTTPWebBrokerBridge.o
 0005:000036cc       $pdata$_ZN6System8Generics11Collections8TList__1IPNS_7Classes15TCollectionItemEE11ExtractItemES5_NS_5Types10TDirectionE 000000014004c6cc     IdHTTPWebBrokerBridge.o
 0005:000036d8       $pdata$_ZN6System8Generics11Collections8TList__1IPNS_7Classes15TCollectionItemEE7ExtractES5_ 000000014004c6d8     IdHTTPWebBrokerBridge.o
 0005:000036e4       $pdata$_ZN6System8Generics11Collections8TList__1IPNS_7Classes15TCollectionItemEE9ExtractAtEx 000000014004c6e4     IdHTTPWebBrokerBridge.o
 0005:000036f0       $pdata$_ZN6System8Generics11Collections8TList__1IPNS_7Classes15TCollectionItemEE8ExchangeExx 000000014004c6f0     IdHTTPWebBrokerBridge.o
 0005:000036fc       $pdata$_ZN6System8Generics11Collections8TList__1IPNS_7Classes15TCollectionItemEE4MoveExx 000000014004c6fc     IdHTTPWebBrokerBridge.o
 0005:00003708       $pdata$_ZN6System8Generics11Collections8TList__1IPNS_7Classes15TCollectionItemEE5FirstEv 000000014004c708     IdHTTPWebBrokerBridge.o
 0005:00003714       $pdata$_ZN6System8Generics11Collections8TList__1IPNS_7Classes15TCollectionItemEE4LastEv 000000014004c714     IdHTTPWebBrokerBridge.o
 0005:00003720       $pdata$_ZN6System8Generics11Collections8TList__1IPNS_7Classes15TCollectionItemEE5ClearEv 000000014004c720     IdHTTPWebBrokerBridge.o
 0005:0000372c       $pdata$_ZN6System8Generics11Collections8TList__1IPNS_7Classes15TCollectionItemEE6ExpandEv 000000014004c72c     IdHTTPWebBrokerBridge.o
 0005:00003738       $pdata$_ZN6System8Generics11Collections8TList__1IPNS_7Classes15TCollectionItemEE8ContainsES5_ 000000014004c738     IdHTTPWebBrokerBridge.o
 0005:00003744       $pdata$_ZN6System8Generics11Collections8TList__1IPNS_7Classes15TCollectionItemEE7IndexOfES5_ 000000014004c744     IdHTTPWebBrokerBridge.o
 0005:00003750       $pdata$_ZN6System8Generics11Collections8TList__1IPNS_7Classes15TCollectionItemEE11IndexOfItemES5_NS_5Types10TDirectionE 000000014004c750     IdHTTPWebBrokerBridge.o
 0005:0000375c       $pdata$_ZN6System8Generics11Collections8TList__1IPNS_7Classes15TCollectionItemEE11LastIndexOfES5_ 000000014004c75c     IdHTTPWebBrokerBridge.o
 0005:00003768       $pdata$_ZN6System8Generics11Collections8TList__1IPNS_7Classes15TCollectionItemEE7ReverseEv 000000014004c768     IdHTTPWebBrokerBridge.o
 0005:00003774       $pdata$_ZN6System8Generics11Collections8TList__1IPNS_7Classes15TCollectionItemEE4SortEv 000000014004c774     IdHTTPWebBrokerBridge.o
 0005:00003780       $pdata$_ZN6System8Generics11Collections8TList__1IPNS_7Classes15TCollectionItemEE4SortENS_15DelphiInterfaceINS0_8Defaults12IComparer__1IS5_EEEE 000000014004c780     IdHTTPWebBrokerBridge.o
 0005:0000378c       $pdata$_ZN6System8Generics11Collections8TList__1IPNS_7Classes15TCollectionItemEE4SortENS_15DelphiInterfaceINS0_8Defaults12IComparer__1IS5_EEEExx 000000014004c78c     IdHTTPWebBrokerBridge.o
 0005:00003798       $pdata$_ZN6System8Generics11Collections8TList__1IPNS_7Classes15TCollectionItemEE12BinarySearchES5_Rx 000000014004c798     IdHTTPWebBrokerBridge.o
 0005:000037a4       $pdata$_ZN6System8Generics11Collections8TList__1IPNS_7Classes15TCollectionItemEE12BinarySearchES5_RxNS_15DelphiInterfaceINS0_8Defaults12IComparer__1IS5_EEEE 000000014004c7a4     IdHTTPWebBrokerBridge.o
 0005:000037b0       $pdata$_ZN6System8Generics11Collections8TList__1IPNS_7Classes15TCollectionItemEE12BinarySearchES5_RxNS_15DelphiInterfaceINS0_8Defaults12IComparer__1IS5_EEEExx 000000014004c7b0     IdHTTPWebBrokerBridge.o
 0005:000037bc       $pdata$_ZN6System8Generics11Collections8TList__1IPNS_7Classes15TCollectionItemEE12BinarySearchES5_Ri 000000014004c7bc     IdHTTPWebBrokerBridge.o
 0005:000037c8       $pdata$_ZN6System8Generics11Collections8TList__1IPNS_7Classes15TCollectionItemEE12BinarySearchES5_RiNS_15DelphiInterfaceINS0_8Defaults12IComparer__1IS5_EEEE 000000014004c7c8     IdHTTPWebBrokerBridge.o
 0005:000037d4       $pdata$_ZN6System8Generics11Collections8TList__1IPNS_7Classes15TCollectionItemEE12BinarySearchES5_RiNS_15DelphiInterfaceINS0_8Defaults12IComparer__1IS5_EEEEii 000000014004c7d4     IdHTTPWebBrokerBridge.o
 0005:000037e0       $pdata$_ZN6System8Generics11Collections8TList__1IPNS_7Classes15TCollectionItemEE10TrimExcessEv 000000014004c7e0     IdHTTPWebBrokerBridge.o
 0005:000037ec       $pdata$_ZN6System8Generics11Collections8TList__1IPNS_7Classes15TCollectionItemEE13GetEnumeratorEv 000000014004c7ec     IdHTTPWebBrokerBridge.o
 0005:000037f8       $pdata$_ZN6System8Generics11Collections8TList__1IPNS_7Classes15TCollectionItemEE7GetItemEx 000000014004c7f8     IdHTTPWebBrokerBridge.o
 0005:00003804       $pdata$_ZN6System8Generics11Collections8TList__1IPNS_7Classes15TCollectionItemEE7SetItemExS5_ 000000014004c804     IdHTTPWebBrokerBridge.o
 0005:00003810       $pdata$_ZN6System8Generics11Collections8TList__1IPNS_7Classes15TCollectionItemEE11GetCapacityEv 000000014004c810     IdHTTPWebBrokerBridge.o
 0005:0000381c       $pdata$_ZN6System8Generics11Collections8TList__1IPNS_7Classes15TCollectionItemEE11SetCapacityEx 000000014004c81c     IdHTTPWebBrokerBridge.o
 0005:00003828       $pdata$_ZN6System8Generics11Collections8TList__1IPNS_7Classes15TCollectionItemEE8SetCountEx 000000014004c828     IdHTTPWebBrokerBridge.o
 0005:00003834       $pdata$_ZN6System8Generics11Collections8TList__1IPNS_7Classes15TCollectionItemEE10GetIsEmptyEv 000000014004c834     IdHTTPWebBrokerBridge.o
 0005:00003840       $pdata$_ZN6System8Generics11Collections8TList__1IPNS_7Classes15TCollectionItemEE7GetListEv 000000014004c840     IdHTTPWebBrokerBridge.o
 0005:0000384c       $pdata$_ZN6System8Generics11Collections8TList__1IPNS_7Classes15TCollectionItemEE8GetPListEv 000000014004c84c     IdHTTPWebBrokerBridge.o
 0005:00003858       $pdata$_ZN6System8Generics11Collections8TList__1IPNS_7Classes15TCollectionItemEE11SetOnNotifyEU9__closurePFvPNS_7TObjectES5_NS1_23TCollectionNotificationEE 000000014004c858     IdHTTPWebBrokerBridge.o
 0005:00003864       $pdata$_ZN6System8Generics11Collections8TList__1IPNS_7Classes15TCollectionItemEE12UpdateNotifyEv 000000014004c864     IdHTTPWebBrokerBridge.o
 0005:00003870       $pdata$_ZN6System8Generics11Collections8TList__1IPNS_7Classes15TCollectionItemEE14UpdateComparerENS_15DelphiInterfaceINS0_8Defaults12IComparer__1IS5_EEEE 000000014004c870     IdHTTPWebBrokerBridge.o
 0005:0000387c       $pdata$_ZN6System8Generics11Collections6TArray4SortIPNS_7Classes15TCollectionItemEEEvPT_xNS_15DelphiInterfaceINS0_8Defaults12IComparer__1IS8_EEEExx 000000014004c87c     IdHTTPWebBrokerBridge.o
 0005:00003888       $pdata$_ZN6System8Generics11Collections6TArray12BinarySearchIPNS_7Classes15TCollectionItemEEEbPKT_xS8_RxNS_15DelphiInterfaceINS0_8Defaults12IComparer__1IS8_EEEExx 000000014004c888     IdHTTPWebBrokerBridge.o
 0005:00003894       $pdata$_ZN6System8Generics11Collections6TArray12BinarySearchIPNS_7Classes15TCollectionItemEEEbPKT_xS8_RiNS_15DelphiInterfaceINS0_8Defaults12IComparer__1IS8_EEEEii 000000014004c894     IdHTTPWebBrokerBridge.o
 0005:000038a0       $pdata$_ZN6System8Generics11Collections8TList__1IPNS_7Classes15TCollectionItemEE14InternalNotifyEPKvNS1_23TCollectionNotificationE 000000014004c8a0     IdHTTPWebBrokerBridge.o
 0005:000038ac       $pdata$_ZN6System8Generics8Defaults12TComparer__1IPNS_7Classes15TCollectionItemEE8_DefaultEv 000000014004c8ac     IdHTTPWebBrokerBridge.o
 0005:000038b8       $pdata$_ZN6System8Generics11Collections8TList__1IPNS_7Classes15TCollectionItemEE15InternalCompareEPKvS8_ 000000014004c8b8     IdHTTPWebBrokerBridge.o
 0005:000038c4       $pdata$_ZN6System8Generics11Collections6TArray9QuickSortIPNS_7Classes15TCollectionItemEEEvPT_xNS_15DelphiInterfaceINS0_8Defaults12IComparer__1IS8_EEEExx 000000014004c8c4     IdHTTPWebBrokerBridge.o
 0005:000038d0       $pdata$_ZN6System8Generics11Collections6TArray14DoBinarySearchIPNS_7Classes15TCollectionItemEEEbPKT_xS8_RxNS_15DelphiInterfaceINS0_8Defaults12IComparer__1IS8_EEEExx 000000014004c8d0     IdHTTPWebBrokerBridge.o
 0005:000038dc       $pdata$_ZN6System8Generics8Defaults12TComparer__1IPNS_7Classes15TCollectionItemEE25TryUseRecEqualityOperatorEv 000000014004c8dc     IdHTTPWebBrokerBridge.o
 0005:000038e8       $pdata$_ZN6System8Generics8Defaults12TComparer__1IPNS_7Classes15TCollectionItemEE13EQOperCompareEPvS5_S5_ 000000014004c8e8     IdHTTPWebBrokerBridge.o
 0005:000038f4       $pdata$_ZN6System8Generics11Collections24@TList__1_Pack_1__ActRecIPNS_7Classes15TCollectionItemEE7_0_BodyEPKv 000000014004c8f4     IdHTTPWebBrokerBridge.o
 0005:00003900       $pdata$_ZN6System8Generics11Collections24@TList__1_Pack_0__ActRecIPNS_7Classes15TCollectionItemEE7_0_BodyEPKv 000000014004c900     IdHTTPWebBrokerBridge.o
 0005:0000390c       $pdata$_ZN6System8Generics8Defaults12TComparer__1IPNS_7Classes15TCollectionItemEE10_ConstructENS_15DelphiInterfaceINS1_14TComparison__1IS5_EEEE 000000014004c90c     IdHTTPWebBrokerBridge.o
 0005:00003918       $pdata$_ZN6System8Generics8Defaults12TComparer__1IPNS_7Classes15TCollectionItemEE7DefaultEv 000000014004c918     IdHTTPWebBrokerBridge.o
 0005:00003924       $pdata$_ZN6System8Generics8Defaults12TComparer__1IPNS_7Classes15TCollectionItemEE9ConstructENS_15DelphiInterfaceINS1_14TComparison__1IS5_EEEE 000000014004c924     IdHTTPWebBrokerBridge.o
 0005:00003978       $pdata$_ZN6System8Internal7Initcpp23SelectForInitializationEPNS1_20TUnitDescriptorBlockES3_ 000000014004c978     rtl:System.Internal.InitCPP.o
 0005:00003984       $pdata$_ZN6System8Internal7Initcpp23SelectForInitializationEPPNS1_20TUnitDescriptorBlockES4_ 000000014004c984     rtl:System.Internal.InitCPP.o
 0005:00003990       $pdata$_ZN6System8Internal7Initcpp15InitializeUnitsEPNS1_20TUnitDescriptorBlockES3_ 000000014004c990     rtl:System.Internal.InitCPP.o
 0005:0000399c       $pdata$_ZN6System8Internal7Initcpp13FinalizeUnitsEPNS1_20TUnitDescriptorBlockES3_ 000000014004c99c     rtl:System.Internal.InitCPP.o
 0005:000039a8       $pdata$_ZN6System8Internal7Initcpp15InitializeUnitsEPPNS1_20TUnitDescriptorBlockES4_ 000000014004c9a8     rtl:System.Internal.InitCPP.o
 0005:000039b4       $pdata$_ZN6System8Internal7Initcpp13FinalizeUnitsEPPNS1_20TUnitDescriptorBlockES4_ 000000014004c9b4     rtl:System.Internal.InitCPP.o
 0005:000039c0       $pdata$_ZN6System8Internal7Initcpp15InitializeUnitsEPNS1_15TUnitDescriptorES3_ 000000014004c9c0     rtl:System.Internal.InitCPP.o
 0005:000039cc       $pdata$_ZN6System8Internal7Initcpp13FinalizeUnitsEPNS1_15TUnitDescriptorES3_ 000000014004c9cc     rtl:System.Internal.InitCPP.o
 0005:000039d8       $pdata$_ZN6System8Internal7Initcpp15CalculateDegreeEPNS1_20TUnitDescriptorBlockES3_ 000000014004c9d8     rtl:System.Internal.InitCPP.o
 0005:000039e4       $pdata$_ZN6System8Internal7Initcpp15CalculateDegreeEPPNS1_20TUnitDescriptorBlockES4_ 000000014004c9e4     rtl:System.Internal.InitCPP.o
 0005:000039f0       $pdata$_ZN6System8Internal7Initcpp16FinalizeUnitListEPPPNS1_15TUnitDescriptorES5_ 000000014004c9f0     rtl:System.Internal.InitCPP.o
 0005:00003a08       $pdata$_ZN6System8Internal7Initcpp18InitializeRootUnitEPNS1_15TUnitDescriptorE 000000014004ca08     rtl:System.Internal.InitCPP.o
 0005:00003a44       $pdata$_ZN6System8Internal7Initcpp16FinalizeRootUnitEPNS1_15TUnitDescriptorE 000000014004ca44     rtl:System.Internal.InitCPP.o
 0005:00003a5c       $pdata$_ZN6System8Internal7Initcpp12FinalizationEv 000000014004ca5c     rtl:System.Internal.InitCPP.o
 0005:00003a68       $pdata$_ZN6System8Internal7Initcpp14initializationEv 000000014004ca68     rtl:System.Internal.InitCPP.o
 000a:00000010       _ZL15exception_count       0000000140051010     libmingw32:lib64_libmingw32_a-hook_delphieh.o
 000a:00000020       _ZL16exception_object      0000000140051020     libmingw32:lib64_libmingw32_a-hook_delphieh.o
 000b:000003b0       $R000000                   00000001400523b0     internal .obj file created from .res files
 000b:00000818       $R000001                   0000000140052818     internal .obj file created from .res files
 000b:00000b90       $R000002                   0000000140052b90     internal .obj file created from .res files
 000b:00000d90       $R000003                   0000000140052d90     internal .obj file created from .res files
 000b:000023b8       $R000004                   00000001400543b8     internal .obj file created from .res files
 000b:00003260       $R000005                   0000000140055260     internal .obj file created from .res files
 000b:00003b08       $R000006                   0000000140055b08     internal .obj file created from .res files
 000b:00004070       $R000007                   0000000140056070     internal .obj file created from .res files
 000b:0000a530       $R000008                   000000014005c530     internal .obj file created from .res files
 000b:0001ad58       $R000009                   000000014006cd58     internal .obj file created from .res files
 000b:0001ef80       $R00000A                   0000000140070f80     internal .obj file created from .res files
 000b:0001f908       $R00000B                   0000000140071908     internal .obj file created from .res files
 000b:0001fd70       $R00000C                   0000000140071d70     internal .obj file created from .res files
 000b:0001fdf8       $R00000D                   0000000140071df8     internal .obj file created from .res files
 000b:00020508       $R00000E                   0000000140072508     internal .obj file created from .res files
