 prjVCLEsp32

 Timestamp is 6a0d948c (Wed May 20 08:01:32 2026)

 Preferred load address is 0000000140000000

 Start         Length     Name                   Class
 0001:00000000 00002400H .text                   CODE
 0001:00002400 00000023H .text$_ZN6System7Classes15TComponentClassC1EPNS_10TMetaClassE CODE
 0001:00002430 0000000fH .text$__clang_call_terminate CODE
 0001:00002440 00000023H .text$_ZN6System7Classes15TComponentClassC2EPNS_10TMetaClassE CODE
 0001:00002470 0000001eH .text$_ZN6System15DelphiMetaClassINS_7Classes15TComponentClassEEC2EPNS_10TMetaClassE CODE
 0001:00002490 00001c36H .text                   CODE
 0001:000040d0 0000006dH .text$_ZN3Vcl5Forms5TFormC3EPN6System7Classes10TComponentE CODE
 0001:00004140 00000048H .text$_ZN3Vcl5Forms5TFormD0Ev CODE
 0001:00004190 00000030H .text$_ZN6System12DynamicArrayINS_3Net9Urlclient14TNameValuePairEEC1Ev CODE
 0001:000041c0 00000030H .text$_ZN6System15DelphiInterfaceINS_3Net10Httpclient13IHTTPResponseEEC1Ev CODE
 0001:000041f0 0000000eH .text$_ZNK6System15DelphiInterfaceINS_3Net10Httpclient13IHTTPResponseEEptEv CODE
 0001:00004200 00000019H .text$_ZN6System15DelphiInterfaceINS_3Net10Httpclient13IHTTPResponseEED1Ev CODE
 0001:00004220 00000019H .text$_ZN6System12DynamicArrayINS_3Net9Urlclient14TNameValuePairEED1Ev CODE
 0001:00004240 00000045H .text$_ZN6System13UnicodeStringaSEOS0_ CODE
 0001:00004290 00000059H .text$_ZN6TForm1D0Ev    CODE
 0001:000042f0 00000077H .text$_ZN3Vcl5Forms5TFormC3EPN6System7Classes10TComponentEi CODE
 0001:00004370 00000089H .text$_ZN3Vcl5Forms5TFormC3EPN6System7Classes10TComponentEii CODE
 0001:00004400 00000012H .text$_ZN6System12DynamicArrayINS_3Net9Urlclient14TNameValuePairEEC2Ev CODE
 0001:00004420 000000ddH .text$_ZN6System12DynamicArrayINS_3Net9Urlclient14TNameValuePairEED2Ev CODE
 0001:00004500 00000023H .text$_ZN6System12DynamicArrayINS_3Net9Urlclient14TNameValuePairEEC1ERKS4_ CODE
 0001:00004530 0000003cH .text$_ZN6System12DynamicArrayINS_3Net9Urlclient14TNameValuePairEE11DecRefCountEv CODE
 0001:00004570 00000029H .text$_ZN6System12DynamicArrayINS_3Net9Urlclient14TNameValuePairEEC2ERKS4_ CODE
 0001:000045a0 0000002cH .text$_ZN6System12DynamicArrayINS_3Net9Urlclient14TNameValuePairEE11IncRefCountEv CODE
 0001:000045d0 000000a5H .text$_ZN6System12DynamicArrayINS_3Net9Urlclient14TNameValuePairEE8FreeDataEv CODE
 0001:00004680 00000041H .text$_ZNK6System12DynamicArrayINS_3Net9Urlclient14TNameValuePairEE10get_lengthEv CODE
 0001:000046d0 00000019H .text$_ZN6System3Net9Urlclient14TNameValuePairD1Ev CODE
 0001:000046f0 00000012H .text$_ZNK6System12DynamicArrayINS_3Net9Urlclient14TNameValuePairEE6GetRecEv CODE
 0001:00004710 0000002cH .text$_ZN6System3Net9Urlclient14TNameValuePairD2Ev CODE
 0001:00004740 00000012H .text$_ZN6System15DelphiInterfaceINS_3Net10Httpclient13IHTTPResponseEEC2Ev CODE
 0001:00004760 000000eaH .text$_ZN6System15DelphiInterfaceINS_3Net10Httpclient13IHTTPResponseEED2Ev CODE
 0001:00004850 00000023H .text$_ZN6System15DelphiInterfaceINS_3Net10Httpclient13IHTTPResponseEEC1ERKS4_ CODE
 0001:00004880 00000046H .text$_ZN6System15DelphiInterfaceINS_3Net10Httpclient13IHTTPResponseEEC2ERKS4_ CODE
 0001:000048d0 00001fc8H .text                   CODE
 0001:000068a0 0000000bH .text$_ZN6System15DelphiInterfaceINS_10IInterfaceEEadEv CODE
 0001:000068b0 00000046H .text$_ZN6System15DelphiInterfaceINS_10IInterfaceEED2Ev CODE
 0001:00006900 00000029H .text$_ZNSt3__110lock_guardINS_5mutexEEC2B8ne200100ERS1_ CODE
 0001:00006930 00000019H .text$_ZNSt3__113unordered_mapIPN6System7Typinfo9TTypeInfoEPSt9type_infoNS_4hashIS4_EENS_8equal_toIS4_EENS_9allocatorINS_4pairIKS4_S6_EEEEEC2B8ne200100Ev CODE
 0001:00006950 00000019H .text$_ZNSt3__113unordered_mapIPN6System7Typinfo9TTypeInfoEPSt9type_infoNS_4hashIS4_EENS_8equal_toIS4_EENS_9allocatorINS_4pairIKS4_S6_EEEEED2B8ne200100Ev CODE
 0001:00006970 00000080H .text$_ZNSt3__113unordered_mapIPN6System7Typinfo9TTypeInfoEPSt9type_infoNS_4hashIS4_EENS_8equal_toIS4_EENS_9allocatorINS_4pairIKS4_S6_EEEEEixERSD_ CODE
 0001:000069f0 0000004aH .text$_ZN6System11AnsiStringTILt65001EEC2ERKNS_13UnicodeStringE CODE
 0001:00006a40 0000008bH .text$_ZNK6System11AnsiStringTILt65001EEplERKS1_ CODE
 0001:00006ad0 0000004aH .text$_ZN6System11AnsiStringTILt65001EEC2EPKc CODE
 0001:00006b20 00000030H .text$_ZN6System11AnsiStringTILt65001EEC2Ev CODE
 0001:00006b50 00000045H .text$_ZN6System11AnsiStringTILt65001EEaSEOS1_ CODE
 0001:00006ba0 00000019H .text$_ZN6System11AnsiStringTILt65001EED2Ev CODE
 0001:00006bc0 00000030H .text$_ZN10__cxxabiv117__class_type_infoC2Ev CODE
 0001:00006bf0 0000003cH .text$_ZNK6System11AnsiStringTILt65001EE5c_strEv CODE
 0001:00006c30 0000001cH .text$_ZNSt3__110lock_guardINS_5mutexEED2B8ne200100Ev CODE
 0001:00006c50 00000030H .text$_ZN10__cxxabiv116__shim_type_infoC2Ev CODE
 0001:00006c80 0000005fH .text$_ZNSt3__112__hash_tableINS_17__hash_value_typeIPN6System7Typinfo9TTypeInfoEPSt9type_infoEENS_22__unordered_map_hasherIS5_S8_NS_4hashIS5_EENS_8equal_toIS5_EELb1EEENS_21__unordered_map_equalIS5_S8_SD_SB_Lb1EEENS_9allocatorIS8_EEEC2Ev CODE
 0001:00006ce0 00000024H .text$_ZNSt3__110unique_ptrIA_PNS_16__hash_node_baseIPNS_11__hash_nodeINS_17__hash_value_typeIPN6System7Typinfo9TTypeInfoEPSt9type_infoEEPvEEEENS_25__bucket_list_deallocatorINS_9allocatorISF_EEEEEC2B8ne200100ILb1EvEEv CODE
 0001:00006d10 00000012H .text$_ZNSt3__116__hash_node_baseIPNS_11__hash_nodeINS_17__hash_value_typeIPN6System7Typinfo9TTypeInfoEPSt9type_infoEEPvEEEC2B8ne200100Ev CODE
 0001:00006d30 00000019H .text$_ZNSt3__19allocatorINS_11__hash_nodeINS_17__hash_value_typeIPN6System7Typinfo9TTypeInfoEPSt9type_infoEEPvEEEC2B8ne200100Ev CODE
 0001:00006d50 00000007H .text$_ZNSt3__122__unordered_map_hasherIPN6System7Typinfo9TTypeInfoENS_17__hash_value_typeIS4_PSt9type_infoEENS_4hashIS4_EENS_8equal_toIS4_EELb1EEC2B8ne200100Ev CODE
 0001:00006d60 00000007H .text$_ZNSt3__121__unordered_map_equalIPN6System7Typinfo9TTypeInfoENS_17__hash_value_typeIS4_PSt9type_infoEENS_8equal_toIS4_EENS_4hashIS4_EELb1EEC2B8ne200100Ev CODE
 0001:00006d70 00000020H .text$_ZNSt3__125__bucket_list_deallocatorINS_9allocatorIPNS_16__hash_node_baseIPNS_11__hash_nodeINS_17__hash_value_typeIPN6System7Typinfo9TTypeInfoEPSt9type_infoEEPvEEEEEEEC2B8ne200100Ev CODE
 0001:00006d90 00000019H .text$_ZNSt3__19allocatorIPNS_16__hash_node_baseIPNS_11__hash_nodeINS_17__hash_value_typeIPN6System7Typinfo9TTypeInfoEPSt9type_infoEEPvEEEEEC2B8ne200100Ev CODE
 0001:00006db0 00000007H .text$_ZNSt3__116__non_trivial_ifILb1ENS_9allocatorIPNS_16__hash_node_baseIPNS_11__hash_nodeINS_17__hash_value_typeIPN6System7Typinfo9TTypeInfoEPSt9type_infoEEPvEEEEEEEC2B8ne200100Ev CODE
 0001:00006dc0 00000007H .text$_ZNSt3__116__non_trivial_ifILb1ENS_9allocatorINS_11__hash_nodeINS_17__hash_value_typeIPN6System7Typinfo9TTypeInfoEPSt9type_infoEEPvEEEEEC2B8ne200100Ev CODE
 0001:00006dd0 0000002cH .text$_ZNSt3__112__hash_tableINS_17__hash_value_typeIPN6System7Typinfo9TTypeInfoEPSt9type_infoEENS_22__unordered_map_hasherIS5_S8_NS_4hashIS5_EENS_8equal_toIS5_EELb1EEENS_21__unordered_map_equalIS5_S8_SD_SB_Lb1EEENS_9allocatorIS8_EEED2Ev CODE
 0001:00006e00 000000c0H .text$_ZNSt3__112__hash_tableINS_17__hash_value_typeIPN6System7Typinfo9TTypeInfoEPSt9type_infoEENS_22__unordered_map_hasherIS5_S8_NS_4hashIS5_EENS_8equal_toIS5_EELb1EEENS_21__unordered_map_equalIS5_S8_SD_SB_Lb1EEENS_9allocatorIS8_EEE17__deallocate_nodeEPNS_16__hash_node_baseIPNS_11__hash_nodeIS8_PvEEEE CODE
 0001:00006ec0 0000001dH .text$_ZNSt3__110unique_ptrIA_PNS_16__hash_node_baseIPNS_11__hash_nodeINS_17__hash_value_typeIPN6System7Typinfo9TTypeInfoEPSt9type_infoEEPvEEEENS_25__bucket_list_deallocatorINS_9allocatorISF_EEEEED2B8ne200100Ev CODE
 0001:00006ee0 0000000bH .text$_ZNSt3__112__hash_tableINS_17__hash_value_typeIPN6System7Typinfo9TTypeInfoEPSt9type_infoEENS_22__unordered_map_hasherIS5_S8_NS_4hashIS5_EENS_8equal_toIS5_EELb1EEENS_21__unordered_map_equalIS5_S8_SD_SB_Lb1EEENS_9allocatorIS8_EEE12__node_allocB8ne200100Ev CODE
 0001:00006ef0 00000019H .text$_ZNSt3__116__hash_node_baseIPNS_11__hash_nodeINS_17__hash_value_typeIPN6System7Typinfo9TTypeInfoEPSt9type_infoEEPvEEE8__upcastB8ne200100Ev CODE
 0001:00006f10 0000001eH .text$_ZNSt3__116allocator_traitsINS_9allocatorINS_11__hash_nodeINS_17__hash_value_typeIPN6System7Typinfo9TTypeInfoEPSt9type_infoEEPvEEEEE7destroyB8ne200100INS_4pairIKS7_S9_EEvTnNS_9enable_ifIXntsr13__has_destroyISD_PT_EE5valueEiE4typeELi0EEEvRSD_SL_ CODE
 0001:00006f30 00000019H .text$_ZNSt3__122__hash_key_value_typesINS_17__hash_value_typeIPN6System7Typinfo9TTypeInfoEPSt9type_infoEEE9__get_ptrB8ne200100ERS8_ CODE
 0001:00006f50 0000000fH .text$_ZNSt3__111__hash_nodeINS_17__hash_value_typeIPN6System7Typinfo9TTypeInfoEPSt9type_infoEEPvE11__get_valueB8ne200100Ev CODE
 0001:00006f60 00000019H .text$_ZNSt3__112__destroy_atB8ne200100INS_11__hash_nodeINS_17__hash_value_typeIPN6System7Typinfo9TTypeInfoEPSt9type_infoEEPvEETnNS_9enable_ifIXntsr8is_arrayIT_EE5valueEiE4typeELi0EEEvPSD_ CODE
 0001:00006f80 0000002dH .text$_ZNSt3__116allocator_traitsINS_9allocatorINS_11__hash_nodeINS_17__hash_value_typeIPN6System7Typinfo9TTypeInfoEPSt9type_infoEEPvEEEEE10deallocateB8ne200100ERSD_PSC_y CODE
 0001:00006fb0 0000000bH .text$_ZNSt3__114pointer_traitsIPNS_16__hash_node_baseIPNS_11__hash_nodeINS_17__hash_value_typeIPN6System7Typinfo9TTypeInfoEPSt9type_infoEEPvEEEEE10pointer_toB8ne200100ERSE_ CODE
 0001:00006fc0 00000007H .text$_ZNSt3__112__destroy_atB8ne200100INS_4pairIKPN6System7Typinfo9TTypeInfoEPSt9type_infoEETnNS_9enable_ifIXntsr8is_arrayIT_EE5valueEiE4typeELi0EEEvPSB_ CODE
 0001:00006fd0 00000019H .text$_ZNSt3__117__hash_value_typeIPN6System7Typinfo9TTypeInfoEPSt9type_infoE11__get_valueB8ne200100Ev CODE
 0001:00006ff0 00000019H .text$_ZNSt3__17launderB8ne200100INS_4pairIKPN6System7Typinfo9TTypeInfoEPSt9type_infoEEEEPT_SB_ CODE
 0001:00007010 0000000bH .text$_ZNSt3__19__launderB8ne200100INS_4pairIKPN6System7Typinfo9TTypeInfoEPSt9type_infoEEEEPT_SB_ CODE
 0001:00007020 00000007H .text$_ZNSt3__111__hash_nodeINS_17__hash_value_typeIPN6System7Typinfo9TTypeInfoEPSt9type_infoEEPvED2B8ne200100Ev CODE
 0001:00007030 0000002eH .text$_ZNSt3__19allocatorINS_11__hash_nodeINS_17__hash_value_typeIPN6System7Typinfo9TTypeInfoEPSt9type_infoEEPvEEE10deallocateB8ne200100EPSB_y CODE
 0001:00007060 0000005cH .text$_ZNSt3__119__libcpp_deallocateB8ne200100INS_11__hash_nodeINS_17__hash_value_typeIPN6System7Typinfo9TTypeInfoEPSt9type_infoEEPvEEEEvPNS_15__type_identityIT_E4typeENS_15__element_countEy CODE
 0001:000070c0 00000011H .text$_ZNSt3__124__is_overaligned_for_newB8ne200100Ey CODE
 0001:000070e0 00000023H .text$_ZNSt3__124__libcpp_operator_deleteB8ne200100IJPNS_11__hash_nodeINS_17__hash_value_typeIPN6System7Typinfo9TTypeInfoEPSt9type_infoEEPvEESt11align_val_tEEEvDpT_ CODE
 0001:00007110 00000019H .text$_ZNSt3__124__libcpp_operator_deleteB8ne200100IJPNS_11__hash_nodeINS_17__hash_value_typeIPN6System7Typinfo9TTypeInfoEPSt9type_infoEEPvEEEEEvDpT_ CODE
 0001:00007130 00000048H .text$_ZNSt3__110unique_ptrIA_PNS_16__hash_node_baseIPNS_11__hash_nodeINS_17__hash_value_typeIPN6System7Typinfo9TTypeInfoEPSt9type_infoEEPvEEEENS_25__bucket_list_deallocatorINS_9allocatorISF_EEEEE5resetB8ne200100EDn CODE
 0001:00007180 0000004eH .text$_ZNSt3__125__bucket_list_deallocatorINS_9allocatorIPNS_16__hash_node_baseIPNS_11__hash_nodeINS_17__hash_value_typeIPN6System7Typinfo9TTypeInfoEPSt9type_infoEEPvEEEEEEEclB8ne200100EPSG_ CODE
 0001:000071d0 0000002dH .text$_ZNSt3__116allocator_traitsINS_9allocatorIPNS_16__hash_node_baseIPNS_11__hash_nodeINS_17__hash_value_typeIPN6System7Typinfo9TTypeInfoEPSt9type_infoEEPvEEEEEEE10deallocateB8ne200100ERSH_PSG_y CODE
 0001:00007200 0000000bH .text$_ZNSt3__125__bucket_list_deallocatorINS_9allocatorIPNS_16__hash_node_baseIPNS_11__hash_nodeINS_17__hash_value_typeIPN6System7Typinfo9TTypeInfoEPSt9type_infoEEPvEEEEEEE7__allocB8ne200100Ev CODE
 0001:00007210 0000000bH .text$_ZNSt3__125__bucket_list_deallocatorINS_9allocatorIPNS_16__hash_node_baseIPNS_11__hash_nodeINS_17__hash_value_typeIPN6System7Typinfo9TTypeInfoEPSt9type_infoEEPvEEEEEEE4sizeB8ne200100Ev CODE
 0001:00007220 0000002eH .text$_ZNSt3__19allocatorIPNS_16__hash_node_baseIPNS_11__hash_nodeINS_17__hash_value_typeIPN6System7Typinfo9TTypeInfoEPSt9type_infoEEPvEEEEE10deallocateB8ne200100EPSF_y CODE
 0001:00007250 0000005cH .text$_ZNSt3__119__libcpp_deallocateB8ne200100IPNS_16__hash_node_baseIPNS_11__hash_nodeINS_17__hash_value_typeIPN6System7Typinfo9TTypeInfoEPSt9type_infoEEPvEEEEEEvPNS_15__type_identityIT_E4typeENS_15__element_countEy CODE
 0001:000072b0 00000023H .text$_ZNSt3__124__libcpp_operator_deleteB8ne200100IJPPNS_16__hash_node_baseIPNS_11__hash_nodeINS_17__hash_value_typeIPN6System7Typinfo9TTypeInfoEPSt9type_infoEEPvEEEESt11align_val_tEEEvDpT_ CODE
 0001:000072e0 00000019H .text$_ZNSt3__124__libcpp_operator_deleteB8ne200100IJPPNS_16__hash_node_baseIPNS_11__hash_nodeINS_17__hash_value_typeIPN6System7Typinfo9TTypeInfoEPSt9type_infoEEPvEEEEEEEvDpT_ CODE
 0001:00007300 00000726H .text$_ZNSt3__112__hash_tableINS_17__hash_value_typeIPN6System7Typinfo9TTypeInfoEPSt9type_infoEENS_22__unordered_map_hasherIS5_S8_NS_4hashIS5_EENS_8equal_toIS5_EELb1EEENS_21__unordered_map_equalIS5_S8_SD_SB_Lb1EEENS_9allocatorIS8_EEE25__emplace_unique_key_argsIS5_JRKNS_21piecewise_construct_tENS_5tupleIJRKS5_EEENSO_IJEEEEEENS_4pairINS_15__hash_iteratorIPNS_11__hash_nodeIS8_PvEEEEbEERKT_DpOT0_ CODE
 0001:00007a30 00000022H .text$_ZNSt3__116forward_as_tupleB8ne200100IJRKPN6System7Typinfo9TTypeInfoEEEENS_5tupleIJDpOT_EEESA_ CODE
 0001:00007a60 00000007H .text$_ZNSt3__116forward_as_tupleB8ne200100IJEEENS_5tupleIJDpOT_EEES4_ CODE
 0001:00007a70 0000002cH .text$_ZNKSt3__115__hash_iteratorIPNS_11__hash_nodeINS_17__hash_value_typeIPN6System7Typinfo9TTypeInfoEPSt9type_infoEEPvEEEptB8ne200100Ev CODE
 0001:00007aa0 0000000bH .text$_ZNSt3__112__hash_tableINS_17__hash_value_typeIPN6System7Typinfo9TTypeInfoEPSt9type_infoEENS_22__unordered_map_hasherIS5_S8_NS_4hashIS5_EENS_8equal_toIS5_EELb1EEENS_21__unordered_map_equalIS5_S8_SD_SB_Lb1EEENS_9allocatorIS8_EEE13hash_functionB8ne200100Ev CODE
 0001:00007ab0 00000026H .text$_ZNKSt3__122__unordered_map_hasherIPN6System7Typinfo9TTypeInfoENS_17__hash_value_typeIS4_PSt9type_infoEENS_4hashIS4_EENS_8equal_toIS4_EELb1EEclB8ne200100ERKS4_ CODE
 0001:00007ae0 00000021H .text$_ZNKSt3__112__hash_tableINS_17__hash_value_typeIPN6System7Typinfo9TTypeInfoEPSt9type_infoEENS_22__unordered_map_hasherIS5_S8_NS_4hashIS5_EENS_8equal_toIS5_EELb1EEENS_21__unordered_map_equalIS5_S8_SD_SB_Lb1EEENS_9allocatorIS8_EEE12bucket_countB8ne200100Ev CODE
 0001:00007b10 00000079H .text$_ZNSt3__116__constrain_hashB8ne200100Eyy CODE
 0001:00007b90 00000025H .text$_ZNKSt3__110unique_ptrIA_PNS_16__hash_node_baseIPNS_11__hash_nodeINS_17__hash_value_typeIPN6System7Typinfo9TTypeInfoEPSt9type_infoEEPvEEEENS_25__bucket_list_deallocatorINS_9allocatorISF_EEEEEixB8ne200100Ey CODE
 0001:00007bc0 0000000fH .text$_ZNKSt3__116__hash_node_baseIPNS_11__hash_nodeINS_17__hash_value_typeIPN6System7Typinfo9TTypeInfoEPSt9type_infoEEPvEEE6__hashB8ne200100Ev CODE
 0001:00007bd0 0000000bH .text$_ZNSt3__112__hash_tableINS_17__hash_value_typeIPN6System7Typinfo9TTypeInfoEPSt9type_infoEENS_22__unordered_map_hasherIS5_S8_NS_4hashIS5_EENS_8equal_toIS5_EELb1EEENS_21__unordered_map_equalIS5_S8_SD_SB_Lb1EEENS_9allocatorIS8_EEE6key_eqB8ne200100Ev CODE
 0001:00007be0 00000040H .text$_ZNKSt3__121__unordered_map_equalIPN6System7Typinfo9TTypeInfoENS_17__hash_value_typeIS4_PSt9type_infoEENS_8equal_toIS4_EENS_4hashIS4_EELb1EEclB8ne200100ERKS8_RKS4_ CODE
 0001:00007c20 00000196H .text$_ZNSt3__112__hash_tableINS_17__hash_value_typeIPN6System7Typinfo9TTypeInfoEPSt9type_infoEENS_22__unordered_map_hasherIS5_S8_NS_4hashIS5_EENS_8equal_toIS5_EELb1EEENS_21__unordered_map_equalIS5_S8_SD_SB_Lb1EEENS_9allocatorIS8_EEE21__construct_node_hashIRKNS_21piecewise_construct_tEJNS_5tupleIJRKS5_EEENSO_IJEEEEEENS_10unique_ptrINS_11__hash_nodeIS8_PvEENS_22__hash_node_destructorINSH_ISW_EEEEEEyOT_DpOT0_ CODE
 0001:00007dc0 0000000fH .text$_ZNSt3__112__hash_tableINS_17__hash_value_typeIPN6System7Typinfo9TTypeInfoEPSt9type_infoEENS_22__unordered_map_hasherIS5_S8_NS_4hashIS5_EENS_8equal_toIS5_EELb1EEENS_21__unordered_map_equalIS5_S8_SD_SB_Lb1EEENS_9allocatorIS8_EEE4sizeB8ne200100Ev CODE
 0001:00007dd0 0000000fH .text$_ZNSt3__112__hash_tableINS_17__hash_value_typeIPN6System7Typinfo9TTypeInfoEPSt9type_infoEENS_22__unordered_map_hasherIS5_S8_NS_4hashIS5_EENS_8equal_toIS5_EELb1EEENS_21__unordered_map_equalIS5_S8_SD_SB_Lb1EEENS_9allocatorIS8_EEE15max_load_factorB8ne200100Ev CODE
 0001:00007de0 00000023H .text$_ZNSt3__112__hash_tableINS_17__hash_value_typeIPN6System7Typinfo9TTypeInfoEPSt9type_infoEENS_22__unordered_map_hasherIS5_S8_NS_4hashIS5_EENS_8equal_toIS5_EELb1EEENS_21__unordered_map_equalIS5_S8_SD_SB_Lb1EEENS_9allocatorIS8_EEE15__rehash_uniqueB8ne200100Ey CODE
 0001:00007e10 00000028H .text$_ZNSt3__13maxB8ne200100IyEERKT_S3_S3_ CODE
 0001:00007e40 00000040H .text$_ZNSt3__116__is_hash_power2B8ne200100Ey CODE
 0001:00007e80 0000001bH .text$_ZNSt3__16__math4ceilB8ne200100Ef CODE
 0001:00007ea0 00000019H .text$_ZNSt3__116__hash_node_baseIPNS_11__hash_nodeINS_17__hash_value_typeIPN6System7Typinfo9TTypeInfoEPSt9type_infoEEPvEEE5__ptrB8ne200100Ev CODE
 0001:00007ec0 0000000eH .text$_ZNKSt3__110unique_ptrINS_11__hash_nodeINS_17__hash_value_typeIPN6System7Typinfo9TTypeInfoEPSt9type_infoEEPvEENS_22__hash_node_destructorINS_9allocatorISB_EEEEEptB8ne200100Ev CODE
 0001:00007ed0 0000000eH .text$_ZNKSt3__110unique_ptrINS_11__hash_nodeINS_17__hash_value_typeIPN6System7Typinfo9TTypeInfoEPSt9type_infoEEPvEENS_22__hash_node_destructorINS_9allocatorISB_EEEEE3getB8ne200100Ev CODE
 0001:00007ee0 00000025H .text$_ZNSt3__110unique_ptrINS_11__hash_nodeINS_17__hash_value_typeIPN6System7Typinfo9TTypeInfoEPSt9type_infoEEPvEENS_22__hash_node_destructorINS_9allocatorISB_EEEEE7releaseB8ne200100Ev CODE
 0001:00007f10 0000001dH .text$_ZNSt3__110unique_ptrINS_11__hash_nodeINS_17__hash_value_typeIPN6System7Typinfo9TTypeInfoEPSt9type_infoEEPvEENS_22__hash_node_destructorINS_9allocatorISB_EEEEED2B8ne200100Ev CODE
 0001:00007f30 0000001eH .text$_ZNSt3__115__hash_iteratorIPNS_11__hash_nodeINS_17__hash_value_typeIPN6System7Typinfo9TTypeInfoEPSt9type_infoEEPvEEEC2B8ne200100EPNS_16__hash_node_baseISC_EE CODE
 0001:00007f50 00000033H .text$_ZNSt3__14pairINS_15__hash_iteratorIPNS_11__hash_nodeINS_17__hash_value_typeIPN6System7Typinfo9TTypeInfoEPSt9type_infoEEPvEEEEbEC2B8ne200100ISE_RbTnNS_9enable_ifIXclsr10_CheckArgsE23__is_pair_constructibleIT_T0_EEEiE4typeELi0EEEOSJ_OSK_ CODE
 0001:00007f90 00000047H .text$_ZNKSt3__14hashIPN6System7Typinfo9TTypeInfoEEclB8ne200100ES4_ CODE
 0001:00007fe0 000004f2H .text$_ZNKSt3__121__murmur2_or_cityhashIyLy64EEclB8ne200100EPKvy CODE
 0001:000084e0 00000191H .text$_ZNSt3__121__murmur2_or_cityhashIyLy64EE18__hash_len_0_to_16B8ne200100EPKcy CODE
 0001:00008680 0000010cH .text$_ZNSt3__121__murmur2_or_cityhashIyLy64EE19__hash_len_17_to_32B8ne200100EPKcy CODE
 0001:00008790 00000339H .text$_ZNSt3__121__murmur2_or_cityhashIyLy64EE19__hash_len_33_to_64B8ne200100EPKcy CODE
 0001:00008ad0 0000001eH .text$_ZNSt3__110__loadwordB8ne200100IyEET_PKv CODE
 0001:00008af0 00000095H .text$_ZNSt3__121__murmur2_or_cityhashIyLy64EE13__hash_len_16B8ne200100Eyy CODE
 0001:00008b90 000000b0H .text$_ZNSt3__121__murmur2_or_cityhashIyLy64EE29__weak_hash_len_32_with_seedsB8ne200100EPKcyy CODE
 0001:00008c40 00000051H .text$_ZNSt3__121__murmur2_or_cityhashIyLy64EE8__rotateB8ne200100Eyi CODE
 0001:00008ca0 0000002dH .text$_ZNSt3__14pairIyyEaSB8ne200100EOS1_ CODE
 0001:00008cd0 0000003bH .text$_ZNSt3__14swapB8ne200100IyEENS_9enable_ifIXaasr21is_move_constructibleIT_EE5valuesr18is_move_assignableIS2_EE5valueEvE4typeERS2_S5_ CODE
 0001:00008d10 00000016H .text$_ZNSt3__121__murmur2_or_cityhashIyLy64EE11__shift_mixB8ne200100Ey CODE
 0001:00008d30 00000037H .text$_ZNSt3__121__murmur2_or_cityhashIyLy64EE22__rotate_by_at_least_1B8ne200100Eyi CODE
 0001:00008d70 0000001dH .text$_ZNSt3__110__loadwordB8ne200100IjEET_PKv CODE
 0001:00008d90 0000011aH .text$_ZNSt3__121__murmur2_or_cityhashIyLy64EE29__weak_hash_len_32_with_seedsB8ne200100Eyyyyyy CODE
 0001:00008eb0 00000032H .text$_ZNSt3__14pairIyyEC2B8ne200100IyyTnNS_9enable_ifIXclsr10_CheckArgsE23__is_pair_constructibleIT_T0_EEEiE4typeELi0EEEOS4_OS5_ CODE
 0001:00008ef0 0000000fH .text$_ZNKSt3__110unique_ptrIA_PNS_16__hash_node_baseIPNS_11__hash_nodeINS_17__hash_value_typeIPN6System7Typinfo9TTypeInfoEPSt9type_infoEEPvEEEENS_25__bucket_list_deallocatorINS_9allocatorISF_EEEEE11get_deleterB8ne200100Ev CODE
 0001:00008f00 0000000eH .text$_ZNKSt3__125__bucket_list_deallocatorINS_9allocatorIPNS_16__hash_node_baseIPNS_11__hash_nodeINS_17__hash_value_typeIPN6System7Typinfo9TTypeInfoEPSt9type_infoEEPvEEEEEEE4sizeB8ne200100Ev CODE
 0001:00008f10 0000002bH .text$_ZNKSt3__18equal_toIPN6System7Typinfo9TTypeInfoEEclB8ne200100ERKS4_S7_ CODE
 0001:00008f40 00000019H .text$_ZNKSt3__117__hash_value_typeIPN6System7Typinfo9TTypeInfoEPSt9type_infoE11__get_valueB8ne200100Ev CODE
 0001:00008f60 00000019H .text$_ZNSt3__17launderB8ne200100IKNS_4pairIKPN6System7Typinfo9TTypeInfoEPSt9type_infoEEEEPT_SC_ CODE
 0001:00008f80 0000000bH .text$_ZNSt3__19__launderB8ne200100IKNS_4pairIKPN6System7Typinfo9TTypeInfoEPSt9type_infoEEEEPT_SC_ CODE
 0001:00008f90 00000023H .text$_ZNSt3__116allocator_traitsINS_9allocatorINS_11__hash_nodeINS_17__hash_value_typeIPN6System7Typinfo9TTypeInfoEPSt9type_infoEEPvEEEEE8allocateB8ne200100ERSD_y CODE
 0001:00008fc0 00000033H .text$_ZNSt3__122__hash_node_destructorINS_9allocatorINS_11__hash_nodeINS_17__hash_value_typeIPN6System7Typinfo9TTypeInfoEPSt9type_infoEEPvEEEEEC2B8ne200100ERSD_b CODE
 0001:00009000 00000043H .text$_ZNSt3__110unique_ptrINS_11__hash_nodeINS_17__hash_value_typeIPN6System7Typinfo9TTypeInfoEPSt9type_infoEEPvEENS_22__hash_node_destructorINS_9allocatorISB_EEEEEC2B8ne200100ILb1EvEEPSB_NS_16__dependent_typeINS_27__unique_ptr_deleter_sfinaeISF_EEXT_EE20__good_rval_ref_typeE CODE
 0001:00009050 0000002dH .text$_ZNSt3__114__construct_atB8ne200100INS_11__hash_nodeINS_17__hash_value_typeIPN6System7Typinfo9TTypeInfoEPSt9type_infoEEPvEEJDnRyEPSB_EEPT_SF_DpOT0_ CODE
 0001:00009080 0000000eH .text$_ZNKSt3__110unique_ptrINS_11__hash_nodeINS_17__hash_value_typeIPN6System7Typinfo9TTypeInfoEPSt9type_infoEEPvEENS_22__hash_node_destructorINS_9allocatorISB_EEEEEdeB8ne200100Ev CODE
 0001:00009090 0000003cH .text$_ZNSt3__116allocator_traitsINS_9allocatorINS_11__hash_nodeINS_17__hash_value_typeIPN6System7Typinfo9TTypeInfoEPSt9type_infoEEPvEEEEE9constructB8ne200100INS_4pairIKS7_S9_EEJRKNS_21piecewise_construct_tENS_5tupleIJRSH_EEENSM_IJEEEEvTnNS_9enable_ifIXntsr15__has_constructISD_PT_DpT0_EE5valueEiE4typeELi0EEEvRSD_SS_DpOST_ CODE
 0001:000090d0 0000000fH .text$_ZNSt3__110unique_ptrINS_11__hash_nodeINS_17__hash_value_typeIPN6System7Typinfo9TTypeInfoEPSt9type_infoEEPvEENS_22__hash_node_destructorINS_9allocatorISB_EEEEE11get_deleterB8ne200100Ev CODE
 0001:000090e0 00000049H .text$_ZNSt3__19allocatorINS_11__hash_nodeINS_17__hash_value_typeIPN6System7Typinfo9TTypeInfoEPSt9type_infoEEPvEEE8allocateB8ne200100Ey CODE
 0001:00009130 00000017H .text$_ZNSt3__116allocator_traitsINS_9allocatorINS_11__hash_nodeINS_17__hash_value_typeIPN6System7Typinfo9TTypeInfoEPSt9type_infoEEPvEEEEE8max_sizeB8ne200100ISD_vTnNS_9enable_ifIXntsr14__has_max_sizeIKT_EE5valueEiE4typeELi0EEEyRKSD_ CODE
 0001:00009150 00000034H .text$_ZSt28__throw_bad_array_new_lengthB8ne200100v CODE
 0001:00009190 00000065H .text$_ZNSt3__117__libcpp_allocateB8ne200100INS_11__hash_nodeINS_17__hash_value_typeIPN6System7Typinfo9TTypeInfoEPSt9type_infoEEPvEEEEPT_NS_15__element_countEy CODE
 0001:00009200 0000000fH .text$_ZNSt3__114numeric_limitsIyE3maxB8ne200100Ev CODE
 0001:00009210 00000008H .text$_ZNSt3__123__libcpp_numeric_limitsIyLb1EE3maxB8ne200100Ev CODE
 0001:00009220 00000023H .text$_ZNSt3__121__libcpp_operator_newB8ne200100IJySt11align_val_tEEEPvDpT_ CODE
 0001:00009250 00000019H .text$_ZNSt3__121__libcpp_operator_newB8ne200100IJyEEEPvDpT_ CODE
 0001:00009270 0000003dH .text$_ZNSt3__125__compressed_pair_paddingINS_22__hash_node_destructorINS_9allocatorINS_11__hash_nodeINS_17__hash_value_typeIPN6System7Typinfo9TTypeInfoEPSt9type_infoEEPvEEEEEELb0EEC2Ev CODE
 0001:000092b0 00000038H .text$_ZNSt3__112construct_atB8ne200100INS_11__hash_nodeINS_17__hash_value_typeIPN6System7Typinfo9TTypeInfoEPSt9type_infoEEPvEEJDnRyEPSB_EEPT_SF_DpOT0_ CODE
 0001:000092f0 0000003aH .text$_ZNSt3__111__hash_nodeINS_17__hash_value_typeIPN6System7Typinfo9TTypeInfoEPSt9type_infoEEPvEC2B8ne200100EPNS_16__hash_node_baseIPSA_EEy CODE
 0001:00009330 0000001eH .text$_ZNSt3__116__hash_node_baseIPNS_11__hash_nodeINS_17__hash_value_typeIPN6System7Typinfo9TTypeInfoEPSt9type_infoEEPvEEEC2B8ne200100EPSD_ CODE
 0001:00009350 00000037H .text$_ZNSt3__114__construct_atB8ne200100INS_4pairIKPN6System7Typinfo9TTypeInfoEPSt9type_infoEEJRKNS_21piecewise_construct_tENS_5tupleIJRS6_EEENSD_IJEEEEPS9_EEPT_SJ_DpOT0_ CODE
 0001:00009390 0000004cH .text$_ZNSt3__112construct_atB8ne200100INS_4pairIKPN6System7Typinfo9TTypeInfoEPSt9type_infoEEJRKNS_21piecewise_construct_tENS_5tupleIJRS6_EEENSD_IJEEEEPS9_EEPT_SJ_DpOT0_ CODE
 0001:000093e0 00000054H .text$_ZNSt3__14pairIKPN6System7Typinfo9TTypeInfoEPSt9type_infoEC2B8ne200100IJRS5_EJEEENS_21piecewise_construct_tENS_5tupleIJDpT_EEENSC_IJDpT0_EEE CODE
 0001:00009440 0000005aH .text$_ZNSt3__14pairIKPN6System7Typinfo9TTypeInfoEPSt9type_infoEC2B8ne200100IJRS5_EJEJLy0EETpTnyJEEENS_21piecewise_construct_tERNS_5tupleIJDpT_EEERNSC_IJDpT0_EEENS_15__tuple_indicesIJXspT1_EEEENSL_IJXspT2_EEEE CODE
 0001:000094a0 00000019H .text$_ZNSt3__13getB8ne200100ILy0EJRKPN6System7Typinfo9TTypeInfoEEEERNS_13tuple_elementIXT_ENS_5tupleIJDpT0_EEEE4typeERSB_ CODE
 0001:000094c0 0000000eH .text$_ZNSt3__112__tuple_leafILy0ERKPN6System7Typinfo9TTypeInfoELb0EE3getB8ne200100Ev CODE
 0001:000094d0 0000022dH .text$_ZNSt3__112__hash_tableINS_17__hash_value_typeIPN6System7Typinfo9TTypeInfoEPSt9type_infoEENS_22__unordered_map_hasherIS5_S8_NS_4hashIS5_EENS_8equal_toIS5_EELb1EEENS_21__unordered_map_equalIS5_S8_SD_SB_Lb1EEENS_9allocatorIS8_EEE8__rehashILb1EEEvy CODE
 0001:00009700 00000288H .text$_ZNSt3__112__hash_tableINS_17__hash_value_typeIPN6System7Typinfo9TTypeInfoEPSt9type_infoEENS_22__unordered_map_hasherIS5_S8_NS_4hashIS5_EENS_8equal_toIS5_EELb1EEENS_21__unordered_map_equalIS5_S8_SD_SB_Lb1EEENS_9allocatorIS8_EEE11__do_rehashILb1EEEvy CODE
 0001:00009990 0000004fH .text$_ZNSt3__116__next_hash_pow2B8ne200100Ey CODE
 0001:000099e0 0000000fH .text$_ZNSt3__110unique_ptrIA_PNS_16__hash_node_baseIPNS_11__hash_nodeINS_17__hash_value_typeIPN6System7Typinfo9TTypeInfoEPSt9type_infoEEPvEEEENS_25__bucket_list_deallocatorINS_9allocatorISF_EEEEE11get_deleterB8ne200100Ev CODE
 0001:000099f0 00000049H .text$_ZNSt3__110unique_ptrIA_PNS_16__hash_node_baseIPNS_11__hash_nodeINS_17__hash_value_typeIPN6System7Typinfo9TTypeInfoEPSt9type_infoEEPvEEEENS_25__bucket_list_deallocatorINS_9allocatorISF_EEEEE5resetB8ne200100IPSF_TnNS_9enable_ifIXsr28_CheckArrayPointerConversionIT_EE5valueEiE4typeELi0EEEvSP_ CODE
 0001:00009a40 00000023H .text$_ZNSt3__116allocator_traitsINS_9allocatorIPNS_16__hash_node_baseIPNS_11__hash_nodeINS_17__hash_value_typeIPN6System7Typinfo9TTypeInfoEPSt9type_infoEEPvEEEEEEE8allocateB8ne200100ERSH_y CODE
 0001:00009a70 00000049H .text$_ZNSt3__19allocatorIPNS_16__hash_node_baseIPNS_11__hash_nodeINS_17__hash_value_typeIPN6System7Typinfo9TTypeInfoEPSt9type_infoEEPvEEEEE8allocateB8ne200100Ey CODE
 0001:00009ac0 00000017H .text$_ZNSt3__116allocator_traitsINS_9allocatorIPNS_16__hash_node_baseIPNS_11__hash_nodeINS_17__hash_value_typeIPN6System7Typinfo9TTypeInfoEPSt9type_infoEEPvEEEEEEE8max_sizeB8ne200100ISH_vTnNS_9enable_ifIXntsr14__has_max_sizeIKT_EE5valueEiE4typeELi0EEEyRKSH_ CODE
 0001:00009ae0 00000065H .text$_ZNSt3__117__libcpp_allocateB8ne200100IPNS_16__hash_node_baseIPNS_11__hash_nodeINS_17__hash_value_typeIPN6System7Typinfo9TTypeInfoEPSt9type_infoEEPvEEEEEEPT_NS_15__element_countEy CODE
 0001:00009b50 00000013H .text$_ZNSt3__112__libcpp_clzB8ne200100Ey CODE
 0001:00009b70 0000004dH .text$_ZNSt3__13maxB8ne200100IyNS_6__lessIvvEEEERKT_S5_S5_T0_ CODE
 0001:00009bc0 0000002bH .text$_ZNKSt3__16__lessIvvEclB8ne200100IyyEEbRKT_RKT0_ CODE
 0001:00009bf0 00000049H .text$_ZNSt3__110unique_ptrINS_11__hash_nodeINS_17__hash_value_typeIPN6System7Typinfo9TTypeInfoEPSt9type_infoEEPvEENS_22__hash_node_destructorINS_9allocatorISB_EEEEE5resetB8ne200100EPSB_ CODE
 0001:00009c40 0000008eH .text$_ZNSt3__122__hash_node_destructorINS_9allocatorINS_11__hash_nodeINS_17__hash_value_typeIPN6System7Typinfo9TTypeInfoEPSt9type_infoEEPvEEEEEclB8ne200100EPSC_ CODE
 0001:00009cd0 00000040H .text$_ZNSt3__15tupleIJRKPN6System7Typinfo9TTypeInfoEEEC2B8ne200100INS_4_AndETnNS_9enable_ifIXsrT_IJNS_17integral_constantIbLb1EEENS_21is_copy_constructibleIS6_EEEE5valueEiE4typeELi0EEES6_ CODE
 0001:00009d10 00000039H .text$_ZNSt3__112__tuple_implINS_15__tuple_indicesIJLy0EEEEJRKPN6System7Typinfo9TTypeInfoEEEC2B8ne200100IJLy0EEJS8_ETpTnyJEJEJS8_EEENS1_IJXspT_EEEENS_13__tuple_typesIJDpT0_EEENS1_IJXspT1_EEEENSC_IJDpT2_EEEDpOT3_ CODE
 0001:00009d50 0000001eH .text$_ZNSt3__112__tuple_leafILy0ERKPN6System7Typinfo9TTypeInfoELb0EEC2B8ne200100IS6_TnNS_9enable_ifIXsr4_AndINS_17integral_constantIbXntu9__is_sameu14__remove_cvrefIT_ES7_EEEENS_16is_constructibleIS6_JSB_EEEEE5valueEiE4typeELi0EEEOSB_ CODE
 0001:00009d70 0000000bH .text$_ZNSt3__114pointer_traitsIPNS_17__hash_value_typeIPN6System7Typinfo9TTypeInfoEPSt9type_infoEEE10pointer_toB8ne200100ERS8_ CODE
 0001:00009d80 00000012H .text$_ZN6System14AnsiStringBaseC2Ev CODE
 0001:00009da0 0000002cH .text$_ZN6System11AnsiStringTILt65001EE4swapERS1_ CODE
 0001:00009dd0 00005916H .text                   CODE
 0001:0000f6f0 000000c1H .text$_ZN6System8Sysutils11ERangeErrorC3ENS_13UnicodeStringE CODE
 0001:0000f7c0 00000048H .text$_ZN6System8Sysutils11ERangeErrorD0Ev CODE
 0001:0000f810 0000004aH .text$_ZN6System11WideCharLenIwEEiPKT_ CODE
 0001:0000f860 0000004aH .text$_ZN6System11WideCharLenIDsEEiPKT_ CODE
 0001:0000f8b0 00000059H .text$_ZN6System11AnsiStringTILt0EEC2EPKci CODE
 0001:0000f910 000000d0H .text$_ZN6System11AnsiStringTILt0EED2Ev CODE
 0001:0000f9e0 00000030H .text$_ZN6System11AnsiStringTILt0EEC2Ev CODE
 0001:0000fa10 0000002aH .text$_ZN6System13UnicodeStringC2ILt0EEERKNS_11AnsiStringTIXT_EEE CODE
 0001:0000fa40 00000046H .text$_ZN6System15DelphiInterfaceINS_14IEnumerator__1INS_13UnicodeStringEEEEC2ERKS4_ CODE
 0001:0000fa90 000000eaH .text$_ZN6System15DelphiInterfaceINS_14IEnumerator__1INS_13UnicodeStringEEEED2Ev CODE
 0001:0000fb80 00000046H .text$_ZN6System15DelphiInterfaceINS_14IEnumerable__1INS_13UnicodeStringEEEEC2ERKS4_ CODE
 0001:0000fbd0 000000eaH .text$_ZN6System15DelphiInterfaceINS_14IEnumerable__1INS_13UnicodeStringEEEED2Ev CODE
 0001:0000fcc0 000000c1H .text$_ZN6System8Sysutils9EIntErrorC3ENS_13UnicodeStringE CODE
 0001:0000fd90 000000c1H .text$_ZN6System8Sysutils9EExternalC3ENS_13UnicodeStringE CODE
 0001:0000fe60 00000048H .text$_ZN6System8Sysutils9EIntErrorD0Ev CODE
 0001:0000feb0 00000048H .text$_ZN6System8Sysutils9EExternalD0Ev CODE
 0001:0000ff00 00000023H .text$_ZN6System11AnsiStringTILt0EEC2ERKS1_ CODE
 0001:0000ff30 00000012H .text$_ZN6System15DelphiInterfaceINS_14IEnumerator__1INS_13UnicodeStringEEEEC2Ev CODE
 0001:0000ff50 00000012H .text$_ZN6System15DelphiInterfaceINS_14IEnumerable__1INS_13UnicodeStringEEEEC2Ev CODE
 0001:0000ff70 000036a6H .text                   CODE
 0001:00013620 0000004aH .text$_ZN6System8_CharLenIwEEiPKT_ CODE
 0001:00013670 0000004aH .text$_ZN6System8_CharLenIDsEEiPKT_ CODE
 0001:000136c0 00000023H .text$_ZN6System14AnsiStringBaseC2ILt0EEEONS_11AnsiStringTIXT_EEE CODE
 0001:000136f0 00000046H .text$_ZNK6System14AnsiStringBase8CodePageEv CODE
 0001:00013740 0000003aH .text$_ZNK6System14AnsiStringBaseixEi CODE
 0001:00013780 0000478bH .text                   CODE
 0001:00017f10 0000001dH .text$_ZTWL16exception_object CODE
 0001:00017f30 000003d0H .text                   CODE
 0002:00000000 00000008H .rdata$__mingw_fe_dfl_env DATA
 0002:00000008 00000008H .rdata$__mingw_fe_pc64_env DATA
 0002:00000010 00000008H .rdata$__mingw_fe_pc53_env DATA
 0002:00000018 00000008H .rdata$.refptr._MINGW_INSTALL_DEBUG_MATHERR DATA
 0002:00000020 00000008H .rdata$.refptr.__ImageBase DATA
 0002:00000028 00000008H .rdata$.refptr.__dyn_tls_init_callback DATA
 0002:00000030 00000008H .rdata$.refptr.__globallocalestatus DATA
 0002:00000038 00000008H .rdata$.refptr.__mingw_app_type DATA
 0002:00000040 00000008H .rdata$.refptr.__mingw_initltsdrot_force DATA
 0002:00000048 00000008H .rdata$.refptr.__mingw_initltsdyn_force DATA
 0002:00000050 00000008H .rdata$.refptr.__mingw_initltssuo_force DATA
 0002:00000058 00000008H .rdata$.refptr.__mingw_oldexcpt_handler DATA
 0002:00000060 00000008H .rdata$.refptr.__native_startup_lock DATA
 0002:00000068 00000008H .rdata$.refptr.__native_startup_state DATA
 0002:00000070 00000008H .rdata$.refptr.__xc_a   DATA
 0002:00000078 00000008H .rdata$.refptr.__xc_z   DATA
 0002:00000080 00000008H .rdata$.refptr.__xi_a   DATA
 0002:00000088 00000008H .rdata$.refptr.__xi_z   DATA
 0002:00000090 00000008H .rdata$.refptr._commode DATA
 0002:00000098 00000008H .rdata$.refptr._dowildcard DATA
 0002:000000a0 00000008H .rdata$.refptr._fmode   DATA
 0002:000000a8 00000008H .rdata$.refptr._hInstance DATA
 0002:000000b0 00000008H .rdata$.refptr._newmode DATA
 0002:000000b8 000059f1H .rdata                  DATA
 0002:00005ab0 00000008H .rdata$.refptr.Form1    DATA
 0002:00005ab8 00000008H .rdata$.refptr._ZTRN6System8Sysutils9ExceptionE DATA
 0002:00005ac0 00000008H .rdata$.refptr._ZTV6TForm1 DATA
 0002:00005ac8 00000008H .rdata$.refptr._ZTVN6System8Sysutils9ExceptionE DATA
 0002:00005ad0 00000c54H .rdata                  DATA
 0002:00006730 00000039H .rdata$_ZTR6TForm1      DATA
 0002:00006770 00000008H .rdata$.refptr._ZN6System10_init_instE DATA
 0002:00006778 00000008H .rdata$.refptr.__imp___winitenv DATA
 0002:00006780 00000048H .rdata                  DATA
 0002:000067c8 00000008H .rdata$.refptr._CRT_MT  DATA
 0002:000067d0 00000008H .rdata$.refptr.__CTOR_LIST__ DATA
 0002:000067d8 0000026dH .rdata                  DATA
 0002:00006a48 00000008H .rdata$.refptr.__RUNTIME_PSEUDO_RELOC_LIST_END__ DATA
 0002:00006a50 00000008H .rdata$.refptr.__RUNTIME_PSEUDO_RELOC_LIST__ DATA
 0002:00006a58 00000008H .rdata$.refptr._mngr    DATA
 0002:00006a60 00000008H .rdata$.refptr._mngr_set DATA
 0002:00006a68 000001b2H .rdata                  DATA
 0002:00006c1a 00000001H .rdata$_ZNSt3__119piecewise_constructE DATA
 0002:00006c20 00000018H .rdata$_ZTISt20bad_array_new_length DATA
 0002:00006c38 00000019H .rdata$_ZTSSt20bad_array_new_length DATA
 0002:00006c58 00000018H .rdata$_ZTISt9bad_alloc DATA
 0002:00006c70 0000000dH .rdata$_ZTSSt9bad_alloc DATA
 0002:00006c80 00000010H .rdata$_ZTISt9exception DATA
 0002:00006c90 0000000dH .rdata$_ZTSSt9exception DATA
 0002:00006ca0 00000008H .rdata$.refptr._ZTRN6System8Sysutils11ERangeErrorE DATA
 0002:00006ca8 00000008H .rdata$.refptr._ZTVN6System8Sysutils11ERangeErrorE DATA
 0002:00006cb0 000055c0H .rdata                  DATA
 0002:0000c270 00000008H .rdata$.refptr.__EMBT_INIT_LIST_BEGIN__ DATA
 0002:0000c278 00000008H .rdata$.refptr.__EMBT_INIT_LIST_END__ DATA
 0002:0000c280 00000008H .rdata$.refptr.__isDLL  DATA
 0002:0000c288 00000008H .rdata$.refptr.__isGUI  DATA
 0002:0000c290 00000008H .rdata$.refptr.__isVCLPackage DATA
 0002:0000c298 000003c8H .rdata                  DATA
 0002:0000c6f0 00000010H .00cfg                  DATA
 0002:0000c700 00000008H .CRT$XCA                DATA
 0002:0000c708 00000008H .CRT$XCAA               DATA
 0002:0000c710 00000008H .CRT$XCZ                DATA
 0002:0000c718 00000008H .CRT$XDA                DATA
 0002:0000c720 00000008H .CRT$XDZ                DATA
 0002:0000c728 00000008H .CRT$XIA                DATA
 0002:0000c730 00000008H .CRT$XIA0               DATA
 0002:0000c738 00000008H .CRT$XIAA               DATA
 0002:0000c740 00000008H .CRT$XIZ                DATA
 0002:0000c748 00000008H .CRT$XLA                DATA
 0002:0000c750 00000008H .CRT$XLC                DATA
 0002:0000c758 00000008H .CRT$XLD                DATA
 0002:0000c760 00000008H .CRT$XLZ                DATA
 0002:0000c770 00000008H .ctors.65435            DATA
 0002:0000c788 00000008H .dtors.65435            DATA
 0002:00017adc 00000254H .xdata                  DATA
 0002:00017d30 00000008H .xdata$_ZN6System7Classes15TComponentClassC1EPNS_10TMetaClassE DATA
 0002:00017d38 00000008H .xdata$__clang_call_terminate DATA
 0002:00017d40 00000008H .xdata$_ZN6System7Classes15TComponentClassC2EPNS_10TMetaClassE DATA
 0002:00017d48 00000008H .xdata$_ZN6System15DelphiMetaClassINS_7Classes15TComponentClassEEC2EPNS_10TMetaClassE DATA
 0002:00017d50 000002f0H .xdata                  DATA
 0002:00018040 00000020H .xdata$_ZN6System13UnicodeStringaSEOS0_ DATA
 0002:00018060 00000020H .xdata$_ZN6System12DynamicArrayINS_3Net9Urlclient14TNameValuePairEED2Ev DATA
 0002:00018080 00000024H .xdata$_ZN6System15DelphiInterfaceINS_3Net10Httpclient13IHTTPResponseEED2Ev DATA
 0002:000180a4 00000008H .xdata$_ZN3Vcl5Forms5TFormC3EPN6System7Classes10TComponentE DATA
 0002:000180ac 00000008H .xdata$_ZN3Vcl5Forms5TFormD0Ev DATA
 0002:000180b4 00000008H .xdata$_ZN6System12DynamicArrayINS_3Net9Urlclient14TNameValuePairEEC1Ev DATA
 0002:000180bc 00000008H .xdata$_ZN6System15DelphiInterfaceINS_3Net10Httpclient13IHTTPResponseEEC1Ev DATA
 0002:000180c4 00000008H .xdata$_ZNK6System15DelphiInterfaceINS_3Net10Httpclient13IHTTPResponseEEptEv DATA
 0002:000180cc 00000008H .xdata$_ZN6System15DelphiInterfaceINS_3Net10Httpclient13IHTTPResponseEED1Ev DATA
 0002:000180d4 00000008H .xdata$_ZN6System12DynamicArrayINS_3Net9Urlclient14TNameValuePairEED1Ev DATA
 0002:000180dc 00000020H .xdata$_ZN6System13UnicodeStringaSEOS0_ DATA
 0002:000180fc 00000008H .xdata$_ZN6TForm1D0Ev   DATA
 0002:00018104 00000008H .xdata$_ZN3Vcl5Forms5TFormC3EPN6System7Classes10TComponentEi DATA
 0002:0001810c 00000008H .xdata$_ZN3Vcl5Forms5TFormC3EPN6System7Classes10TComponentEii DATA
 0002:00018114 00000008H .xdata$_ZN6System12DynamicArrayINS_3Net9Urlclient14TNameValuePairEEC2Ev DATA
 0002:0001811c 00000020H .xdata$_ZN6System12DynamicArrayINS_3Net9Urlclient14TNameValuePairEED2Ev DATA
 0002:0001813c 00000008H .xdata$_ZN6System12DynamicArrayINS_3Net9Urlclient14TNameValuePairEEC1ERKS4_ DATA
 0002:00018144 00000008H .xdata$_ZN6System12DynamicArrayINS_3Net9Urlclient14TNameValuePairEE11DecRefCountEv DATA
 0002:0001814c 00000008H .xdata$_ZN6System12DynamicArrayINS_3Net9Urlclient14TNameValuePairEEC2ERKS4_ DATA
 0002:00018154 00000008H .xdata$_ZN6System12DynamicArrayINS_3Net9Urlclient14TNameValuePairEE11IncRefCountEv DATA
 0002:0001815c 00000008H .xdata$_ZN6System12DynamicArrayINS_3Net9Urlclient14TNameValuePairEE8FreeDataEv DATA
 0002:00018164 00000008H .xdata$_ZNK6System12DynamicArrayINS_3Net9Urlclient14TNameValuePairEE10get_lengthEv DATA
 0002:0001816c 00000008H .xdata$_ZN6System3Net9Urlclient14TNameValuePairD1Ev DATA
 0002:00018174 00000008H .xdata$_ZNK6System12DynamicArrayINS_3Net9Urlclient14TNameValuePairEE6GetRecEv DATA
 0002:0001817c 00000008H .xdata$_ZN6System3Net9Urlclient14TNameValuePairD2Ev DATA
 0002:00018184 00000008H .xdata$_ZN6System15DelphiInterfaceINS_3Net10Httpclient13IHTTPResponseEEC2Ev DATA
 0002:0001818c 00000024H .xdata$_ZN6System15DelphiInterfaceINS_3Net10Httpclient13IHTTPResponseEED2Ev DATA
 0002:000181b0 00000008H .xdata$_ZN6System15DelphiInterfaceINS_3Net10Httpclient13IHTTPResponseEEC1ERKS4_ DATA
 0002:000181b8 00000008H .xdata$_ZN6System15DelphiInterfaceINS_3Net10Httpclient13IHTTPResponseEEC2ERKS4_ DATA
 0002:000181c0 000001f8H .xdata                  DATA
 0002:000183b8 00000020H .xdata$_ZN6System15DelphiInterfaceINS_10IInterfaceEED2Ev DATA
 0002:000183d8 00000018H .xdata$_ZNK6System11AnsiStringTILt65001EEplERKS1_ DATA
 0002:000183f0 00000020H .xdata$_ZN6System11AnsiStringTILt65001EEaSEOS1_ DATA
 0002:00018410 00000020H .xdata$_ZNSt3__112__hash_tableINS_17__hash_value_typeIPN6System7Typinfo9TTypeInfoEPSt9type_infoEENS_22__unordered_map_hasherIS5_S8_NS_4hashIS5_EENS_8equal_toIS5_EELb1EEENS_21__unordered_map_equalIS5_S8_SD_SB_Lb1EEENS_9allocatorIS8_EEE17__deallocate_nodeEPNS_16__hash_node_baseIPNS_11__hash_nodeIS8_PvEEEE DATA
 0002:00018430 00000024H .xdata$_ZNSt3__112__hash_tableINS_17__hash_value_typeIPN6System7Typinfo9TTypeInfoEPSt9type_infoEENS_22__unordered_map_hasherIS5_S8_NS_4hashIS5_EENS_8equal_toIS5_EELb1EEENS_21__unordered_map_equalIS5_S8_SD_SB_Lb1EEENS_9allocatorIS8_EEE25__emplace_unique_key_argsIS5_JRKNS_21piecewise_construct_tENS_5tupleIJRKS5_EEENSO_IJEEEEEENS_4pairINS_15__hash_iteratorIPNS_11__hash_nodeIS8_PvEEEEbEERKT_DpOT0_ DATA
 0002:00018454 00000020H .xdata$_ZNSt3__112__hash_tableINS_17__hash_value_typeIPN6System7Typinfo9TTypeInfoEPSt9type_infoEENS_22__unordered_map_hasherIS5_S8_NS_4hashIS5_EENS_8equal_toIS5_EELb1EEENS_21__unordered_map_equalIS5_S8_SD_SB_Lb1EEENS_9allocatorIS8_EEE21__construct_node_hashIRKNS_21piecewise_construct_tEJNS_5tupleIJRKS5_EEENSO_IJEEEEEENS_10unique_ptrINS_11__hash_nodeIS8_PvEENS_22__hash_node_destructorINSH_ISW_EEEEEEyOT_DpOT0_ DATA
 0002:00018474 00000020H .xdata$_ZNKSt3__14hashIPN6System7Typinfo9TTypeInfoEEclB8ne200100ES4_ DATA
 0002:00018494 00000020H .xdata$_ZNSt3__14pairIKPN6System7Typinfo9TTypeInfoEPSt9type_infoEC2B8ne200100IJRS5_EJEEENS_21piecewise_construct_tENS_5tupleIJDpT_EEENSC_IJDpT0_EEE DATA
 0002:000184b4 00000020H .xdata$_ZNSt3__122__hash_node_destructorINS_9allocatorINS_11__hash_nodeINS_17__hash_value_typeIPN6System7Typinfo9TTypeInfoEPSt9type_infoEEPvEEEEEclB8ne200100EPSC_ DATA
 0002:000184d4 00000008H .xdata$_ZN6System15DelphiInterfaceINS_10IInterfaceEEadEv DATA
 0002:000184dc 00000020H .xdata$_ZN6System15DelphiInterfaceINS_10IInterfaceEED2Ev DATA
 0002:000184fc 00000008H .xdata$_ZNSt3__110lock_guardINS_5mutexEEC2B8ne200100ERS1_ DATA
 0002:00018504 00000008H .xdata$_ZNSt3__113unordered_mapIPN6System7Typinfo9TTypeInfoEPSt9type_infoNS_4hashIS4_EENS_8equal_toIS4_EENS_9allocatorINS_4pairIKS4_S6_EEEEEC2B8ne200100Ev DATA
 0002:0001850c 00000008H .xdata$_ZNSt3__113unordered_mapIPN6System7Typinfo9TTypeInfoEPSt9type_infoNS_4hashIS4_EENS_8equal_toIS4_EENS_9allocatorINS_4pairIKS4_S6_EEEEED2B8ne200100Ev DATA
 0002:00018514 00000008H .xdata$_ZNSt3__113unordered_mapIPN6System7Typinfo9TTypeInfoEPSt9type_infoNS_4hashIS4_EENS_8equal_toIS4_EENS_9allocatorINS_4pairIKS4_S6_EEEEEixERSD_ DATA
 0002:0001851c 00000008H .xdata$_ZN6System11AnsiStringTILt65001EEC2ERKNS_13UnicodeStringE DATA
 0002:00018524 00000018H .xdata$_ZNK6System11AnsiStringTILt65001EEplERKS1_ DATA
 0002:0001853c 00000008H .xdata$_ZN6System11AnsiStringTILt65001EEC2EPKc DATA
 0002:00018544 00000008H .xdata$_ZN6System11AnsiStringTILt65001EEC2Ev DATA
 0002:0001854c 00000020H .xdata$_ZN6System11AnsiStringTILt65001EEaSEOS1_ DATA
 0002:0001856c 00000008H .xdata$_ZN6System11AnsiStringTILt65001EED2Ev DATA
 0002:00018574 00000008H .xdata$_ZN10__cxxabiv117__class_type_infoC2Ev DATA
 0002:0001857c 00000008H .xdata$_ZNK6System11AnsiStringTILt65001EE5c_strEv DATA
 0002:00018584 00000008H .xdata$_ZNSt3__110lock_guardINS_5mutexEED2B8ne200100Ev DATA
 0002:0001858c 00000008H .xdata$_ZN10__cxxabiv116__shim_type_infoC2Ev DATA
 0002:00018594 00000008H .xdata$_ZNSt3__112__hash_tableINS_17__hash_value_typeIPN6System7Typinfo9TTypeInfoEPSt9type_infoEENS_22__unordered_map_hasherIS5_S8_NS_4hashIS5_EENS_8equal_toIS5_EELb1EEENS_21__unordered_map_equalIS5_S8_SD_SB_Lb1EEENS_9allocatorIS8_EEEC2Ev DATA
 0002:0001859c 00000008H .xdata$_ZNSt3__110unique_ptrIA_PNS_16__hash_node_baseIPNS_11__hash_nodeINS_17__hash_value_typeIPN6System7Typinfo9TTypeInfoEPSt9type_infoEEPvEEEENS_25__bucket_list_deallocatorINS_9allocatorISF_EEEEEC2B8ne200100ILb1EvEEv DATA
 0002:000185a4 00000008H .xdata$_ZNSt3__116__hash_node_baseIPNS_11__hash_nodeINS_17__hash_value_typeIPN6System7Typinfo9TTypeInfoEPSt9type_infoEEPvEEEC2B8ne200100Ev DATA
 0002:000185ac 00000008H .xdata$_ZNSt3__19allocatorINS_11__hash_nodeINS_17__hash_value_typeIPN6System7Typinfo9TTypeInfoEPSt9type_infoEEPvEEEC2B8ne200100Ev DATA
 0002:000185b4 00000008H .xdata$_ZNSt3__122__unordered_map_hasherIPN6System7Typinfo9TTypeInfoENS_17__hash_value_typeIS4_PSt9type_infoEENS_4hashIS4_EENS_8equal_toIS4_EELb1EEC2B8ne200100Ev DATA
 0002:000185bc 00000008H .xdata$_ZNSt3__121__unordered_map_equalIPN6System7Typinfo9TTypeInfoENS_17__hash_value_typeIS4_PSt9type_infoEENS_8equal_toIS4_EENS_4hashIS4_EELb1EEC2B8ne200100Ev DATA
 0002:000185c4 00000008H .xdata$_ZNSt3__125__bucket_list_deallocatorINS_9allocatorIPNS_16__hash_node_baseIPNS_11__hash_nodeINS_17__hash_value_typeIPN6System7Typinfo9TTypeInfoEPSt9type_infoEEPvEEEEEEEC2B8ne200100Ev DATA
 0002:000185cc 00000008H .xdata$_ZNSt3__19allocatorIPNS_16__hash_node_baseIPNS_11__hash_nodeINS_17__hash_value_typeIPN6System7Typinfo9TTypeInfoEPSt9type_infoEEPvEEEEEC2B8ne200100Ev DATA
 0002:000185d4 00000008H .xdata$_ZNSt3__116__non_trivial_ifILb1ENS_9allocatorIPNS_16__hash_node_baseIPNS_11__hash_nodeINS_17__hash_value_typeIPN6System7Typinfo9TTypeInfoEPSt9type_infoEEPvEEEEEEEC2B8ne200100Ev DATA
 0002:000185dc 00000008H .xdata$_ZNSt3__116__non_trivial_ifILb1ENS_9allocatorINS_11__hash_nodeINS_17__hash_value_typeIPN6System7Typinfo9TTypeInfoEPSt9type_infoEEPvEEEEEC2B8ne200100Ev DATA
 0002:000185e4 00000008H .xdata$_ZNSt3__112__hash_tableINS_17__hash_value_typeIPN6System7Typinfo9TTypeInfoEPSt9type_infoEENS_22__unordered_map_hasherIS5_S8_NS_4hashIS5_EENS_8equal_toIS5_EELb1EEENS_21__unordered_map_equalIS5_S8_SD_SB_Lb1EEENS_9allocatorIS8_EEED2Ev DATA
 0002:000185ec 00000020H .xdata$_ZNSt3__112__hash_tableINS_17__hash_value_typeIPN6System7Typinfo9TTypeInfoEPSt9type_infoEENS_22__unordered_map_hasherIS5_S8_NS_4hashIS5_EENS_8equal_toIS5_EELb1EEENS_21__unordered_map_equalIS5_S8_SD_SB_Lb1EEENS_9allocatorIS8_EEE17__deallocate_nodeEPNS_16__hash_node_baseIPNS_11__hash_nodeIS8_PvEEEE DATA
 0002:0001860c 00000008H .xdata$_ZNSt3__110unique_ptrIA_PNS_16__hash_node_baseIPNS_11__hash_nodeINS_17__hash_value_typeIPN6System7Typinfo9TTypeInfoEPSt9type_infoEEPvEEEENS_25__bucket_list_deallocatorINS_9allocatorISF_EEEEED2B8ne200100Ev DATA
 0002:00018614 00000008H .xdata$_ZNSt3__112__hash_tableINS_17__hash_value_typeIPN6System7Typinfo9TTypeInfoEPSt9type_infoEENS_22__unordered_map_hasherIS5_S8_NS_4hashIS5_EENS_8equal_toIS5_EELb1EEENS_21__unordered_map_equalIS5_S8_SD_SB_Lb1EEENS_9allocatorIS8_EEE12__node_allocB8ne200100Ev DATA
 0002:0001861c 00000008H .xdata$_ZNSt3__116__hash_node_baseIPNS_11__hash_nodeINS_17__hash_value_typeIPN6System7Typinfo9TTypeInfoEPSt9type_infoEEPvEEE8__upcastB8ne200100Ev DATA
 0002:00018624 00000008H .xdata$_ZNSt3__116allocator_traitsINS_9allocatorINS_11__hash_nodeINS_17__hash_value_typeIPN6System7Typinfo9TTypeInfoEPSt9type_infoEEPvEEEEE7destroyB8ne200100INS_4pairIKS7_S9_EEvTnNS_9enable_ifIXntsr13__has_destroyISD_PT_EE5valueEiE4typeELi0EEEvRSD_SL_ DATA
 0002:0001862c 00000008H .xdata$_ZNSt3__122__hash_key_value_typesINS_17__hash_value_typeIPN6System7Typinfo9TTypeInfoEPSt9type_infoEEE9__get_ptrB8ne200100ERS8_ DATA
 0002:00018634 00000008H .xdata$_ZNSt3__111__hash_nodeINS_17__hash_value_typeIPN6System7Typinfo9TTypeInfoEPSt9type_infoEEPvE11__get_valueB8ne200100Ev DATA
 0002:0001863c 00000008H .xdata$_ZNSt3__112__destroy_atB8ne200100INS_11__hash_nodeINS_17__hash_value_typeIPN6System7Typinfo9TTypeInfoEPSt9type_infoEEPvEETnNS_9enable_ifIXntsr8is_arrayIT_EE5valueEiE4typeELi0EEEvPSD_ DATA
 0002:00018644 00000008H .xdata$_ZNSt3__116allocator_traitsINS_9allocatorINS_11__hash_nodeINS_17__hash_value_typeIPN6System7Typinfo9TTypeInfoEPSt9type_infoEEPvEEEEE10deallocateB8ne200100ERSD_PSC_y DATA
 0002:0001864c 00000008H .xdata$_ZNSt3__114pointer_traitsIPNS_16__hash_node_baseIPNS_11__hash_nodeINS_17__hash_value_typeIPN6System7Typinfo9TTypeInfoEPSt9type_infoEEPvEEEEE10pointer_toB8ne200100ERSE_ DATA
 0002:00018654 00000008H .xdata$_ZNSt3__112__destroy_atB8ne200100INS_4pairIKPN6System7Typinfo9TTypeInfoEPSt9type_infoEETnNS_9enable_ifIXntsr8is_arrayIT_EE5valueEiE4typeELi0EEEvPSB_ DATA
 0002:0001865c 00000008H .xdata$_ZNSt3__117__hash_value_typeIPN6System7Typinfo9TTypeInfoEPSt9type_infoE11__get_valueB8ne200100Ev DATA
 0002:00018664 00000008H .xdata$_ZNSt3__17launderB8ne200100INS_4pairIKPN6System7Typinfo9TTypeInfoEPSt9type_infoEEEEPT_SB_ DATA
 0002:0001866c 00000008H .xdata$_ZNSt3__19__launderB8ne200100INS_4pairIKPN6System7Typinfo9TTypeInfoEPSt9type_infoEEEEPT_SB_ DATA
 0002:00018674 00000008H .xdata$_ZNSt3__111__hash_nodeINS_17__hash_value_typeIPN6System7Typinfo9TTypeInfoEPSt9type_infoEEPvED2B8ne200100Ev DATA
 0002:0001867c 00000008H .xdata$_ZNSt3__19allocatorINS_11__hash_nodeINS_17__hash_value_typeIPN6System7Typinfo9TTypeInfoEPSt9type_infoEEPvEEE10deallocateB8ne200100EPSB_y DATA
 0002:00018684 00000008H .xdata$_ZNSt3__119__libcpp_deallocateB8ne200100INS_11__hash_nodeINS_17__hash_value_typeIPN6System7Typinfo9TTypeInfoEPSt9type_infoEEPvEEEEvPNS_15__type_identityIT_E4typeENS_15__element_countEy DATA
 0002:0001868c 00000008H .xdata$_ZNSt3__124__is_overaligned_for_newB8ne200100Ey DATA
 0002:00018694 00000008H .xdata$_ZNSt3__124__libcpp_operator_deleteB8ne200100IJPNS_11__hash_nodeINS_17__hash_value_typeIPN6System7Typinfo9TTypeInfoEPSt9type_infoEEPvEESt11align_val_tEEEvDpT_ DATA
 0002:0001869c 00000008H .xdata$_ZNSt3__124__libcpp_operator_deleteB8ne200100IJPNS_11__hash_nodeINS_17__hash_value_typeIPN6System7Typinfo9TTypeInfoEPSt9type_infoEEPvEEEEEvDpT_ DATA
 0002:000186a4 00000008H .xdata$_ZNSt3__110unique_ptrIA_PNS_16__hash_node_baseIPNS_11__hash_nodeINS_17__hash_value_typeIPN6System7Typinfo9TTypeInfoEPSt9type_infoEEPvEEEENS_25__bucket_list_deallocatorINS_9allocatorISF_EEEEE5resetB8ne200100EDn DATA
 0002:000186ac 00000008H .xdata$_ZNSt3__125__bucket_list_deallocatorINS_9allocatorIPNS_16__hash_node_baseIPNS_11__hash_nodeINS_17__hash_value_typeIPN6System7Typinfo9TTypeInfoEPSt9type_infoEEPvEEEEEEEclB8ne200100EPSG_ DATA
 0002:000186b4 00000008H .xdata$_ZNSt3__116allocator_traitsINS_9allocatorIPNS_16__hash_node_baseIPNS_11__hash_nodeINS_17__hash_value_typeIPN6System7Typinfo9TTypeInfoEPSt9type_infoEEPvEEEEEEE10deallocateB8ne200100ERSH_PSG_y DATA
 0002:000186bc 00000008H .xdata$_ZNSt3__125__bucket_list_deallocatorINS_9allocatorIPNS_16__hash_node_baseIPNS_11__hash_nodeINS_17__hash_value_typeIPN6System7Typinfo9TTypeInfoEPSt9type_infoEEPvEEEEEEE7__allocB8ne200100Ev DATA
 0002:000186c4 00000008H .xdata$_ZNSt3__125__bucket_list_deallocatorINS_9allocatorIPNS_16__hash_node_baseIPNS_11__hash_nodeINS_17__hash_value_typeIPN6System7Typinfo9TTypeInfoEPSt9type_infoEEPvEEEEEEE4sizeB8ne200100Ev DATA
 0002:000186cc 00000008H .xdata$_ZNSt3__19allocatorIPNS_16__hash_node_baseIPNS_11__hash_nodeINS_17__hash_value_typeIPN6System7Typinfo9TTypeInfoEPSt9type_infoEEPvEEEEE10deallocateB8ne200100EPSF_y DATA
 0002:000186d4 00000008H .xdata$_ZNSt3__119__libcpp_deallocateB8ne200100IPNS_16__hash_node_baseIPNS_11__hash_nodeINS_17__hash_value_typeIPN6System7Typinfo9TTypeInfoEPSt9type_infoEEPvEEEEEEvPNS_15__type_identityIT_E4typeENS_15__element_countEy DATA
 0002:000186dc 00000008H .xdata$_ZNSt3__124__libcpp_operator_deleteB8ne200100IJPPNS_16__hash_node_baseIPNS_11__hash_nodeINS_17__hash_value_typeIPN6System7Typinfo9TTypeInfoEPSt9type_infoEEPvEEEESt11align_val_tEEEvDpT_ DATA
 0002:000186e4 00000008H .xdata$_ZNSt3__124__libcpp_operator_deleteB8ne200100IJPPNS_16__hash_node_baseIPNS_11__hash_nodeINS_17__hash_value_typeIPN6System7Typinfo9TTypeInfoEPSt9type_infoEEPvEEEEEEEvDpT_ DATA
 0002:000186ec 00000024H .xdata$_ZNSt3__112__hash_tableINS_17__hash_value_typeIPN6System7Typinfo9TTypeInfoEPSt9type_infoEENS_22__unordered_map_hasherIS5_S8_NS_4hashIS5_EENS_8equal_toIS5_EELb1EEENS_21__unordered_map_equalIS5_S8_SD_SB_Lb1EEENS_9allocatorIS8_EEE25__emplace_unique_key_argsIS5_JRKNS_21piecewise_construct_tENS_5tupleIJRKS5_EEENSO_IJEEEEEENS_4pairINS_15__hash_iteratorIPNS_11__hash_nodeIS8_PvEEEEbEERKT_DpOT0_ DATA
 0002:00018710 00000008H .xdata$_ZNSt3__116forward_as_tupleB8ne200100IJRKPN6System7Typinfo9TTypeInfoEEEENS_5tupleIJDpOT_EEESA_ DATA
 0002:00018718 00000008H .xdata$_ZNSt3__116forward_as_tupleB8ne200100IJEEENS_5tupleIJDpOT_EEES4_ DATA
 0002:00018720 00000008H .xdata$_ZNKSt3__115__hash_iteratorIPNS_11__hash_nodeINS_17__hash_value_typeIPN6System7Typinfo9TTypeInfoEPSt9type_infoEEPvEEEptB8ne200100Ev DATA
 0002:00018728 00000008H .xdata$_ZNSt3__112__hash_tableINS_17__hash_value_typeIPN6System7Typinfo9TTypeInfoEPSt9type_infoEENS_22__unordered_map_hasherIS5_S8_NS_4hashIS5_EENS_8equal_toIS5_EELb1EEENS_21__unordered_map_equalIS5_S8_SD_SB_Lb1EEENS_9allocatorIS8_EEE13hash_functionB8ne200100Ev DATA
 0002:00018730 00000008H .xdata$_ZNKSt3__122__unordered_map_hasherIPN6System7Typinfo9TTypeInfoENS_17__hash_value_typeIS4_PSt9type_infoEENS_4hashIS4_EENS_8equal_toIS4_EELb1EEclB8ne200100ERKS4_ DATA
 0002:00018738 00000008H .xdata$_ZNKSt3__112__hash_tableINS_17__hash_value_typeIPN6System7Typinfo9TTypeInfoEPSt9type_infoEENS_22__unordered_map_hasherIS5_S8_NS_4hashIS5_EENS_8equal_toIS5_EELb1EEENS_21__unordered_map_equalIS5_S8_SD_SB_Lb1EEENS_9allocatorIS8_EEE12bucket_countB8ne200100Ev DATA
 0002:00018740 00000008H .xdata$_ZNSt3__116__constrain_hashB8ne200100Eyy DATA
 0002:00018748 00000008H .xdata$_ZNKSt3__110unique_ptrIA_PNS_16__hash_node_baseIPNS_11__hash_nodeINS_17__hash_value_typeIPN6System7Typinfo9TTypeInfoEPSt9type_infoEEPvEEEENS_25__bucket_list_deallocatorINS_9allocatorISF_EEEEEixB8ne200100Ey DATA
 0002:00018750 00000008H .xdata$_ZNKSt3__116__hash_node_baseIPNS_11__hash_nodeINS_17__hash_value_typeIPN6System7Typinfo9TTypeInfoEPSt9type_infoEEPvEEE6__hashB8ne200100Ev DATA
 0002:00018758 00000008H .xdata$_ZNSt3__112__hash_tableINS_17__hash_value_typeIPN6System7Typinfo9TTypeInfoEPSt9type_infoEENS_22__unordered_map_hasherIS5_S8_NS_4hashIS5_EENS_8equal_toIS5_EELb1EEENS_21__unordered_map_equalIS5_S8_SD_SB_Lb1EEENS_9allocatorIS8_EEE6key_eqB8ne200100Ev DATA
 0002:00018760 00000008H .xdata$_ZNKSt3__121__unordered_map_equalIPN6System7Typinfo9TTypeInfoENS_17__hash_value_typeIS4_PSt9type_infoEENS_8equal_toIS4_EENS_4hashIS4_EELb1EEclB8ne200100ERKS8_RKS4_ DATA
 0002:00018768 00000020H .xdata$_ZNSt3__112__hash_tableINS_17__hash_value_typeIPN6System7Typinfo9TTypeInfoEPSt9type_infoEENS_22__unordered_map_hasherIS5_S8_NS_4hashIS5_EENS_8equal_toIS5_EELb1EEENS_21__unordered_map_equalIS5_S8_SD_SB_Lb1EEENS_9allocatorIS8_EEE21__construct_node_hashIRKNS_21piecewise_construct_tEJNS_5tupleIJRKS5_EEENSO_IJEEEEEENS_10unique_ptrINS_11__hash_nodeIS8_PvEENS_22__hash_node_destructorINSH_ISW_EEEEEEyOT_DpOT0_ DATA
 0002:00018788 00000008H .xdata$_ZNSt3__112__hash_tableINS_17__hash_value_typeIPN6System7Typinfo9TTypeInfoEPSt9type_infoEENS_22__unordered_map_hasherIS5_S8_NS_4hashIS5_EENS_8equal_toIS5_EELb1EEENS_21__unordered_map_equalIS5_S8_SD_SB_Lb1EEENS_9allocatorIS8_EEE4sizeB8ne200100Ev DATA
 0002:00018790 00000008H .xdata$_ZNSt3__112__hash_tableINS_17__hash_value_typeIPN6System7Typinfo9TTypeInfoEPSt9type_infoEENS_22__unordered_map_hasherIS5_S8_NS_4hashIS5_EENS_8equal_toIS5_EELb1EEENS_21__unordered_map_equalIS5_S8_SD_SB_Lb1EEENS_9allocatorIS8_EEE15max_load_factorB8ne200100Ev DATA
 0002:00018798 00000008H .xdata$_ZNSt3__112__hash_tableINS_17__hash_value_typeIPN6System7Typinfo9TTypeInfoEPSt9type_infoEENS_22__unordered_map_hasherIS5_S8_NS_4hashIS5_EENS_8equal_toIS5_EELb1EEENS_21__unordered_map_equalIS5_S8_SD_SB_Lb1EEENS_9allocatorIS8_EEE15__rehash_uniqueB8ne200100Ey DATA
 0002:000187a0 00000008H .xdata$_ZNSt3__13maxB8ne200100IyEERKT_S3_S3_ DATA
 0002:000187a8 00000008H .xdata$_ZNSt3__116__is_hash_power2B8ne200100Ey DATA
 0002:000187b0 00000008H .xdata$_ZNSt3__16__math4ceilB8ne200100Ef DATA
 0002:000187b8 00000008H .xdata$_ZNSt3__116__hash_node_baseIPNS_11__hash_nodeINS_17__hash_value_typeIPN6System7Typinfo9TTypeInfoEPSt9type_infoEEPvEEE5__ptrB8ne200100Ev DATA
 0002:000187c0 00000008H .xdata$_ZNKSt3__110unique_ptrINS_11__hash_nodeINS_17__hash_value_typeIPN6System7Typinfo9TTypeInfoEPSt9type_infoEEPvEENS_22__hash_node_destructorINS_9allocatorISB_EEEEEptB8ne200100Ev DATA
 0002:000187c8 00000008H .xdata$_ZNKSt3__110unique_ptrINS_11__hash_nodeINS_17__hash_value_typeIPN6System7Typinfo9TTypeInfoEPSt9type_infoEEPvEENS_22__hash_node_destructorINS_9allocatorISB_EEEEE3getB8ne200100Ev DATA
 0002:000187d0 00000008H .xdata$_ZNSt3__110unique_ptrINS_11__hash_nodeINS_17__hash_value_typeIPN6System7Typinfo9TTypeInfoEPSt9type_infoEEPvEENS_22__hash_node_destructorINS_9allocatorISB_EEEEE7releaseB8ne200100Ev DATA
 0002:000187d8 00000008H .xdata$_ZNSt3__110unique_ptrINS_11__hash_nodeINS_17__hash_value_typeIPN6System7Typinfo9TTypeInfoEPSt9type_infoEEPvEENS_22__hash_node_destructorINS_9allocatorISB_EEEEED2B8ne200100Ev DATA
 0002:000187e0 00000008H .xdata$_ZNSt3__115__hash_iteratorIPNS_11__hash_nodeINS_17__hash_value_typeIPN6System7Typinfo9TTypeInfoEPSt9type_infoEEPvEEEC2B8ne200100EPNS_16__hash_node_baseISC_EE DATA
 0002:000187e8 00000008H .xdata$_ZNSt3__14pairINS_15__hash_iteratorIPNS_11__hash_nodeINS_17__hash_value_typeIPN6System7Typinfo9TTypeInfoEPSt9type_infoEEPvEEEEbEC2B8ne200100ISE_RbTnNS_9enable_ifIXclsr10_CheckArgsE23__is_pair_constructibleIT_T0_EEEiE4typeELi0EEEOSJ_OSK_ DATA
 0002:000187f0 00000020H .xdata$_ZNKSt3__14hashIPN6System7Typinfo9TTypeInfoEEclB8ne200100ES4_ DATA
 0002:00018810 00000008H .xdata$_ZNKSt3__121__murmur2_or_cityhashIyLy64EEclB8ne200100EPKvy DATA
 0002:00018818 00000008H .xdata$_ZNSt3__121__murmur2_or_cityhashIyLy64EE18__hash_len_0_to_16B8ne200100EPKcy DATA
 0002:00018820 00000008H .xdata$_ZNSt3__121__murmur2_or_cityhashIyLy64EE19__hash_len_17_to_32B8ne200100EPKcy DATA
 0002:00018828 00000008H .xdata$_ZNSt3__121__murmur2_or_cityhashIyLy64EE19__hash_len_33_to_64B8ne200100EPKcy DATA
 0002:00018830 00000008H .xdata$_ZNSt3__110__loadwordB8ne200100IyEET_PKv DATA
 0002:00018838 00000008H .xdata$_ZNSt3__121__murmur2_or_cityhashIyLy64EE13__hash_len_16B8ne200100Eyy DATA
 0002:00018840 00000008H .xdata$_ZNSt3__121__murmur2_or_cityhashIyLy64EE29__weak_hash_len_32_with_seedsB8ne200100EPKcyy DATA
 0002:00018848 00000008H .xdata$_ZNSt3__121__murmur2_or_cityhashIyLy64EE8__rotateB8ne200100Eyi DATA
 0002:00018850 00000008H .xdata$_ZNSt3__14pairIyyEaSB8ne200100EOS1_ DATA
 0002:00018858 00000008H .xdata$_ZNSt3__14swapB8ne200100IyEENS_9enable_ifIXaasr21is_move_constructibleIT_EE5valuesr18is_move_assignableIS2_EE5valueEvE4typeERS2_S5_ DATA
 0002:00018860 00000008H .xdata$_ZNSt3__121__murmur2_or_cityhashIyLy64EE11__shift_mixB8ne200100Ey DATA
 0002:00018868 00000008H .xdata$_ZNSt3__121__murmur2_or_cityhashIyLy64EE22__rotate_by_at_least_1B8ne200100Eyi DATA
 0002:00018870 00000008H .xdata$_ZNSt3__110__loadwordB8ne200100IjEET_PKv DATA
 0002:00018878 00000008H .xdata$_ZNSt3__121__murmur2_or_cityhashIyLy64EE29__weak_hash_len_32_with_seedsB8ne200100Eyyyyyy DATA
 0002:00018880 00000008H .xdata$_ZNSt3__14pairIyyEC2B8ne200100IyyTnNS_9enable_ifIXclsr10_CheckArgsE23__is_pair_constructibleIT_T0_EEEiE4typeELi0EEEOS4_OS5_ DATA
 0002:00018888 00000008H .xdata$_ZNKSt3__110unique_ptrIA_PNS_16__hash_node_baseIPNS_11__hash_nodeINS_17__hash_value_typeIPN6System7Typinfo9TTypeInfoEPSt9type_infoEEPvEEEENS_25__bucket_list_deallocatorINS_9allocatorISF_EEEEE11get_deleterB8ne200100Ev DATA
 0002:00018890 00000008H .xdata$_ZNKSt3__125__bucket_list_deallocatorINS_9allocatorIPNS_16__hash_node_baseIPNS_11__hash_nodeINS_17__hash_value_typeIPN6System7Typinfo9TTypeInfoEPSt9type_infoEEPvEEEEEEE4sizeB8ne200100Ev DATA
 0002:00018898 00000008H .xdata$_ZNKSt3__18equal_toIPN6System7Typinfo9TTypeInfoEEclB8ne200100ERKS4_S7_ DATA
 0002:000188a0 00000008H .xdata$_ZNKSt3__117__hash_value_typeIPN6System7Typinfo9TTypeInfoEPSt9type_infoE11__get_valueB8ne200100Ev DATA
 0002:000188a8 00000008H .xdata$_ZNSt3__17launderB8ne200100IKNS_4pairIKPN6System7Typinfo9TTypeInfoEPSt9type_infoEEEEPT_SC_ DATA
 0002:000188b0 00000008H .xdata$_ZNSt3__19__launderB8ne200100IKNS_4pairIKPN6System7Typinfo9TTypeInfoEPSt9type_infoEEEEPT_SC_ DATA
 0002:000188b8 00000008H .xdata$_ZNSt3__116allocator_traitsINS_9allocatorINS_11__hash_nodeINS_17__hash_value_typeIPN6System7Typinfo9TTypeInfoEPSt9type_infoEEPvEEEEE8allocateB8ne200100ERSD_y DATA
 0002:000188c0 00000008H .xdata$_ZNSt3__122__hash_node_destructorINS_9allocatorINS_11__hash_nodeINS_17__hash_value_typeIPN6System7Typinfo9TTypeInfoEPSt9type_infoEEPvEEEEEC2B8ne200100ERSD_b DATA
 0002:000188c8 00000008H .xdata$_ZNSt3__110unique_ptrINS_11__hash_nodeINS_17__hash_value_typeIPN6System7Typinfo9TTypeInfoEPSt9type_infoEEPvEENS_22__hash_node_destructorINS_9allocatorISB_EEEEEC2B8ne200100ILb1EvEEPSB_NS_16__dependent_typeINS_27__unique_ptr_deleter_sfinaeISF_EEXT_EE20__good_rval_ref_typeE DATA
 0002:000188d0 00000008H .xdata$_ZNSt3__114__construct_atB8ne200100INS_11__hash_nodeINS_17__hash_value_typeIPN6System7Typinfo9TTypeInfoEPSt9type_infoEEPvEEJDnRyEPSB_EEPT_SF_DpOT0_ DATA
 0002:000188d8 00000008H .xdata$_ZNKSt3__110unique_ptrINS_11__hash_nodeINS_17__hash_value_typeIPN6System7Typinfo9TTypeInfoEPSt9type_infoEEPvEENS_22__hash_node_destructorINS_9allocatorISB_EEEEEdeB8ne200100Ev DATA
 0002:000188e0 00000008H .xdata$_ZNSt3__116allocator_traitsINS_9allocatorINS_11__hash_nodeINS_17__hash_value_typeIPN6System7Typinfo9TTypeInfoEPSt9type_infoEEPvEEEEE9constructB8ne200100INS_4pairIKS7_S9_EEJRKNS_21piecewise_construct_tENS_5tupleIJRSH_EEENSM_IJEEEEvTnNS_9enable_ifIXntsr15__has_constructISD_PT_DpT0_EE5valueEiE4typeELi0EEEvRSD_SS_DpOST_ DATA
 0002:000188e8 00000008H .xdata$_ZNSt3__110unique_ptrINS_11__hash_nodeINS_17__hash_value_typeIPN6System7Typinfo9TTypeInfoEPSt9type_infoEEPvEENS_22__hash_node_destructorINS_9allocatorISB_EEEEE11get_deleterB8ne200100Ev DATA
 0002:000188f0 00000008H .xdata$_ZNSt3__19allocatorINS_11__hash_nodeINS_17__hash_value_typeIPN6System7Typinfo9TTypeInfoEPSt9type_infoEEPvEEE8allocateB8ne200100Ey DATA
 0002:000188f8 00000008H .xdata$_ZNSt3__116allocator_traitsINS_9allocatorINS_11__hash_nodeINS_17__hash_value_typeIPN6System7Typinfo9TTypeInfoEPSt9type_infoEEPvEEEEE8max_sizeB8ne200100ISD_vTnNS_9enable_ifIXntsr14__has_max_sizeIKT_EE5valueEiE4typeELi0EEEyRKSD_ DATA
 0002:00018900 00000008H .xdata$_ZSt28__throw_bad_array_new_lengthB8ne200100v DATA
 0002:00018908 00000008H .xdata$_ZNSt3__117__libcpp_allocateB8ne200100INS_11__hash_nodeINS_17__hash_value_typeIPN6System7Typinfo9TTypeInfoEPSt9type_infoEEPvEEEEPT_NS_15__element_countEy DATA
 0002:00018910 00000008H .xdata$_ZNSt3__114numeric_limitsIyE3maxB8ne200100Ev DATA
 0002:00018918 00000008H .xdata$_ZNSt3__121__libcpp_operator_newB8ne200100IJySt11align_val_tEEEPvDpT_ DATA
 0002:00018920 00000008H .xdata$_ZNSt3__121__libcpp_operator_newB8ne200100IJyEEEPvDpT_ DATA
 0002:00018928 00000008H .xdata$_ZNSt3__125__compressed_pair_paddingINS_22__hash_node_destructorINS_9allocatorINS_11__hash_nodeINS_17__hash_value_typeIPN6System7Typinfo9TTypeInfoEPSt9type_infoEEPvEEEEEELb0EEC2Ev DATA
 0002:00018930 00000008H .xdata$_ZNSt3__112construct_atB8ne200100INS_11__hash_nodeINS_17__hash_value_typeIPN6System7Typinfo9TTypeInfoEPSt9type_infoEEPvEEJDnRyEPSB_EEPT_SF_DpOT0_ DATA
 0002:00018938 00000008H .xdata$_ZNSt3__111__hash_nodeINS_17__hash_value_typeIPN6System7Typinfo9TTypeInfoEPSt9type_infoEEPvEC2B8ne200100EPNS_16__hash_node_baseIPSA_EEy DATA
 0002:00018940 00000008H .xdata$_ZNSt3__116__hash_node_baseIPNS_11__hash_nodeINS_17__hash_value_typeIPN6System7Typinfo9TTypeInfoEPSt9type_infoEEPvEEEC2B8ne200100EPSD_ DATA
 0002:00018948 00000008H .xdata$_ZNSt3__114__construct_atB8ne200100INS_4pairIKPN6System7Typinfo9TTypeInfoEPSt9type_infoEEJRKNS_21piecewise_construct_tENS_5tupleIJRS6_EEENSD_IJEEEEPS9_EEPT_SJ_DpOT0_ DATA
 0002:00018950 00000008H .xdata$_ZNSt3__112construct_atB8ne200100INS_4pairIKPN6System7Typinfo9TTypeInfoEPSt9type_infoEEJRKNS_21piecewise_construct_tENS_5tupleIJRS6_EEENSD_IJEEEEPS9_EEPT_SJ_DpOT0_ DATA
 0002:00018958 00000020H .xdata$_ZNSt3__14pairIKPN6System7Typinfo9TTypeInfoEPSt9type_infoEC2B8ne200100IJRS5_EJEEENS_21piecewise_construct_tENS_5tupleIJDpT_EEENSC_IJDpT0_EEE DATA
 0002:00018978 00000008H .xdata$_ZNSt3__14pairIKPN6System7Typinfo9TTypeInfoEPSt9type_infoEC2B8ne200100IJRS5_EJEJLy0EETpTnyJEEENS_21piecewise_construct_tERNS_5tupleIJDpT_EEERNSC_IJDpT0_EEENS_15__tuple_indicesIJXspT1_EEEENSL_IJXspT2_EEEE DATA
 0002:00018980 00000008H .xdata$_ZNSt3__13getB8ne200100ILy0EJRKPN6System7Typinfo9TTypeInfoEEEERNS_13tuple_elementIXT_ENS_5tupleIJDpT0_EEEE4typeERSB_ DATA
 0002:00018988 00000008H .xdata$_ZNSt3__112__tuple_leafILy0ERKPN6System7Typinfo9TTypeInfoELb0EE3getB8ne200100Ev DATA
 0002:00018990 00000008H .xdata$_ZNSt3__112__hash_tableINS_17__hash_value_typeIPN6System7Typinfo9TTypeInfoEPSt9type_infoEENS_22__unordered_map_hasherIS5_S8_NS_4hashIS5_EENS_8equal_toIS5_EELb1EEENS_21__unordered_map_equalIS5_S8_SD_SB_Lb1EEENS_9allocatorIS8_EEE8__rehashILb1EEEvy DATA
 0002:00018998 00000008H .xdata$_ZNSt3__112__hash_tableINS_17__hash_value_typeIPN6System7Typinfo9TTypeInfoEPSt9type_infoEENS_22__unordered_map_hasherIS5_S8_NS_4hashIS5_EENS_8equal_toIS5_EELb1EEENS_21__unordered_map_equalIS5_S8_SD_SB_Lb1EEENS_9allocatorIS8_EEE11__do_rehashILb1EEEvy DATA
 0002:000189a0 00000008H .xdata$_ZNSt3__116__next_hash_pow2B8ne200100Ey DATA
 0002:000189a8 00000008H .xdata$_ZNSt3__110unique_ptrIA_PNS_16__hash_node_baseIPNS_11__hash_nodeINS_17__hash_value_typeIPN6System7Typinfo9TTypeInfoEPSt9type_infoEEPvEEEENS_25__bucket_list_deallocatorINS_9allocatorISF_EEEEE11get_deleterB8ne200100Ev DATA
 0002:000189b0 00000008H .xdata$_ZNSt3__110unique_ptrIA_PNS_16__hash_node_baseIPNS_11__hash_nodeINS_17__hash_value_typeIPN6System7Typinfo9TTypeInfoEPSt9type_infoEEPvEEEENS_25__bucket_list_deallocatorINS_9allocatorISF_EEEEE5resetB8ne200100IPSF_TnNS_9enable_ifIXsr28_CheckArrayPointerConversionIT_EE5valueEiE4typeELi0EEEvSP_ DATA
 0002:000189b8 00000008H .xdata$_ZNSt3__116allocator_traitsINS_9allocatorIPNS_16__hash_node_baseIPNS_11__hash_nodeINS_17__hash_value_typeIPN6System7Typinfo9TTypeInfoEPSt9type_infoEEPvEEEEEEE8allocateB8ne200100ERSH_y DATA
 0002:000189c0 00000008H .xdata$_ZNSt3__19allocatorIPNS_16__hash_node_baseIPNS_11__hash_nodeINS_17__hash_value_typeIPN6System7Typinfo9TTypeInfoEPSt9type_infoEEPvEEEEE8allocateB8ne200100Ey DATA
 0002:000189c8 00000008H .xdata$_ZNSt3__116allocator_traitsINS_9allocatorIPNS_16__hash_node_baseIPNS_11__hash_nodeINS_17__hash_value_typeIPN6System7Typinfo9TTypeInfoEPSt9type_infoEEPvEEEEEEE8max_sizeB8ne200100ISH_vTnNS_9enable_ifIXntsr14__has_max_sizeIKT_EE5valueEiE4typeELi0EEEyRKSH_ DATA
 0002:000189d0 00000008H .xdata$_ZNSt3__117__libcpp_allocateB8ne200100IPNS_16__hash_node_baseIPNS_11__hash_nodeINS_17__hash_value_typeIPN6System7Typinfo9TTypeInfoEPSt9type_infoEEPvEEEEEEPT_NS_15__element_countEy DATA
 0002:000189d8 00000008H .xdata$_ZNSt3__112__libcpp_clzB8ne200100Ey DATA
 0002:000189e0 00000008H .xdata$_ZNSt3__13maxB8ne200100IyNS_6__lessIvvEEEERKT_S5_S5_T0_ DATA
 0002:000189e8 00000008H .xdata$_ZNKSt3__16__lessIvvEclB8ne200100IyyEEbRKT_RKT0_ DATA
 0002:000189f0 00000008H .xdata$_ZNSt3__110unique_ptrINS_11__hash_nodeINS_17__hash_value_typeIPN6System7Typinfo9TTypeInfoEPSt9type_infoEEPvEENS_22__hash_node_destructorINS_9allocatorISB_EEEEE5resetB8ne200100EPSB_ DATA
 0002:000189f8 00000020H .xdata$_ZNSt3__122__hash_node_destructorINS_9allocatorINS_11__hash_nodeINS_17__hash_value_typeIPN6System7Typinfo9TTypeInfoEPSt9type_infoEEPvEEEEEclB8ne200100EPSC_ DATA
 0002:00018a18 00000008H .xdata$_ZNSt3__15tupleIJRKPN6System7Typinfo9TTypeInfoEEEC2B8ne200100INS_4_AndETnNS_9enable_ifIXsrT_IJNS_17integral_constantIbLb1EEENS_21is_copy_constructibleIS6_EEEE5valueEiE4typeELi0EEES6_ DATA
 0002:00018a20 00000008H .xdata$_ZNSt3__112__tuple_implINS_15__tuple_indicesIJLy0EEEEJRKPN6System7Typinfo9TTypeInfoEEEC2B8ne200100IJLy0EEJS8_ETpTnyJEJEJS8_EEENS1_IJXspT_EEEENS_13__tuple_typesIJDpT0_EEENS1_IJXspT1_EEEENSC_IJDpT2_EEEDpOT3_ DATA
 0002:00018a28 00000008H .xdata$_ZNSt3__112__tuple_leafILy0ERKPN6System7Typinfo9TTypeInfoELb0EEC2B8ne200100IS6_TnNS_9enable_ifIXsr4_AndINS_17integral_constantIbXntu9__is_sameu14__remove_cvrefIT_ES7_EEEENS_16is_constructibleIS6_JSB_EEEEE5valueEiE4typeELi0EEEOSB_ DATA
 0002:00018a30 00000008H .xdata$_ZNSt3__114pointer_traitsIPNS_17__hash_value_typeIPN6System7Typinfo9TTypeInfoEPSt9type_infoEEE10pointer_toB8ne200100ERS8_ DATA
 0002:00018a38 00000008H .xdata$_ZN6System14AnsiStringBaseC2Ev DATA
 0002:00018a40 00000008H .xdata$_ZN6System11AnsiStringTILt65001EE4swapERS1_ DATA
 0002:00018a48 00000b4cH .xdata                  DATA
 0002:00019594 00000020H .xdata$_ZN6System8Sysutils11ERangeErrorC3ENS_13UnicodeStringE DATA
 0002:000195b4 00000020H .xdata$_ZN6System11AnsiStringTILt0EED2Ev DATA
 0002:000195d4 00000020H .xdata$_ZN6System13UnicodeStringaSEOS0_ DATA
 0002:000195f4 00000024H .xdata$_ZN6System15DelphiInterfaceINS_14IEnumerator__1INS_13UnicodeStringEEEED2Ev DATA
 0002:00019618 00000024H .xdata$_ZN6System15DelphiInterfaceINS_14IEnumerable__1INS_13UnicodeStringEEEED2Ev DATA
 0002:0001963c 00000020H .xdata$_ZN6System8Sysutils9EIntErrorC3ENS_13UnicodeStringE DATA
 0002:0001965c 00000020H .xdata$_ZN6System8Sysutils9EExternalC3ENS_13UnicodeStringE DATA
 0002:0001967c 00000020H .xdata$_ZN6System8Sysutils11ERangeErrorC3ENS_13UnicodeStringE DATA
 0002:0001969c 00000008H .xdata$_ZN6System8Sysutils11ERangeErrorD0Ev DATA
 0002:000196a4 00000008H .xdata$_ZN6System11WideCharLenIwEEiPKT_ DATA
 0002:000196ac 00000008H .xdata$_ZN6System11WideCharLenIDsEEiPKT_ DATA
 0002:000196b4 00000008H .xdata$_ZN6System11AnsiStringTILt0EEC2EPKci DATA
 0002:000196bc 00000020H .xdata$_ZN6System11AnsiStringTILt0EED2Ev DATA
 0002:000196dc 00000008H .xdata$_ZN6System11AnsiStringTILt0EEC2Ev DATA
 0002:000196e4 00000008H .xdata$_ZN6System13UnicodeStringC2ILt0EEERKNS_11AnsiStringTIXT_EEE DATA
 0002:000196ec 00000008H .xdata$_ZN6System15DelphiInterfaceINS_14IEnumerator__1INS_13UnicodeStringEEEEC2ERKS4_ DATA
 0002:000196f4 00000024H .xdata$_ZN6System15DelphiInterfaceINS_14IEnumerator__1INS_13UnicodeStringEEEED2Ev DATA
 0002:00019718 00000008H .xdata$_ZN6System15DelphiInterfaceINS_14IEnumerable__1INS_13UnicodeStringEEEEC2ERKS4_ DATA
 0002:00019720 00000024H .xdata$_ZN6System15DelphiInterfaceINS_14IEnumerable__1INS_13UnicodeStringEEEED2Ev DATA
 0002:00019744 00000020H .xdata$_ZN6System8Sysutils9EIntErrorC3ENS_13UnicodeStringE DATA
 0002:00019764 00000020H .xdata$_ZN6System8Sysutils9EExternalC3ENS_13UnicodeStringE DATA
 0002:00019784 00000008H .xdata$_ZN6System8Sysutils9EIntErrorD0Ev DATA
 0002:0001978c 00000008H .xdata$_ZN6System8Sysutils9EExternalD0Ev DATA
 0002:00019794 00000008H .xdata$_ZN6System11AnsiStringTILt0EEC2ERKS1_ DATA
 0002:0001979c 00000008H .xdata$_ZN6System15DelphiInterfaceINS_14IEnumerator__1INS_13UnicodeStringEEEEC2Ev DATA
 0002:000197a4 00000008H .xdata$_ZN6System15DelphiInterfaceINS_14IEnumerable__1INS_13UnicodeStringEEEEC2Ev DATA
 0002:000197ac 000006e4H .xdata                  DATA
 0002:00019e90 00000020H .xdata$_ZN6System8Sysutils11ERangeErrorC3ENS_13UnicodeStringE DATA
 0002:00019eb0 00000020H .xdata$_ZN6System11AnsiStringTILt0EED2Ev DATA
 0002:00019ed0 00000020H .xdata$_ZN6System8Sysutils9EIntErrorC3ENS_13UnicodeStringE DATA
 0002:00019ef0 00000020H .xdata$_ZN6System8Sysutils9EExternalC3ENS_13UnicodeStringE DATA
 0002:00019f10 00000008H .xdata$_ZN6System8_CharLenIwEEiPKT_ DATA
 0002:00019f18 00000008H .xdata$_ZN6System8_CharLenIDsEEiPKT_ DATA
 0002:00019f20 00000008H .xdata$_ZN6System14AnsiStringBaseC2ILt0EEEONS_11AnsiStringTIXT_EEE DATA
 0002:00019f28 00000008H .xdata$_ZNK6System14AnsiStringBase8CodePageEv DATA
 0002:00019f30 00000008H .xdata$_ZNK6System14AnsiStringBaseixEi DATA
 0002:00019f38 00000fe8H .xdata                  DATA
 0004:00000000 000001d0H .data                   DATA
 0004:000001d0 00000200H .bss                    DATA
 0004:000003d0 00000008H .bss$_ZGVZN6System11AnsiStringTILt0EED1EvE13__force_inst1 DATA
 0004:000003d8 00000008H .bss$_ZGVZN6System11AnsiStringTILt0EED1EvE13__force_inst2 DATA
 0004:000003e0 00000008H .bss$_ZGVZN6System12DynamicArrayINS_3Net9Urlclient14TNameValuePairEED1EvE13__force_inst1 DATA
 0004:000003e8 00000008H .bss$_ZGVZN6System12DynamicArrayINS_3Net9Urlclient14TNameValuePairEED1EvE13__force_inst2 DATA
 0004:000003f0 00000008H .bss$_ZGVZN6System15DelphiInterfaceINS_14IEnumerable__1INS_13UnicodeStringEEEED1EvE13__force_inst1 DATA
 0004:000003f8 00000008H .bss$_ZGVZN6System15DelphiInterfaceINS_14IEnumerable__1INS_13UnicodeStringEEEED1EvE13__force_inst2 DATA
 0004:00000400 00000008H .bss$_ZGVZN6System15DelphiInterfaceINS_14IEnumerator__1INS_13UnicodeStringEEEED1EvE13__force_inst1 DATA
 0004:00000408 00000008H .bss$_ZGVZN6System15DelphiInterfaceINS_14IEnumerator__1INS_13UnicodeStringEEEED1EvE13__force_inst2 DATA
 0004:00000410 00000008H .bss$_ZGVZN6System15DelphiInterfaceINS_3Net10Httpclient13IHTTPResponseEED1EvE13__force_inst1 DATA
 0004:00000418 00000008H .bss$_ZGVZN6System15DelphiInterfaceINS_3Net10Httpclient13IHTTPResponseEED1EvE13__force_inst2 DATA
 0004:00000420 00000008H .bss$_ZZN6System11AnsiStringTILt0EED1EvE13__force_inst1 DATA
 0004:00000428 00000008H .bss$_ZZN6System11AnsiStringTILt0EED1EvE13__force_inst2 DATA
 0004:00000430 00000008H .bss$_ZZN6System12DynamicArrayINS_3Net9Urlclient14TNameValuePairEED1EvE13__force_inst1 DATA
 0004:00000438 00000008H .bss$_ZZN6System12DynamicArrayINS_3Net9Urlclient14TNameValuePairEED1EvE13__force_inst2 DATA
 0004:00000440 00000008H .bss$_ZZN6System15DelphiInterfaceINS_14IEnumerable__1INS_13UnicodeStringEEEED1EvE13__force_inst1 DATA
 0004:00000448 00000008H .bss$_ZZN6System15DelphiInterfaceINS_14IEnumerable__1INS_13UnicodeStringEEEED1EvE13__force_inst2 DATA
 0004:00000450 00000008H .bss$_ZZN6System15DelphiInterfaceINS_14IEnumerator__1INS_13UnicodeStringEEEED1EvE13__force_inst1 DATA
 0004:00000458 00000008H .bss$_ZZN6System15DelphiInterfaceINS_14IEnumerator__1INS_13UnicodeStringEEEED1EvE13__force_inst2 DATA
 0004:00000460 00000008H .bss$_ZZN6System15DelphiInterfaceINS_3Net10Httpclient13IHTTPResponseEED1EvE13__force_inst1 DATA
 0004:00000468 00000008H .bss$_ZZN6System15DelphiInterfaceINS_3Net10Httpclient13IHTTPResponseEED1EvE13__force_inst2 DATA
 0005:00000000 0000021cH .pdata                  DATA
 0005:0000021c 0000000cH .pdata$_ZN6System7Classes15TComponentClassC1EPNS_10TMetaClassE DATA
 0005:00000228 0000000cH .pdata$__clang_call_terminate DATA
 0005:00000234 0000000cH .pdata$_ZN6System7Classes15TComponentClassC2EPNS_10TMetaClassE DATA
 0005:00000240 0000000cH .pdata$_ZN6System15DelphiMetaClassINS_7Classes15TComponentClassEEC2EPNS_10TMetaClassE DATA
 0005:0000024c 0000009cH .pdata                  DATA
 0005:000002e8 0000000cH .pdata$_ZN3Vcl5Forms5TFormC3EPN6System7Classes10TComponentE DATA
 0005:000002f4 0000000cH .pdata$_ZN3Vcl5Forms5TFormD0Ev DATA
 0005:00000300 0000000cH .pdata$_ZN6System12DynamicArrayINS_3Net9Urlclient14TNameValuePairEEC1Ev DATA
 0005:0000030c 0000000cH .pdata$_ZN6System15DelphiInterfaceINS_3Net10Httpclient13IHTTPResponseEEC1Ev DATA
 0005:00000318 0000000cH .pdata$_ZNK6System15DelphiInterfaceINS_3Net10Httpclient13IHTTPResponseEEptEv DATA
 0005:00000324 0000000cH .pdata$_ZN6System15DelphiInterfaceINS_3Net10Httpclient13IHTTPResponseEED1Ev DATA
 0005:00000330 0000000cH .pdata$_ZN6System12DynamicArrayINS_3Net9Urlclient14TNameValuePairEED1Ev DATA
 0005:0000033c 0000000cH .pdata$_ZN6System13UnicodeStringaSEOS0_ DATA
 0005:00000348 0000000cH .pdata$_ZN6TForm1D0Ev   DATA
 0005:00000354 0000000cH .pdata$_ZN3Vcl5Forms5TFormC3EPN6System7Classes10TComponentEi DATA
 0005:00000360 0000000cH .pdata$_ZN3Vcl5Forms5TFormC3EPN6System7Classes10TComponentEii DATA
 0005:0000036c 0000000cH .pdata$_ZN6System12DynamicArrayINS_3Net9Urlclient14TNameValuePairEEC2Ev DATA
 0005:00000378 0000000cH .pdata$_ZN6System12DynamicArrayINS_3Net9Urlclient14TNameValuePairEED2Ev DATA
 0005:00000384 0000000cH .pdata$_ZN6System12DynamicArrayINS_3Net9Urlclient14TNameValuePairEEC1ERKS4_ DATA
 0005:00000390 0000000cH .pdata$_ZN6System12DynamicArrayINS_3Net9Urlclient14TNameValuePairEE11DecRefCountEv DATA
 0005:0000039c 0000000cH .pdata$_ZN6System12DynamicArrayINS_3Net9Urlclient14TNameValuePairEEC2ERKS4_ DATA
 0005:000003a8 0000000cH .pdata$_ZN6System12DynamicArrayINS_3Net9Urlclient14TNameValuePairEE11IncRefCountEv DATA
 0005:000003b4 0000000cH .pdata$_ZN6System12DynamicArrayINS_3Net9Urlclient14TNameValuePairEE8FreeDataEv DATA
 0005:000003c0 0000000cH .pdata$_ZNK6System12DynamicArrayINS_3Net9Urlclient14TNameValuePairEE10get_lengthEv DATA
 0005:000003cc 0000000cH .pdata$_ZN6System3Net9Urlclient14TNameValuePairD1Ev DATA
 0005:000003d8 0000000cH .pdata$_ZNK6System12DynamicArrayINS_3Net9Urlclient14TNameValuePairEE6GetRecEv DATA
 0005:000003e4 0000000cH .pdata$_ZN6System3Net9Urlclient14TNameValuePairD2Ev DATA
 0005:000003f0 0000000cH .pdata$_ZN6System15DelphiInterfaceINS_3Net10Httpclient13IHTTPResponseEEC2Ev DATA
 0005:000003fc 0000000cH .pdata$_ZN6System15DelphiInterfaceINS_3Net10Httpclient13IHTTPResponseEED2Ev DATA
 0005:00000408 0000000cH .pdata$_ZN6System15DelphiInterfaceINS_3Net10Httpclient13IHTTPResponseEEC1ERKS4_ DATA
 0005:00000414 0000000cH .pdata$_ZN6System15DelphiInterfaceINS_3Net10Httpclient13IHTTPResponseEEC2ERKS4_ DATA
 0005:00000420 00000270H .pdata                  DATA
 0005:00000690 0000000cH .pdata$_ZN6System15DelphiInterfaceINS_10IInterfaceEEadEv DATA
 0005:0000069c 0000000cH .pdata$_ZN6System15DelphiInterfaceINS_10IInterfaceEED2Ev DATA
 0005:000006a8 0000000cH .pdata$_ZNSt3__110lock_guardINS_5mutexEEC2B8ne200100ERS1_ DATA
 0005:000006b4 0000000cH .pdata$_ZNSt3__113unordered_mapIPN6System7Typinfo9TTypeInfoEPSt9type_infoNS_4hashIS4_EENS_8equal_toIS4_EENS_9allocatorINS_4pairIKS4_S6_EEEEEC2B8ne200100Ev DATA
 0005:000006c0 0000000cH .pdata$_ZNSt3__113unordered_mapIPN6System7Typinfo9TTypeInfoEPSt9type_infoNS_4hashIS4_EENS_8equal_toIS4_EENS_9allocatorINS_4pairIKS4_S6_EEEEED2B8ne200100Ev DATA
 0005:000006cc 0000000cH .pdata$_ZNSt3__113unordered_mapIPN6System7Typinfo9TTypeInfoEPSt9type_infoNS_4hashIS4_EENS_8equal_toIS4_EENS_9allocatorINS_4pairIKS4_S6_EEEEEixERSD_ DATA
 0005:000006d8 0000000cH .pdata$_ZN6System11AnsiStringTILt65001EEC2ERKNS_13UnicodeStringE DATA
 0005:000006e4 0000000cH .pdata$_ZNK6System11AnsiStringTILt65001EEplERKS1_ DATA
 0005:000006f0 0000000cH .pdata$_ZN6System11AnsiStringTILt65001EEC2EPKc DATA
 0005:000006fc 0000000cH .pdata$_ZN6System11AnsiStringTILt65001EEC2Ev DATA
 0005:00000708 0000000cH .pdata$_ZN6System11AnsiStringTILt65001EEaSEOS1_ DATA
 0005:00000714 0000000cH .pdata$_ZN6System11AnsiStringTILt65001EED2Ev DATA
 0005:00000720 0000000cH .pdata$_ZN10__cxxabiv117__class_type_infoC2Ev DATA
 0005:0000072c 0000000cH .pdata$_ZNK6System11AnsiStringTILt65001EE5c_strEv DATA
 0005:00000738 0000000cH .pdata$_ZNSt3__110lock_guardINS_5mutexEED2B8ne200100Ev DATA
 0005:00000744 0000000cH .pdata$_ZN10__cxxabiv116__shim_type_infoC2Ev DATA
 0005:00000750 0000000cH .pdata$_ZNSt3__112__hash_tableINS_17__hash_value_typeIPN6System7Typinfo9TTypeInfoEPSt9type_infoEENS_22__unordered_map_hasherIS5_S8_NS_4hashIS5_EENS_8equal_toIS5_EELb1EEENS_21__unordered_map_equalIS5_S8_SD_SB_Lb1EEENS_9allocatorIS8_EEEC2Ev DATA
 0005:0000075c 0000000cH .pdata$_ZNSt3__110unique_ptrIA_PNS_16__hash_node_baseIPNS_11__hash_nodeINS_17__hash_value_typeIPN6System7Typinfo9TTypeInfoEPSt9type_infoEEPvEEEENS_25__bucket_list_deallocatorINS_9allocatorISF_EEEEEC2B8ne200100ILb1EvEEv DATA
 0005:00000768 0000000cH .pdata$_ZNSt3__116__hash_node_baseIPNS_11__hash_nodeINS_17__hash_value_typeIPN6System7Typinfo9TTypeInfoEPSt9type_infoEEPvEEEC2B8ne200100Ev DATA
 0005:00000774 0000000cH .pdata$_ZNSt3__19allocatorINS_11__hash_nodeINS_17__hash_value_typeIPN6System7Typinfo9TTypeInfoEPSt9type_infoEEPvEEEC2B8ne200100Ev DATA
 0005:00000780 0000000cH .pdata$_ZNSt3__122__unordered_map_hasherIPN6System7Typinfo9TTypeInfoENS_17__hash_value_typeIS4_PSt9type_infoEENS_4hashIS4_EENS_8equal_toIS4_EELb1EEC2B8ne200100Ev DATA
 0005:0000078c 0000000cH .pdata$_ZNSt3__121__unordered_map_equalIPN6System7Typinfo9TTypeInfoENS_17__hash_value_typeIS4_PSt9type_infoEENS_8equal_toIS4_EENS_4hashIS4_EELb1EEC2B8ne200100Ev DATA
 0005:00000798 0000000cH .pdata$_ZNSt3__125__bucket_list_deallocatorINS_9allocatorIPNS_16__hash_node_baseIPNS_11__hash_nodeINS_17__hash_value_typeIPN6System7Typinfo9TTypeInfoEPSt9type_infoEEPvEEEEEEEC2B8ne200100Ev DATA
[...]
 0005:00002be0       $pdata$_ZN6System8Internal10Helperhlpr13TDateTimeHlpr13HourOfTheWeekEv 000000014003bbe0     rtl:System.Internal.HelperHlpr.o
 0005:00002bec       $pdata$_ZN6System8Internal10Helperhlpr13TDateTimeHlpr15MinuteOfTheWeekEv 000000014003bbec     rtl:System.Internal.HelperHlpr.o
 0005:00002bf8       $pdata$_ZN6System8Internal10Helperhlpr13TDateTimeHlpr15SecondOfTheWeekEv 000000014003bbf8     rtl:System.Internal.HelperHlpr.o
 0005:00002c04       $pdata$_ZN6System8Internal10Helperhlpr13TDateTimeHlpr20MilliSecondOfTheWeekEv 000000014003bc04     rtl:System.Internal.HelperHlpr.o
 0005:00002c10       $pdata$_ZN6System8Internal10Helperhlpr13TDateTimeHlpr14MinuteOfTheDayEv 000000014003bc10     rtl:System.Internal.HelperHlpr.o
 0005:00002c1c       $pdata$_ZN6System8Internal10Helperhlpr13TDateTimeHlpr14SecondOfTheDayEv 000000014003bc1c     rtl:System.Internal.HelperHlpr.o
 0005:00002c28       $pdata$_ZN6System8Internal10Helperhlpr13TDateTimeHlpr19MilliSecondOfTheDayEv 000000014003bc28     rtl:System.Internal.HelperHlpr.o
 0005:00002c34       $pdata$_ZN6System8Internal10Helperhlpr13TDateTimeHlpr15SecondOfTheHourEv 000000014003bc34     rtl:System.Internal.HelperHlpr.o
 0005:00002c40       $pdata$_ZN6System8Internal10Helperhlpr13TDateTimeHlpr20MilliSecondOfTheHourEv 000000014003bc40     rtl:System.Internal.HelperHlpr.o
 0005:00002c4c       $pdata$_ZN6System8Internal10Helperhlpr13TDateTimeHlpr22MilliSecondOfTheMinuteEv 000000014003bc4c     rtl:System.Internal.HelperHlpr.o
 0005:00002c58       $pdata$_ZN6System8Internal10Helperhlpr13TDateTimeHlpr15WithinPastYearsENS_9TDateTimeEi 000000014003bc58     rtl:System.Internal.HelperHlpr.o
 0005:00002c64       $pdata$_ZN6System8Internal10Helperhlpr13TDateTimeHlpr16WithinPastMonthsENS_9TDateTimeEi 000000014003bc64     rtl:System.Internal.HelperHlpr.o
 0005:00002c70       $pdata$_ZN6System8Internal10Helperhlpr13TDateTimeHlpr15WithinPastWeeksENS_9TDateTimeEi 000000014003bc70     rtl:System.Internal.HelperHlpr.o
 0005:00002c7c       $pdata$_ZN6System8Internal10Helperhlpr13TDateTimeHlpr14WithinPastDaysENS_9TDateTimeEi 000000014003bc7c     rtl:System.Internal.HelperHlpr.o
 0005:00002c88       $pdata$_ZN6System8Internal10Helperhlpr13TDateTimeHlpr15WithinPastHoursENS_9TDateTimeEx 000000014003bc88     rtl:System.Internal.HelperHlpr.o
 0005:00002c94       $pdata$_ZN6System8Internal10Helperhlpr13TDateTimeHlpr17WithinPastMinutesENS_9TDateTimeEx 000000014003bc94     rtl:System.Internal.HelperHlpr.o
 0005:00002ca0       $pdata$_ZN6System8Internal10Helperhlpr13TDateTimeHlpr17WithinPastSecondsENS_9TDateTimeEx 000000014003bca0     rtl:System.Internal.HelperHlpr.o
 0005:00002cac       $pdata$_ZN6System8Internal10Helperhlpr13TDateTimeHlpr22WithinPastMilliSecondsENS_9TDateTimeEx 000000014003bcac     rtl:System.Internal.HelperHlpr.o
 0005:00002cb8       $pdata$_ZN6System8Internal10Helperhlpr13TDateTimeHlpr12YearsBetweenENS_9TDateTimeE 000000014003bcb8     rtl:System.Internal.HelperHlpr.o
 0005:00002cc4       $pdata$_ZN6System8Internal10Helperhlpr13TDateTimeHlpr13MonthsBetweenENS_9TDateTimeE 000000014003bcc4     rtl:System.Internal.HelperHlpr.o
 0005:00002cd0       $pdata$_ZN6System8Internal10Helperhlpr13TDateTimeHlpr12WeeksBetweenENS_9TDateTimeE 000000014003bcd0     rtl:System.Internal.HelperHlpr.o
 0005:00002cdc       $pdata$_ZN6System8Internal10Helperhlpr13TDateTimeHlpr11DaysBetweenENS_9TDateTimeE 000000014003bcdc     rtl:System.Internal.HelperHlpr.o
 0005:00002ce8       $pdata$_ZN6System8Internal10Helperhlpr13TDateTimeHlpr12HoursBetweenENS_9TDateTimeE 000000014003bce8     rtl:System.Internal.HelperHlpr.o
 0005:00002cf4       $pdata$_ZN6System8Internal10Helperhlpr13TDateTimeHlpr14MinutesBetweenENS_9TDateTimeE 000000014003bcf4     rtl:System.Internal.HelperHlpr.o
 0005:00002d00       $pdata$_ZN6System8Internal10Helperhlpr13TDateTimeHlpr14SecondsBetweenENS_9TDateTimeE 000000014003bd00     rtl:System.Internal.HelperHlpr.o
 0005:00002d0c       $pdata$_ZN6System8Internal10Helperhlpr13TDateTimeHlpr19MilliSecondsBetweenENS_9TDateTimeE 000000014003bd0c     rtl:System.Internal.HelperHlpr.o
 0005:00002d18       $pdata$_ZN6System8Internal10Helperhlpr13TDateTimeHlpr15DateTimeInRangeENS_9TDateTimeES3_b 000000014003bd18     rtl:System.Internal.HelperHlpr.o
 0005:00002d24       $pdata$_ZN6System8Internal10Helperhlpr13TDateTimeHlpr11DateInRangeENS_9TDateTimeES3_b 000000014003bd24     rtl:System.Internal.HelperHlpr.o
 0005:00002d30       $pdata$_ZN6System8Internal10Helperhlpr13TDateTimeHlpr11TimeInRangeENS_9TDateTimeES3_b 000000014003bd30     rtl:System.Internal.HelperHlpr.o
 0005:00002d3c       $pdata$_ZN6System8Internal10Helperhlpr13TDateTimeHlpr8YearSpanENS_9TDateTimeE 000000014003bd3c     rtl:System.Internal.HelperHlpr.o
 0005:00002d48       $pdata$_ZN6System8Internal10Helperhlpr13TDateTimeHlpr9MonthSpanENS_9TDateTimeE 000000014003bd48     rtl:System.Internal.HelperHlpr.o
 0005:00002d54       $pdata$_ZN6System8Internal10Helperhlpr13TDateTimeHlpr8WeekSpanENS_9TDateTimeE 000000014003bd54     rtl:System.Internal.HelperHlpr.o
 0005:00002d60       $pdata$_ZN6System8Internal10Helperhlpr13TDateTimeHlpr7DaySpanENS_9TDateTimeE 000000014003bd60     rtl:System.Internal.HelperHlpr.o
 0005:00002d6c       $pdata$_ZN6System8Internal10Helperhlpr13TDateTimeHlpr8HourSpanENS_9TDateTimeE 000000014003bd6c     rtl:System.Internal.HelperHlpr.o
 0005:00002d78       $pdata$_ZN6System8Internal10Helperhlpr13TDateTimeHlpr10MinuteSpanENS_9TDateTimeE 000000014003bd78     rtl:System.Internal.HelperHlpr.o
 0005:00002d84       $pdata$_ZN6System8Internal10Helperhlpr13TDateTimeHlpr10SecondSpanENS_9TDateTimeE 000000014003bd84     rtl:System.Internal.HelperHlpr.o
 0005:00002d90       $pdata$_ZN6System8Internal10Helperhlpr13TDateTimeHlpr15MilliSecondSpanENS_9TDateTimeE 000000014003bd90     rtl:System.Internal.HelperHlpr.o
 0005:00002d9c       $pdata$_ZN6System8Internal10Helperhlpr13TDateTimeHlpr7IncYearEi 000000014003bd9c     rtl:System.Internal.HelperHlpr.o
 0005:00002da8       $pdata$_ZN6System8Internal10Helperhlpr13TDateTimeHlpr8IncMonthEi 000000014003bda8     rtl:System.Internal.HelperHlpr.o
 0005:00002db4       $pdata$_ZN6System8Internal10Helperhlpr13TDateTimeHlpr7IncWeekEi 000000014003bdb4     rtl:System.Internal.HelperHlpr.o
 0005:00002dc0       $pdata$_ZN6System8Internal10Helperhlpr13TDateTimeHlpr6IncDayEi 000000014003bdc0     rtl:System.Internal.HelperHlpr.o
 0005:00002dcc       $pdata$_ZN6System8Internal10Helperhlpr13TDateTimeHlpr7IncHourEx 000000014003bdcc     rtl:System.Internal.HelperHlpr.o
 0005:00002dd8       $pdata$_ZN6System8Internal10Helperhlpr13TDateTimeHlpr9IncMinuteEx 000000014003bdd8     rtl:System.Internal.HelperHlpr.o
 0005:00002de4       $pdata$_ZN6System8Internal10Helperhlpr13TDateTimeHlpr9IncSecondEx 000000014003bde4     rtl:System.Internal.HelperHlpr.o
 0005:00002df0       $pdata$_ZN6System8Internal10Helperhlpr13TDateTimeHlpr14IncMilliSecondEx 000000014003bdf0     rtl:System.Internal.HelperHlpr.o
 0005:00002dfc       $pdata$_ZN6System8Internal10Helperhlpr13TDateTimeHlpr9TryEncodeEttttttt 000000014003bdfc     rtl:System.Internal.HelperHlpr.o
 0005:00002e08       $pdata$_ZN6System8Internal10Helperhlpr13TDateTimeHlpr13TryEncodeWeekEttt 000000014003be08     rtl:System.Internal.HelperHlpr.o
 0005:00002e14       $pdata$_ZN6System8Internal10Helperhlpr13TDateTimeHlpr12TryEncodeDayEtt 000000014003be14     rtl:System.Internal.HelperHlpr.o
 0005:00002e20       $pdata$_ZN6System8Internal10Helperhlpr13TDateTimeHlpr18TryEncodeMonthWeekEtttt 000000014003be20     rtl:System.Internal.HelperHlpr.o
 0005:00002e2c       $pdata$_ZN6System8Internal10Helperhlpr13TDateTimeHlpr11SetDateTimeEttttttt 000000014003be2c     rtl:System.Internal.HelperHlpr.o
 0005:00002e38       $pdata$_ZN6System8Internal10Helperhlpr13TDateTimeHlpr15CompareDateTimeENS_9TDateTimeE 000000014003be38     rtl:System.Internal.HelperHlpr.o
 0005:00002e44       $pdata$_ZN6System8Internal10Helperhlpr13TDateTimeHlpr12SameDateTimeENS_9TDateTimeE 000000014003be44     rtl:System.Internal.HelperHlpr.o
 0005:00002e50       $pdata$_ZN6System8Internal10Helperhlpr13TDateTimeHlpr11CompareDateENS_9TDateTimeE 000000014003be50     rtl:System.Internal.HelperHlpr.o
 0005:00002e5c       $pdata$_ZN6System8Internal10Helperhlpr13TDateTimeHlpr8SameDateENS_9TDateTimeE 000000014003be5c     rtl:System.Internal.HelperHlpr.o
 0005:00002e68       $pdata$_ZN6System8Internal10Helperhlpr13TDateTimeHlpr11CompareTimeENS_9TDateTimeE 000000014003be68     rtl:System.Internal.HelperHlpr.o
 0005:00002e74       $pdata$_ZN6System8Internal10Helperhlpr13TDateTimeHlpr8SameTimeENS_9TDateTimeE 000000014003be74     rtl:System.Internal.HelperHlpr.o
 0005:00002e80       $pdata$_ZN6System8Internal10Helperhlpr13TDateTimeHlpr12NthDayOfWeekEv 000000014003be80     rtl:System.Internal.HelperHlpr.o
 0005:00002e8c       $pdata$_ZN6System8Internal10Helperhlpr13TDateTimeHlpr25TryEncodeDayOfWeekInMonthEtttt 000000014003be8c     rtl:System.Internal.HelperHlpr.o
 0005:00002e98       $pdata$_ZN6System8Internal10Helperhlpr13TDateTimeHlpr12ToJulianDateEv 000000014003be98     rtl:System.Internal.HelperHlpr.o
 0005:00002ea4       $pdata$_ZN6System8Internal10Helperhlpr13TDateTimeHlpr16TrySetJulianDateEd 000000014003bea4     rtl:System.Internal.HelperHlpr.o
 0005:00002eb0       $pdata$_ZN6System8Internal10Helperhlpr13TDateTimeHlpr20ToModifiedJulianDateEv 000000014003beb0     rtl:System.Internal.HelperHlpr.o
 0005:00002ebc       $pdata$_ZN6System8Internal10Helperhlpr13TDateTimeHlpr24TrySetModifiedJulianDateEd 000000014003bebc     rtl:System.Internal.HelperHlpr.o
 0005:00002ec8       $pdata$_ZN6System8Internal10Helperhlpr13TDateTimeHlpr6ToUnixEb 000000014003bec8     rtl:System.Internal.HelperHlpr.o
 0005:00002ed4       $pdata$_ZN6System8Internal10Helperhlpr13TDateTimeHlpr14ToMillisecondsEv 000000014003bed4     rtl:System.Internal.HelperHlpr.o
 0005:00002ee0       $pdata$_ZN6System8Internal10Helperhlpr13TDateTimeHlpr18TimeToMillisecondsEv 000000014003bee0     rtl:System.Internal.HelperHlpr.o
 0005:00002eec       $pdata$_ZN6System8Internal10Helperhlpr13TDateTimeHlpr13TrySetISO8601ENS_13UnicodeStringEb 000000014003beec     rtl:System.Internal.HelperHlpr.o
 0005:00002ef8       $pdata$_ZN6System8Internal10Helperhlpr13TDateTimeHlpr9ToISO8601Eb 000000014003bef8     rtl:System.Internal.HelperHlpr.o
 0005:00002f04       $pdata$_ZN6System8Internal10Helperhlpr13TDateTimeHlpr8ToStringEv 000000014003bf04     rtl:System.Internal.HelperHlpr.o
 0005:00002f10       $pdata$_ZN6System8Internal10Helperhlpr13TDateTimeHlpr8ToStringERKNS_8Sysutils15TFormatSettingsE 000000014003bf10     rtl:System.Internal.HelperHlpr.o
 0005:00002f1c       $pdata$_ZN6System8Internal10Helperhlpr13TDateTimeHlpr6FormatENS_13UnicodeStringE 000000014003bf1c     rtl:System.Internal.HelperHlpr.o
 0005:00002f28       $pdata$_ZN6System8Internal10Helperhlpr13TDateTimeHlpr6FormatENS_13UnicodeStringERKNS_8Sysutils15TFormatSettingsE 000000014003bf28     rtl:System.Internal.HelperHlpr.o
 0005:00002f34       $pdata$_ZN6System8Internal10Helperhlpr13TDateTimeHlpr7AddYearEi 000000014003bf34     rtl:System.Internal.HelperHlpr.o
 0005:00002f40       $pdata$_ZN6System8Internal10Helperhlpr13TDateTimeHlpr8AddMonthEi 000000014003bf40     rtl:System.Internal.HelperHlpr.o
 0005:00002f4c       $pdata$_ZN6System8Internal10Helperhlpr13TDateTimeHlpr7AddWeekEi 000000014003bf4c     rtl:System.Internal.HelperHlpr.o
 0005:00002f58       $pdata$_ZN6System8Internal10Helperhlpr13TDateTimeHlpr6AddDayEi 000000014003bf58     rtl:System.Internal.HelperHlpr.o
 0005:00002f64       $pdata$_ZN6System8Internal10Helperhlpr13TDateTimeHlpr7AddHourEx 000000014003bf64     rtl:System.Internal.HelperHlpr.o
 0005:00002f70       $pdata$_ZN6System8Internal10Helperhlpr13TDateTimeHlpr9AddMinuteEx 000000014003bf70     rtl:System.Internal.HelperHlpr.o
 0005:00002f7c       $pdata$_ZN6System8Internal10Helperhlpr13TDateTimeHlpr9AddSecondEx 000000014003bf7c     rtl:System.Internal.HelperHlpr.o
 0005:00002f88       $pdata$_ZN6System8Internal10Helperhlpr13TDateTimeHlpr14AddMilliSecondEx 000000014003bf88     rtl:System.Internal.HelperHlpr.o
 0005:00002f94       $pdata$_ZN6System8Internal10Helperhlpr13TDateTimeHlpr6EncodeEttttttt 000000014003bf94     rtl:System.Internal.HelperHlpr.o
 0005:00002fa0       $pdata$_ZN6System8Internal10Helperhlpr13TDateTimeHlpr6DecodeERtS3_S3_S3_S3_S3_S3_ 000000014003bfa0     rtl:System.Internal.HelperHlpr.o
 0005:00002fac       $pdata$_ZN6System8Internal10Helperhlpr13TDateTimeHlpr10EncodeWeekEttt 000000014003bfac     rtl:System.Internal.HelperHlpr.o
 0005:00002fb8       $pdata$_ZN6System8Internal10Helperhlpr13TDateTimeHlpr10DecodeWeekERtS3_S3_ 000000014003bfb8     rtl:System.Internal.HelperHlpr.o
 0005:00002fc4       $pdata$_ZN6System8Internal10Helperhlpr13TDateTimeHlpr9EncodeDayEtt 000000014003bfc4     rtl:System.Internal.HelperHlpr.o
 0005:00002fd0       $pdata$_ZN6System8Internal10Helperhlpr13TDateTimeHlpr9DecodeDayERtS3_ 000000014003bfd0     rtl:System.Internal.HelperHlpr.o
 0005:00002fdc       $pdata$_ZN6System8Internal10Helperhlpr13TDateTimeHlpr15EncodeMonthWeekEtttt 000000014003bfdc     rtl:System.Internal.HelperHlpr.o
 0005:00002fe8       $pdata$_ZN6System8Internal10Helperhlpr13TDateTimeHlpr15DecodeMonthWeekERtS3_S3_S3_ 000000014003bfe8     rtl:System.Internal.HelperHlpr.o
 0005:00002ff4       $pdata$_ZN6System8Internal10Helperhlpr13TDateTimeHlpr7SetYearEt 000000014003bff4     rtl:System.Internal.HelperHlpr.o
 0005:00003000       $pdata$_ZN6System8Internal10Helperhlpr13TDateTimeHlpr8SetMonthEt 000000014003c000     rtl:System.Internal.HelperHlpr.o
 0005:0000300c       $pdata$_ZN6System8Internal10Helperhlpr13TDateTimeHlpr6SetDayEt 000000014003c00c     rtl:System.Internal.HelperHlpr.o
 0005:00003018       $pdata$_ZN6System8Internal10Helperhlpr13TDateTimeHlpr7SetHourEt 000000014003c018     rtl:System.Internal.HelperHlpr.o
 0005:00003024       $pdata$_ZN6System8Internal10Helperhlpr13TDateTimeHlpr9SetMinuteEt 000000014003c024     rtl:System.Internal.HelperHlpr.o
 0005:00003030       $pdata$_ZN6System8Internal10Helperhlpr13TDateTimeHlpr9SetSecondEt 000000014003c030     rtl:System.Internal.HelperHlpr.o
 0005:0000303c       $pdata$_ZN6System8Internal10Helperhlpr13TDateTimeHlpr14SetMilliSecondEt 000000014003c03c     rtl:System.Internal.HelperHlpr.o
 0005:00003048       $pdata$_ZN6System8Internal10Helperhlpr13TDateTimeHlpr7SetDateEttt 000000014003c048     rtl:System.Internal.HelperHlpr.o
 0005:00003054       $pdata$_ZN6System8Internal10Helperhlpr13TDateTimeHlpr7SetTimeEtttt 000000014003c054     rtl:System.Internal.HelperHlpr.o
 0005:00003060       $pdata$_ZN6System8Internal10Helperhlpr13TDateTimeHlpr22DecodeDayOfWeekInMonthERtS3_S3_S3_ 000000014003c060     rtl:System.Internal.HelperHlpr.o
 0005:0000306c       $pdata$_ZN6System8Internal10Helperhlpr13TDateTimeHlpr22EncodeDayOfWeekInMonthEtttt 000000014003c06c     rtl:System.Internal.HelperHlpr.o
 0005:00003078       $pdata$_ZN6System8Internal10Helperhlpr13TDateTimeHlpr13SetJulianDateEd 000000014003c078     rtl:System.Internal.HelperHlpr.o
 0005:00003084       $pdata$_ZN6System8Internal10Helperhlpr13TDateTimeHlpr21SetModifiedJulianDateEd 000000014003c084     rtl:System.Internal.HelperHlpr.o
 0005:00003090       $pdata$_ZN6System8Internal10Helperhlpr13TDateTimeHlpr7SetUnixExb 000000014003c090     rtl:System.Internal.HelperHlpr.o
 0005:0000309c       $pdata$_ZN6System8Internal10Helperhlpr13TDateTimeHlpr10SetISO8601ENS_13UnicodeStringEb 000000014003c09c     rtl:System.Internal.HelperHlpr.o
 0005:000030a8       $pdata$_ZN6System8Internal10Helperhlpr13TDateTimeHlpr11SetHttpDateENS_13UnicodeStringEb 000000014003c0a8     rtl:System.Internal.HelperHlpr.o
 0005:000030b4       $pdata$_ZN6System8Internal10Helperhlpr12FinalizationEv 000000014003c0b4     rtl:System.Internal.HelperHlpr.o
 0005:000030c0       $pdata$_ZN6System8Internal10Helperhlpr14initializationEv 000000014003c0c0     rtl:System.Internal.HelperHlpr.o
 0005:00003150       $pdata$_ZN6System8Internal7Initcpp23SelectForInitializationEPNS1_20TUnitDescriptorBlockES3_ 000000014003c150     rtl:System.Internal.InitCPP.o
 0005:0000315c       $pdata$_ZN6System8Internal7Initcpp23SelectForInitializationEPPNS1_20TUnitDescriptorBlockES4_ 000000014003c15c     rtl:System.Internal.InitCPP.o
 0005:00003168       $pdata$_ZN6System8Internal7Initcpp15InitializeUnitsEPNS1_20TUnitDescriptorBlockES3_ 000000014003c168     rtl:System.Internal.InitCPP.o
 0005:00003174       $pdata$_ZN6System8Internal7Initcpp13FinalizeUnitsEPNS1_20TUnitDescriptorBlockES3_ 000000014003c174     rtl:System.Internal.InitCPP.o
 0005:00003180       $pdata$_ZN6System8Internal7Initcpp15InitializeUnitsEPPNS1_20TUnitDescriptorBlockES4_ 000000014003c180     rtl:System.Internal.InitCPP.o
 0005:0000318c       $pdata$_ZN6System8Internal7Initcpp13FinalizeUnitsEPPNS1_20TUnitDescriptorBlockES4_ 000000014003c18c     rtl:System.Internal.InitCPP.o
 0005:00003198       $pdata$_ZN6System8Internal7Initcpp15InitializeUnitsEPNS1_15TUnitDescriptorES3_ 000000014003c198     rtl:System.Internal.InitCPP.o
 0005:000031a4       $pdata$_ZN6System8Internal7Initcpp13FinalizeUnitsEPNS1_15TUnitDescriptorES3_ 000000014003c1a4     rtl:System.Internal.InitCPP.o
 0005:000031b0       $pdata$_ZN6System8Internal7Initcpp15CalculateDegreeEPNS1_20TUnitDescriptorBlockES3_ 000000014003c1b0     rtl:System.Internal.InitCPP.o
 0005:000031bc       $pdata$_ZN6System8Internal7Initcpp15CalculateDegreeEPPNS1_20TUnitDescriptorBlockES4_ 000000014003c1bc     rtl:System.Internal.InitCPP.o
 0005:000031c8       $pdata$_ZN6System8Internal7Initcpp16FinalizeUnitListEPPPNS1_15TUnitDescriptorES5_ 000000014003c1c8     rtl:System.Internal.InitCPP.o
 0005:000031e0       $pdata$_ZN6System8Internal7Initcpp18InitializeRootUnitEPNS1_15TUnitDescriptorE 000000014003c1e0     rtl:System.Internal.InitCPP.o
 0005:0000321c       $pdata$_ZN6System8Internal7Initcpp16FinalizeRootUnitEPNS1_15TUnitDescriptorE 000000014003c21c     rtl:System.Internal.InitCPP.o
 0005:00003234       $pdata$_ZN6System8Internal7Initcpp12FinalizationEv 000000014003c234     rtl:System.Internal.InitCPP.o
 0005:00003240       $pdata$_ZN6System8Internal7Initcpp14initializationEv 000000014003c240     rtl:System.Internal.InitCPP.o
 000a:00000010       _ZL15exception_count       0000000140041010     libmingw32:lib64_libmingw32_a-hook_delphieh.o
 000a:00000020       _ZL16exception_object      0000000140041020     libmingw32:lib64_libmingw32_a-hook_delphieh.o
 000b:00000370       $R000000                   0000000140042370     internal .obj file created from .res files
 000b:00001010       $R000001                   0000000140043010     internal .obj file created from .res files
 000b:00001220       $R000002                   0000000140043220     internal .obj file created from .res files
 000b:00002848       $R000003                   0000000140044848     internal .obj file created from .res files
 000b:000036f0       $R000004                   00000001400456f0     internal .obj file created from .res files
 000b:00003f98       $R000005                   0000000140045f98     internal .obj file created from .res files
 000b:00004500       $R000006                   0000000140046500     internal .obj file created from .res files
 000b:0000a9c0       $R000007                   000000014004c9c0     internal .obj file created from .res files
 000b:0001b1e8       $R000008                   000000014005d1e8     internal .obj file created from .res files
 000b:0001f410       $R000009                   0000000140061410     internal .obj file created from .res files
 000b:0001fd98       $R00000A                   0000000140061d98     internal .obj file created from .res files
 000b:00020200       $R00000B                   0000000140062200     internal .obj file created from .res files
 000b:00020288       $R00000C                   0000000140062288     internal .obj file created from .res files
 000b:00020998       $R00000D                   0000000140062998     internal .obj file created from .res files
