 Project1

 Timestamp is 6a50fa58 (Fri Jul 10 10:57:44 2026)

 Preferred load address is 0000000140000000

 Start         Length     Name                   Class
 0001:00000000 00002400H .text                   CODE
 0001:00002400 00000023H .text$_ZN6System7Classes15TComponentClassC1EPNS_10TMetaClassE CODE
 0001:00002430 0000000fH .text$__clang_call_terminate CODE
 0001:00002440 00000023H .text$_ZN6System7Classes15TComponentClassC2EPNS_10TMetaClassE CODE
 0001:00002470 0000001eH .text$_ZN6System15DelphiMetaClassINS_7Classes15TComponentClassEEC2EPNS_10TMetaClassE CODE
 0001:00002490 000050bfH .text                   CODE
 0001:00007550 0000006dH .text$_ZN3Vcl5Forms5TFormC3EPN6System7Classes10TComponentE CODE
 0001:000075c0 0000006dH .text$_ZN11Idtcpclient12TIdTCPClientC3EPN6System7Classes10TComponentE CODE
 0001:00007630 00000048H .text$_ZN6TForm1D0Ev    CODE
 0001:00007680 00000077H .text$_ZN3Vcl5Forms5TFormC3EPN6System7Classes10TComponentEi CODE
 0001:00007700 00000089H .text$_ZN3Vcl5Forms5TFormC3EPN6System7Classes10TComponentEii CODE
 0001:00007790 000001ceH .text$_ZN11Idtcpclient18TIdTCPClientCustomC3EPN6System7Classes10TComponentE CODE
 0001:00007960 000000b3H .text$_ZN15Idtcpconnection16TIdTCPConnectionC3EPN6System7Classes10TComponentE CODE
 0001:00007a20 0000006dH .text$_ZN11Idcomponent12TIdComponentC3EPN6System7Classes10TComponentE CODE
 0001:00007a90 00000019H .text$_ZN7Idreply13TIdReplyClassC1Ev CODE
 0001:00007ab0 00000019H .text$_ZN7Idreply13TIdReplyClassC2Ev CODE
 0001:00007ad0 00000007H .text$_ZN6System15DelphiMetaClassIN7Idreply13TIdReplyClassEEC2Ev CODE
 0001:00007ae0 00000048H .text$_ZN3Vcl5Forms5TFormD0Ev CODE
 0001:00007b30 00001fc8H .text                   CODE
 0001:00009b00 0000000bH .text$_ZN6System15DelphiInterfaceINS_10IInterfaceEEadEv CODE
 0001:00009b10 00000046H .text$_ZN6System15DelphiInterfaceINS_10IInterfaceEED2Ev CODE
 0001:00009b60 00000029H .text$_ZNSt3__110lock_guardINS_5mutexEEC2B8ne200100ERS1_ CODE
 0001:00009b90 00000019H .text$_ZNSt3__113unordered_mapIPN6System7Typinfo9TTypeInfoEPSt9type_infoNS_4hashIS4_EENS_8equal_toIS4_EENS_9allocatorINS_4pairIKS4_S6_EEEEEC2B8ne200100Ev CODE
 0001:00009bb0 00000019H .text$_ZNSt3__113unordered_mapIPN6System7Typinfo9TTypeInfoEPSt9type_infoNS_4hashIS4_EENS_8equal_toIS4_EENS_9allocatorINS_4pairIKS4_S6_EEEEED2B8ne200100Ev CODE
 0001:00009bd0 00000080H .text$_ZNSt3__113unordered_mapIPN6System7Typinfo9TTypeInfoEPSt9type_infoNS_4hashIS4_EENS_8equal_toIS4_EENS_9allocatorINS_4pairIKS4_S6_EEEEEixERSD_ CODE
 0001:00009c50 0000004aH .text$_ZN6System11AnsiStringTILt65001EEC2ERKNS_13UnicodeStringE CODE
 0001:00009ca0 0000008bH .text$_ZNK6System11AnsiStringTILt65001EEplERKS1_ CODE
 0001:00009d30 0000004aH .text$_ZN6System11AnsiStringTILt65001EEC2EPKc CODE
 0001:00009d80 00000030H .text$_ZN6System11AnsiStringTILt65001EEC2Ev CODE
 0001:00009db0 00000045H .text$_ZN6System11AnsiStringTILt65001EEaSEOS1_ CODE
 0001:00009e00 00000019H .text$_ZN6System11AnsiStringTILt65001EED2Ev CODE
 0001:00009e20 00000030H .text$_ZN10__cxxabiv117__class_type_infoC2Ev CODE
 0001:00009e50 0000003cH .text$_ZNK6System11AnsiStringTILt65001EE5c_strEv CODE
 0001:00009e90 0000001cH .text$_ZNSt3__110lock_guardINS_5mutexEED2B8ne200100Ev CODE
 0001:00009eb0 00000030H .text$_ZN10__cxxabiv116__shim_type_infoC2Ev CODE
 0001:00009ee0 0000005fH .text$_ZNSt3__112__hash_tableINS_17__hash_value_typeIPN6System7Typinfo9TTypeInfoEPSt9type_infoEENS_22__unordered_map_hasherIS5_S8_NS_4hashIS5_EENS_8equal_toIS5_EELb1EEENS_21__unordered_map_equalIS5_S8_SD_SB_Lb1EEENS_9allocatorIS8_EEEC2Ev CODE
 0001:00009f40 00000024H .text$_ZNSt3__110unique_ptrIA_PNS_16__hash_node_baseIPNS_11__hash_nodeINS_17__hash_value_typeIPN6System7Typinfo9TTypeInfoEPSt9type_infoEEPvEEEENS_25__bucket_list_deallocatorINS_9allocatorISF_EEEEEC2B8ne200100ILb1EvEEv CODE
 0001:00009f70 00000012H .text$_ZNSt3__116__hash_node_baseIPNS_11__hash_nodeINS_17__hash_value_typeIPN6System7Typinfo9TTypeInfoEPSt9type_infoEEPvEEEC2B8ne200100Ev CODE
 0001:00009f90 00000019H .text$_ZNSt3__19allocatorINS_11__hash_nodeINS_17__hash_value_typeIPN6System7Typinfo9TTypeInfoEPSt9type_infoEEPvEEEC2B8ne200100Ev CODE
 0001:00009fb0 00000007H .text$_ZNSt3__122__unordered_map_hasherIPN6System7Typinfo9TTypeInfoENS_17__hash_value_typeIS4_PSt9type_infoEENS_4hashIS4_EENS_8equal_toIS4_EELb1EEC2B8ne200100Ev CODE
 0001:00009fc0 00000007H .text$_ZNSt3__121__unordered_map_equalIPN6System7Typinfo9TTypeInfoENS_17__hash_value_typeIS4_PSt9type_infoEENS_8equal_toIS4_EENS_4hashIS4_EELb1EEC2B8ne200100Ev CODE
 0001:00009fd0 00000020H .text$_ZNSt3__125__bucket_list_deallocatorINS_9allocatorIPNS_16__hash_node_baseIPNS_11__hash_nodeINS_17__hash_value_typeIPN6System7Typinfo9TTypeInfoEPSt9type_infoEEPvEEEEEEEC2B8ne200100Ev CODE
 0001:00009ff0 00000019H .text$_ZNSt3__19allocatorIPNS_16__hash_node_baseIPNS_11__hash_nodeINS_17__hash_value_typeIPN6System7Typinfo9TTypeInfoEPSt9type_infoEEPvEEEEEC2B8ne200100Ev CODE
 0001:0000a010 00000007H .text$_ZNSt3__116__non_trivial_ifILb1ENS_9allocatorIPNS_16__hash_node_baseIPNS_11__hash_nodeINS_17__hash_value_typeIPN6System7Typinfo9TTypeInfoEPSt9type_infoEEPvEEEEEEEC2B8ne200100Ev CODE
 0001:0000a020 00000007H .text$_ZNSt3__116__non_trivial_ifILb1ENS_9allocatorINS_11__hash_nodeINS_17__hash_value_typeIPN6System7Typinfo9TTypeInfoEPSt9type_infoEEPvEEEEEC2B8ne200100Ev CODE
 0001:0000a030 0000002cH .text$_ZNSt3__112__hash_tableINS_17__hash_value_typeIPN6System7Typinfo9TTypeInfoEPSt9type_infoEENS_22__unordered_map_hasherIS5_S8_NS_4hashIS5_EENS_8equal_toIS5_EELb1EEENS_21__unordered_map_equalIS5_S8_SD_SB_Lb1EEENS_9allocatorIS8_EEED2Ev CODE
 0001:0000a060 000000c0H .text$_ZNSt3__112__hash_tableINS_17__hash_value_typeIPN6System7Typinfo9TTypeInfoEPSt9type_infoEENS_22__unordered_map_hasherIS5_S8_NS_4hashIS5_EENS_8equal_toIS5_EELb1EEENS_21__unordered_map_equalIS5_S8_SD_SB_Lb1EEENS_9allocatorIS8_EEE17__deallocate_nodeEPNS_16__hash_node_baseIPNS_11__hash_nodeIS8_PvEEEE CODE
 0001:0000a120 0000001dH .text$_ZNSt3__110unique_ptrIA_PNS_16__hash_node_baseIPNS_11__hash_nodeINS_17__hash_value_typeIPN6System7Typinfo9TTypeInfoEPSt9type_infoEEPvEEEENS_25__bucket_list_deallocatorINS_9allocatorISF_EEEEED2B8ne200100Ev CODE
 0001:0000a140 0000000bH .text$_ZNSt3__112__hash_tableINS_17__hash_value_typeIPN6System7Typinfo9TTypeInfoEPSt9type_infoEENS_22__unordered_map_hasherIS5_S8_NS_4hashIS5_EENS_8equal_toIS5_EELb1EEENS_21__unordered_map_equalIS5_S8_SD_SB_Lb1EEENS_9allocatorIS8_EEE12__node_allocB8ne200100Ev CODE
 0001:0000a150 00000019H .text$_ZNSt3__116__hash_node_baseIPNS_11__hash_nodeINS_17__hash_value_typeIPN6System7Typinfo9TTypeInfoEPSt9type_infoEEPvEEE8__upcastB8ne200100Ev CODE
 0001:0000a170 0000001eH .text$_ZNSt3__116allocator_traitsINS_9allocatorINS_11__hash_nodeINS_17__hash_value_typeIPN6System7Typinfo9TTypeInfoEPSt9type_infoEEPvEEEEE7destroyB8ne200100INS_4pairIKS7_S9_EEvTnNS_9enable_ifIXntsr13__has_destroyISD_PT_EE5valueEiE4typeELi0EEEvRSD_SL_ CODE
 0001:0000a190 00000019H .text$_ZNSt3__122__hash_key_value_typesINS_17__hash_value_typeIPN6System7Typinfo9TTypeInfoEPSt9type_infoEEE9__get_ptrB8ne200100ERS8_ CODE
 0001:0000a1b0 0000000fH .text$_ZNSt3__111__hash_nodeINS_17__hash_value_typeIPN6System7Typinfo9TTypeInfoEPSt9type_infoEEPvE11__get_valueB8ne200100Ev CODE
 0001:0000a1c0 00000019H .text$_ZNSt3__112__destroy_atB8ne200100INS_11__hash_nodeINS_17__hash_value_typeIPN6System7Typinfo9TTypeInfoEPSt9type_infoEEPvEETnNS_9enable_ifIXntsr8is_arrayIT_EE5valueEiE4typeELi0EEEvPSD_ CODE
 0001:0000a1e0 0000002dH .text$_ZNSt3__116allocator_traitsINS_9allocatorINS_11__hash_nodeINS_17__hash_value_typeIPN6System7Typinfo9TTypeInfoEPSt9type_infoEEPvEEEEE10deallocateB8ne200100ERSD_PSC_y CODE
 0001:0000a210 0000000bH .text$_ZNSt3__114pointer_traitsIPNS_16__hash_node_baseIPNS_11__hash_nodeINS_17__hash_value_typeIPN6System7Typinfo9TTypeInfoEPSt9type_infoEEPvEEEEE10pointer_toB8ne200100ERSE_ CODE
 0001:0000a220 00000007H .text$_ZNSt3__112__destroy_atB8ne200100INS_4pairIKPN6System7Typinfo9TTypeInfoEPSt9type_infoEETnNS_9enable_ifIXntsr8is_arrayIT_EE5valueEiE4typeELi0EEEvPSB_ CODE
 0001:0000a230 00000019H .text$_ZNSt3__117__hash_value_typeIPN6System7Typinfo9TTypeInfoEPSt9type_infoE11__get_valueB8ne200100Ev CODE
 0001:0000a250 00000019H .text$_ZNSt3__17launderB8ne200100INS_4pairIKPN6System7Typinfo9TTypeInfoEPSt9type_infoEEEEPT_SB_ CODE
 0001:0000a270 0000000bH .text$_ZNSt3__19__launderB8ne200100INS_4pairIKPN6System7Typinfo9TTypeInfoEPSt9type_infoEEEEPT_SB_ CODE
 0001:0000a280 00000007H .text$_ZNSt3__111__hash_nodeINS_17__hash_value_typeIPN6System7Typinfo9TTypeInfoEPSt9type_infoEEPvED2B8ne200100Ev CODE
 0001:0000a290 0000002eH .text$_ZNSt3__19allocatorINS_11__hash_nodeINS_17__hash_value_typeIPN6System7Typinfo9TTypeInfoEPSt9type_infoEEPvEEE10deallocateB8ne200100EPSB_y CODE
 0001:0000a2c0 0000005cH .text$_ZNSt3__119__libcpp_deallocateB8ne200100INS_11__hash_nodeINS_17__hash_value_typeIPN6System7Typinfo9TTypeInfoEPSt9type_infoEEPvEEEEvPNS_15__type_identityIT_E4typeENS_15__element_countEy CODE
 0001:0000a320 00000011H .text$_ZNSt3__124__is_overaligned_for_newB8ne200100Ey CODE
 0001:0000a340 00000023H .text$_ZNSt3__124__libcpp_operator_deleteB8ne200100IJPNS_11__hash_nodeINS_17__hash_value_typeIPN6System7Typinfo9TTypeInfoEPSt9type_infoEEPvEESt11align_val_tEEEvDpT_ CODE
 0001:0000a370 00000019H .text$_ZNSt3__124__libcpp_operator_deleteB8ne200100IJPNS_11__hash_nodeINS_17__hash_value_typeIPN6System7Typinfo9TTypeInfoEPSt9type_infoEEPvEEEEEvDpT_ CODE
 0001:0000a390 00000048H .text$_ZNSt3__110unique_ptrIA_PNS_16__hash_node_baseIPNS_11__hash_nodeINS_17__hash_value_typeIPN6System7Typinfo9TTypeInfoEPSt9type_infoEEPvEEEENS_25__bucket_list_deallocatorINS_9allocatorISF_EEEEE5resetB8ne200100EDn CODE
 0001:0000a3e0 0000004eH .text$_ZNSt3__125__bucket_list_deallocatorINS_9allocatorIPNS_16__hash_node_baseIPNS_11__hash_nodeINS_17__hash_value_typeIPN6System7Typinfo9TTypeInfoEPSt9type_infoEEPvEEEEEEEclB8ne200100EPSG_ CODE
 0001:0000a430 0000002dH .text$_ZNSt3__116allocator_traitsINS_9allocatorIPNS_16__hash_node_baseIPNS_11__hash_nodeINS_17__hash_value_typeIPN6System7Typinfo9TTypeInfoEPSt9type_infoEEPvEEEEEEE10deallocateB8ne200100ERSH_PSG_y CODE
 0001:0000a460 0000000bH .text$_ZNSt3__125__bucket_list_deallocatorINS_9allocatorIPNS_16__hash_node_baseIPNS_11__hash_nodeINS_17__hash_value_typeIPN6System7Typinfo9TTypeInfoEPSt9type_infoEEPvEEEEEEE7__allocB8ne200100Ev CODE
 0001:0000a470 0000000bH .text$_ZNSt3__125__bucket_list_deallocatorINS_9allocatorIPNS_16__hash_node_baseIPNS_11__hash_nodeINS_17__hash_value_typeIPN6System7Typinfo9TTypeInfoEPSt9type_infoEEPvEEEEEEE4sizeB8ne200100Ev CODE
 0001:0000a480 0000002eH .text$_ZNSt3__19allocatorIPNS_16__hash_node_baseIPNS_11__hash_nodeINS_17__hash_value_typeIPN6System7Typinfo9TTypeInfoEPSt9type_infoEEPvEEEEE10deallocateB8ne200100EPSF_y CODE
 0001:0000a4b0 0000005cH .text$_ZNSt3__119__libcpp_deallocateB8ne200100IPNS_16__hash_node_baseIPNS_11__hash_nodeINS_17__hash_value_typeIPN6System7Typinfo9TTypeInfoEPSt9type_infoEEPvEEEEEEvPNS_15__type_identityIT_E4typeENS_15__element_countEy CODE
 0001:0000a510 00000023H .text$_ZNSt3__124__libcpp_operator_deleteB8ne200100IJPPNS_16__hash_node_baseIPNS_11__hash_nodeINS_17__hash_value_typeIPN6System7Typinfo9TTypeInfoEPSt9type_infoEEPvEEEESt11align_val_tEEEvDpT_ CODE
 0001:0000a540 00000019H .text$_ZNSt3__124__libcpp_operator_deleteB8ne200100IJPPNS_16__hash_node_baseIPNS_11__hash_nodeINS_17__hash_value_typeIPN6System7Typinfo9TTypeInfoEPSt9type_infoEEPvEEEEEEEvDpT_ CODE
 0001:0000a560 00000726H .text$_ZNSt3__112__hash_tableINS_17__hash_value_typeIPN6System7Typinfo9TTypeInfoEPSt9type_infoEENS_22__unordered_map_hasherIS5_S8_NS_4hashIS5_EENS_8equal_toIS5_EELb1EEENS_21__unordered_map_equalIS5_S8_SD_SB_Lb1EEENS_9allocatorIS8_EEE25__emplace_unique_key_argsIS5_JRKNS_21piecewise_construct_tENS_5tupleIJRKS5_EEENSO_IJEEEEEENS_4pairINS_15__hash_iteratorIPNS_11__hash_nodeIS8_PvEEEEbEERKT_DpOT0_ CODE
 0001:0000ac90 00000022H .text$_ZNSt3__116forward_as_tupleB8ne200100IJRKPN6System7Typinfo9TTypeInfoEEEENS_5tupleIJDpOT_EEESA_ CODE
 0001:0000acc0 00000007H .text$_ZNSt3__116forward_as_tupleB8ne200100IJEEENS_5tupleIJDpOT_EEES4_ CODE
 0001:0000acd0 0000002cH .text$_ZNKSt3__115__hash_iteratorIPNS_11__hash_nodeINS_17__hash_value_typeIPN6System7Typinfo9TTypeInfoEPSt9type_infoEEPvEEEptB8ne200100Ev CODE
 0001:0000ad00 0000000bH .text$_ZNSt3__112__hash_tableINS_17__hash_value_typeIPN6System7Typinfo9TTypeInfoEPSt9type_infoEENS_22__unordered_map_hasherIS5_S8_NS_4hashIS5_EENS_8equal_toIS5_EELb1EEENS_21__unordered_map_equalIS5_S8_SD_SB_Lb1EEENS_9allocatorIS8_EEE13hash_functionB8ne200100Ev CODE
 0001:0000ad10 00000026H .text$_ZNKSt3__122__unordered_map_hasherIPN6System7Typinfo9TTypeInfoENS_17__hash_value_typeIS4_PSt9type_infoEENS_4hashIS4_EENS_8equal_toIS4_EELb1EEclB8ne200100ERKS4_ CODE
 0001:0000ad40 00000021H .text$_ZNKSt3__112__hash_tableINS_17__hash_value_typeIPN6System7Typinfo9TTypeInfoEPSt9type_infoEENS_22__unordered_map_hasherIS5_S8_NS_4hashIS5_EENS_8equal_toIS5_EELb1EEENS_21__unordered_map_equalIS5_S8_SD_SB_Lb1EEENS_9allocatorIS8_EEE12bucket_countB8ne200100Ev CODE
 0001:0000ad70 00000079H .text$_ZNSt3__116__constrain_hashB8ne200100Eyy CODE
 0001:0000adf0 00000025H .text$_ZNKSt3__110unique_ptrIA_PNS_16__hash_node_baseIPNS_11__hash_nodeINS_17__hash_value_typeIPN6System7Typinfo9TTypeInfoEPSt9type_infoEEPvEEEENS_25__bucket_list_deallocatorINS_9allocatorISF_EEEEEixB8ne200100Ey CODE
 0001:0000ae20 0000000fH .text$_ZNKSt3__116__hash_node_baseIPNS_11__hash_nodeINS_17__hash_value_typeIPN6System7Typinfo9TTypeInfoEPSt9type_infoEEPvEEE6__hashB8ne200100Ev CODE
 0001:0000ae30 0000000bH .text$_ZNSt3__112__hash_tableINS_17__hash_value_typeIPN6System7Typinfo9TTypeInfoEPSt9type_infoEENS_22__unordered_map_hasherIS5_S8_NS_4hashIS5_EENS_8equal_toIS5_EELb1EEENS_21__unordered_map_equalIS5_S8_SD_SB_Lb1EEENS_9allocatorIS8_EEE6key_eqB8ne200100Ev CODE
 0001:0000ae40 00000040H .text$_ZNKSt3__121__unordered_map_equalIPN6System7Typinfo9TTypeInfoENS_17__hash_value_typeIS4_PSt9type_infoEENS_8equal_toIS4_EENS_4hashIS4_EELb1EEclB8ne200100ERKS8_RKS4_ CODE
 0001:0000ae80 00000196H .text$_ZNSt3__112__hash_tableINS_17__hash_value_typeIPN6System7Typinfo9TTypeInfoEPSt9type_infoEENS_22__unordered_map_hasherIS5_S8_NS_4hashIS5_EENS_8equal_toIS5_EELb1EEENS_21__unordered_map_equalIS5_S8_SD_SB_Lb1EEENS_9allocatorIS8_EEE21__construct_node_hashIRKNS_21piecewise_construct_tEJNS_5tupleIJRKS5_EEENSO_IJEEEEEENS_10unique_ptrINS_11__hash_nodeIS8_PvEENS_22__hash_node_destructorINSH_ISW_EEEEEEyOT_DpOT0_ CODE
 0001:0000b020 0000000fH .text$_ZNSt3__112__hash_tableINS_17__hash_value_typeIPN6System7Typinfo9TTypeInfoEPSt9type_infoEENS_22__unordered_map_hasherIS5_S8_NS_4hashIS5_EENS_8equal_toIS5_EELb1EEENS_21__unordered_map_equalIS5_S8_SD_SB_Lb1EEENS_9allocatorIS8_EEE4sizeB8ne200100Ev CODE
 0001:0000b030 0000000fH .text$_ZNSt3__112__hash_tableINS_17__hash_value_typeIPN6System7Typinfo9TTypeInfoEPSt9type_infoEENS_22__unordered_map_hasherIS5_S8_NS_4hashIS5_EENS_8equal_toIS5_EELb1EEENS_21__unordered_map_equalIS5_S8_SD_SB_Lb1EEENS_9allocatorIS8_EEE15max_load_factorB8ne200100Ev CODE
 0001:0000b040 00000023H .text$_ZNSt3__112__hash_tableINS_17__hash_value_typeIPN6System7Typinfo9TTypeInfoEPSt9type_infoEENS_22__unordered_map_hasherIS5_S8_NS_4hashIS5_EENS_8equal_toIS5_EELb1EEENS_21__unordered_map_equalIS5_S8_SD_SB_Lb1EEENS_9allocatorIS8_EEE15__rehash_uniqueB8ne200100Ey CODE
 0001:0000b070 00000028H .text$_ZNSt3__13maxB8ne200100IyEERKT_S3_S3_ CODE
 0001:0000b0a0 00000040H .text$_ZNSt3__116__is_hash_power2B8ne200100Ey CODE
 0001:0000b0e0 0000001bH .text$_ZNSt3__16__math4ceilB8ne200100Ef CODE
 0001:0000b100 00000019H .text$_ZNSt3__116__hash_node_baseIPNS_11__hash_nodeINS_17__hash_value_typeIPN6System7Typinfo9TTypeInfoEPSt9type_infoEEPvEEE5__ptrB8ne200100Ev CODE
 0001:0000b120 0000000eH .text$_ZNKSt3__110unique_ptrINS_11__hash_nodeINS_17__hash_value_typeIPN6System7Typinfo9TTypeInfoEPSt9type_infoEEPvEENS_22__hash_node_destructorINS_9allocatorISB_EEEEEptB8ne200100Ev CODE
 0001:0000b130 0000000eH .text$_ZNKSt3__110unique_ptrINS_11__hash_nodeINS_17__hash_value_typeIPN6System7Typinfo9TTypeInfoEPSt9type_infoEEPvEENS_22__hash_node_destructorINS_9allocatorISB_EEEEE3getB8ne200100Ev CODE
 0001:0000b140 00000025H .text$_ZNSt3__110unique_ptrINS_11__hash_nodeINS_17__hash_value_typeIPN6System7Typinfo9TTypeInfoEPSt9type_infoEEPvEENS_22__hash_node_destructorINS_9allocatorISB_EEEEE7releaseB8ne200100Ev CODE
 0001:0000b170 0000001dH .text$_ZNSt3__110unique_ptrINS_11__hash_nodeINS_17__hash_value_typeIPN6System7Typinfo9TTypeInfoEPSt9type_infoEEPvEENS_22__hash_node_destructorINS_9allocatorISB_EEEEED2B8ne200100Ev CODE
 0001:0000b190 0000001eH .text$_ZNSt3__115__hash_iteratorIPNS_11__hash_nodeINS_17__hash_value_typeIPN6System7Typinfo9TTypeInfoEPSt9type_infoEEPvEEEC2B8ne200100EPNS_16__hash_node_baseISC_EE CODE
 0001:0000b1b0 00000033H .text$_ZNSt3__14pairINS_15__hash_iteratorIPNS_11__hash_nodeINS_17__hash_value_typeIPN6System7Typinfo9TTypeInfoEPSt9type_infoEEPvEEEEbEC2B8ne200100ISE_RbTnNS_9enable_ifIXclsr10_CheckArgsE23__is_pair_constructibleIT_T0_EEEiE4typeELi0EEEOSJ_OSK_ CODE
 0001:0000b1f0 00000047H .text$_ZNKSt3__14hashIPN6System7Typinfo9TTypeInfoEEclB8ne200100ES4_ CODE
 0001:0000b240 000004f2H .text$_ZNKSt3__121__murmur2_or_cityhashIyLy64EEclB8ne200100EPKvy CODE
 0001:0000b740 00000191H .text$_ZNSt3__121__murmur2_or_cityhashIyLy64EE18__hash_len_0_to_16B8ne200100EPKcy CODE
 0001:0000b8e0 0000010cH .text$_ZNSt3__121__murmur2_or_cityhashIyLy64EE19__hash_len_17_to_32B8ne200100EPKcy CODE
 0001:0000b9f0 00000339H .text$_ZNSt3__121__murmur2_or_cityhashIyLy64EE19__hash_len_33_to_64B8ne200100EPKcy CODE
 0001:0000bd30 0000001eH .text$_ZNSt3__110__loadwordB8ne200100IyEET_PKv CODE
 0001:0000bd50 00000095H .text$_ZNSt3__121__murmur2_or_cityhashIyLy64EE13__hash_len_16B8ne200100Eyy CODE
 0001:0000bdf0 000000b0H .text$_ZNSt3__121__murmur2_or_cityhashIyLy64EE29__weak_hash_len_32_with_seedsB8ne200100EPKcyy CODE
 0001:0000bea0 00000051H .text$_ZNSt3__121__murmur2_or_cityhashIyLy64EE8__rotateB8ne200100Eyi CODE
 0001:0000bf00 0000002dH .text$_ZNSt3__14pairIyyEaSB8ne200100EOS1_ CODE
 0001:0000bf30 0000003bH .text$_ZNSt3__14swapB8ne200100IyEENS_9enable_ifIXaasr21is_move_constructibleIT_EE5valuesr18is_move_assignableIS2_EE5valueEvE4typeERS2_S5_ CODE
 0001:0000bf70 00000016H .text$_ZNSt3__121__murmur2_or_cityhashIyLy64EE11__shift_mixB8ne200100Ey CODE
 0001:0000bf90 00000037H .text$_ZNSt3__121__murmur2_or_cityhashIyLy64EE22__rotate_by_at_least_1B8ne200100Eyi CODE
 0001:0000bfd0 0000001dH .text$_ZNSt3__110__loadwordB8ne200100IjEET_PKv CODE
 0001:0000bff0 0000011aH .text$_ZNSt3__121__murmur2_or_cityhashIyLy64EE29__weak_hash_len_32_with_seedsB8ne200100Eyyyyyy CODE
 0001:0000c110 00000032H .text$_ZNSt3__14pairIyyEC2B8ne200100IyyTnNS_9enable_ifIXclsr10_CheckArgsE23__is_pair_constructibleIT_T0_EEEiE4typeELi0EEEOS4_OS5_ CODE
 0001:0000c150 0000000fH .text$_ZNKSt3__110unique_ptrIA_PNS_16__hash_node_baseIPNS_11__hash_nodeINS_17__hash_value_typeIPN6System7Typinfo9TTypeInfoEPSt9type_infoEEPvEEEENS_25__bucket_list_deallocatorINS_9allocatorISF_EEEEE11get_deleterB8ne200100Ev CODE
 0001:0000c160 0000000eH .text$_ZNKSt3__125__bucket_list_deallocatorINS_9allocatorIPNS_16__hash_node_baseIPNS_11__hash_nodeINS_17__hash_value_typeIPN6System7Typinfo9TTypeInfoEPSt9type_infoEEPvEEEEEEE4sizeB8ne200100Ev CODE
 0001:0000c170 0000002bH .text$_ZNKSt3__18equal_toIPN6System7Typinfo9TTypeInfoEEclB8ne200100ERKS4_S7_ CODE
 0001:0000c1a0 00000019H .text$_ZNKSt3__117__hash_value_typeIPN6System7Typinfo9TTypeInfoEPSt9type_infoE11__get_valueB8ne200100Ev CODE
 0001:0000c1c0 00000019H .text$_ZNSt3__17launderB8ne200100IKNS_4pairIKPN6System7Typinfo9TTypeInfoEPSt9type_infoEEEEPT_SC_ CODE
 0001:0000c1e0 0000000bH .text$_ZNSt3__19__launderB8ne200100IKNS_4pairIKPN6System7Typinfo9TTypeInfoEPSt9type_infoEEEEPT_SC_ CODE
 0001:0000c1f0 00000023H .text$_ZNSt3__116allocator_traitsINS_9allocatorINS_11__hash_nodeINS_17__hash_value_typeIPN6System7Typinfo9TTypeInfoEPSt9type_infoEEPvEEEEE8allocateB8ne200100ERSD_y CODE
 0001:0000c220 00000033H .text$_ZNSt3__122__hash_node_destructorINS_9allocatorINS_11__hash_nodeINS_17__hash_value_typeIPN6System7Typinfo9TTypeInfoEPSt9type_infoEEPvEEEEEC2B8ne200100ERSD_b CODE
 0001:0000c260 00000043H .text$_ZNSt3__110unique_ptrINS_11__hash_nodeINS_17__hash_value_typeIPN6System7Typinfo9TTypeInfoEPSt9type_infoEEPvEENS_22__hash_node_destructorINS_9allocatorISB_EEEEEC2B8ne200100ILb1EvEEPSB_NS_16__dependent_typeINS_27__unique_ptr_deleter_sfinaeISF_EEXT_EE20__good_rval_ref_typeE CODE
 0001:0000c2b0 0000002dH .text$_ZNSt3__114__construct_atB8ne200100INS_11__hash_nodeINS_17__hash_value_typeIPN6System7Typinfo9TTypeInfoEPSt9type_infoEEPvEEJDnRyEPSB_EEPT_SF_DpOT0_ CODE
 0001:0000c2e0 0000000eH .text$_ZNKSt3__110unique_ptrINS_11__hash_nodeINS_17__hash_value_typeIPN6System7Typinfo9TTypeInfoEPSt9type_infoEEPvEENS_22__hash_node_destructorINS_9allocatorISB_EEEEEdeB8ne200100Ev CODE
 0001:0000c2f0 0000003cH .text$_ZNSt3__116allocator_traitsINS_9allocatorINS_11__hash_nodeINS_17__hash_value_typeIPN6System7Typinfo9TTypeInfoEPSt9type_infoEEPvEEEEE9constructB8ne200100INS_4pairIKS7_S9_EEJRKNS_21piecewise_construct_tENS_5tupleIJRSH_EEENSM_IJEEEEvTnNS_9enable_ifIXntsr15__has_constructISD_PT_DpT0_EE5valueEiE4typeELi0EEEvRSD_SS_DpOST_ CODE
 0001:0000c330 0000000fH .text$_ZNSt3__110unique_ptrINS_11__hash_nodeINS_17__hash_value_typeIPN6System7Typinfo9TTypeInfoEPSt9type_infoEEPvEENS_22__hash_node_destructorINS_9allocatorISB_EEEEE11get_deleterB8ne200100Ev CODE
 0001:0000c340 00000049H .text$_ZNSt3__19allocatorINS_11__hash_nodeINS_17__hash_value_typeIPN6System7Typinfo9TTypeInfoEPSt9type_infoEEPvEEE8allocateB8ne200100Ey CODE
 0001:0000c390 00000017H .text$_ZNSt3__116allocator_traitsINS_9allocatorINS_11__hash_nodeINS_17__hash_value_typeIPN6System7Typinfo9TTypeInfoEPSt9type_infoEEPvEEEEE8max_sizeB8ne200100ISD_vTnNS_9enable_ifIXntsr14__has_max_sizeIKT_EE5valueEiE4typeELi0EEEyRKSD_ CODE
 0001:0000c3b0 00000034H .text$_ZSt28__throw_bad_array_new_lengthB8ne200100v CODE
 0001:0000c3f0 00000065H .text$_ZNSt3__117__libcpp_allocateB8ne200100INS_11__hash_nodeINS_17__hash_value_typeIPN6System7Typinfo9TTypeInfoEPSt9type_infoEEPvEEEEPT_NS_15__element_countEy CODE
 0001:0000c460 0000000fH .text$_ZNSt3__114numeric_limitsIyE3maxB8ne200100Ev CODE
 0001:0000c470 00000008H .text$_ZNSt3__123__libcpp_numeric_limitsIyLb1EE3maxB8ne200100Ev CODE
 0001:0000c480 00000023H .text$_ZNSt3__121__libcpp_operator_newB8ne200100IJySt11align_val_tEEEPvDpT_ CODE
 0001:0000c4b0 00000019H .text$_ZNSt3__121__libcpp_operator_newB8ne200100IJyEEEPvDpT_ CODE
 0001:0000c4d0 0000003dH .text$_ZNSt3__125__compressed_pair_paddingINS_22__hash_node_destructorINS_9allocatorINS_11__hash_nodeINS_17__hash_value_typeIPN6System7Typinfo9TTypeInfoEPSt9type_infoEEPvEEEEEELb0EEC2Ev CODE
 0001:0000c510 00000038H .text$_ZNSt3__112construct_atB8ne200100INS_11__hash_nodeINS_17__hash_value_typeIPN6System7Typinfo9TTypeInfoEPSt9type_infoEEPvEEJDnRyEPSB_EEPT_SF_DpOT0_ CODE
 0001:0000c550 0000003aH .text$_ZNSt3__111__hash_nodeINS_17__hash_value_typeIPN6System7Typinfo9TTypeInfoEPSt9type_infoEEPvEC2B8ne200100EPNS_16__hash_node_baseIPSA_EEy CODE
 0001:0000c590 0000001eH .text$_ZNSt3__116__hash_node_baseIPNS_11__hash_nodeINS_17__hash_value_typeIPN6System7Typinfo9TTypeInfoEPSt9type_infoEEPvEEEC2B8ne200100EPSD_ CODE
 0001:0000c5b0 00000037H .text$_ZNSt3__114__construct_atB8ne200100INS_4pairIKPN6System7Typinfo9TTypeInfoEPSt9type_infoEEJRKNS_21piecewise_construct_tENS_5tupleIJRS6_EEENSD_IJEEEEPS9_EEPT_SJ_DpOT0_ CODE
 0001:0000c5f0 0000004cH .text$_ZNSt3__112construct_atB8ne200100INS_4pairIKPN6System7Typinfo9TTypeInfoEPSt9type_infoEEJRKNS_21piecewise_construct_tENS_5tupleIJRS6_EEENSD_IJEEEEPS9_EEPT_SJ_DpOT0_ CODE
 0001:0000c640 00000054H .text$_ZNSt3__14pairIKPN6System7Typinfo9TTypeInfoEPSt9type_infoEC2B8ne200100IJRS5_EJEEENS_21piecewise_construct_tENS_5tupleIJDpT_EEENSC_IJDpT0_EEE CODE
 0001:0000c6a0 0000005aH .text$_ZNSt3__14pairIKPN6System7Typinfo9TTypeInfoEPSt9type_infoEC2B8ne200100IJRS5_EJEJLy0EETpTnyJEEENS_21piecewise_construct_tERNS_5tupleIJDpT_EEERNSC_IJDpT0_EEENS_15__tuple_indicesIJXspT1_EEEENSL_IJXspT2_EEEE CODE
 0001:0000c700 00000019H .text$_ZNSt3__13getB8ne200100ILy0EJRKPN6System7Typinfo9TTypeInfoEEEERNS_13tuple_elementIXT_ENS_5tupleIJDpT0_EEEE4typeERSB_ CODE
 0001:0000c720 0000000eH .text$_ZNSt3__112__tuple_leafILy0ERKPN6System7Typinfo9TTypeInfoELb0EE3getB8ne200100Ev CODE
 0001:0000c730 0000022dH .text$_ZNSt3__112__hash_tableINS_17__hash_value_typeIPN6System7Typinfo9TTypeInfoEPSt9type_infoEENS_22__unordered_map_hasherIS5_S8_NS_4hashIS5_EENS_8equal_toIS5_EELb1EEENS_21__unordered_map_equalIS5_S8_SD_SB_Lb1EEENS_9allocatorIS8_EEE8__rehashILb1EEEvy CODE
 0001:0000c960 00000288H .text$_ZNSt3__112__hash_tableINS_17__hash_value_typeIPN6System7Typinfo9TTypeInfoEPSt9type_infoEENS_22__unordered_map_hasherIS5_S8_NS_4hashIS5_EENS_8equal_toIS5_EELb1EEENS_21__unordered_map_equalIS5_S8_SD_SB_Lb1EEENS_9allocatorIS8_EEE11__do_rehashILb1EEEvy CODE
 0001:0000cbf0 0000004fH .text$_ZNSt3__116__next_hash_pow2B8ne200100Ey CODE
 0001:0000cc40 0000000fH .text$_ZNSt3__110unique_ptrIA_PNS_16__hash_node_baseIPNS_11__hash_nodeINS_17__hash_value_typeIPN6System7Typinfo9TTypeInfoEPSt9type_infoEEPvEEEENS_25__bucket_list_deallocatorINS_9allocatorISF_EEEEE11get_deleterB8ne200100Ev CODE
 0001:0000cc50 00000049H .text$_ZNSt3__110unique_ptrIA_PNS_16__hash_node_baseIPNS_11__hash_nodeINS_17__hash_value_typeIPN6System7Typinfo9TTypeInfoEPSt9type_infoEEPvEEEENS_25__bucket_list_deallocatorINS_9allocatorISF_EEEEE5resetB8ne200100IPSF_TnNS_9enable_ifIXsr28_CheckArrayPointerConversionIT_EE5valueEiE4typeELi0EEEvSP_ CODE
 0001:0000cca0 00000023H .text$_ZNSt3__116allocator_traitsINS_9allocatorIPNS_16__hash_node_baseIPNS_11__hash_nodeINS_17__hash_value_typeIPN6System7Typinfo9TTypeInfoEPSt9type_infoEEPvEEEEEEE8allocateB8ne200100ERSH_y CODE
 0001:0000ccd0 00000049H .text$_ZNSt3__19allocatorIPNS_16__hash_node_baseIPNS_11__hash_nodeINS_17__hash_value_typeIPN6System7Typinfo9TTypeInfoEPSt9type_infoEEPvEEEEE8allocateB8ne200100Ey CODE
 0001:0000cd20 00000017H .text$_ZNSt3__116allocator_traitsINS_9allocatorIPNS_16__hash_node_baseIPNS_11__hash_nodeINS_17__hash_value_typeIPN6System7Typinfo9TTypeInfoEPSt9type_infoEEPvEEEEEEE8max_sizeB8ne200100ISH_vTnNS_9enable_ifIXntsr14__has_max_sizeIKT_EE5valueEiE4typeELi0EEEyRKSH_ CODE
 0001:0000cd40 00000065H .text$_ZNSt3__117__libcpp_allocateB8ne200100IPNS_16__hash_node_baseIPNS_11__hash_nodeINS_17__hash_value_typeIPN6System7Typinfo9TTypeInfoEPSt9type_infoEEPvEEEEEEPT_NS_15__element_countEy CODE
 0001:0000cdb0 00000013H .text$_ZNSt3__112__libcpp_clzB8ne200100Ey CODE
 0001:0000cdd0 0000004dH .text$_ZNSt3__13maxB8ne200100IyNS_6__lessIvvEEEERKT_S5_S5_T0_ CODE
 0001:0000ce20 0000002bH .text$_ZNKSt3__16__lessIvvEclB8ne200100IyyEEbRKT_RKT0_ CODE
 0001:0000ce50 00000049H .text$_ZNSt3__110unique_ptrINS_11__hash_nodeINS_17__hash_value_typeIPN6System7Typinfo9TTypeInfoEPSt9type_infoEEPvEENS_22__hash_node_destructorINS_9allocatorISB_EEEEE5resetB8ne200100EPSB_ CODE
 0001:0000cea0 0000008eH .text$_ZNSt3__122__hash_node_destructorINS_9allocatorINS_11__hash_nodeINS_17__hash_value_typeIPN6System7Typinfo9TTypeInfoEPSt9type_infoEEPvEEEEEclB8ne200100EPSC_ CODE
 0001:0000cf30 00000040H .text$_ZNSt3__15tupleIJRKPN6System7Typinfo9TTypeInfoEEEC2B8ne200100INS_4_AndETnNS_9enable_ifIXsrT_IJNS_17integral_constantIbLb1EEENS_21is_copy_constructibleIS6_EEEE5valueEiE4typeELi0EEES6_ CODE
 0001:0000cf70 00000039H .text$_ZNSt3__112__tuple_implINS_15__tuple_indicesIJLy0EEEEJRKPN6System7Typinfo9TTypeInfoEEEC2B8ne200100IJLy0EEJS8_ETpTnyJEJEJS8_EEENS1_IJXspT_EEEENS_13__tuple_typesIJDpT0_EEENS1_IJXspT1_EEEENSC_IJDpT2_EEEDpOT3_ CODE
 0001:0000cfb0 0000001eH .text$_ZNSt3__112__tuple_leafILy0ERKPN6System7Typinfo9TTypeInfoELb0EEC2B8ne200100IS6_TnNS_9enable_ifIXsr4_AndINS_17integral_constantIbXntu9__is_sameu14__remove_cvrefIT_ES7_EEEENS_16is_constructibleIS6_JSB_EEEEE5valueEiE4typeELi0EEEOSB_ CODE
 0001:0000cfd0 0000000bH .text$_ZNSt3__114pointer_traitsIPNS_17__hash_value_typeIPN6System7Typinfo9TTypeInfoEPSt9type_infoEEE10pointer_toB8ne200100ERS8_ CODE
 0001:0000cfe0 00000012H .text$_ZN6System14AnsiStringBaseC2Ev CODE
 0001:0000d000 0000002cH .text$_ZN6System11AnsiStringTILt65001EE4swapERS1_ CODE
 0001:0000d030 00005916H .text                   CODE
 0001:00012950 000000c1H .text$_ZN6System8Sysutils11ERangeErrorC3ENS_13UnicodeStringE CODE
 0001:00012a20 00000048H .text$_ZN6System8Sysutils11ERangeErrorD0Ev CODE
 0001:00012a70 0000004aH .text$_ZN6System11WideCharLenIwEEiPKT_ CODE
 0001:00012ac0 0000004aH .text$_ZN6System11WideCharLenIDsEEiPKT_ CODE
 0001:00012b10 00000059H .text$_ZN6System11AnsiStringTILt0EEC2EPKci CODE
 0001:00012b70 000000d0H .text$_ZN6System11AnsiStringTILt0EED2Ev CODE
 0001:00012c40 00000045H .text$_ZN6System13UnicodeStringaSEOS0_ CODE
 0001:00012c90 00000030H .text$_ZN6System11AnsiStringTILt0EEC2Ev CODE
 0001:00012cc0 0000002aH .text$_ZN6System13UnicodeStringC2ILt0EEERKNS_11AnsiStringTIXT_EEE CODE
 0001:00012cf0 00000046H .text$_ZN6System15DelphiInterfaceINS_14IEnumerator__1INS_13UnicodeStringEEEEC2ERKS4_ CODE
 0001:00012d40 000000eaH .text$_ZN6System15DelphiInterfaceINS_14IEnumerator__1INS_13UnicodeStringEEEED2Ev CODE
 0001:00012e30 00000046H .text$_ZN6System15DelphiInterfaceINS_14IEnumerable__1INS_13UnicodeStringEEEEC2ERKS4_ CODE
 0001:00012e80 000000eaH .text$_ZN6System15DelphiInterfaceINS_14IEnumerable__1INS_13UnicodeStringEEEED2Ev CODE
 0001:00012f70 000000c1H .text$_ZN6System8Sysutils9EIntErrorC3ENS_13UnicodeStringE CODE
 0001:00013040 000000c1H .text$_ZN6System8Sysutils9EExternalC3ENS_13UnicodeStringE CODE
 0001:00013110 00000048H .text$_ZN6System8Sysutils9EIntErrorD0Ev CODE
 0001:00013160 00000048H .text$_ZN6System8Sysutils9EExternalD0Ev CODE
 0001:000131b0 00000023H .text$_ZN6System11AnsiStringTILt0EEC2ERKS1_ CODE
 0001:000131e0 00000012H .text$_ZN6System15DelphiInterfaceINS_14IEnumerator__1INS_13UnicodeStringEEEEC2Ev CODE
 0001:00013200 00000012H .text$_ZN6System15DelphiInterfaceINS_14IEnumerable__1INS_13UnicodeStringEEEEC2Ev CODE
 0001:00013220 000036a6H .text                   CODE
 0001:000168d0 0000004aH .text$_ZN6System8_CharLenIwEEiPKT_ CODE
 0001:00016920 0000004aH .text$_ZN6System8_CharLenIDsEEiPKT_ CODE
 0001:00016970 00000023H .text$_ZN6System14AnsiStringBaseC2ILt0EEEONS_11AnsiStringTIXT_EEE CODE
 0001:000169a0 00000046H .text$_ZNK6System14AnsiStringBase8CodePageEv CODE
 0001:000169f0 0000003aH .text$_ZNK6System14AnsiStringBaseixEi CODE
 0001:00016a30 0000478bH .text                   CODE
 0001:0001b1c0 0000001dH .text$_ZTWL16exception_object CODE
 0001:0001b1e0 000003d0H .text                   CODE
 0002:00000000 00000008H .rdata$__mingw_fe_dfl_env DATA
 0002:00000008 00000008H .rdata$__mingw_fe_pc64_env DATA
 0002:00000010 00000008H .rdata$__mingw_fe_pc53_env DATA
 0002:00000018 00000008H .rdata$.refptr._MINGW_INSTALL_DEBUG_MATHERR DATA
 0002:00000020 00000008H .rdata$.refptr.__ImageBase DATA
 0002:00000028 00000008H .rdata$.refptr.__dyn_tls_init_callback DATA
 0002:00000030 00000008H .rdata$.refptr.__globallocalestatus DATA
 0002:00000038 00000008H .rdata$.refptr.__mingw_app_type DATA
 0002:00000040 00000008H .rdata$.refptr.__mingw_initltsdrot_force DATA
 0002:00000048 00000008H .rdata$.refptr.__mingw_initltsdyn_force DATA
 0002:00000050 00000008H .rdata$.refptr.__mingw_initltssuo_force DATA
 0002:00000058 00000008H .rdata$.refptr.__mingw_oldexcpt_handler DATA
 0002:00000060 00000008H .rdata$.refptr.__native_startup_lock DATA
 0002:00000068 00000008H .rdata$.refptr.__native_startup_state DATA
 0002:00000070 00000008H .rdata$.refptr.__xc_a   DATA
 0002:00000078 00000008H .rdata$.refptr.__xc_z   DATA
 0002:00000080 00000008H .rdata$.refptr.__xi_a   DATA
 0002:00000088 00000008H .rdata$.refptr.__xi_z   DATA
 0002:00000090 00000008H .rdata$.refptr._commode DATA
 0002:00000098 00000008H .rdata$.refptr._dowildcard DATA
 0002:000000a0 00000008H .rdata$.refptr._fmode   DATA
 0002:000000a8 00000008H .rdata$.refptr._hInstance DATA
 0002:000000b0 00000008H .rdata$.refptr._newmode DATA
 0002:000000b8 000059f1H .rdata                  DATA
 0002:00005ab0 00000008H .rdata$.refptr.Form1    DATA
 0002:00005ab8 00000008H .rdata$.refptr._ZTRN6System8Sysutils9ExceptionE DATA
 0002:00005ac0 00000008H .rdata$.refptr._ZTV6TForm1 DATA
 0002:00005ac8 00000008H .rdata$.refptr._ZTVN6System8Sysutils9ExceptionE DATA
 0002:00005ad0 000011e8H .rdata                  DATA
 0002:00006cc0 00000032H .rdata$_ZTR6TForm1      DATA
 0002:00006cf8 00000008H .rdata$.refptr._ZTVN11Idtcpclient12TIdTCPClientE DATA
 0002:00006d00 00000008H .rdata$.refptr._ZTVN3Vcl5Forms5TFormE DATA
 0002:00006d08 00000008H .rdata$.refptr._ZTVN3Vcl8Controls11TWinControlE DATA
 0002:00006d10 00000008H .rdata$.refptr._ZTVN3Vcl8Extctrls6TPanelE DATA
 0002:00006d18 00000008H .rdata$.refptr._ZTVN6System7Classes13TStringStreamE DATA
 0002:00006d20 00000008H .rdata$.refptr.__imp___winitenv DATA
 0002:00006d28 00000048H .rdata                  DATA
 0002:00006d70 00000008H .rdata$.refptr._CRT_MT  DATA
 0002:00006d78 00000008H .rdata$.refptr.__CTOR_LIST__ DATA
 0002:00006d80 0000026dH .rdata                  DATA
 0002:00006ff0 00000008H .rdata$.refptr.__RUNTIME_PSEUDO_RELOC_LIST_END__ DATA
 0002:00006ff8 00000008H .rdata$.refptr.__RUNTIME_PSEUDO_RELOC_LIST__ DATA
 0002:00007000 00000008H .rdata$.refptr._mngr    DATA
 0002:00007008 00000008H .rdata$.refptr._mngr_set DATA
 0002:00007010 000001b2H .rdata                  DATA
 0002:000071c2 00000001H .rdata$_ZNSt3__119piecewise_constructE DATA
 0002:000071c8 00000018H .rdata$_ZTISt20bad_array_new_length DATA
 0002:000071e0 00000019H .rdata$_ZTSSt20bad_array_new_length DATA
 0002:00007200 00000018H .rdata$_ZTISt9bad_alloc DATA
 0002:00007218 0000000dH .rdata$_ZTSSt9bad_alloc DATA
 0002:00007228 00000010H .rdata$_ZTISt9exception DATA
 0002:00007238 0000000dH .rdata$_ZTSSt9exception DATA
 0002:00007248 00000008H .rdata$.refptr._ZN6System10_init_instE DATA
 0002:00007250 00000008H .rdata$.refptr._ZTRN6System8Sysutils11ERangeErrorE DATA
 0002:00007258 00000008H .rdata$.refptr._ZTVN6System8Sysutils11ERangeErrorE DATA
 0002:00007260 000055c0H .rdata                  DATA
 0002:0000c820 00000008H .rdata$.refptr.__EMBT_INIT_LIST_BEGIN__ DATA
 0002:0000c828 00000008H .rdata$.refptr.__EMBT_INIT_LIST_END__ DATA
 0002:0000c830 00000008H .rdata$.refptr.__isDLL  DATA
 0002:0000c838 00000008H .rdata$.refptr.__isGUI  DATA
 0002:0000c840 00000008H .rdata$.refptr.__isVCLPackage DATA
 0002:0000c848 000003c8H .rdata                  DATA
 0002:0000cca0 00000010H .00cfg                  DATA
 0002:0000ccb0 00000008H .CRT$XCA                DATA
 0002:0000ccb8 00000008H .CRT$XCAA               DATA
 0002:0000ccc0 00000008H .CRT$XCZ                DATA
 0002:0000ccc8 00000008H .CRT$XDA                DATA
 0002:0000ccd0 00000008H .CRT$XDZ                DATA
 0002:0000ccd8 00000008H .CRT$XIA                DATA
 0002:0000cce0 00000008H .CRT$XIA0               DATA
 0002:0000cce8 00000008H .CRT$XIAA               DATA
 0002:0000ccf0 00000008H .CRT$XIZ                DATA
 0002:0000ccf8 00000008H .CRT$XLA                DATA
 0002:0000cd00 00000008H .CRT$XLC                DATA
 0002:0000cd08 00000008H .CRT$XLD                DATA
 0002:0000cd10 00000008H .CRT$XLZ                DATA
 0002:0000cd20 00000008H .ctors.65435            DATA
 0002:0000cd38 00000008H .dtors.65435            DATA
 0002:00018bb4 00000254H .xdata                  DATA
 0002:00018e08 00000008H .xdata$_ZN6System7Classes15TComponentClassC1EPNS_10TMetaClassE DATA
 0002:00018e10 00000008H .xdata$__clang_call_terminate DATA
 0002:00018e18 00000008H .xdata$_ZN6System7Classes15TComponentClassC2EPNS_10TMetaClassE DATA
 0002:00018e20 00000008H .xdata$_ZN6System15DelphiMetaClassINS_7Classes15TComponentClassEEC2EPNS_10TMetaClassE DATA
 0002:00018e28 00000488H .xdata                  DATA
 0002:000192b0 00000038H .xdata$_ZN11Idtcpclient18TIdTCPClientCustomC3EPN6System7Classes10TComponentE DATA
 0002:000192e8 0000001cH .xdata$_ZN15Idtcpconnection16TIdTCPConnectionC3EPN6System7Classes10TComponentE DATA
 0002:00019304 00000008H .xdata$_ZN3Vcl5Forms5TFormC3EPN6System7Classes10TComponentE DATA
 0002:0001930c 00000008H .xdata$_ZN11Idtcpclient12TIdTCPClientC3EPN6System7Classes10TComponentE DATA
 0002:00019314 00000008H .xdata$_ZN6TForm1D0Ev   DATA
 0002:0001931c 00000008H .xdata$_ZN3Vcl5Forms5TFormC3EPN6System7Classes10TComponentEi DATA
 0002:00019324 00000008H .xdata$_ZN3Vcl5Forms5TFormC3EPN6System7Classes10TComponentEii DATA
 0002:0001932c 00000038H .xdata$_ZN11Idtcpclient18TIdTCPClientCustomC3EPN6System7Classes10TComponentE DATA
 0002:00019364 0000001cH .xdata$_ZN15Idtcpconnection16TIdTCPConnectionC3EPN6System7Classes10TComponentE DATA
 0002:00019380 00000008H .xdata$_ZN11Idcomponent12TIdComponentC3EPN6System7Classes10TComponentE DATA
 0002:00019388 00000008H .xdata$_ZN7Idreply13TIdReplyClassC1Ev DATA
 0002:00019390 00000008H .xdata$_ZN7Idreply13TIdReplyClassC2Ev DATA
 0002:00019398 00000008H .xdata$_ZN6System15DelphiMetaClassIN7Idreply13TIdReplyClassEEC2Ev DATA
 0002:000193a0 00000008H .xdata$_ZN3Vcl5Forms5TFormD0Ev DATA
 0002:000193a8 000001f8H .xdata                  DATA
 0002:000195a0 00000020H .xdata$_ZN6System15DelphiInterfaceINS_10IInterfaceEED2Ev DATA
 0002:000195c0 00000018H .xdata$_ZNK6System11AnsiStringTILt65001EEplERKS1_ DATA
 0002:000195d8 00000020H .xdata$_ZN6System11AnsiStringTILt65001EEaSEOS1_ DATA
 0002:000195f8 00000020H .xdata$_ZNSt3__112__hash_tableINS_17__hash_value_typeIPN6System7Typinfo9TTypeInfoEPSt9type_infoEENS_22__unordered_map_hasherIS5_S8_NS_4hashIS5_EENS_8equal_toIS5_EELb1EEENS_21__unordered_map_equalIS5_S8_SD_SB_Lb1EEENS_9allocatorIS8_EEE17__deallocate_nodeEPNS_16__hash_node_baseIPNS_11__hash_nodeIS8_PvEEEE DATA
 0002:00019618 00000024H .xdata$_ZNSt3__112__hash_tableINS_17__hash_value_typeIPN6System7Typinfo9TTypeInfoEPSt9type_infoEENS_22__unordered_map_hasherIS5_S8_NS_4hashIS5_EENS_8equal_toIS5_EELb1EEENS_21__unordered_map_equalIS5_S8_SD_SB_Lb1EEENS_9allocatorIS8_EEE25__emplace_unique_key_argsIS5_JRKNS_21piecewise_construct_tENS_5tupleIJRKS5_EEENSO_IJEEEEEENS_4pairINS_15__hash_iteratorIPNS_11__hash_nodeIS8_PvEEEEbEERKT_DpOT0_ DATA
 0002:0001963c 00000020H .xdata$_ZNSt3__112__hash_tableINS_17__hash_value_typeIPN6System7Typinfo9TTypeInfoEPSt9type_infoEENS_22__unordered_map_hasherIS5_S8_NS_4hashIS5_EENS_8equal_toIS5_EELb1EEENS_21__unordered_map_equalIS5_S8_SD_SB_Lb1EEENS_9allocatorIS8_EEE21__construct_node_hashIRKNS_21piecewise_construct_tEJNS_5tupleIJRKS5_EEENSO_IJEEEEEENS_10unique_ptrINS_11__hash_nodeIS8_PvEENS_22__hash_node_destructorINSH_ISW_EEEEEEyOT_DpOT0_ DATA
 0002:0001965c 00000020H .xdata$_ZNKSt3__14hashIPN6System7Typinfo9TTypeInfoEEclB8ne200100ES4_ DATA
 0002:0001967c 00000020H .xdata$_ZNSt3__14pairIKPN6System7Typinfo9TTypeInfoEPSt9type_infoEC2B8ne200100IJRS5_EJEEENS_21piecewise_construct_tENS_5tupleIJDpT_EEENSC_IJDpT0_EEE DATA
 0002:0001969c 00000020H .xdata$_ZNSt3__122__hash_node_destructorINS_9allocatorINS_11__hash_nodeINS_17__hash_value_typeIPN6System7Typinfo9TTypeInfoEPSt9type_infoEEPvEEEEEclB8ne200100EPSC_ DATA
 0002:000196bc 00000008H .xdata$_ZN6System15DelphiInterfaceINS_10IInterfaceEEadEv DATA
 0002:000196c4 00000020H .xdata$_ZN6System15DelphiInterfaceINS_10IInterfaceEED2Ev DATA
 0002:000196e4 00000008H .xdata$_ZNSt3__110lock_guardINS_5mutexEEC2B8ne200100ERS1_ DATA
 0002:000196ec 00000008H .xdata$_ZNSt3__113unordered_mapIPN6System7Typinfo9TTypeInfoEPSt9type_infoNS_4hashIS4_EENS_8equal_toIS4_EENS_9allocatorINS_4pairIKS4_S6_EEEEEC2B8ne200100Ev DATA
 0002:000196f4 00000008H .xdata$_ZNSt3__113unordered_mapIPN6System7Typinfo9TTypeInfoEPSt9type_infoNS_4hashIS4_EENS_8equal_toIS4_EENS_9allocatorINS_4pairIKS4_S6_EEEEED2B8ne200100Ev DATA
 0002:000196fc 00000008H .xdata$_ZNSt3__113unordered_mapIPN6System7Typinfo9TTypeInfoEPSt9type_infoNS_4hashIS4_EENS_8equal_toIS4_EENS_9allocatorINS_4pairIKS4_S6_EEEEEixERSD_ DATA
 0002:00019704 00000008H .xdata$_ZN6System11AnsiStringTILt65001EEC2ERKNS_13UnicodeStringE DATA
 0002:0001970c 00000018H .xdata$_ZNK6System11AnsiStringTILt65001EEplERKS1_ DATA
 0002:00019724 00000008H .xdata$_ZN6System11AnsiStringTILt65001EEC2EPKc DATA
 0002:0001972c 00000008H .xdata$_ZN6System11AnsiStringTILt65001EEC2Ev DATA
 0002:00019734 00000020H .xdata$_ZN6System11AnsiStringTILt65001EEaSEOS1_ DATA
 0002:00019754 00000008H .xdata$_ZN6System11AnsiStringTILt65001EED2Ev DATA
 0002:0001975c 00000008H .xdata$_ZN10__cxxabiv117__class_type_infoC2Ev DATA
 0002:00019764 00000008H .xdata$_ZNK6System11AnsiStringTILt65001EE5c_strEv DATA
 0002:0001976c 00000008H .xdata$_ZNSt3__110lock_guardINS_5mutexEED2B8ne200100Ev DATA
 0002:00019774 00000008H .xdata$_ZN10__cxxabiv116__shim_type_infoC2Ev DATA
 0002:0001977c 00000008H .xdata$_ZNSt3__112__hash_tableINS_17__hash_value_typeIPN6System7Typinfo9TTypeInfoEPSt9type_infoEENS_22__unordered_map_hasherIS5_S8_NS_4hashIS5_EENS_8equal_toIS5_EELb1EEENS_21__unordered_map_equalIS5_S8_SD_SB_Lb1EEENS_9allocatorIS8_EEEC2Ev DATA
 0002:00019784 00000008H .xdata$_ZNSt3__110unique_ptrIA_PNS_16__hash_node_baseIPNS_11__hash_nodeINS_17__hash_value_typeIPN6System7Typinfo9TTypeInfoEPSt9type_infoEEPvEEEENS_25__bucket_list_deallocatorINS_9allocatorISF_EEEEEC2B8ne200100ILb1EvEEv DATA
 0002:0001978c 00000008H .xdata$_ZNSt3__116__hash_node_baseIPNS_11__hash_nodeINS_17__hash_value_typeIPN6System7Typinfo9TTypeInfoEPSt9type_infoEEPvEEEC2B8ne200100Ev DATA
 0002:00019794 00000008H .xdata$_ZNSt3__19allocatorINS_11__hash_nodeINS_17__hash_value_typeIPN6System7Typinfo9TTypeInfoEPSt9type_infoEEPvEEEC2B8ne200100Ev DATA
 0002:0001979c 00000008H .xdata$_ZNSt3__122__unordered_map_hasherIPN6System7Typinfo9TTypeInfoENS_17__hash_value_typeIS4_PSt9type_infoEENS_4hashIS4_EENS_8equal_toIS4_EELb1EEC2B8ne200100Ev DATA
 0002:000197a4 00000008H .xdata$_ZNSt3__121__unordered_map_equalIPN6System7Typinfo9TTypeInfoENS_17__hash_value_typeIS4_PSt9type_infoEENS_8equal_toIS4_EENS_4hashIS4_EELb1EEC2B8ne200100Ev DATA
 0002:000197ac 00000008H .xdata$_ZNSt3__125__bucket_list_deallocatorINS_9allocatorIPNS_16__hash_node_baseIPNS_11__hash_nodeINS_17__hash_value_typeIPN6System7Typinfo9TTypeInfoEPSt9type_infoEEPvEEEEEEEC2B8ne200100Ev DATA
 0002:000197b4 00000008H .xdata$_ZNSt3__19allocatorIPNS_16__hash_node_baseIPNS_11__hash_nodeINS_17__hash_value_typeIPN6System7Typinfo9TTypeInfoEPSt9type_infoEEPvEEEEEC2B8ne200100Ev DATA
 0002:000197bc 00000008H .xdata$_ZNSt3__116__non_trivial_ifILb1ENS_9allocatorIPNS_16__hash_node_baseIPNS_11__hash_nodeINS_17__hash_value_typeIPN6System7Typinfo9TTypeInfoEPSt9type_infoEEPvEEEEEEEC2B8ne200100Ev DATA
 0002:000197c4 00000008H .xdata$_ZNSt3__116__non_trivial_ifILb1ENS_9allocatorINS_11__hash_nodeINS_17__hash_value_typeIPN6System7Typinfo9TTypeInfoEPSt9type_infoEEPvEEEEEC2B8ne200100Ev DATA
 0002:000197cc 00000008H .xdata$_ZNSt3__112__hash_tableINS_17__hash_value_typeIPN6System7Typinfo9TTypeInfoEPSt9type_infoEENS_22__unordered_map_hasherIS5_S8_NS_4hashIS5_EENS_8equal_toIS5_EELb1EEENS_21__unordered_map_equalIS5_S8_SD_SB_Lb1EEENS_9allocatorIS8_EEED2Ev DATA
 0002:000197d4 00000020H .xdata$_ZNSt3__112__hash_tableINS_17__hash_value_typeIPN6System7Typinfo9TTypeInfoEPSt9type_infoEENS_22__unordered_map_hasherIS5_S8_NS_4hashIS5_EENS_8equal_toIS5_EELb1EEENS_21__unordered_map_equalIS5_S8_SD_SB_Lb1EEENS_9allocatorIS8_EEE17__deallocate_nodeEPNS_16__hash_node_baseIPNS_11__hash_nodeIS8_PvEEEE DATA
 0002:000197f4 00000008H .xdata$_ZNSt3__110unique_ptrIA_PNS_16__hash_node_baseIPNS_11__hash_nodeINS_17__hash_value_typeIPN6System7Typinfo9TTypeInfoEPSt9type_infoEEPvEEEENS_25__bucket_list_deallocatorINS_9allocatorISF_EEEEED2B8ne200100Ev DATA
 0002:000197fc 00000008H .xdata$_ZNSt3__112__hash_tableINS_17__hash_value_typeIPN6System7Typinfo9TTypeInfoEPSt9type_infoEENS_22__unordered_map_hasherIS5_S8_NS_4hashIS5_EENS_8equal_toIS5_EELb1EEENS_21__unordered_map_equalIS5_S8_SD_SB_Lb1EEENS_9allocatorIS8_EEE12__node_allocB8ne200100Ev DATA
 0002:00019804 00000008H .xdata$_ZNSt3__116__hash_node_baseIPNS_11__hash_nodeINS_17__hash_value_typeIPN6System7Typinfo9TTypeInfoEPSt9type_infoEEPvEEE8__upcastB8ne200100Ev DATA
 0002:0001980c 00000008H .xdata$_ZNSt3__116allocator_traitsINS_9allocatorINS_11__hash_nodeINS_17__hash_value_typeIPN6System7Typinfo9TTypeInfoEPSt9type_infoEEPvEEEEE7destroyB8ne200100INS_4pairIKS7_S9_EEvTnNS_9enable_ifIXntsr13__has_destroyISD_PT_EE5valueEiE4typeELi0EEEvRSD_SL_ DATA
 0002:00019814 00000008H .xdata$_ZNSt3__122__hash_key_value_typesINS_17__hash_value_typeIPN6System7Typinfo9TTypeInfoEPSt9type_infoEEE9__get_ptrB8ne200100ERS8_ DATA
 0002:0001981c 00000008H .xdata$_ZNSt3__111__hash_nodeINS_17__hash_value_typeIPN6System7Typinfo9TTypeInfoEPSt9type_infoEEPvE11__get_valueB8ne200100Ev DATA
 0002:00019824 00000008H .xdata$_ZNSt3__112__destroy_atB8ne200100INS_11__hash_nodeINS_17__hash_value_typeIPN6System7Typinfo9TTypeInfoEPSt9type_infoEEPvEETnNS_9enable_ifIXntsr8is_arrayIT_EE5valueEiE4typeELi0EEEvPSD_ DATA
 0002:0001982c 00000008H .xdata$_ZNSt3__116allocator_traitsINS_9allocatorINS_11__hash_nodeINS_17__hash_value_typeIPN6System7Typinfo9TTypeInfoEPSt9type_infoEEPvEEEEE10deallocateB8ne200100ERSD_PSC_y DATA
 0002:00019834 00000008H .xdata$_ZNSt3__114pointer_traitsIPNS_16__hash_node_baseIPNS_11__hash_nodeINS_17__hash_value_typeIPN6System7Typinfo9TTypeInfoEPSt9type_infoEEPvEEEEE10pointer_toB8ne200100ERSE_ DATA
 0002:0001983c 00000008H .xdata$_ZNSt3__112__destroy_atB8ne200100INS_4pairIKPN6System7Typinfo9TTypeInfoEPSt9type_infoEETnNS_9enable_ifIXntsr8is_arrayIT_EE5valueEiE4typeELi0EEEvPSB_ DATA
 0002:00019844 00000008H .xdata$_ZNSt3__117__hash_value_typeIPN6System7Typinfo9TTypeInfoEPSt9type_infoE11__get_valueB8ne200100Ev DATA
 0002:0001984c 00000008H .xdata$_ZNSt3__17launderB8ne200100INS_4pairIKPN6System7Typinfo9TTypeInfoEPSt9type_infoEEEEPT_SB_ DATA
 0002:00019854 00000008H .xdata$_ZNSt3__19__launderB8ne200100INS_4pairIKPN6System7Typinfo9TTypeInfoEPSt9type_infoEEEEPT_SB_ DATA
 0002:0001985c 00000008H .xdata$_ZNSt3__111__hash_nodeINS_17__hash_value_typeIPN6System7Typinfo9TTypeInfoEPSt9type_infoEEPvED2B8ne200100Ev DATA
 0002:00019864 00000008H .xdata$_ZNSt3__19allocatorINS_11__hash_nodeINS_17__hash_value_typeIPN6System7Typinfo9TTypeInfoEPSt9type_infoEEPvEEE10deallocateB8ne200100EPSB_y DATA
 0002:0001986c 00000008H .xdata$_ZNSt3__119__libcpp_deallocateB8ne200100INS_11__hash_nodeINS_17__hash_value_typeIPN6System7Typinfo9TTypeInfoEPSt9type_infoEEPvEEEEvPNS_15__type_identityIT_E4typeENS_15__element_countEy DATA
 0002:00019874 00000008H .xdata$_ZNSt3__124__is_overaligned_for_newB8ne200100Ey DATA
 0002:0001987c 00000008H .xdata$_ZNSt3__124__libcpp_operator_deleteB8ne200100IJPNS_11__hash_nodeINS_17__hash_value_typeIPN6System7Typinfo9TTypeInfoEPSt9type_infoEEPvEESt11align_val_tEEEvDpT_ DATA
 0002:00019884 00000008H .xdata$_ZNSt3__124__libcpp_operator_deleteB8ne200100IJPNS_11__hash_nodeINS_17__hash_value_typeIPN6System7Typinfo9TTypeInfoEPSt9type_infoEEPvEEEEEvDpT_ DATA
 0002:0001988c 00000008H .xdata$_ZNSt3__110unique_ptrIA_PNS_16__hash_node_baseIPNS_11__hash_nodeINS_17__hash_value_typeIPN6System7Typinfo9TTypeInfoEPSt9type_infoEEPvEEEENS_25__bucket_list_deallocatorINS_9allocatorISF_EEEEE5resetB8ne200100EDn DATA
 0002:00019894 00000008H .xdata$_ZNSt3__125__bucket_list_deallocatorINS_9allocatorIPNS_16__hash_node_baseIPNS_11__hash_nodeINS_17__hash_value_typeIPN6System7Typinfo9TTypeInfoEPSt9type_infoEEPvEEEEEEEclB8ne200100EPSG_ DATA
 0002:0001989c 00000008H .xdata$_ZNSt3__116allocator_traitsINS_9allocatorIPNS_16__hash_node_baseIPNS_11__hash_nodeINS_17__hash_value_typeIPN6System7Typinfo9TTypeInfoEPSt9type_infoEEPvEEEEEEE10deallocateB8ne200100ERSH_PSG_y DATA
 0002:000198a4 00000008H .xdata$_ZNSt3__125__bucket_list_deallocatorINS_9allocatorIPNS_16__hash_node_baseIPNS_11__hash_nodeINS_17__hash_value_typeIPN6System7Typinfo9TTypeInfoEPSt9type_infoEEPvEEEEEEE7__allocB8ne200100Ev DATA
 0002:000198ac 00000008H .xdata$_ZNSt3__125__bucket_list_deallocatorINS_9allocatorIPNS_16__hash_node_baseIPNS_11__hash_nodeINS_17__hash_value_typeIPN6System7Typinfo9TTypeInfoEPSt9type_infoEEPvEEEEEEE4sizeB8ne200100Ev DATA
 0002:000198b4 00000008H .xdata$_ZNSt3__19allocatorIPNS_16__hash_node_baseIPNS_11__hash_nodeINS_17__hash_value_typeIPN6System7Typinfo9TTypeInfoEPSt9type_infoEEPvEEEEE10deallocateB8ne200100EPSF_y DATA
 0002:000198bc 00000008H .xdata$_ZNSt3__119__libcpp_deallocateB8ne200100IPNS_16__hash_node_baseIPNS_11__hash_nodeINS_17__hash_value_typeIPN6System7Typinfo9TTypeInfoEPSt9type_infoEEPvEEEEEEvPNS_15__type_identityIT_E4typeENS_15__element_countEy DATA
 0002:000198c4 00000008H .xdata$_ZNSt3__124__libcpp_operator_deleteB8ne200100IJPPNS_16__hash_node_baseIPNS_11__hash_nodeINS_17__hash_value_typeIPN6System7Typinfo9TTypeInfoEPSt9type_infoEEPvEEEESt11align_val_tEEEvDpT_ DATA
 0002:000198cc 00000008H .xdata$_ZNSt3__124__libcpp_operator_deleteB8ne200100IJPPNS_16__hash_node_baseIPNS_11__hash_nodeINS_17__hash_value_typeIPN6System7Typinfo9TTypeInfoEPSt9type_infoEEPvEEEEEEEvDpT_ DATA
 0002:000198d4 00000024H .xdata$_ZNSt3__112__hash_tableINS_17__hash_value_typeIPN6System7Typinfo9TTypeInfoEPSt9type_infoEENS_22__unordered_map_hasherIS5_S8_NS_4hashIS5_EENS_8equal_toIS5_EELb1EEENS_21__unordered_map_equalIS5_S8_SD_SB_Lb1EEENS_9allocatorIS8_EEE25__emplace_unique_key_argsIS5_JRKNS_21piecewise_construct_tENS_5tupleIJRKS5_EEENSO_IJEEEEEENS_4pairINS_15__hash_iteratorIPNS_11__hash_nodeIS8_PvEEEEbEERKT_DpOT0_ DATA
 0002:000198f8 00000008H .xdata$_ZNSt3__116forward_as_tupleB8ne200100IJRKPN6System7Typinfo9TTypeInfoEEEENS_5tupleIJDpOT_EEESA_ DATA
 0002:00019900 00000008H .xdata$_ZNSt3__116forward_as_tupleB8ne200100IJEEENS_5tupleIJDpOT_EEES4_ DATA
 0002:00019908 00000008H .xdata$_ZNKSt3__115__hash_iteratorIPNS_11__hash_nodeINS_17__hash_value_typeIPN6System7Typinfo9TTypeInfoEPSt9type_infoEEPvEEEptB8ne200100Ev DATA
 0002:00019910 00000008H .xdata$_ZNSt3__112__hash_tableINS_17__hash_value_typeIPN6System7Typinfo9TTypeInfoEPSt9type_infoEENS_22__unordered_map_hasherIS5_S8_NS_4hashIS5_EENS_8equal_toIS5_EELb1EEENS_21__unordered_map_equalIS5_S8_SD_SB_Lb1EEENS_9allocatorIS8_EEE13hash_functionB8ne200100Ev DATA
 0002:00019918 00000008H .xdata$_ZNKSt3__122__unordered_map_hasherIPN6System7Typinfo9TTypeInfoENS_17__hash_value_typeIS4_PSt9type_infoEENS_4hashIS4_EENS_8equal_toIS4_EELb1EEclB8ne200100ERKS4_ DATA
 0002:00019920 00000008H .xdata$_ZNKSt3__112__hash_tableINS_17__hash_value_typeIPN6System7Typinfo9TTypeInfoEPSt9type_infoEENS_22__unordered_map_hasherIS5_S8_NS_4hashIS5_EENS_8equal_toIS5_EELb1EEENS_21__unordered_map_equalIS5_S8_SD_SB_Lb1EEENS_9allocatorIS8_EEE12bucket_countB8ne200100Ev DATA
 0002:00019928 00000008H .xdata$_ZNSt3__116__constrain_hashB8ne200100Eyy DATA
 0002:00019930 00000008H .xdata$_ZNKSt3__110unique_ptrIA_PNS_16__hash_node_baseIPNS_11__hash_nodeINS_17__hash_value_typeIPN6System7Typinfo9TTypeInfoEPSt9type_infoEEPvEEEENS_25__bucket_list_deallocatorINS_9allocatorISF_EEEEEixB8ne200100Ey DATA
 0002:00019938 00000008H .xdata$_ZNKSt3__116__hash_node_baseIPNS_11__hash_nodeINS_17__hash_value_typeIPN6System7Typinfo9TTypeInfoEPSt9type_infoEEPvEEE6__hashB8ne200100Ev DATA
 0002:00019940 00000008H .xdata$_ZNSt3__112__hash_tableINS_17__hash_value_typeIPN6System7Typinfo9TTypeInfoEPSt9type_infoEENS_22__unordered_map_hasherIS5_S8_NS_4hashIS5_EENS_8equal_toIS5_EELb1EEENS_21__unordered_map_equalIS5_S8_SD_SB_Lb1EEENS_9allocatorIS8_EEE6key_eqB8ne200100Ev DATA
 0002:00019948 00000008H .xdata$_ZNKSt3__121__unordered_map_equalIPN6System7Typinfo9TTypeInfoENS_17__hash_value_typeIS4_PSt9type_infoEENS_8equal_toIS4_EENS_4hashIS4_EELb1EEclB8ne200100ERKS8_RKS4_ DATA
 0002:00019950 00000020H .xdata$_ZNSt3__112__hash_tableINS_17__hash_value_typeIPN6System7Typinfo9TTypeInfoEPSt9type_infoEENS_22__unordered_map_hasherIS5_S8_NS_4hashIS5_EENS_8equal_toIS5_EELb1EEENS_21__unordered_map_equalIS5_S8_SD_SB_Lb1EEENS_9allocatorIS8_EEE21__construct_node_hashIRKNS_21piecewise_construct_tEJNS_5tupleIJRKS5_EEENSO_IJEEEEEENS_10unique_ptrINS_11__hash_nodeIS8_PvEENS_22__hash_node_destructorINSH_ISW_EEEEEEyOT_DpOT0_ DATA
 0002:00019970 00000008H .xdata$_ZNSt3__112__hash_tableINS_17__hash_value_typeIPN6System7Typinfo9TTypeInfoEPSt9type_infoEENS_22__unordered_map_hasherIS5_S8_NS_4hashIS5_EENS_8equal_toIS5_EELb1EEENS_21__unordered_map_equalIS5_S8_SD_SB_Lb1EEENS_9allocatorIS8_EEE4sizeB8ne200100Ev DATA
 0002:00019978 00000008H .xdata$_ZNSt3__112__hash_tableINS_17__hash_value_typeIPN6System7Typinfo9TTypeInfoEPSt9type_infoEENS_22__unordered_map_hasherIS5_S8_NS_4hashIS5_EENS_8equal_toIS5_EELb1EEENS_21__unordered_map_equalIS5_S8_SD_SB_Lb1EEENS_9allocatorIS8_EEE15max_load_factorB8ne200100Ev DATA
 0002:00019980 00000008H .xdata$_ZNSt3__112__hash_tableINS_17__hash_value_typeIPN6System7Typinfo9TTypeInfoEPSt9type_infoEENS_22__unordered_map_hasherIS5_S8_NS_4hashIS5_EENS_8equal_toIS5_EELb1EEENS_21__unordered_map_equalIS5_S8_SD_SB_Lb1EEENS_9allocatorIS8_EEE15__rehash_uniqueB8ne200100Ey DATA
 0002:00019988 00000008H .xdata$_ZNSt3__13maxB8ne200100IyEERKT_S3_S3_ DATA
 0002:00019990 00000008H .xdata$_ZNSt3__116__is_hash_power2B8ne200100Ey DATA
 0002:00019998 00000008H .xdata$_ZNSt3__16__math4ceilB8ne200100Ef DATA
 0002:000199a0 00000008H .xdata$_ZNSt3__116__hash_node_baseIPNS_11__hash_nodeINS_17__hash_value_typeIPN6System7Typinfo9TTypeInfoEPSt9type_infoEEPvEEE5__ptrB8ne200100Ev DATA
 0002:000199a8 00000008H .xdata$_ZNKSt3__110unique_ptrINS_11__hash_nodeINS_17__hash_value_typeIPN6System7Typinfo9TTypeInfoEPSt9type_infoEEPvEENS_22__hash_node_destructorINS_9allocatorISB_EEEEEptB8ne200100Ev DATA
 0002:000199b0 00000008H .xdata$_ZNKSt3__110unique_ptrINS_11__hash_nodeINS_17__hash_value_typeIPN6System7Typinfo9TTypeInfoEPSt9type_infoEEPvEENS_22__hash_node_destructorINS_9allocatorISB_EEEEE3getB8ne200100Ev DATA
 0002:000199b8 00000008H .xdata$_ZNSt3__110unique_ptrINS_11__hash_nodeINS_17__hash_value_typeIPN6System7Typinfo9TTypeInfoEPSt9type_infoEEPvEENS_22__hash_node_destructorINS_9allocatorISB_EEEEE7releaseB8ne200100Ev DATA
 0002:000199c0 00000008H .xdata$_ZNSt3__110unique_ptrINS_11__hash_nodeINS_17__hash_value_typeIPN6System7Typinfo9TTypeInfoEPSt9type_infoEEPvEENS_22__hash_node_destructorINS_9allocatorISB_EEEEED2B8ne200100Ev DATA
 0002:000199c8 00000008H .xdata$_ZNSt3__115__hash_iteratorIPNS_11__hash_nodeINS_17__hash_value_typeIPN6System7Typinfo9TTypeInfoEPSt9type_infoEEPvEEEC2B8ne200100EPNS_16__hash_node_baseISC_EE DATA
 0002:000199d0 00000008H .xdata$_ZNSt3__14pairINS_15__hash_iteratorIPNS_11__hash_nodeINS_17__hash_value_typeIPN6System7Typinfo9TTypeInfoEPSt9type_infoEEPvEEEEbEC2B8ne200100ISE_RbTnNS_9enable_ifIXclsr10_CheckArgsE23__is_pair_constructibleIT_T0_EEEiE4typeELi0EEEOSJ_OSK_ DATA
 0002:000199d8 00000020H .xdata$_ZNKSt3__14hashIPN6System7Typinfo9TTypeInfoEEclB8ne200100ES4_ DATA
 0002:000199f8 00000008H .xdata$_ZNKSt3__121__murmur2_or_cityhashIyLy64EEclB8ne200100EPKvy DATA
 0002:00019a00 00000008H .xdata$_ZNSt3__121__murmur2_or_cityhashIyLy64EE18__hash_len_0_to_16B8ne200100EPKcy DATA
 0002:00019a08 00000008H .xdata$_ZNSt3__121__murmur2_or_cityhashIyLy64EE19__hash_len_17_to_32B8ne200100EPKcy DATA
 0002:00019a10 00000008H .xdata$_ZNSt3__121__murmur2_or_cityhashIyLy64EE19__hash_len_33_to_64B8ne200100EPKcy DATA
 0002:00019a18 00000008H .xdata$_ZNSt3__110__loadwordB8ne200100IyEET_PKv DATA
 0002:00019a20 00000008H .xdata$_ZNSt3__121__murmur2_or_cityhashIyLy64EE13__hash_len_16B8ne200100Eyy DATA
 0002:00019a28 00000008H .xdata$_ZNSt3__121__murmur2_or_cityhashIyLy64EE29__weak_hash_len_32_with_seedsB8ne200100EPKcyy DATA
 0002:00019a30 00000008H .xdata$_ZNSt3__121__murmur2_or_cityhashIyLy64EE8__rotateB8ne200100Eyi DATA
 0002:00019a38 00000008H .xdata$_ZNSt3__14pairIyyEaSB8ne200100EOS1_ DATA
 0002:00019a40 00000008H .xdata$_ZNSt3__14swapB8ne200100IyEENS_9enable_ifIXaasr21is_move_constructibleIT_EE5valuesr18is_move_assignableIS2_EE5valueEvE4typeERS2_S5_ DATA
 0002:00019a48 00000008H .xdata$_ZNSt3__121__murmur2_or_cityhashIyLy64EE11__shift_mixB8ne200100Ey DATA
 0002:00019a50 00000008H .xdata$_ZNSt3__121__murmur2_or_cityhashIyLy64EE22__rotate_by_at_least_1B8ne200100Eyi DATA
 0002:00019a58 00000008H .xdata$_ZNSt3__110__loadwordB8ne200100IjEET_PKv DATA
 0002:00019a60 00000008H .xdata$_ZNSt3__121__murmur2_or_cityhashIyLy64EE29__weak_hash_len_32_with_seedsB8ne200100Eyyyyyy DATA
 0002:00019a68 00000008H .xdata$_ZNSt3__14pairIyyEC2B8ne200100IyyTnNS_9enable_ifIXclsr10_CheckArgsE23__is_pair_constructibleIT_T0_EEEiE4typeELi0EEEOS4_OS5_ DATA
 0002:00019a70 00000008H .xdata$_ZNKSt3__110unique_ptrIA_PNS_16__hash_node_baseIPNS_11__hash_nodeINS_17__hash_value_typeIPN6System7Typinfo9TTypeInfoEPSt9type_infoEEPvEEEENS_25__bucket_list_deallocatorINS_9allocatorISF_EEEEE11get_deleterB8ne200100Ev DATA
 0002:00019a78 00000008H .xdata$_ZNKSt3__125__bucket_list_deallocatorINS_9allocatorIPNS_16__hash_node_baseIPNS_11__hash_nodeINS_17__hash_value_typeIPN6System7Typinfo9TTypeInfoEPSt9type_infoEEPvEEEEEEE4sizeB8ne200100Ev DATA
 0002:00019a80 00000008H .xdata$_ZNKSt3__18equal_toIPN6System7Typinfo9TTypeInfoEEclB8ne200100ERKS4_S7_ DATA
 0002:00019a88 00000008H .xdata$_ZNKSt3__117__hash_value_typeIPN6System7Typinfo9TTypeInfoEPSt9type_infoE11__get_valueB8ne200100Ev DATA
 0002:00019a90 00000008H .xdata$_ZNSt3__17launderB8ne200100IKNS_4pairIKPN6System7Typinfo9TTypeInfoEPSt9type_infoEEEEPT_SC_ DATA
 0002:00019a98 00000008H .xdata$_ZNSt3__19__launderB8ne200100IKNS_4pairIKPN6System7Typinfo9TTypeInfoEPSt9type_infoEEEEPT_SC_ DATA
 0002:00019aa0 00000008H .xdata$_ZNSt3__116allocator_traitsINS_9allocatorINS_11__hash_nodeINS_17__hash_value_typeIPN6System7Typinfo9TTypeInfoEPSt9type_infoEEPvEEEEE8allocateB8ne200100ERSD_y DATA
 0002:00019aa8 00000008H .xdata$_ZNSt3__122__hash_node_destructorINS_9allocatorINS_11__hash_nodeINS_17__hash_value_typeIPN6System7Typinfo9TTypeInfoEPSt9type_infoEEPvEEEEEC2B8ne200100ERSD_b DATA
 0002:00019ab0 00000008H .xdata$_ZNSt3__110unique_ptrINS_11__hash_nodeINS_17__hash_value_typeIPN6System7Typinfo9TTypeInfoEPSt9type_infoEEPvEENS_22__hash_node_destructorINS_9allocatorISB_EEEEEC2B8ne200100ILb1EvEEPSB_NS_16__dependent_typeINS_27__unique_ptr_deleter_sfinaeISF_EEXT_EE20__good_rval_ref_typeE DATA
 0002:00019ab8 00000008H .xdata$_ZNSt3__114__construct_atB8ne200100INS_11__hash_nodeINS_17__hash_value_typeIPN6System7Typinfo9TTypeInfoEPSt9type_infoEEPvEEJDnRyEPSB_EEPT_SF_DpOT0_ DATA
 0002:00019ac0 00000008H .xdata$_ZNKSt3__110unique_ptrINS_11__hash_nodeINS_17__hash_value_typeIPN6System7Typinfo9TTypeInfoEPSt9type_infoEEPvEENS_22__hash_node_destructorINS_9allocatorISB_EEEEEdeB8ne200100Ev DATA
 0002:00019ac8 00000008H .xdata$_ZNSt3__116allocator_traitsINS_9allocatorINS_11__hash_nodeINS_17__hash_value_typeIPN6System7Typinfo9TTypeInfoEPSt9type_infoEEPvEEEEE9constructB8ne200100INS_4pairIKS7_S9_EEJRKNS_21piecewise_construct_tENS_5tupleIJRSH_EEENSM_IJEEEEvTnNS_9enable_ifIXntsr15__has_constructISD_PT_DpT0_EE5valueEiE4typeELi0EEEvRSD_SS_DpOST_ DATA
 0002:00019ad0 00000008H .xdata$_ZNSt3__110unique_ptrINS_11__hash_nodeINS_17__hash_value_typeIPN6System7Typinfo9TTypeInfoEPSt9type_infoEEPvEENS_22__hash_node_destructorINS_9allocatorISB_EEEEE11get_deleterB8ne200100Ev DATA
 0002:00019ad8 00000008H .xdata$_ZNSt3__19allocatorINS_11__hash_nodeINS_17__hash_value_typeIPN6System7Typinfo9TTypeInfoEPSt9type_infoEEPvEEE8allocateB8ne200100Ey DATA
 0002:00019ae0 00000008H .xdata$_ZNSt3__116allocator_traitsINS_9allocatorINS_11__hash_nodeINS_17__hash_value_typeIPN6System7Typinfo9TTypeInfoEPSt9type_infoEEPvEEEEE8max_sizeB8ne200100ISD_vTnNS_9enable_ifIXntsr14__has_max_sizeIKT_EE5valueEiE4typeELi0EEEyRKSD_ DATA
 0002:00019ae8 00000008H .xdata$_ZSt28__throw_bad_array_new_lengthB8ne200100v DATA
 0002:00019af0 00000008H .xdata$_ZNSt3__117__libcpp_allocateB8ne200100INS_11__hash_nodeINS_17__hash_value_typeIPN6System7Typinfo9TTypeInfoEPSt9type_infoEEPvEEEEPT_NS_15__element_countEy DATA
 0002:00019af8 00000008H .xdata$_ZNSt3__114numeric_limitsIyE3maxB8ne200100Ev DATA
 0002:00019b00 00000008H .xdata$_ZNSt3__121__libcpp_operator_newB8ne200100IJySt11align_val_tEEEPvDpT_ DATA
 0002:00019b08 00000008H .xdata$_ZNSt3__121__libcpp_operator_newB8ne200100IJyEEEPvDpT_ DATA
 0002:00019b10 00000008H .xdata$_ZNSt3__125__compressed_pair_paddingINS_22__hash_node_destructorINS_9allocatorINS_11__hash_nodeINS_17__hash_value_typeIPN6System7Typinfo9TTypeInfoEPSt9type_infoEEPvEEEEEELb0EEC2Ev DATA
 0002:00019b18 00000008H .xdata$_ZNSt3__112construct_atB8ne200100INS_11__hash_nodeINS_17__hash_value_typeIPN6System7Typinfo9TTypeInfoEPSt9type_infoEEPvEEJDnRyEPSB_EEPT_SF_DpOT0_ DATA
 0002:00019b20 00000008H .xdata$_ZNSt3__111__hash_nodeINS_17__hash_value_typeIPN6System7Typinfo9TTypeInfoEPSt9type_infoEEPvEC2B8ne200100EPNS_16__hash_node_baseIPSA_EEy DATA
 0002:00019b28 00000008H .xdata$_ZNSt3__116__hash_node_baseIPNS_11__hash_nodeINS_17__hash_value_typeIPN6System7Typinfo9TTypeInfoEPSt9type_infoEEPvEEEC2B8ne200100EPSD_ DATA
 0002:00019b30 00000008H .xdata$_ZNSt3__114__construct_atB8ne200100INS_4pairIKPN6System7Typinfo9TTypeInfoEPSt9type_infoEEJRKNS_21piecewise_construct_tENS_5tupleIJRS6_EEENSD_IJEEEEPS9_EEPT_SJ_DpOT0_ DATA
 0002:00019b38 00000008H .xdata$_ZNSt3__112construct_atB8ne200100INS_4pairIKPN6System7Typinfo9TTypeInfoEPSt9type_infoEEJRKNS_21piecewise_construct_tENS_5tupleIJRS6_EEENSD_IJEEEEPS9_EEPT_SJ_DpOT0_ DATA
 0002:00019b40 00000020H .xdata$_ZNSt3__14pairIKPN6System7Typinfo9TTypeInfoEPSt9type_infoEC2B8ne200100IJRS5_EJEEENS_21piecewise_construct_tENS_5tupleIJDpT_EEENSC_IJDpT0_EEE DATA
 0002:00019b60 00000008H .xdata$_ZNSt3__14pairIKPN6System7Typinfo9TTypeInfoEPSt9type_infoEC2B8ne200100IJRS5_EJEJLy0EETpTnyJEEENS_21piecewise_construct_tERNS_5tupleIJDpT_EEERNSC_IJDpT0_EEENS_15__tuple_indicesIJXspT1_EEEENSL_IJXspT2_EEEE DATA
 0002:00019b68 00000008H .xdata$_ZNSt3__13getB8ne200100ILy0EJRKPN6System7Typinfo9TTypeInfoEEEERNS_13tuple_elementIXT_ENS_5tupleIJDpT0_EEEE4typeERSB_ DATA
 0002:00019b70 00000008H .xdata$_ZNSt3__112__tuple_leafILy0ERKPN6System7Typinfo9TTypeInfoELb0EE3getB8ne200100Ev DATA
 0002:00019b78 00000008H .xdata$_ZNSt3__112__hash_tableINS_17__hash_value_typeIPN6System7Typinfo9TTypeInfoEPSt9type_infoEENS_22__unordered_map_hasherIS5_S8_NS_4hashIS5_EENS_8equal_toIS5_EELb1EEENS_21__unordered_map_equalIS5_S8_SD_SB_Lb1EEENS_9allocatorIS8_EEE8__rehashILb1EEEvy DATA
 0002:00019b80 00000008H .xdata$_ZNSt3__112__hash_tableINS_17__hash_value_typeIPN6System7Typinfo9TTypeInfoEPSt9type_infoEENS_22__unordered_map_hasherIS5_S8_NS_4hashIS5_EENS_8equal_toIS5_EELb1EEENS_21__unordered_map_equalIS5_S8_SD_SB_Lb1EEENS_9allocatorIS8_EEE11__do_rehashILb1EEEvy DATA
 0002:00019b88 00000008H .xdata$_ZNSt3__116__next_hash_pow2B8ne200100Ey DATA
 0002:00019b90 00000008H .xdata$_ZNSt3__110unique_ptrIA_PNS_16__hash_node_baseIPNS_11__hash_nodeINS_17__hash_value_typeIPN6System7Typinfo9TTypeInfoEPSt9type_infoEEPvEEEENS_25__bucket_list_deallocatorINS_9allocatorISF_EEEEE11get_deleterB8ne200100Ev DATA
 0002:00019b98 00000008H .xdata$_ZNSt3__110unique_ptrIA_PNS_16__hash_node_baseIPNS_11__hash_nodeINS_17__hash_value_typeIPN6System7Typinfo9TTypeInfoEPSt9type_infoEEPvEEEENS_25__bucket_list_deallocatorINS_9allocatorISF_EEEEE5resetB8ne200100IPSF_TnNS_9enable_ifIXsr28_CheckArrayPointerConversionIT_EE5valueEiE4typeELi0EEEvSP_ DATA
 0002:00019ba0 00000008H .xdata$_ZNSt3__116allocator_traitsINS_9allocatorIPNS_16__hash_node_baseIPNS_11__hash_nodeINS_17__hash_value_typeIPN6System7Typinfo9TTypeInfoEPSt9type_infoEEPvEEEEEEE8allocateB8ne200100ERSH_y DATA
 0002:00019ba8 00000008H .xdata$_ZNSt3__19allocatorIPNS_16__hash_node_baseIPNS_11__hash_nodeINS_17__hash_value_typeIPN6System7Typinfo9TTypeInfoEPSt9type_infoEEPvEEEEE8allocateB8ne200100Ey DATA
 0002:00019bb0 00000008H .xdata$_ZNSt3__116allocator_traitsINS_9allocatorIPNS_16__hash_node_baseIPNS_11__hash_nodeINS_17__hash_value_typeIPN6System7Typinfo9TTypeInfoEPSt9type_infoEEPvEEEEEEE8max_sizeB8ne200100ISH_vTnNS_9enable_ifIXntsr14__has_max_sizeIKT_EE5valueEiE4typeELi0EEEyRKSH_ DATA
 0002:00019bb8 00000008H .xdata$_ZNSt3__117__libcpp_allocateB8ne200100IPNS_16__hash_node_baseIPNS_11__hash_nodeINS_17__hash_value_typeIPN6System7Typinfo9TTypeInfoEPSt9type_infoEEPvEEEEEEPT_NS_15__element_countEy DATA
 0002:00019bc0 00000008H .xdata$_ZNSt3__112__libcpp_clzB8ne200100Ey DATA
 0002:00019bc8 00000008H .xdata$_ZNSt3__13maxB8ne200100IyNS_6__lessIvvEEEERKT_S5_S5_T0_ DATA
 0002:00019bd0 00000008H .xdata$_ZNKSt3__16__lessIvvEclB8ne200100IyyEEbRKT_RKT0_ DATA
 0002:00019bd8 00000008H .xdata$_ZNSt3__110unique_ptrINS_11__hash_nodeINS_17__hash_value_typeIPN6System7Typinfo9TTypeInfoEPSt9type_infoEEPvEENS_22__hash_node_destructorINS_9allocatorISB_EEEEE5resetB8ne200100EPSB_ DATA
 0002:00019be0 00000020H .xdata$_ZNSt3__122__hash_node_destructorINS_9allocatorINS_11__hash_nodeINS_17__hash_value_typeIPN6System7Typinfo9TTypeInfoEPSt9type_infoEEPvEEEEEclB8ne200100EPSC_ DATA
 0002:00019c00 00000008H .xdata$_ZNSt3__15tupleIJRKPN6System7Typinfo9TTypeInfoEEEC2B8ne200100INS_4_AndETnNS_9enable_ifIXsrT_IJNS_17integral_constantIbLb1EEENS_21is_copy_constructibleIS6_EEEE5valueEiE4typeELi0EEES6_ DATA
 0002:00019c08 00000008H .xdata$_ZNSt3__112__tuple_implINS_15__tuple_indicesIJLy0EEEEJRKPN6System7Typinfo9TTypeInfoEEEC2B8ne200100IJLy0EEJS8_ETpTnyJEJEJS8_EEENS1_IJXspT_EEEENS_13__tuple_typesIJDpT0_EEENS1_IJXspT1_EEEENSC_IJDpT2_EEEDpOT3_ DATA
 0002:00019c10 00000008H .xdata$_ZNSt3__112__tuple_leafILy0ERKPN6System7Typinfo9TTypeInfoELb0EEC2B8ne200100IS6_TnNS_9enable_ifIXsr4_AndINS_17integral_constantIbXntu9__is_sameu14__remove_cvrefIT_ES7_EEEENS_16is_constructibleIS6_JSB_EEEEE5valueEiE4typeELi0EEEOSB_ DATA
 0002:00019c18 00000008H .xdata$_ZNSt3__114pointer_traitsIPNS_17__hash_value_typeIPN6System7Typinfo9TTypeInfoEPSt9type_infoEEE10pointer_toB8ne200100ERS8_ DATA
 0002:00019c20 00000008H .xdata$_ZN6System14AnsiStringBaseC2Ev DATA
 0002:00019c28 00000008H .xdata$_ZN6System11AnsiStringTILt65001EE4swapERS1_ DATA
 0002:00019c30 00000b4cH .xdata                  DATA
 0002:0001a77c 00000020H .xdata$_ZN6System8Sysutils11ERangeErrorC3ENS_13UnicodeStringE DATA
 0002:0001a79c 00000020H .xdata$_ZN6System11AnsiStringTILt0EED2Ev DATA
 0002:0001a7bc 00000020H .xdata$_ZN6System13UnicodeStringaSEOS0_ DATA
 0002:0001a7dc 00000024H .xdata$_ZN6System15DelphiInterfaceINS_14IEnumerator__1INS_13UnicodeStringEEEED2Ev DATA
 0002:0001a800 00000024H .xdata$_ZN6System15DelphiInterfaceINS_14IEnumerable__1INS_13UnicodeStringEEEED2Ev DATA
 0002:0001a824 00000020H .xdata$_ZN6System8Sysutils9EIntErrorC3ENS_13UnicodeStringE DATA
 0002:0001a844 00000020H .xdata$_ZN6System8Sysutils9EExternalC3ENS_13UnicodeStringE DATA
 0002:0001a864 00000020H .xdata$_ZN6System8Sysutils11ERangeErrorC3ENS_13UnicodeStringE DATA
 0002:0001a884 00000008H .xdata$_ZN6System8Sysutils11ERangeErrorD0Ev DATA
 0002:0001a88c 00000008H .xdata$_ZN6System11WideCharLenIwEEiPKT_ DATA
 0002:0001a894 00000008H .xdata$_ZN6System11WideCharLenIDsEEiPKT_ DATA
 0002:0001a89c 00000008H .xdata$_ZN6System11AnsiStringTILt0EEC2EPKci DATA
 0002:0001a8a4 00000020H .xdata$_ZN6System11AnsiStringTILt0EED2Ev DATA
 0002:0001a8c4 00000020H .xdata$_ZN6System13UnicodeStringaSEOS0_ DATA
 0002:0001a8e4 00000008H .xdata$_ZN6System11AnsiStringTILt0EEC2Ev DATA
 0002:0001a8ec 00000008H .xdata$_ZN6System13UnicodeStringC2ILt0EEERKNS_11AnsiStringTIXT_EEE DATA
 0002:0001a8f4 00000008H .xdata$_ZN6System15DelphiInterfaceINS_14IEnumerator__1INS_13UnicodeStringEEEEC2ERKS4_ DATA
 0002:0001a8fc 00000024H .xdata$_ZN6System15DelphiInterfaceINS_14IEnumerator__1INS_13UnicodeStringEEEED2Ev DATA
 0002:0001a920 00000008H .xdata$_ZN6System15DelphiInterfaceINS_14IEnumerable__1INS_13UnicodeStringEEEEC2ERKS4_ DATA
 0002:0001a928 00000024H .xdata$_ZN6System15DelphiInterfaceINS_14IEnumerable__1INS_13UnicodeStringEEEED2Ev DATA
 0002:0001a94c 00000020H .xdata$_ZN6System8Sysutils9EIntErrorC3ENS_13UnicodeStringE DATA
 0002:0001a96c 00000020H .xdata$_ZN6System8Sysutils9EExternalC3ENS_13UnicodeStringE DATA
 0002:0001a98c 00000008H .xdata$_ZN6System8Sysutils9EIntErrorD0Ev DATA
 0002:0001a994 00000008H .xdata$_ZN6System8Sysutils9EExternalD0Ev DATA
 0002:0001a99c 00000008H .xdata$_ZN6System11AnsiStringTILt0EEC2ERKS1_ DATA
 0002:0001a9a4 00000008H .xdata$_ZN6System15DelphiInterfaceINS_14IEnumerator__1INS_13UnicodeStringEEEEC2Ev DATA
 0002:0001a9ac 00000008H .xdata$_ZN6System15DelphiInterfaceINS_14IEnumerable__1INS_13UnicodeStringEEEEC2Ev DATA
 0002:0001a9b4 000006e4H .xdata                  DATA
 0002:0001b098 00000020H .xdata$_ZN6System8Sysutils11ERangeErrorC3ENS_13UnicodeStringE DATA
 0002:0001b0b8 00000020H .xdata$_ZN6System11AnsiStringTILt0EED2Ev DATA
 0002:0001b0d8 00000020H .xdata$_ZN6System8Sysutils9EIntErrorC3ENS_13UnicodeStringE DATA
 0002:0001b0f8 00000020H .xdata$_ZN6System8Sysutils9EExternalC3ENS_13UnicodeStringE DATA
 0002:0001b118 00000008H .xdata$_ZN6System8_CharLenIwEEiPKT_ DATA
 0002:0001b120 00000008H .xdata$_ZN6System8_CharLenIDsEEiPKT_ DATA
 0002:0001b128 00000008H .xdata$_ZN6System14AnsiStringBaseC2ILt0EEEONS_11AnsiStringTIXT_EEE DATA
 0002:0001b130 00000008H .xdata$_ZNK6System14AnsiStringBase8CodePageEv DATA
 0002:0001b138 00000008H .xdata$_ZNK6System14AnsiStringBaseixEi DATA
 0002:0001b140 00000fe8H .xdata                  DATA
 0004:00000000 000001d0H .data                   DATA
 0004:000001d0 00000200H .bss                    DATA
 0004:000003d0 00000008H .bss$_ZGVZN6System11AnsiStringTILt0EED1EvE13__force_inst1 DATA
 0004:000003d8 00000008H .bss$_ZGVZN6System11AnsiStringTILt0EED1EvE13__force_inst2 DATA
 0004:000003e0 00000008H .bss$_ZGVZN6System15DelphiInterfaceINS_14IEnumerable__1INS_13UnicodeStringEEEED1EvE13__force_inst1 DATA
 0004:000003e8 00000008H .bss$_ZGVZN6System15DelphiInterfaceINS_14IEnumerable__1INS_13UnicodeStringEEEED1EvE13__force_inst2 DATA
 0004:000003f0 00000008H .bss$_ZGVZN6System15DelphiInterfaceINS_14IEnumerator__1INS_13UnicodeStringEEEED1EvE13__force_inst1 DATA
 0004:000003f8 00000008H .bss$_ZGVZN6System15DelphiInterfaceINS_14IEnumerator__1INS_13UnicodeStringEEEED1EvE13__force_inst2 DATA
 0004:00000400 00000008H .bss$_ZZN6System11AnsiStringTILt0EED1EvE13__force_inst1 DATA
 0004:00000408 00000008H .bss$_ZZN6System11AnsiStringTILt0EED1EvE13__force_inst2 DATA
 0004:00000410 00000008H .bss$_ZZN6System15DelphiInterfaceINS_14IEnumerable__1INS_13UnicodeStringEEEED1EvE13__force_inst1 DATA
 0004:00000418 00000008H .bss$_ZZN6System15DelphiInterfaceINS_14IEnumerable__1INS_13UnicodeStringEEEED1EvE13__force_inst2 DATA
 0004:00000420 00000008H .bss$_ZZN6System15DelphiInterfaceINS_14IEnumerator__1INS_13UnicodeStringEEEED1EvE13__force_inst1 DATA
 0004:00000428 00000008H .bss$_ZZN6System15DelphiInterfaceINS_14IEnumerator__1INS_13UnicodeStringEEEED1EvE13__force_inst2 DATA
 0005:00000000 0000021cH .pdata                  DATA
 0005:0000021c 0000000cH .pdata$_ZN6System7Classes15TComponentClassC1EPNS_10TMetaClassE DATA
 0005:00000228 0000000cH .pdata$__clang_call_terminate DATA
 0005:00000234 0000000cH .pdata$_ZN6System7Classes15TComponentClassC2EPNS_10TMetaClassE DATA
 0005:00000240 0000000cH .pdata$_ZN6System15DelphiMetaClassINS_7Classes15TComponentClassEEC2EPNS_10TMetaClassE DATA
 0005:0000024c 00000144H .pdata                  DATA
 0005:00000390 0000000cH .pdata$_ZN3Vcl5Forms5TFormC3EPN6System7Classes10TComponentE DATA
 0005:0000039c 0000000cH .pdata$_ZN11Idtcpclient12TIdTCPClientC3EPN6System7Classes10TComponentE DATA
 0005:000003a8 0000000cH .pdata$_ZN6TForm1D0Ev   DATA
 0005:000003b4 0000000cH .pdata$_ZN3Vcl5Forms5TFormC3EPN6System7Classes10TComponentEi DATA
 0005:000003c0 0000000cH .pdata$_ZN3Vcl5Forms5TFormC3EPN6System7Classes10TComponentEii DATA
 0005:000003cc 0000000cH .pdata$_ZN11Idtcpclient18TIdTCPClientCustomC3EPN6System7Classes10TComponentE DATA
 0005:000003d8 0000000cH .pdata$_ZN15Idtcpconnection16TIdTCPConnectionC3EPN6System7Classes10TComponentE DATA
 0005:000003e4 0000000cH .pdata$_ZN11Idcomponent12TIdComponentC3EPN6System7Classes10TComponentE DATA
 0005:000003f0 0000000cH .pdata$_ZN7Idreply13TIdReplyClassC1Ev DATA
 0005:000003fc 0000000cH .pdata$_ZN7Idreply13TIdReplyClassC2Ev DATA
 0005:00000408 0000000cH .pdata$_ZN6System15DelphiMetaClassIN7Idreply13TIdReplyClassEEC2Ev DATA
 0005:00000414 0000000cH .pdata$_ZN3Vcl5Forms5TFormD0Ev DATA
 0005:00000420 00000270H .pdata                  DATA
 0005:00000690 0000000cH .pdata$_ZN6System15DelphiInterfaceINS_10IInterfaceEEadEv DATA
 0005:0000069c 0000000cH .pdata$_ZN6System15DelphiInterfaceINS_10IInterfaceEED2Ev DATA
 0005:000006a8 0000000cH .pdata$_ZNSt3__110lock_guardINS_5mutexEEC2B8ne200100ERS1_ DATA
 0005:000006b4 0000000cH .pdata$_ZNSt3__113unordered_mapIPN6System7Typinfo9TTypeInfoEPSt9type_infoNS_4hashIS4_EENS_8equal_toIS4_EENS_9allocatorINS_4pairIKS4_S6_EEEEEC2B8ne200100Ev DATA
 0005:000006c0 0000000cH .pdata$_ZNSt3__113unordered_mapIPN6System7Typinfo9TTypeInfoEPSt9type_infoNS_4hashIS4_EENS_8equal_toIS4_EENS_9allocatorINS_4pairIKS4_S6_EEEEED2B8ne200100Ev DATA
 0005:000006cc 0000000cH .pdata$_ZNSt3__113unordered_mapIPN6System7Typinfo9TTypeInfoEPSt9type_infoNS_4hashIS4_EENS_8equal_toIS4_EENS_9allocatorINS_4pairIKS4_S6_EEEEEixERSD_ DATA
 0005:000006d8 0000000cH .pdata$_ZN6System11AnsiStringTILt65001EEC2ERKNS_13UnicodeStringE DATA
 0005:000006e4 0000000cH .pdata$_ZNK6System11AnsiStringTILt65001EEplERKS1_ DATA
 0005:000006f0 0000000cH .pdata$_ZN6System11AnsiStringTILt65001EEC2EPKc DATA
 0005:000006fc 0000000cH .pdata$_ZN6System11AnsiStringTILt65001EEC2Ev DATA
 0005:00000708 0000000cH .pdata$_ZN6System11AnsiStringTILt65001EEaSEOS1_ DATA
 0005:00000714 0000000cH .pdata$_ZN6System11AnsiStringTILt65001EED2Ev DATA
 0005:00000720 0000000cH .pdata$_ZN10__cxxabiv117__class_type_infoC2Ev DATA
 0005:0000072c 0000000cH .pdata$_ZNK6System11AnsiStringTILt65001EE5c_strEv DATA
 0005:00000738 0000000cH .pdata$_ZNSt3__110lock_guardINS_5mutexEED2B8ne200100Ev DATA
 0005:00000744 0000000cH .pdata$_ZN10__cxxabiv116__shim_type_infoC2Ev DATA
 0005:00000750 0000000cH .pdata$_ZNSt3__112__hash_tableINS_17__hash_value_typeIPN6System7Typinfo9TTypeInfoEPSt9type_infoEENS_22__unordered_map_hasherIS5_S8_NS_4hashIS5_EENS_8equal_toIS5_EELb1EEENS_21__unordered_map_equalIS5_S8_SD_SB_Lb1EEENS_9allocatorIS8_EEEC2Ev DATA
 0005:0000075c 0000000cH .pdata$_ZNSt3__110unique_ptrIA_PNS_16__hash_node_baseIPNS_11__hash_nodeINS_17__hash_value_typeIPN6System7Typinfo9TTypeInfoEPSt9type_infoEEPvEEEENS_25__bucket_list_deallocatorINS_9allocatorISF_EEEEEC2B8ne200100ILb1EvEEv DATA
 0005:00000768 0000000cH .pdata$_ZNSt3__116__hash_node_baseIPNS_11__hash_nodeINS_17__hash_value_typeIPN6System7Typinfo9TTypeInfoEPSt9type_infoEEPvEEEC2B8ne200100Ev DATA
 0005:00000774 0000000cH .pdata$_ZNSt3__19allocatorINS_11__hash_nodeINS_17__hash_value_typeIPN6System7Typinfo9TTypeInfoEPSt9type_infoEEPvEEEC2B8ne200100Ev DATA
 0005:00000780 0000000cH .pdata$_ZNSt3__122__unordered_map_hasherIPN6System7Typinfo9TTypeInfoENS_17__hash_value_typeIS4_PSt9type_infoEENS_4hashIS4_EENS_8equal_toIS4_EELb1EEC2B8ne200100Ev DATA
 0005:0000078c 0000000cH .pdata$_ZNSt3__121__unordered_map_equalIPN6System7Typinfo9TTypeInfoENS_17__hash_value_typeIS4_PSt9type_infoEENS_8equal_toIS4_EENS_4hashIS4_EELb1EEC2B8ne200100Ev DATA
 0005:00000798 0000000cH .pdata$_ZNSt3__125__bucket_list_deallocatorINS_9allocatorIPNS_16__hash_node_baseIPNS_11__hash_nodeINS_17__hash_value_typeIPN6System7Typinfo9TTypeInfoEPSt9type_infoEEPvEEEEEEEC2B8ne200100Ev DATA
 0005:000007a4 0000000cH .pdata$_ZNSt3__19allocatorIPNS_16__hash_node_baseIPNS_11__hash_nodeINS_17__hash_value_typeIPN6System7Typinfo9TTypeInfoEPSt9type_infoEEPvEEEEEC2B8ne200100Ev DATA
 0005:000007b0 0000000cH .pdata$_ZNSt3__116__non_trivial_ifILb1ENS_9allocatorIPNS_16__hash_node_baseIPNS_11__hash_nodeINS_17__hash_value_typeIPN6System7Typinfo9TTypeInfoEPSt9type_infoEEPvEEEEEEEC2B8ne200100Ev DATA
 0005:000007bc 0000000cH .pdata$_ZNSt3__116__non_trivial_ifILb1ENS_9allocatorINS_11__hash_nodeINS_17__hash_value_typeIPN6System7Typinfo9TTypeInfoEPSt9type_infoEEPvEEEEEC2B8ne200100Ev DATA
 0005:000007c8 0000000cH .pdata$_ZNSt3__112__hash_tableINS_17__hash_value_typeIPN6System7Typinfo9TTypeInfoEPSt9type_infoEENS_22__unordered_map_hasherIS5_S8_NS_4hashIS5_EENS_8equal_toIS5_EELb1EEENS_21__unordered_map_equalIS5_S8_SD_SB_Lb1EEENS_9allocatorIS8_EEED2Ev DATA
 0005:000007d4 0000000cH .pdata$_ZNSt3__112__hash_tableINS_17__hash_value_typeIPN6System7Typinfo9TTypeInfoEPSt9type_infoEENS_22__unordered_map_hasherIS5_S8_NS_4hashIS5_EENS_8equal_toIS5_EELb1EEENS_21__unordered_map_equalIS5_S8_SD_SB_Lb1EEENS_9allocatorIS8_EEE17__deallocate_nodeEPNS_16__hash_node_baseIPNS_11__hash_nodeIS8_PvEEEE DATA
 0005:000007e0 0000000cH .pdata$_ZNSt3__110unique_ptrIA_PNS_16__hash_node_baseIPNS_11__hash_nodeINS_17__hash_value_typeIPN6System7Typinfo9TTypeInfoEPSt9type_infoEEPvEEEENS_25__bucket_list_deallocatorINS_9allocatorISF_EEEEED2B8ne200100Ev DATA
 0005:000007ec 0000000cH .pdata$_ZNSt3__112__hash_tableINS_17__hash_value_typeIPN6System7Typinfo9TTypeInfoEPSt9type_infoEENS_22__unordered_map_hasherIS5_S8_NS_4hashIS5_EENS_8equal_toIS5_EELb1EEENS_21__unordered_map_equalIS5_S8_SD_SB_Lb1EEENS_9allocatorIS8_EEE12__node_allocB8ne200100Ev DATA
 0005:000007f8 0000000cH .pdata$_ZNSt3__116__hash_node_baseIPNS_11__hash_nodeINS_17__hash_value_typeIPN6System7Typinfo9TTypeInfoEPSt9type_infoEEPvEEE8__upcastB8ne200100Ev DATA
 0005:00000804 0000000cH .pdata$_ZNSt3__116allocator_traitsINS_9allocatorINS_11__hash_nodeINS_17__hash_value_typeIPN6System7Typinfo9TTypeInfoEPSt9type_infoEEPvEEEEE7destroyB8ne200100INS_4pairIKS7_S9_EEvTnNS_9enable_ifIXntsr13__has_destroyISD_PT_EE5valueEiE4typeELi0EEEvRSD_SL_ DATA
 0005:00000810 0000000cH .pdata$_ZNSt3__122__hash_key_value_typesINS_17__hash_value_typeIPN6System7Typinfo9TTypeInfoEPSt9type_infoEEE9__get_ptrB8ne200100ERS8_ DATA
 0005:0000081c 0000000cH .pdata$_ZNSt3__111__hash_nodeINS_17__hash_value_typeIPN6System7Typinfo9TTypeInfoEPSt9type_infoEEPvE11__get_valueB8ne200100Ev DATA
 0005:00000828 0000000cH .pdata$_ZNSt3__112__destroy_atB8ne200100INS_11__hash_nodeINS_17__hash_value_typeIPN6System7Typinfo9TTypeInfoEPSt9type_infoEEPvEETnNS_9enable_ifIXntsr8is_arrayIT_EE5valueEiE4typeELi0EEEvPSD_ DATA
 0005:00000834 0000000cH .pdata$_ZNSt3__116allocator_traitsINS_9allocatorINS_11__hash_nodeINS_17__hash_value_typeIPN6System7Typinfo9TTypeInfoEPSt9type_infoEEPvEEEEE10deallocateB8ne200100ERSD_PSC_y DATA
 0005:00000840 0000000cH .pdata$_ZNSt3__114pointer_traitsIPNS_16__hash_node_baseIPNS_11__hash_nodeINS_17__hash_value_typeIPN6System7Typinfo9TTypeInfoEPSt9type_infoEEPvEEEEE10pointer_toB8ne200100ERSE_ DATA
 0005:0000084c 0000000cH .pdata$_ZNSt3__112__destroy_atB8ne200100INS_4pairIKPN6System7Typinfo9TTypeInfoEPSt9type_infoEETnNS_9enable_ifIXntsr8is_arrayIT_EE5valueEiE4typeELi0EEEvPSB_ DATA
 0005:00000858 0000000cH .pdata$_ZNSt3__117__hash_value_typeIPN6System7Typinfo9TTypeInfoEPSt9type_infoE11__get_valueB8ne200100Ev DATA
 0005:00000864 0000000cH .pdata$_ZNSt3__17launderB8ne200100INS_4pairIKPN6System7Typinfo9TTypeInfoEPSt9type_infoEEEEPT_SB_ DATA
 0005:00000870 0000000cH .pdata$_ZNSt3__19__launderB8ne200100INS_4pairIKPN6System7Typinfo9TTypeInfoEPSt9type_infoEEEEPT_SB_ DATA
 0005:0000087c 0000000cH .pdata$_ZNSt3__111__hash_nodeINS_17__hash_value_typeIPN6System7Typinfo9TTypeInfoEPSt9type_infoEEPvED2B8ne200100Ev DATA
 0005:00000888 0000000cH .pdata$_ZNSt3__19allocatorINS_11__hash_nodeINS_17__hash_value_typeIPN6System7Typinfo9TTypeInfoEPSt9type_infoEEPvEEE10deallocateB8ne200100EPSB_y DATA
 0005:00000894 0000000cH .pdata$_ZNSt3__119__libcpp_deallocateB8ne200100INS_11__hash_nodeINS_17__hash_value_typeIPN6System7Typinfo9TTypeInfoEPSt9type_infoEEPvEEEEvPNS_15__type_identityIT_E4typeENS_15__element_countEy DATA
 0005:000008a0 0000000cH .pdata$_ZNSt3__124__is_overaligned_for_newB8ne200100Ey DATA
 0005:000008ac 0000000cH .pdata$_ZNSt3__124__libcpp_operator_deleteB8ne200100IJPNS_11__hash_nodeINS_17__hash_value_typeIPN6System7Typinfo9TTypeInfoEPSt9type_infoEEPvEESt11align_val_tEEEvDpT_ DATA
 0005:000008b8 0000000cH .pdata$_ZNSt3__124__libcpp_operator_deleteB8ne200100IJPNS_11__hash_nodeINS_17__hash_value_typeIPN6System7Typinfo9TTypeInfoEPSt9type_infoEEPvEEEEEvDpT_ DATA
 0005:000008c4 0000000cH .pdata$_ZNSt3__110unique_ptrIA_PNS_16__hash_node_baseIPNS_11__hash_nodeINS_17__hash_value_typeIPN6System7Typinfo9TTypeInfoEPSt9type_infoEEPvEEEENS_25__bucket_list_deallocatorINS_9allocatorISF_EEEEE5resetB8ne200100EDn DATA
[...]
 0005:00002bec       $pdata$_ZN6System8Internal10Helperhlpr13TDateTimeHlpr13HourOfTheWeekEv 0000000140040bec     rtl:System.Internal.HelperHlpr.o
 0005:00002bf8       $pdata$_ZN6System8Internal10Helperhlpr13TDateTimeHlpr15MinuteOfTheWeekEv 0000000140040bf8     rtl:System.Internal.HelperHlpr.o
 0005:00002c04       $pdata$_ZN6System8Internal10Helperhlpr13TDateTimeHlpr15SecondOfTheWeekEv 0000000140040c04     rtl:System.Internal.HelperHlpr.o
 0005:00002c10       $pdata$_ZN6System8Internal10Helperhlpr13TDateTimeHlpr20MilliSecondOfTheWeekEv 0000000140040c10     rtl:System.Internal.HelperHlpr.o
 0005:00002c1c       $pdata$_ZN6System8Internal10Helperhlpr13TDateTimeHlpr14MinuteOfTheDayEv 0000000140040c1c     rtl:System.Internal.HelperHlpr.o
 0005:00002c28       $pdata$_ZN6System8Internal10Helperhlpr13TDateTimeHlpr14SecondOfTheDayEv 0000000140040c28     rtl:System.Internal.HelperHlpr.o
 0005:00002c34       $pdata$_ZN6System8Internal10Helperhlpr13TDateTimeHlpr19MilliSecondOfTheDayEv 0000000140040c34     rtl:System.Internal.HelperHlpr.o
 0005:00002c40       $pdata$_ZN6System8Internal10Helperhlpr13TDateTimeHlpr15SecondOfTheHourEv 0000000140040c40     rtl:System.Internal.HelperHlpr.o
 0005:00002c4c       $pdata$_ZN6System8Internal10Helperhlpr13TDateTimeHlpr20MilliSecondOfTheHourEv 0000000140040c4c     rtl:System.Internal.HelperHlpr.o
 0005:00002c58       $pdata$_ZN6System8Internal10Helperhlpr13TDateTimeHlpr22MilliSecondOfTheMinuteEv 0000000140040c58     rtl:System.Internal.HelperHlpr.o
 0005:00002c64       $pdata$_ZN6System8Internal10Helperhlpr13TDateTimeHlpr15WithinPastYearsENS_9TDateTimeEi 0000000140040c64     rtl:System.Internal.HelperHlpr.o
 0005:00002c70       $pdata$_ZN6System8Internal10Helperhlpr13TDateTimeHlpr16WithinPastMonthsENS_9TDateTimeEi 0000000140040c70     rtl:System.Internal.HelperHlpr.o
 0005:00002c7c       $pdata$_ZN6System8Internal10Helperhlpr13TDateTimeHlpr15WithinPastWeeksENS_9TDateTimeEi 0000000140040c7c     rtl:System.Internal.HelperHlpr.o
 0005:00002c88       $pdata$_ZN6System8Internal10Helperhlpr13TDateTimeHlpr14WithinPastDaysENS_9TDateTimeEi 0000000140040c88     rtl:System.Internal.HelperHlpr.o
 0005:00002c94       $pdata$_ZN6System8Internal10Helperhlpr13TDateTimeHlpr15WithinPastHoursENS_9TDateTimeEx 0000000140040c94     rtl:System.Internal.HelperHlpr.o
 0005:00002ca0       $pdata$_ZN6System8Internal10Helperhlpr13TDateTimeHlpr17WithinPastMinutesENS_9TDateTimeEx 0000000140040ca0     rtl:System.Internal.HelperHlpr.o
 0005:00002cac       $pdata$_ZN6System8Internal10Helperhlpr13TDateTimeHlpr17WithinPastSecondsENS_9TDateTimeEx 0000000140040cac     rtl:System.Internal.HelperHlpr.o
 0005:00002cb8       $pdata$_ZN6System8Internal10Helperhlpr13TDateTimeHlpr22WithinPastMilliSecondsENS_9TDateTimeEx 0000000140040cb8     rtl:System.Internal.HelperHlpr.o
 0005:00002cc4       $pdata$_ZN6System8Internal10Helperhlpr13TDateTimeHlpr12YearsBetweenENS_9TDateTimeE 0000000140040cc4     rtl:System.Internal.HelperHlpr.o
 0005:00002cd0       $pdata$_ZN6System8Internal10Helperhlpr13TDateTimeHlpr13MonthsBetweenENS_9TDateTimeE 0000000140040cd0     rtl:System.Internal.HelperHlpr.o
 0005:00002cdc       $pdata$_ZN6System8Internal10Helperhlpr13TDateTimeHlpr12WeeksBetweenENS_9TDateTimeE 0000000140040cdc     rtl:System.Internal.HelperHlpr.o
 0005:00002ce8       $pdata$_ZN6System8Internal10Helperhlpr13TDateTimeHlpr11DaysBetweenENS_9TDateTimeE 0000000140040ce8     rtl:System.Internal.HelperHlpr.o
 0005:00002cf4       $pdata$_ZN6System8Internal10Helperhlpr13TDateTimeHlpr12HoursBetweenENS_9TDateTimeE 0000000140040cf4     rtl:System.Internal.HelperHlpr.o
 0005:00002d00       $pdata$_ZN6System8Internal10Helperhlpr13TDateTimeHlpr14MinutesBetweenENS_9TDateTimeE 0000000140040d00     rtl:System.Internal.HelperHlpr.o
 0005:00002d0c       $pdata$_ZN6System8Internal10Helperhlpr13TDateTimeHlpr14SecondsBetweenENS_9TDateTimeE 0000000140040d0c     rtl:System.Internal.HelperHlpr.o
 0005:00002d18       $pdata$_ZN6System8Internal10Helperhlpr13TDateTimeHlpr19MilliSecondsBetweenENS_9TDateTimeE 0000000140040d18     rtl:System.Internal.HelperHlpr.o
 0005:00002d24       $pdata$_ZN6System8Internal10Helperhlpr13TDateTimeHlpr15DateTimeInRangeENS_9TDateTimeES3_b 0000000140040d24     rtl:System.Internal.HelperHlpr.o
 0005:00002d30       $pdata$_ZN6System8Internal10Helperhlpr13TDateTimeHlpr11DateInRangeENS_9TDateTimeES3_b 0000000140040d30     rtl:System.Internal.HelperHlpr.o
 0005:00002d3c       $pdata$_ZN6System8Internal10Helperhlpr13TDateTimeHlpr11TimeInRangeENS_9TDateTimeES3_b 0000000140040d3c     rtl:System.Internal.HelperHlpr.o
 0005:00002d48       $pdata$_ZN6System8Internal10Helperhlpr13TDateTimeHlpr8YearSpanENS_9TDateTimeE 0000000140040d48     rtl:System.Internal.HelperHlpr.o
 0005:00002d54       $pdata$_ZN6System8Internal10Helperhlpr13TDateTimeHlpr9MonthSpanENS_9TDateTimeE 0000000140040d54     rtl:System.Internal.HelperHlpr.o
 0005:00002d60       $pdata$_ZN6System8Internal10Helperhlpr13TDateTimeHlpr8WeekSpanENS_9TDateTimeE 0000000140040d60     rtl:System.Internal.HelperHlpr.o
 0005:00002d6c       $pdata$_ZN6System8Internal10Helperhlpr13TDateTimeHlpr7DaySpanENS_9TDateTimeE 0000000140040d6c     rtl:System.Internal.HelperHlpr.o
 0005:00002d78       $pdata$_ZN6System8Internal10Helperhlpr13TDateTimeHlpr8HourSpanENS_9TDateTimeE 0000000140040d78     rtl:System.Internal.HelperHlpr.o
 0005:00002d84       $pdata$_ZN6System8Internal10Helperhlpr13TDateTimeHlpr10MinuteSpanENS_9TDateTimeE 0000000140040d84     rtl:System.Internal.HelperHlpr.o
 0005:00002d90       $pdata$_ZN6System8Internal10Helperhlpr13TDateTimeHlpr10SecondSpanENS_9TDateTimeE 0000000140040d90     rtl:System.Internal.HelperHlpr.o
 0005:00002d9c       $pdata$_ZN6System8Internal10Helperhlpr13TDateTimeHlpr15MilliSecondSpanENS_9TDateTimeE 0000000140040d9c     rtl:System.Internal.HelperHlpr.o
 0005:00002da8       $pdata$_ZN6System8Internal10Helperhlpr13TDateTimeHlpr7IncYearEi 0000000140040da8     rtl:System.Internal.HelperHlpr.o
 0005:00002db4       $pdata$_ZN6System8Internal10Helperhlpr13TDateTimeHlpr8IncMonthEi 0000000140040db4     rtl:System.Internal.HelperHlpr.o
 0005:00002dc0       $pdata$_ZN6System8Internal10Helperhlpr13TDateTimeHlpr7IncWeekEi 0000000140040dc0     rtl:System.Internal.HelperHlpr.o
 0005:00002dcc       $pdata$_ZN6System8Internal10Helperhlpr13TDateTimeHlpr6IncDayEi 0000000140040dcc     rtl:System.Internal.HelperHlpr.o
 0005:00002dd8       $pdata$_ZN6System8Internal10Helperhlpr13TDateTimeHlpr7IncHourEx 0000000140040dd8     rtl:System.Internal.HelperHlpr.o
 0005:00002de4       $pdata$_ZN6System8Internal10Helperhlpr13TDateTimeHlpr9IncMinuteEx 0000000140040de4     rtl:System.Internal.HelperHlpr.o
 0005:00002df0       $pdata$_ZN6System8Internal10Helperhlpr13TDateTimeHlpr9IncSecondEx 0000000140040df0     rtl:System.Internal.HelperHlpr.o
 0005:00002dfc       $pdata$_ZN6System8Internal10Helperhlpr13TDateTimeHlpr14IncMilliSecondEx 0000000140040dfc     rtl:System.Internal.HelperHlpr.o
 0005:00002e08       $pdata$_ZN6System8Internal10Helperhlpr13TDateTimeHlpr9TryEncodeEttttttt 0000000140040e08     rtl:System.Internal.HelperHlpr.o
 0005:00002e14       $pdata$_ZN6System8Internal10Helperhlpr13TDateTimeHlpr13TryEncodeWeekEttt 0000000140040e14     rtl:System.Internal.HelperHlpr.o
 0005:00002e20       $pdata$_ZN6System8Internal10Helperhlpr13TDateTimeHlpr12TryEncodeDayEtt 0000000140040e20     rtl:System.Internal.HelperHlpr.o
 0005:00002e2c       $pdata$_ZN6System8Internal10Helperhlpr13TDateTimeHlpr18TryEncodeMonthWeekEtttt 0000000140040e2c     rtl:System.Internal.HelperHlpr.o
 0005:00002e38       $pdata$_ZN6System8Internal10Helperhlpr13TDateTimeHlpr11SetDateTimeEttttttt 0000000140040e38     rtl:System.Internal.HelperHlpr.o
 0005:00002e44       $pdata$_ZN6System8Internal10Helperhlpr13TDateTimeHlpr15CompareDateTimeENS_9TDateTimeE 0000000140040e44     rtl:System.Internal.HelperHlpr.o
 0005:00002e50       $pdata$_ZN6System8Internal10Helperhlpr13TDateTimeHlpr12SameDateTimeENS_9TDateTimeE 0000000140040e50     rtl:System.Internal.HelperHlpr.o
 0005:00002e5c       $pdata$_ZN6System8Internal10Helperhlpr13TDateTimeHlpr11CompareDateENS_9TDateTimeE 0000000140040e5c     rtl:System.Internal.HelperHlpr.o
 0005:00002e68       $pdata$_ZN6System8Internal10Helperhlpr13TDateTimeHlpr8SameDateENS_9TDateTimeE 0000000140040e68     rtl:System.Internal.HelperHlpr.o
 0005:00002e74       $pdata$_ZN6System8Internal10Helperhlpr13TDateTimeHlpr11CompareTimeENS_9TDateTimeE 0000000140040e74     rtl:System.Internal.HelperHlpr.o
 0005:00002e80       $pdata$_ZN6System8Internal10Helperhlpr13TDateTimeHlpr8SameTimeENS_9TDateTimeE 0000000140040e80     rtl:System.Internal.HelperHlpr.o
 0005:00002e8c       $pdata$_ZN6System8Internal10Helperhlpr13TDateTimeHlpr12NthDayOfWeekEv 0000000140040e8c     rtl:System.Internal.HelperHlpr.o
 0005:00002e98       $pdata$_ZN6System8Internal10Helperhlpr13TDateTimeHlpr25TryEncodeDayOfWeekInMonthEtttt 0000000140040e98     rtl:System.Internal.HelperHlpr.o
 0005:00002ea4       $pdata$_ZN6System8Internal10Helperhlpr13TDateTimeHlpr12ToJulianDateEv 0000000140040ea4     rtl:System.Internal.HelperHlpr.o
 0005:00002eb0       $pdata$_ZN6System8Internal10Helperhlpr13TDateTimeHlpr16TrySetJulianDateEd 0000000140040eb0     rtl:System.Internal.HelperHlpr.o
 0005:00002ebc       $pdata$_ZN6System8Internal10Helperhlpr13TDateTimeHlpr20ToModifiedJulianDateEv 0000000140040ebc     rtl:System.Internal.HelperHlpr.o
 0005:00002ec8       $pdata$_ZN6System8Internal10Helperhlpr13TDateTimeHlpr24TrySetModifiedJulianDateEd 0000000140040ec8     rtl:System.Internal.HelperHlpr.o
 0005:00002ed4       $pdata$_ZN6System8Internal10Helperhlpr13TDateTimeHlpr6ToUnixEb 0000000140040ed4     rtl:System.Internal.HelperHlpr.o
 0005:00002ee0       $pdata$_ZN6System8Internal10Helperhlpr13TDateTimeHlpr14ToMillisecondsEv 0000000140040ee0     rtl:System.Internal.HelperHlpr.o
 0005:00002eec       $pdata$_ZN6System8Internal10Helperhlpr13TDateTimeHlpr18TimeToMillisecondsEv 0000000140040eec     rtl:System.Internal.HelperHlpr.o
 0005:00002ef8       $pdata$_ZN6System8Internal10Helperhlpr13TDateTimeHlpr13TrySetISO8601ENS_13UnicodeStringEb 0000000140040ef8     rtl:System.Internal.HelperHlpr.o
 0005:00002f04       $pdata$_ZN6System8Internal10Helperhlpr13TDateTimeHlpr9ToISO8601Eb 0000000140040f04     rtl:System.Internal.HelperHlpr.o
 0005:00002f10       $pdata$_ZN6System8Internal10Helperhlpr13TDateTimeHlpr8ToStringEv 0000000140040f10     rtl:System.Internal.HelperHlpr.o
 0005:00002f1c       $pdata$_ZN6System8Internal10Helperhlpr13TDateTimeHlpr8ToStringERKNS_8Sysutils15TFormatSettingsE 0000000140040f1c     rtl:System.Internal.HelperHlpr.o
 0005:00002f28       $pdata$_ZN6System8Internal10Helperhlpr13TDateTimeHlpr6FormatENS_13UnicodeStringE 0000000140040f28     rtl:System.Internal.HelperHlpr.o
 0005:00002f34       $pdata$_ZN6System8Internal10Helperhlpr13TDateTimeHlpr6FormatENS_13UnicodeStringERKNS_8Sysutils15TFormatSettingsE 0000000140040f34     rtl:System.Internal.HelperHlpr.o
 0005:00002f40       $pdata$_ZN6System8Internal10Helperhlpr13TDateTimeHlpr7AddYearEi 0000000140040f40     rtl:System.Internal.HelperHlpr.o
 0005:00002f4c       $pdata$_ZN6System8Internal10Helperhlpr13TDateTimeHlpr8AddMonthEi 0000000140040f4c     rtl:System.Internal.HelperHlpr.o
 0005:00002f58       $pdata$_ZN6System8Internal10Helperhlpr13TDateTimeHlpr7AddWeekEi 0000000140040f58     rtl:System.Internal.HelperHlpr.o
 0005:00002f64       $pdata$_ZN6System8Internal10Helperhlpr13TDateTimeHlpr6AddDayEi 0000000140040f64     rtl:System.Internal.HelperHlpr.o
 0005:00002f70       $pdata$_ZN6System8Internal10Helperhlpr13TDateTimeHlpr7AddHourEx 0000000140040f70     rtl:System.Internal.HelperHlpr.o
 0005:00002f7c       $pdata$_ZN6System8Internal10Helperhlpr13TDateTimeHlpr9AddMinuteEx 0000000140040f7c     rtl:System.Internal.HelperHlpr.o
 0005:00002f88       $pdata$_ZN6System8Internal10Helperhlpr13TDateTimeHlpr9AddSecondEx 0000000140040f88     rtl:System.Internal.HelperHlpr.o
 0005:00002f94       $pdata$_ZN6System8Internal10Helperhlpr13TDateTimeHlpr14AddMilliSecondEx 0000000140040f94     rtl:System.Internal.HelperHlpr.o
 0005:00002fa0       $pdata$_ZN6System8Internal10Helperhlpr13TDateTimeHlpr6EncodeEttttttt 0000000140040fa0     rtl:System.Internal.HelperHlpr.o
 0005:00002fac       $pdata$_ZN6System8Internal10Helperhlpr13TDateTimeHlpr6DecodeERtS3_S3_S3_S3_S3_S3_ 0000000140040fac     rtl:System.Internal.HelperHlpr.o
 0005:00002fb8       $pdata$_ZN6System8Internal10Helperhlpr13TDateTimeHlpr10EncodeWeekEttt 0000000140040fb8     rtl:System.Internal.HelperHlpr.o
 0005:00002fc4       $pdata$_ZN6System8Internal10Helperhlpr13TDateTimeHlpr10DecodeWeekERtS3_S3_ 0000000140040fc4     rtl:System.Internal.HelperHlpr.o
 0005:00002fd0       $pdata$_ZN6System8Internal10Helperhlpr13TDateTimeHlpr9EncodeDayEtt 0000000140040fd0     rtl:System.Internal.HelperHlpr.o
 0005:00002fdc       $pdata$_ZN6System8Internal10Helperhlpr13TDateTimeHlpr9DecodeDayERtS3_ 0000000140040fdc     rtl:System.Internal.HelperHlpr.o
 0005:00002fe8       $pdata$_ZN6System8Internal10Helperhlpr13TDateTimeHlpr15EncodeMonthWeekEtttt 0000000140040fe8     rtl:System.Internal.HelperHlpr.o
 0005:00002ff4       $pdata$_ZN6System8Internal10Helperhlpr13TDateTimeHlpr15DecodeMonthWeekERtS3_S3_S3_ 0000000140040ff4     rtl:System.Internal.HelperHlpr.o
 0005:00003000       $pdata$_ZN6System8Internal10Helperhlpr13TDateTimeHlpr7SetYearEt 0000000140041000     rtl:System.Internal.HelperHlpr.o
 0005:0000300c       $pdata$_ZN6System8Internal10Helperhlpr13TDateTimeHlpr8SetMonthEt 000000014004100c     rtl:System.Internal.HelperHlpr.o
 0005:00003018       $pdata$_ZN6System8Internal10Helperhlpr13TDateTimeHlpr6SetDayEt 0000000140041018     rtl:System.Internal.HelperHlpr.o
 0005:00003024       $pdata$_ZN6System8Internal10Helperhlpr13TDateTimeHlpr7SetHourEt 0000000140041024     rtl:System.Internal.HelperHlpr.o
 0005:00003030       $pdata$_ZN6System8Internal10Helperhlpr13TDateTimeHlpr9SetMinuteEt 0000000140041030     rtl:System.Internal.HelperHlpr.o
 0005:0000303c       $pdata$_ZN6System8Internal10Helperhlpr13TDateTimeHlpr9SetSecondEt 000000014004103c     rtl:System.Internal.HelperHlpr.o
 0005:00003048       $pdata$_ZN6System8Internal10Helperhlpr13TDateTimeHlpr14SetMilliSecondEt 0000000140041048     rtl:System.Internal.HelperHlpr.o
 0005:00003054       $pdata$_ZN6System8Internal10Helperhlpr13TDateTimeHlpr7SetDateEttt 0000000140041054     rtl:System.Internal.HelperHlpr.o
 0005:00003060       $pdata$_ZN6System8Internal10Helperhlpr13TDateTimeHlpr7SetTimeEtttt 0000000140041060     rtl:System.Internal.HelperHlpr.o
 0005:0000306c       $pdata$_ZN6System8Internal10Helperhlpr13TDateTimeHlpr22DecodeDayOfWeekInMonthERtS3_S3_S3_ 000000014004106c     rtl:System.Internal.HelperHlpr.o
 0005:00003078       $pdata$_ZN6System8Internal10Helperhlpr13TDateTimeHlpr22EncodeDayOfWeekInMonthEtttt 0000000140041078     rtl:System.Internal.HelperHlpr.o
 0005:00003084       $pdata$_ZN6System8Internal10Helperhlpr13TDateTimeHlpr13SetJulianDateEd 0000000140041084     rtl:System.Internal.HelperHlpr.o
 0005:00003090       $pdata$_ZN6System8Internal10Helperhlpr13TDateTimeHlpr21SetModifiedJulianDateEd 0000000140041090     rtl:System.Internal.HelperHlpr.o
 0005:0000309c       $pdata$_ZN6System8Internal10Helperhlpr13TDateTimeHlpr7SetUnixExb 000000014004109c     rtl:System.Internal.HelperHlpr.o
 0005:000030a8       $pdata$_ZN6System8Internal10Helperhlpr13TDateTimeHlpr10SetISO8601ENS_13UnicodeStringEb 00000001400410a8     rtl:System.Internal.HelperHlpr.o
 0005:000030b4       $pdata$_ZN6System8Internal10Helperhlpr13TDateTimeHlpr11SetHttpDateENS_13UnicodeStringEb 00000001400410b4     rtl:System.Internal.HelperHlpr.o
 0005:000030c0       $pdata$_ZN6System8Internal10Helperhlpr12FinalizationEv 00000001400410c0     rtl:System.Internal.HelperHlpr.o
 0005:000030cc       $pdata$_ZN6System8Internal10Helperhlpr14initializationEv 00000001400410cc     rtl:System.Internal.HelperHlpr.o
 0005:0000315c       $pdata$_ZN6System8Internal7Initcpp23SelectForInitializationEPNS1_20TUnitDescriptorBlockES3_ 000000014004115c     rtl:System.Internal.InitCPP.o
 0005:00003168       $pdata$_ZN6System8Internal7Initcpp23SelectForInitializationEPPNS1_20TUnitDescriptorBlockES4_ 0000000140041168     rtl:System.Internal.InitCPP.o
 0005:00003174       $pdata$_ZN6System8Internal7Initcpp15InitializeUnitsEPNS1_20TUnitDescriptorBlockES3_ 0000000140041174     rtl:System.Internal.InitCPP.o
 0005:00003180       $pdata$_ZN6System8Internal7Initcpp13FinalizeUnitsEPNS1_20TUnitDescriptorBlockES3_ 0000000140041180     rtl:System.Internal.InitCPP.o
 0005:0000318c       $pdata$_ZN6System8Internal7Initcpp15InitializeUnitsEPPNS1_20TUnitDescriptorBlockES4_ 000000014004118c     rtl:System.Internal.InitCPP.o
 0005:00003198       $pdata$_ZN6System8Internal7Initcpp13FinalizeUnitsEPPNS1_20TUnitDescriptorBlockES4_ 0000000140041198     rtl:System.Internal.InitCPP.o
 0005:000031a4       $pdata$_ZN6System8Internal7Initcpp15InitializeUnitsEPNS1_15TUnitDescriptorES3_ 00000001400411a4     rtl:System.Internal.InitCPP.o
 0005:000031b0       $pdata$_ZN6System8Internal7Initcpp13FinalizeUnitsEPNS1_15TUnitDescriptorES3_ 00000001400411b0     rtl:System.Internal.InitCPP.o
 0005:000031bc       $pdata$_ZN6System8Internal7Initcpp15CalculateDegreeEPNS1_20TUnitDescriptorBlockES3_ 00000001400411bc     rtl:System.Internal.InitCPP.o
 0005:000031c8       $pdata$_ZN6System8Internal7Initcpp15CalculateDegreeEPPNS1_20TUnitDescriptorBlockES4_ 00000001400411c8     rtl:System.Internal.InitCPP.o
 0005:000031d4       $pdata$_ZN6System8Internal7Initcpp16FinalizeUnitListEPPPNS1_15TUnitDescriptorES5_ 00000001400411d4     rtl:System.Internal.InitCPP.o
 0005:000031ec       $pdata$_ZN6System8Internal7Initcpp18InitializeRootUnitEPNS1_15TUnitDescriptorE 00000001400411ec     rtl:System.Internal.InitCPP.o
 0005:00003228       $pdata$_ZN6System8Internal7Initcpp16FinalizeRootUnitEPNS1_15TUnitDescriptorE 0000000140041228     rtl:System.Internal.InitCPP.o
 0005:00003240       $pdata$_ZN6System8Internal7Initcpp12FinalizationEv 0000000140041240     rtl:System.Internal.InitCPP.o
 0005:0000324c       $pdata$_ZN6System8Internal7Initcpp14initializationEv 000000014004124c     rtl:System.Internal.InitCPP.o
 000a:00000010       _ZL15exception_count       0000000140046010     libmingw32:lib64_libmingw32_a-hook_delphieh.o
 000a:00000020       _ZL16exception_object      0000000140046020     libmingw32:lib64_libmingw32_a-hook_delphieh.o
 000b:00000370       $R000000                   0000000140047370     internal .obj file created from .res files
 000b:00001ce0       $R000001                   0000000140048ce0     internal .obj file created from .res files
 000b:00001ee0       $R000002                   0000000140048ee0     internal .obj file created from .res files
 000b:00003508       $R000003                   000000014004a508     internal .obj file created from .res files
 000b:000043b0       $R000004                   000000014004b3b0     internal .obj file created from .res files
 000b:00004c58       $R000005                   000000014004bc58     internal .obj file created from .res files
 000b:000051c0       $R000006                   000000014004c1c0     internal .obj file created from .res files
 000b:0000b680       $R000007                   0000000140052680     internal .obj file created from .res files
 000b:0001bea8       $R000008                   0000000140062ea8     internal .obj file created from .res files
 000b:000200d0       $R000009                   00000001400670d0     internal .obj file created from .res files
 000b:00020a58       $R00000A                   0000000140067a58     internal .obj file created from .res files
 000b:00020ec0       $R00000B                   0000000140067ec0     internal .obj file created from .res files
 000b:00020f48       $R00000C                   0000000140067f48     internal .obj file created from .res files
 000b:00021658       $R00000D                   0000000140068658     internal .obj file created from .res files
